05-26 02:44:20.498     1     1 I [MUSB]musb_gadget_start 2587: musb_gadget_start
05-26 02:44:20.499     1     1 I [MUSB]musb_gadget_pullup 2355: is_on=1, softconnect=0 ++
05-26 02:44:20.500     1     1 I [MUSB]musb_gadget_pullup 2367: is_on=1, softconnect=0 ++
05-26 02:44:20.501     1     1 I [MUSB]musb_pullup 2301: MUSB: gadget pull up 1 start, musb->power:1
05-26 02:44:20.502     1     1 I [MUSB]musb_pullup 2310: MUSB: gadget pull up 1 end
05-26 02:44:20.502     1     1 I [MUSB]musb_gadget_pullup 2381: mt_usb_reconnect() on is_ready begin
05-26 02:44:20.503     1     1 I [MUSB]mt_usb_reconnect 4071: [MUSB] USB reconnect
05-26 02:44:20.504     1     1 I [MUSB]issue_connection_work 4046: issue work, ops<1>
05-26 02:44:20.505     1     1 I         : musb-hdrc musb-hdrc: remove cdp-block property
05-26 02:44:20.505    75    75 I [MUSB]do_connection_work 3952: is_host<0>, power<1>, ops<1>
05-26 02:44:20.505    75    75 I [MUSB]cmode_effect_on 3939: cable_mode=1, effect=0
05-26 02:44:20.506     1     1 D         : probe of gadget.0 returned 0 after 11513 usecs
05-26 02:44:20.507    75    75 I [MUSB]do_connection_work 4009: do nothing, usb_on:1, power:1
05-26 02:44:20.507    11    11 I         : accdet mic_vol=6, plugout_deb=1 mic_mode=1 eint_pol=8
05-26 02:44:20.509    11    11 I         : accdet caps=125
05-26 02:44:20.510    11    11 D         : probe of mediatek,pmic-accdet returned 517 after 3188 usecs
05-26 02:44:20.660   129   129 I [MUSB]musb_stage0_irq 1114: musb_stage0_irq:1114 MUSB_INTR_RESET (b_idle)
05-26 02:44:20.661   129   129 I         : QMU_WARN,<musb_disable_q_all 330>, disable_q_all
05-26 02:44:20.662   129   129 I [MUSB]musb_stage0_irq 883: SUSPEND (b_peripheral) devctl 99
05-26 02:44:20.663   129   129 I [MUSB]musb_g_suspend 2769: devctl 99
05-26 02:44:20.771   129   129 I [MUSB]musb_g_ep0_queue 1106: ep0 request queued when usb not active
05-26 02:44:20.772   129   129 I [MUSB]musb_g_ep0_queue 1106: ep0 request queued when usb not active
05-26 02:44:20.773   129   129 I [MUSB]musb_g_ep0_queue 1106: ep0 request queued when usb not active
05-26 02:44:20.779   129   129 I [MUSB]musb_stage0_irq 1114: musb_stage0_irq:1114 MUSB_INTR_RESET (b_peripheral)
05-26 02:44:20.780   129   129 I         : QMU_WARN,<musb_disable_q_all 330>, disable_q_all
05-26 02:44:20.997   129   129 I [MUSB]musb_stage0_irq 1114: musb_stage0_irq:1114 MUSB_INTR_RESET (b_peripheral)
05-26 02:44:20.998   129   129 I         : QMU_WARN,<musb_disable_q_all 330>, disable_q_all
05-26 02:44:21.125   244   244 W ServiceManager: Waited one second for android.system.keystore2.IKeystoreService/default (is service started? are binder threads started and available?)
05-26 02:44:21.125   237   237 I servicemanager: Since 'android.system.keystore2.IKeystoreService/default' could not be found, trying to start it as a lazy AIDL service
05-26 02:44:21.126   237   303 W libc    : Unable to set property "ctl.interface_start" to "aidl/android.system.keystore2.IKeystoreService/default": error code: 0x20
05-26 02:44:21.126   237   303 I servicemanager: Tried to start aidl service android.system.keystore2.IKeystoreService/default as a lazy service, but was unable to. Usually this happens when a service is not installed, but if the service is intended to be used as a lazy service, then it may be configured incorrectly.
05-26 02:44:21.120   244   244 I recovery: type=1400 audit(0.0:84): avc: denied { call } for scontext=u:r:recovery:s0 tcontext=u:r:recovery:s0 tclass=binder permissive=1
05-26 02:44:21.119   129   129 I [MUSB]fifo_setup 1300: musb type=BULK
05-26 02:44:21.120   129   129 I [MUSB]is_saving_mode 4289: 0
05-26 02:44:21.120   129   129 I [MUSB]fifo_setup 1329: EP1 supports DBBUF
05-26 02:44:21.121   129   129 I [MUSB]fifo_setup 1344: fifo size is 22 after 512, fifo address is 512, epnum 1,hwepnum 1
05-26 02:44:21.122   129   129 I         : QMU_WARN,<mtk_qmu_enable 628>, enable RQ(1)
05-26 02:44:21.123   129   129 I [MUSB]musb_gadget_enable 1555: musb-hdrc periph: enabled ep1out for bulk OUT, maxpacket 512
05-26 02:44:21.124   129   129 I [MUSB]fifo_setup 1300: musb type=BULK
05-26 02:44:21.125   129   129 I [MUSB]is_saving_mode 4289: 0
05-26 02:44:21.126   129   129 I [MUSB]fifo_setup 1329: EP1 supports DBBUF
05-26 02:44:21.126   129   129 I [MUSB]fifo_setup 1344: fifo size is 22 after 512, fifo address is 1536, epnum 1,hwepnum 1
05-26 02:44:21.128   129   129 I         : QMU_WARN,<mtk_qmu_enable 706>, enable TQ(1)
05-26 02:44:21.128   129   129 I [MUSB]musb_gadget_enable 1555: musb-hdrc periph: enabled ep1in for bulk IN, maxpacket 512
05-26 02:44:21.129   291   302 I adbd    : USB event: FUNCTIONFS_ENABLE
05-26 02:44:21.129   291   304 I adbd    : UsbFfs-worker thread spawned
05-26 02:44:21.144   291   291 I adbd    : UsbFfs: already offline
05-26 02:44:21.144   291   291 I adbd    : authentication not required
05-26 02:44:22.015   137   137 E         : get charge control limit:0
05-26 02:44:22.015   137   137 I         : [SW_JEITA] ffc_disable = 0, ffc = 0, pd_type = 5, thermal_lv = 0, single_cell_mode = 0, uisoc:37, chg_turn_on_flag:0
05-26 02:44:22.017   137   137 I         : ALG_STATE= 1
05-26 02:44:22.018   137   137 I handle_charge_done_and_recharge: info->country_code:0
05-26 02:44:22.018   210   210 I mtk_charger_start_timer: alarm timer start:1, 19 527751308
05-26 02:44:22.019   137   137 I         : charge status not 100, so power supply changed
05-26 02:44:22.020   210   210 I         : [PE50]pe50_hal_get_soc uisoc = 37
05-26 02:44:22.021   137   137 I handle_charge_done_and_recharge: ffc=0, rsoc=36, soc=37, temp=38, fv=4480, vbat=3830, iterm=420, ibat=0, full=0, full_cnt=0, v_cnt=0, recharge_cnt=0 threshold_mv=18
05-26 02:44:22.021   210   210 W check_dynamic_mivr: 2 callbacks suppressed
05-26 02:44:22.021   210   210 I         : alg_state = 3
05-26 02:44:22.024   137   137 E         : [mtk_battery_external_power_changed] low_temp = 38
05-26 02:44:22.025   210   210 I         : alg_state = 1
05-26 02:44:22.026   137   137 I fgauge  : [fg_sw_bat_cycle_accu]car[o:2 n:2],diff_car:0,ncar[o:12676 n:12676 hw:-586] thr 0
05-26 02:44:22.028   210   210 I         : mt635x-auxadc mt635x-auxadc: Error: Get efuse failed (-517)
05-26 02:44:22.029   210   210 I         : vbat_out_old=38250, vthr=685, T_curr=-4074, vbat_out=38250
05-26 02:44:22.030   210   210 I [upm6922-charger]: upm6922_set_input_volt_limit:mv:4200
05-26 02:44:22.031   137   137 I         : mt635x-auxadc mt635x-auxadc: Error: Get efuse failed (-517)
05-26 02:44:22.031   210   210 I         : [SW_JEITA] Battery Temperature between 35 and 45 !!
05-26 02:44:22.032   137   137 I         : vbat_out_old=38250, vthr=685, T_curr=-4074, vbat_out=38250
05-26 02:44:22.033   210   210 I         : [SW_JEITA] get batt_id succ
05-26 02:44:22.034   137   137 E         : mtk_battery_external_power_changed event, name:battery online:1, status:0, EOC:0, cur_chr_type:1 old:1, vbat0:[o:0 n:0]
05-26 02:44:22.034   210   210 I         : [SW_JEITA] battery_id = 1
05-26 02:44:22.034   210   210 I [upm6922-charger]: upm6922_set_term_current:ma:420
05-26 02:44:22.036   137   137 E [lc_charger_sysfs]psy_change_noti: psy name=mtk-master-charger, charge_type(1, 4)
05-26 02:44:22.037   210   210 I         : [SW_JEITA] ieoc = 420000
05-26 02:44:22.037   137   137 E [lc_charger_sysfs]lc_sysfs_get_charge_type: ta_status[PD] (1), pd_type (0), chr_type(4), usb_type(1), real_type(1)
05-26 02:44:22.038   210   210 I [upm6922-charger]: upm6922_set_chargevolt:mv:4680
05-26 02:44:22.039   137   137 E         : [lc_charger_sysfs]lc_sysfs_get_quick_charge_type chr_type=4, pd_type=0, temp=38, quick_chr_type:0, last_quick_charge_type:0
05-26 02:44:22.041   210   210 I [SW_JEITA]tmp: 38 jeita_cv:4480000 jeita_cc:-1
05-26 02:44:22.041   137   137 E         : [lc_charger_sysfs]capacity(37), vbat(3825), batt_status(1), shutdown_delay(0), count(0)
05-26 02:44:22.044   210   210 I tmp     : 38 (jeita:1 sm:5 cv:4480000 en:1) (sm:1) en:1 c:0 s:0 ov:0 0 sc:0 1 1 saf_cmd:-1 bat_mon:0 0
05-26 02:44:22.044   270   270 E [lc_charger_sysfs]psy_change_noti: psy name=battery, charge_type(1, 4)
05-26 02:44:22.045   210   210 I mtk_adapter_switch_control pd_type: 1, ufcs_type:1, ret:2, state: 0, set_pri:0, cnt:0
05-26 02:44:22.046   270   270 E [lc_charger_sysfs]lc_sysfs_get_charge_type: ta_status[PD] (1), pd_type (0), chr_type(4), usb_type(1), real_type(1)
05-26 02:44:22.047   210   210 I mtk_check_ta_status ret_ta_switch: 2, prtocol_state:0
05-26 02:44:22.049   137   137 I get_charger_zcv: get charger zcv failed: -95
05-26 02:44:22.051   210   210 I get_ibus: get ibus failed: -95
05-26 02:44:22.051   270   270 E         : [lc_charger_sysfs]lc_sysfs_get_quick_charge_type chr_type=4, pd_type=0, temp=38, quick_chr_type:0, last_quick_charge_type:0
05-26 02:44:22.052   210   210 I get_ibat: get ibat failed: -95
05-26 02:44:22.052   270   270 E         : [lc_charger_sysfs]capacity(37), vbat(3825), batt_status(1), shutdown_delay(0), count(0)
05-26 02:44:22.054   210   210 I         : Vbat=3825 vbats=0 vbus:4976 ibus:0 I=0 T=38 uisoc:37 type:usb>usb idx:0 ta_stat:1 swchg_ibat:0 cv:3848000 cmd_pp:-1
05-26 02:44:22.055   283   283 I <   10.567>TCPC-TCPC: bat_update_work_func Battery Charging, soc = 37
05-26 02:44:22.056   210   210 I         : select_charging_current_limit batt verify = 1
05-26 02:44:22.058   270   270 E         : get CV property fail
05-26 02:44:22.059   210   210 I         : chg_alg_set_current_limit
05-26 02:44:22.059   210   210 I         : [PE50]pe50_set_current_limit ic = 0, cv = 4480, ibat_limit = 0
05-26 02:44:22.059   210   210 I         : pe50_set_prop 3 0
05-26 02:44:22.059   210   210 I         : [PE50]pe50_hal_get_soc uisoc = 37
05-26 02:44:22.060   270   270 E         : get charge control limit:0
05-26 02:44:22.060   210   210 I         : support_fast_charging pe5 ret:ALG_NOT_READY, prtocol_state:0,  ffc_state0
05-26 02:44:22.060   211   211 I         : [PE50]pe50_algo_threadfn state = STOP
05-26 02:44:22.060   211   211 I         : [PE50]pe50_algo_threadfn PE5.0 STOP
05-26 02:44:22.065   210   210 I jeita_current_limit: jeita_input_current_limit: 3000000, jeita_charging_current_limit: 5950000
05-26 02:44:22.067   210   210 I debug   : 2, 1, 0
05-26 02:44:22.067   210   210 I         : min_charging_current is too low 0 60000
05-26 02:44:22.068   210   210 I         : m:0 chg1:-1,0,500,0 chg2:-1,-1,0,0 dvchg1:-1 sc:500000 -1 0 type:4:1 usb_unlimited:0 usbif:0 usbsm:0 ii:-1,-1 aicl:-1 atm:0 bm:2 b:1
05-26 02:44:22.069   210   210 I do_algorithm is_basic: 1
05-26 02:44:22.070   210   210 I         : pe50_get_prop 0
05-26 02:44:22.070   210   210 I do_algorithm: Stop hv charging. en_hv:1 alg:pe5 alg_vbus:0
05-26 02:44:22.071   210   210 I         : _pd_get_prop
05-26 02:44:22.072   210   210 I do_algorithm: Stop hv charging. en_hv:1 alg:pd alg_vbus:10000
05-26 02:44:22.073   210   210 I [upm6922-charger]: upm6922_set_input_current_limit:ma:500
05-26 02:44:22.074   210   210 I [upm6922-charger]: upm6922_set_chargecurrent:ma:0
05-26 02:44:22.075   210   210 I [upm6922-charger]: upm6922_disable_charger:disable charge
05-26 02:44:22.076   210   210 E [upm6922-charger]: upm6922_dump_regs:Reg[00] = 0x04
05-26 02:44:22.077   210   210 E [upm6922-charger]: upm6922_dump_regs:Reg[01] = 0x0a
05-26 02:44:22.077   210   210 E [upm6922-charger]: upm6922_dump_regs:Reg[02] = 0x00
05-26 02:44:22.078   210   210 E [upm6922-charger]: upm6922_dump_regs:Reg[03] = 0xf6
05-26 02:44:22.079   210   210 E [upm6922-charger]: upm6922_dump_regs:Reg[04] = 0xd1
05-26 02:44:22.080   210   210 E [upm6922-charger]: upm6922_dump_regs:Reg[05] = 0x8f
05-26 02:44:22.081   210   210 E [upm6922-charger]: upm6922_dump_regs:Reg[06] = 0xf3
05-26 02:44:22.082   210   210 E [upm6922-charger]: upm6922_dump_regs:Reg[07] = 0x48
05-26 02:44:22.083   210   210 E [upm6922-charger]: upm6922_dump_regs:Reg[08] = 0x24
05-26 02:44:22.084   210   210 E [upm6922-charger]: upm6922_dump_regs:Reg[09] = 0x00
05-26 02:44:22.085   210   210 E [upm6922-charger]: upm6922_dump_regs:Reg[0a] = 0x83
05-26 02:44:22.085   210   210 E [upm6922-charger]: upm6922_dump_regs:Reg[0b] = 0x14
05-26 02:44:22.086   210   210 E [upm6922-charger]: upm6922_dump_regs:Reg[0c] = 0x81
05-26 02:44:22.087   210   210 E [upm6922-charger]: upm6922_dump_regs:Reg[0d] = 0x00
05-26 02:44:22.088   210   210 E [upm6922-charger]: upm6922_dump_regs:Reg[0e] = 0x00
05-26 02:44:22.089   210   210 E [upm6922-charger]: upm6922_dump_regs:Reg[0f] = 0xff
05-26 02:44:22.090   210   210 E [upm6922-charger]: upm6922_dump_regs:Reg[10] = 0x00
05-26 02:44:22.091   210   210 E [upm6922-charger]: upm6922_dump_regs:Reg[11] = 0xff
05-26 02:44:22.092   210   210 E [upm6922-charger]: upm6922_dump_regs:Reg[12] = 0x00
05-26 02:44:22.093   210   210 E [upm6922-charger]: upm6922_dump_regs:Reg[13] = 0xff
05-26 02:44:22.093   210   210 E [upm6922-charger]: upm6922_dump_regs:Reg[14] = 0x00
05-26 02:44:22.094   210   210 E [upm6922-charger]: upm6922_dump_regs:Reg[15] = 0xcc
05-26 02:44:22.095   210   210 I [upm6922-charger]: upm6922_reset_watchdog_timer:reset
05-26 02:44:22.125   244   244 W ServiceManager: Waited one second for android.system.keystore2.IKeystoreService/default (is service started? are binder threads started and available?)
05-26 02:44:22.126   237   237 I servicemanager: Since 'android.system.keystore2.IKeystoreService/default' could not be found, trying to start it as a lazy AIDL service
05-26 02:44:22.127   237   306 W libc    : Unable to set property "ctl.interface_start" to "aidl/android.system.keystore2.IKeystoreService/default": error code: 0x20
05-26 02:44:22.127   237   306 I servicemanager: Tried to start aidl service android.system.keystore2.IKeystoreService/default as a lazy service, but was unable to. Usually this happens when a service is not installed, but if the service is intended to be used as a lazy service, then it may be configured incorrectly.
05-26 02:44:23.126   244   244 W ServiceManager: Waited one second for android.system.keystore2.IKeystoreService/default (is service started? are binder threads started and available?)
05-26 02:44:23.126   237   237 I servicemanager: Since 'android.system.keystore2.IKeystoreService/default' could not be found, trying to start it as a lazy AIDL service
05-26 02:44:23.127   237   307 W libc    : Unable to set property "ctl.interface_start" to "aidl/android.system.keystore2.IKeystoreService/default": error code: 0x20
05-26 02:44:23.127   237   307 I servicemanager: Tried to start aidl service android.system.keystore2.IKeystoreService/default as a lazy service, but was unable to. Usually this happens when a service is not installed, but if the service is intended to be used as a lazy service, then it may be configured incorrectly.
05-26 02:44:23.871   186   186 I fgauge  : [reg_to_current], is_charging=0
05-26 02:44:23.873   186   186 I         : mt635x-auxadc mt635x-auxadc: Error: Get efuse failed (-517)
05-26 02:44:23.874   186   186 I         : vbat_out_old=38250, vthr=685, T_curr=-4074, vbat_out=38250
05-26 02:44:23.876   186   186 I fgauge  : [fgauge] car[2,292,-292,585,-284] tmp:38 soc:36 uisoc:37 vbat:3825 ibat:14 baton:571 algo:1 gm3:0 0 0 0 0 0, get_prop:0 12 74 0 9 0 19 0, boot:2 rac:90
05-26 02:44:24.031   270   270 E         : get charge control limit:0
05-26 02:44:24.031   270   270 I         : [SW_JEITA] ffc_disable = 0, ffc = 0, pd_type = 5, thermal_lv = 0, single_cell_mode = 0, uisoc:37, chg_turn_on_flag:0
05-26 02:44:24.033   270   270 I         : ALG_STATE= 1
05-26 02:44:24.033   270   270 I handle_charge_done_and_recharge: info->country_code:0
05-26 02:44:24.034   270   270 I         : charge status not 100, so power supply changed
05-26 02:44:24.035   270   270 I handle_charge_done_and_recharge: ffc=0, rsoc=36, soc=37, temp=38, fv=4480, vbat=3830, iterm=420, ibat=0, full=0, full_cnt=0, v_cnt=0, recharge_cnt=0 threshold_mv=18
05-26 02:44:24.116   186   186 I         : mt635x-auxadc mt635x-auxadc: Error: Get efuse failed (-517)
05-26 02:44:24.117   186   186 I         : vbat_out_old=38250, vthr=685, T_curr=-4074, vbat_out=38250
05-26 02:44:24.119   193   193 I         : mt635x-auxadc mt635x-auxadc: Error: Get efuse failed (-517)
05-26 02:44:24.121   193   193 I         : vbat_out_old=38250, vthr=685, T_curr=-4074, vbat_out=38250
05-26 02:44:24.123   270   270 E         : [mtk_battery_external_power_changed] low_temp = 38
05-26 02:44:24.123   193   193 E [bm_update_status] uisoc: 37 37 soc:36 vbat:3825 ibat:6 car:2
05-26 02:44:24.124   210   210 I mtk_charger_start_timer: alarm timer start:1, 21 633012846
05-26 02:44:24.124   210   210 I         : [PE50]pe50_hal_get_soc uisoc = 37
05-26 02:44:24.124   210   210 I         : alg_state = 3
05-26 02:44:24.124   210   210 I         : alg_state = 1
05-26 02:44:24.124   186   186 I fgauge  : [fg_drv_update_daemon]ui_ht_gap:585 ui_lt_gap:284 sw_iavg:2342 6 0 nafg_m:0 0 0
05-26 02:44:24.125   210   210 I         : mt635x-auxadc mt635x-auxadc: Error: Get efuse failed (-517)
05-26 02:44:24.127   244   244 W ServiceManager: Waited one second for android.system.keystore2.IKeystoreService/default (is service started? are binder threads started and available?)
05-26 02:44:24.127   237   237 I servicemanager: Since 'android.system.keystore2.IKeystoreService/default' could not be found, trying to start it as a lazy AIDL service
05-26 02:44:24.129   210   210 I         : vbat_out_old=38250, vthr=685, T_curr=-4074, vbat_out=38250
05-26 02:44:24.128   237   308 W libc    : Unable to set property "ctl.interface_start" to "aidl/android.system.keystore2.IKeystoreService/default": error code: 0x20
05-26 02:44:24.128   237   308 I servicemanager: Tried to start aidl service android.system.keystore2.IKeystoreService/default as a lazy service, but was unable to. Usually this happens when a service is not installed, but if the service is intended to be used as a lazy service, then it may be configured incorrectly.
05-26 02:44:24.131   210   210 I [upm6922-charger]: upm6922_set_input_volt_limit:mv:4200
05-26 02:44:24.132   210   210 I         : [SW_JEITA] Battery Temperature between 35 and 45 !!
05-26 02:44:24.132   186   186 I         : mt635x-auxadc mt635x-auxadc: Error: Get efuse failed (-517)
05-26 02:44:24.133   210   210 I         : [SW_JEITA] get batt_id succ
05-26 02:44:24.134   186   186 I         : vbat_out_old=38250, vthr=685, T_curr=-4074, vbat_out=38250
05-26 02:44:24.134   210   210 I         : [SW_JEITA] battery_id = 1
05-26 02:44:24.134   210   210 I [upm6922-charger]: upm6922_set_term_current:ma:420
05-26 02:44:24.135    81    81 E [lc_charger_sysfs]psy_change_noti: psy name=battery, charge_type(1, 4)
05-26 02:44:24.136   210   210 I         : [SW_JEITA] ieoc = 420000
05-26 02:44:24.136   270   270 I fgauge  : [fg_sw_bat_cycle_accu]car[o:2 n:2],diff_car:0,ncar[o:12676 n:12676 hw:-586] thr 0
05-26 02:44:24.136    81    81 E [lc_charger_sysfs]lc_sysfs_get_charge_type: ta_status[PD] (1), pd_type (0), chr_type(4), usb_type(1), real_type(1)
05-26 02:44:24.137   270   270 I         : mt635x-auxadc mt635x-auxadc: Error: Get efuse failed (-517)
05-26 02:44:24.137   210   210 I [upm6922-charger]: upm6922_set_chargevolt:mv:4680
05-26 02:44:24.138   270   270 I         : vbat_out_old=38250, vthr=684, T_curr=-4069, vbat_out=38250
05-26 02:44:24.138   270   270 E         : mtk_battery_external_power_changed event, name:battery online:1, status:0, EOC:0, cur_chr_type:1 old:1, vbat0:[o:0 n:0]
05-26 02:44:24.138   270   270 E [lc_charger_sysfs]psy_change_noti: psy name=mtk-master-charger, charge_type(1, 4)
05-26 02:44:24.138   270   270 E [lc_charger_sysfs]lc_sysfs_get_charge_type: ta_status[PD] (1), pd_type (0), chr_type(4), usb_type(1), real_type(1)
05-26 02:44:24.138   270   270 E         : [lc_charger_sysfs]lc_sysfs_get_quick_charge_type chr_type=4, pd_type=0, temp=38, quick_chr_type:0, last_quick_charge_type:0
05-26 02:44:24.138   270   270 E         : [lc_charger_sysfs]capacity(37), vbat(3825), batt_status(1), shutdown_delay(0), count(0)
05-26 02:44:24.138    81    81 E         : [lc_charger_sysfs]lc_sysfs_get_quick_charge_type chr_type=4, pd_type=0, temp=38, quick_chr_type:0, last_quick_charge_type:0
05-26 02:44:24.138   270   270 I get_charger_zcv: get charger zcv failed: -95
05-26 02:44:24.139   210   210 I [SW_JEITA]tmp: 38 jeita_cv:4480000 jeita_cc:-1
05-26 02:44:24.141    81    81 E         : [lc_charger_sysfs]capacity(37), vbat(3825), batt_status(1), shutdown_delay(0), count(0)
05-26 02:44:24.142   210   210 I tmp     : 38 (jeita:1 sm:5 cv:4480000 en:1) (sm:1) en:1 c:0 s:0 ov:0 0 sc:0 1 1 saf_cmd:-1 bat_mon:0 0
05-26 02:44:24.143   309   309 I <   12.655>TCPC-TCPC: bat_update_work_func Battery Charging, soc = 37
05-26 02:44:24.143   210   210 I mtk_adapter_switch_control pd_type: 1, ufcs_type:1, ret:2, state: 0, set_pri:0, cnt:0
05-26 02:44:24.146    81    81 E         : get CV property fail
05-26 02:44:24.146   210   210 I mtk_check_ta_status ret_ta_switch: 2, prtocol_state:0
05-26 02:44:24.147   210   210 I get_ibus: get ibus failed: -95
05-26 02:44:24.148    81    81 E         : get charge control limit:0
05-26 02:44:24.149   210   210 I get_ibat: get ibat failed: -95
05-26 02:44:24.150    81    81 E [lc_charger_sysfs]psy_change_noti: psy name=battery, charge_type(1, 4)
05-26 02:44:24.152   210   210 I         : Vbat=3825 vbats=0 vbus:4976 ibus:0 I=0 T=38 uisoc:37 type:usb>usb idx:0 ta_stat:1 swchg_ibat:0 cv:3848000 cmd_pp:-1
05-26 02:44:24.153    81    81 E [lc_charger_sysfs]lc_sysfs_get_charge_type: ta_status[PD] (1), pd_type (0), chr_type(4), usb_type(1), real_type(1)
05-26 02:44:24.154   210   210 I         : select_charging_current_limit batt verify = 1
05-26 02:44:24.155    81    81 E         : [lc_charger_sysfs]lc_sysfs_get_quick_charge_type chr_type=4, pd_type=0, temp=38, quick_chr_type:0, last_quick_charge_type:0
05-26 02:44:24.156   210   210 I         : chg_alg_set_current_limit
05-26 02:44:24.157    81    81 E         : [lc_charger_sysfs]capacity(37), vbat(3825), batt_status(1), shutdown_delay(0), count(0)
05-26 02:44:24.158   210   210 I         : [PE50]pe50_set_current_limit ic = 0, cv = 4480, ibat_limit = 0
05-26 02:44:24.159    39    39 I <   12.671>TCPC-TCPC: bat_update_work_func Battery Charging, soc = 37
05-26 02:44:24.160   210   210 I         : pe50_set_prop 3 0
05-26 02:44:24.160   211   211 I         : [PE50]pe50_algo_threadfn state = STOP
05-26 02:44:24.160   211   211 I         : [PE50]pe50_algo_threadfn PE5.0 STOP
05-26 02:44:24.161   309   309 I fgauge  : [reg_to_current], is_charging=0
05-26 02:44:24.161   210   210 I         : [PE50]pe50_hal_get_soc uisoc = 37
05-26 02:44:24.163    81    81 E         : get CV property fail
05-26 02:44:24.163   210   210 I         : support_fast_charging pe5 ret:ALG_NOT_READY, prtocol_state:0,  ffc_state0
05-26 02:44:24.164    81    81 E         : get charge control limit:0
05-26 02:44:24.166   210   210 I jeita_current_limit: jeita_input_current_limit: 3000000, jeita_charging_current_limit: 5950000
05-26 02:44:24.178   210   210 I debug   : 2, 1, 0
05-26 02:44:24.179   210   210 I         : min_charging_current is too low 0 60000
05-26 02:44:24.180   210   210 I         : m:0 chg1:-1,0,500,0 chg2:-1,-1,0,0 dvchg1:-1 sc:500000 -1 0 type:4:1 usb_unlimited:0 usbif:0 usbsm:0 ii:-1,-1 aicl:-1 atm:0 bm:2 b:1
05-26 02:44:24.181   210   210 I do_algorithm is_basic: 1
05-26 02:44:24.182   210   210 I         : pe50_get_prop 0
05-26 02:44:24.182   210   210 I do_algorithm: Stop hv charging. en_hv:1 alg:pe5 alg_vbus:0
05-26 02:44:24.183   210   210 I         : _pd_get_prop
05-26 02:44:24.184   210   210 I do_algorithm: Stop hv charging. en_hv:1 alg:pd alg_vbus:10000
05-26 02:44:24.185   210   210 I [upm6922-charger]: upm6922_set_input_current_limit:ma:500
05-26 02:44:24.186   210   210 I [upm6922-charger]: upm6922_set_chargecurrent:ma:0
05-26 02:44:24.186   210   210 I [upm6922-charger]: upm6922_disable_charger:disable charge
05-26 02:44:24.188   210   210 E [upm6922-charger]: upm6922_dump_regs:Reg[00] = 0x04
05-26 02:44:24.188   210   210 E [upm6922-charger]: upm6922_dump_regs:Reg[01] = 0x0a
05-26 02:44:24.189   210   210 E [upm6922-charger]: upm6922_dump_regs:Reg[02] = 0x00
05-26 02:44:24.190   210   210 E [upm6922-charger]: upm6922_dump_regs:Reg[03] = 0xf6
05-26 02:44:24.191   210   210 E [upm6922-charger]: upm6922_dump_regs:Reg[04] = 0xd1
05-26 02:44:24.192   210   210 E [upm6922-charger]: upm6922_dump_regs:Reg[05] = 0x8f
05-26 02:44:24.193   210   210 E [upm6922-charger]: upm6922_dump_regs:Reg[06] = 0xf3
05-26 02:44:24.194   210   210 E [upm6922-charger]: upm6922_dump_regs:Reg[07] = 0x48
05-26 02:44:24.195   210   210 E [upm6922-charger]: upm6922_dump_regs:Reg[08] = 0x24
05-26 02:44:24.196   210   210 E [upm6922-charger]: upm6922_dump_regs:Reg[09] = 0x00
05-26 02:44:24.196   210   210 E [upm6922-charger]: upm6922_dump_regs:Reg[0a] = 0x83
05-26 02:44:24.197   210   210 E [upm6922-charger]: upm6922_dump_regs:Reg[0b] = 0x14
05-26 02:44:24.198   210   210 E [upm6922-charger]: upm6922_dump_regs:Reg[0c] = 0x81
05-26 02:44:24.199   210   210 E [upm6922-charger]: upm6922_dump_regs:Reg[0d] = 0x00
05-26 02:44:24.200   210   210 E [upm6922-charger]: upm6922_dump_regs:Reg[0e] = 0x00
05-26 02:44:24.201   210   210 E [upm6922-charger]: upm6922_dump_regs:Reg[0f] = 0xff
05-26 02:44:24.202   210   210 E [upm6922-charger]: upm6922_dump_regs:Reg[10] = 0x00
05-26 02:44:24.203   210   210 E [upm6922-charger]: upm6922_dump_regs:Reg[11] = 0xff
05-26 02:44:24.204   210   210 E [upm6922-charger]: upm6922_dump_regs:Reg[12] = 0x00
05-26 02:44:24.204   210   210 E [upm6922-charger]: upm6922_dump_regs:Reg[13] = 0xff
05-26 02:44:24.205   210   210 E [upm6922-charger]: upm6922_dump_regs:Reg[14] = 0x00
05-26 02:44:24.206   210   210 E [upm6922-charger]: upm6922_dump_regs:Reg[15] = 0xcc
05-26 02:44:24.207   210   210 I [upm6922-charger]: upm6922_reset_watchdog_timer:reset
05-26 02:44:25.127   244   244 W ServiceManager: Waited one second for android.system.keystore2.IKeystoreService/default (is service started? are binder threads started and available?)
05-26 02:44:25.127   237   237 I servicemanager: Since 'android.system.keystore2.IKeystoreService/default' could not be found, trying to start it as a lazy AIDL service
05-26 02:44:25.130   237   311 W libc    : Unable to set property "ctl.interface_start" to "aidl/android.system.keystore2.IKeystoreService/default": error code: 0x20
05-26 02:44:25.130   237   311 I servicemanager: Tried to start aidl service android.system.keystore2.IKeystoreService/default as a lazy service, but was unable to. Usually this happens when a service is not installed, but if the service is intended to be used as a lazy service, then it may be configured incorrectly.
05-26 02:44:25.131     1     1 E init    : Control message: Could not find 'aidl/android.system.keystore2.IKeystoreService/default' for ctl.interface_start from pid: 237 (/system/bin/servicemanager)
05-26 02:44:25.316     1     1 I init    : starting service 'keystore2'...
05-26 02:44:25.320   312   312 E init    : failed to write pid to files: couldn't write 312 to /dev/cpuset/foreground/tasks: No such file or directory
05-26 02:44:25.411   312   312 I keystore2: keystore2_main: Keystore2 is starting.
05-26 02:44:25.412   312   312 I keystore2: keystore2_main: Starting thread pool now.
05-26 02:44:25.413   312   313 I keystore2: getDeviceHalManifest: Reading VINTF information.
05-26 02:44:25.414   312   313 E keystore2: getDeviceHalManifest: status from fetching VINTF information: -22
05-26 02:44:25.414   312   313 E keystore2: getDeviceHalManifest: -22 VINTF parse error: Illformed file: /vendor/etc/vintf/manifest.xml: Unrecognized manifest.version 8.0 (libvintf@4.0)
05-26 02:44:25.414   312   312 I keystore2: getDeviceHalManifest: Reading VINTF information.
05-26 02:44:25.414   312   313 F libc    : Fatal signal 11 (SIGSEGV), code 1 (SEGV_MAPERR), fault addr 0x0 in tid 313 (keystore2), pid 312 (Binder:312_2)
05-26 02:44:25.415   312   312 E keystore2: getDeviceHalManifest: status from fetching VINTF information: -22
05-26 02:44:25.415   312   312 E keystore2: getDeviceHalManifest: -22 VINTF parse error: Illformed file: /vendor/etc/vintf/manifest.xml: Unrecognized manifest.version 8.0 (libvintf@4.0)
05-26 02:44:25.408   312   312 I keystore2: type=1400 audit(0.0:85): avc: denied { read } for name="u:object_r:keystore_crash_prop:s0" dev="tmpfs" ino=165 scontext=u:r:recovery:s0 tcontext=u:object_r:keystore_crash_prop:s0 tclass=file permissive=1
05-26 02:44:25.418   317   317 F libc    : failed to exec crash_dump helper: No such file or directory
05-26 02:44:25.408   312   312 I keystore2: type=1400 audit(0.0:86): avc: denied { open } for path="/dev/__properties__/u:object_r:keystore_crash_prop:s0" dev="tmpfs" ino=165 scontext=u:r:recovery:s0 tcontext=u:object_r:keystore_crash_prop:s0 tclass=file permissive=1
05-26 02:44:25.420   312   313 F libc    : crash_dump helper failed to exec, or was killed
05-26 02:44:25.420   312   313 F libc    : failed to wait for crash_dump helper: No child processes
05-26 02:44:25.408   312   312 I keystore2: type=1400 audit(0.0:87): avc: denied { getattr } for path="/dev/__properties__/u:object_r:keystore_crash_prop:s0" dev="tmpfs" ino=165 scontext=u:r:recovery:s0 tcontext=u:object_r:keystore_crash_prop:s0 tclass=file permissive=1
05-26 02:44:25.408   312   312 I keystore2: type=1400 audit(0.0:88): avc: denied { map } for path="/dev/__properties__/u:object_r:keystore_crash_prop:s0" dev="tmpfs" ino=165 scontext=u:r:recovery:s0 tcontext=u:object_r:keystore_crash_prop:s0 tclass=file permissive=1
05-26 02:44:25.425     1     1 I init    : Service 'keystore2' (pid 312) received signal 11
05-26 02:44:25.429     1     1 I init    : Sending signal 9 to service 'keystore2' (pid 312) process group...
05-26 02:44:25.430     1     1 I libprocessgroup: Successfully killed process cgroup uid 0 pid 312 in 0ms
05-26 02:44:25.432     1     1 I init    : Untracked pid 317 exited with status 1
05-26 02:44:26.047   270   270 E         : get charge control limit:0
05-26 02:44:26.047   270   270 I         : [SW_JEITA] ffc_disable = 0, ffc = 0, pd_type = 5, thermal_lv = 0, single_cell_mode = 0, uisoc:37, chg_turn_on_flag:0
05-26 02:44:26.049   270   270 I         : ALG_STATE= 1
05-26 02:44:26.050   270   270 I handle_charge_done_and_recharge: info->country_code:0
05-26 02:44:26.050   210   210 I mtk_charger_start_timer: alarm timer start:1, 23 559737462
05-26 02:44:26.051   270   270 I         : charge status not 100, so power supply changed
05-26 02:44:26.052   210   210 I         : [PE50]pe50_hal_get_soc uisoc = 37
05-26 02:44:26.053   270   270 I handle_charge_done_and_recharge: ffc=0, rsoc=36, soc=37, temp=38, fv=4480, vbat=3830, iterm=420, ibat=0, full=0, full_cnt=0, v_cnt=0, recharge_cnt=0 threshold_mv=18
05-26 02:44:26.053   210   210 I         : alg_state = 3
05-26 02:44:26.056   210   210 I         : alg_state = 1
05-26 02:44:26.056   270   270 I BAT_TEMP_PREV: 574,BAT_TEMP:572,VBIF28:2797
05-26 02:44:26.058   210   210 I         : mt635x-auxadc mt635x-auxadc: Error: Get efuse failed (-517)
05-26 02:44:26.059   210   210 I         : vbat_out_old=38250, vthr=685, T_curr=-4074, vbat_out=38250
05-26 02:44:26.061   270   270 I fgauge  : [reg_to_current], is_charging=0
05-26 02:44:26.061   210   210 I [upm6922-charger]: upm6922_set_input_volt_limit:mv:4200
05-26 02:44:26.061   270   270 E         : [mtk_battery_external_power_changed] low_temp = 38
05-26 02:44:26.062   210   210 I         : [SW_JEITA] Battery Temperature between 35 and 45 !!
05-26 02:44:26.064   210   210 I         : [SW_JEITA] get batt_id succ
05-26 02:44:26.064   270   270 I fgauge  : [fg_sw_bat_cycle_accu]car[o:2 n:2],diff_car:0,ncar[o:12676 n:12676 hw:-586] thr 0
05-26 02:44:26.064   210   210 I         : [SW_JEITA] battery_id = 1
05-26 02:44:26.064   210   210 I [upm6922-charger]: upm6922_set_term_current:ma:420
05-26 02:44:26.067   270   270 I         : mt635x-auxadc mt635x-auxadc: Error: Get efuse failed (-517)
05-26 02:44:26.067   210   210 I         : [SW_JEITA] ieoc = 420000
05-26 02:44:26.068   210   210 I [upm6922-charger]: upm6922_set_chargevolt:mv:4680
05-26 02:44:26.069   270   270 I         : vbat_out_old=38250, vthr=685, T_curr=-4074, vbat_out=38250
05-26 02:44:26.069   210   210 I [SW_JEITA]tmp: 38 jeita_cv:4480000 jeita_cc:-1
05-26 02:44:26.070   270   270 E         : mtk_battery_external_power_changed event, name:battery online:1, status:0, EOC:0, cur_chr_type:1 old:1, vbat0:[o:0 n:0]
05-26 02:44:26.072   210   210 I tmp     : 38 (jeita:1 sm:5 cv:4480000 en:1) (sm:1) en:1 c:0 s:0 ov:0 0 sc:0 1 1 saf_cmd:-1 bat_mon:0 0
05-26 02:44:26.073   270   270 E [lc_charger_sysfs]psy_change_noti: psy name=mtk-master-charger, charge_type(1, 4)
05-26 02:44:26.074   210   210 I mtk_adapter_switch_control pd_type: 1, ufcs_type:1, ret:2, state: 0, set_pri:0, cnt:0
05-26 02:44:26.075   270   270 E [lc_charger_sysfs]lc_sysfs_get_charge_type: ta_status[PD] (1), pd_type (0), chr_type(4), usb_type(1), real_type(1)
05-26 02:44:26.076   210   210 I mtk_check_ta_status ret_ta_switch: 2, prtocol_state:0
05-26 02:44:26.078   270   270 E         : [lc_charger_sysfs]lc_sysfs_get_quick_charge_type chr_type=4, pd_type=0, temp=38, quick_chr_type:0, last_quick_charge_type:0
05-26 02:44:26.079   210   210 I get_ibus: get ibus failed: -95
05-26 02:44:26.080   270   270 E         : [lc_charger_sysfs]capacity(37), vbat(3825), batt_status(1), shutdown_delay(0), count(0)
05-26 02:44:26.081   210   210 I get_ibat: get ibat failed: -95
05-26 02:44:26.082   137   137 E [lc_charger_sysfs]psy_change_noti: psy name=battery, charge_type(1, 4)
05-26 02:44:26.083   210   210 I         : Vbat=3825 vbats=0 vbus:4976 ibus:0 I=0 T=38 uisoc:37 type:usb>usb idx:0 ta_stat:1 swchg_ibat:0 cv:3848000 cmd_pp:-1
05-26 02:44:26.084   270   270 I get_charger_zcv: get charger zcv failed: -95
05-26 02:44:26.085   210   210 I         : select_charging_current_limit batt verify = 1
05-26 02:44:26.086   137   137 E [lc_charger_sysfs]lc_sysfs_get_charge_type: ta_status[PD] (1), pd_type (0), chr_type(4), usb_type(1), real_type(1)
05-26 02:44:26.087   210   210 I         : chg_alg_set_current_limit
05-26 02:44:26.087   210   210 I         : [PE50]pe50_set_current_limit ic = 0, cv = 4480, ibat_limit = 0
05-26 02:44:26.087   210   210 I         : pe50_set_prop 3 0
05-26 02:44:26.087   211   211 I         : [PE50]pe50_algo_threadfn state = STOP
05-26 02:44:26.087   211   211 I         : [PE50]pe50_algo_threadfn PE5.0 STOP
05-26 02:44:26.088   137   137 E         : [lc_charger_sysfs]lc_sysfs_get_quick_charge_type chr_type=4, pd_type=0, temp=38, quick_chr_type:0, last_quick_charge_type:0
05-26 02:44:26.089   210   210 I         : [PE50]pe50_hal_get_soc uisoc = 37
05-26 02:44:26.090   137   137 E         : [lc_charger_sysfs]capacity(37), vbat(3825), batt_status(1), shutdown_delay(0), count(0)
05-26 02:44:26.090   210   210 I         : support_fast_charging pe5 ret:ALG_NOT_READY, prtocol_state:0,  ffc_state0
05-26 02:44:26.091   283   283 I <   14.603>TCPC-TCPC: bat_update_work_func Battery Charging, soc = 37
05-26 02:44:26.092   210   210 I jeita_current_limit: jeita_input_current_limit: 3000000, jeita_charging_current_limit: 5950000
05-26 02:44:26.092   210   210 I debug   : 2, 1, 0
05-26 02:44:26.092   210   210 I         : min_charging_current is too low 0 60000
05-26 02:44:26.094   137   137 E         : get CV property fail
05-26 02:44:26.095   210   210 I         : m:0 chg1:-1,0,500,0 chg2:-1,-1,0,0 dvchg1:-1 sc:500000 -1 0 type:4:1 usb_unlimited:0 usbif:0 usbsm:0 ii:-1,-1 aicl:-1 atm:0 bm:2 b:1
05-26 02:44:26.095   210   210 I do_algorithm is_basic: 1
05-26 02:44:26.096   137   137 E         : get charge control limit:0
05-26 02:44:26.097   210   210 I         : pe50_get_prop 0
05-26 02:44:26.097   210   210 I do_algorithm: Stop hv charging. en_hv:1 alg:pe5 alg_vbus:0
05-26 02:44:26.104   210   210 I         : _pd_get_prop
05-26 02:44:26.105   210   210 I do_algorithm: Stop hv charging. en_hv:1 alg:pd alg_vbus:10000
05-26 02:44:26.106   210   210 I [upm6922-charger]: upm6922_set_input_current_limit:ma:500
05-26 02:44:26.107   210   210 I [upm6922-charger]: upm6922_set_chargecurrent:ma:0
05-26 02:44:26.108   210   210 I [upm6922-charger]: upm6922_disable_charger:disable charge
05-26 02:44:26.109   210   210 E [upm6922-charger]: upm6922_dump_regs:Reg[00] = 0x04
05-26 02:44:26.110   210   210 E [upm6922-charger]: upm6922_dump_regs:Reg[01] = 0x0a
05-26 02:44:26.110   210   210 E [upm6922-charger]: upm6922_dump_regs:Reg[02] = 0x00
05-26 02:44:26.111   210   210 E [upm6922-charger]: upm6922_dump_regs:Reg[03] = 0xf6
05-26 02:44:26.112   210   210 E [upm6922-charger]: upm6922_dump_regs:Reg[04] = 0xd1
05-26 02:44:26.113   210   210 E [upm6922-charger]: upm6922_dump_regs:Reg[05] = 0x8f
05-26 02:44:26.114   210   210 E [upm6922-charger]: upm6922_dump_regs:Reg[06] = 0xf3
05-26 02:44:26.115   210   210 E [upm6922-charger]: upm6922_dump_regs:Reg[07] = 0x48
05-26 02:44:26.116   210   210 E [upm6922-charger]: upm6922_dump_regs:Reg[08] = 0x24
05-26 02:44:26.117   210   210 E [upm6922-charger]: upm6922_dump_regs:Reg[09] = 0x00
05-26 02:44:26.118   210   210 E [upm6922-charger]: upm6922_dump_regs:Reg[0a] = 0x83
05-26 02:44:26.118   210   210 E [upm6922-charger]: upm6922_dump_regs:Reg[0b] = 0x14
05-26 02:44:26.119   210   210 E [upm6922-charger]: upm6922_dump_regs:Reg[0c] = 0x81
05-26 02:44:26.120   210   210 E [upm6922-charger]: upm6922_dump_regs:Reg[0d] = 0x00
05-26 02:44:26.121   210   210 E [upm6922-charger]: upm6922_dump_regs:Reg[0e] = 0x00
05-26 02:44:26.122   210   210 E [upm6922-charger]: upm6922_dump_regs:Reg[0f] = 0xff
05-26 02:44:26.123   210   210 E [upm6922-charger]: upm6922_dump_regs:Reg[10] = 0x00
05-26 02:44:26.124   210   210 E [upm6922-charger]: upm6922_dump_regs:Reg[11] = 0xff
05-26 02:44:26.125   210   210 E [upm6922-charger]: upm6922_dump_regs:Reg[12] = 0x00
05-26 02:44:26.126   210   210 E [upm6922-charger]: upm6922_dump_regs:Reg[13] = 0xff
05-26 02:44:26.126   210   210 E [upm6922-charger]: upm6922_dump_regs:Reg[14] = 0x00
05-26 02:44:26.127   210   210 E [upm6922-charger]: upm6922_dump_regs:Reg[15] = 0xcc
05-26 02:44:26.128   210   210 I [upm6922-charger]: upm6922_reset_watchdog_timer:reset
05-26 02:44:26.128   244   244 W ServiceManager: Waited one second for android.system.keystore2.IKeystoreService/default (is service started? are binder threads started and available?)
05-26 02:44:26.128   237   237 I servicemanager: Since 'android.system.keystore2.IKeystoreService/default' could not be found, trying to start it as a lazy AIDL service
05-26 02:44:26.131   237   319 W libc    : Unable to set property "ctl.interface_start" to "aidl/android.system.keystore2.IKeystoreService/default": error code: 0x20
05-26 02:44:26.131   237   319 I servicemanager: Tried to start aidl service android.system.keystore2.IKeystoreService/default as a lazy service, but was unable to. Usually this happens when a service is not installed, but if the service is intended to be used as a lazy service, then it may be configured incorrectly.
05-26 02:44:26.132     1     1 E init    : Control message: Could not find 'aidl/android.system.keystore2.IKeystoreService/default' for ctl.interface_start from pid: 237 (/system/bin/servicemanager)
05-26 02:44:26.975   114   114 I         : [wdk-c] cpu=6 o_k=6 lbit=0x40 cbit=0xff,bf,7,1,479548924,ff,0,0,0,0,[15487106190,15000000] 16 ff
05-26 02:44:26.975   109   109 I         : [wdk-c] cpu=1 o_k=1 lbit=0x42 cbit=0xff,bd,7,1,479548924,ff,0,0,0,0,[15487123498,14999982] 16 ff
05-26 02:44:27.068   115   115 I         : [wdk-c] cpu=7 o_k=7 lbit=0xc2 cbit=0xff,3d,7,1,479548924,ff,0,0,0,0,[15580460421,14906645] 15 ff
05-26 02:44:27.068   110   110 I         : [wdk-c] cpu=2 o_k=2 lbit=0xc6 cbit=0xff,39,7,1,479548924,ff,0,0,0,0,[15580475498,14906630] 15 ff
05-26 02:44:27.068   113   113 I         : [wdk-c] cpu=5 o_k=5 lbit=0xe6 cbit=0xff,19,7,1,479548924,ff,0,0,0,0,[15580487421,14906618] 15 ff
05-26 02:44:27.068   108   108 I         : [wdk-c] cpu=0 o_k=0 lbit=0xe7 cbit=0xff,18,7,1,479548924,ff,0,0,0,0,[15580498883,14906607] 15 ff
05-26 02:44:27.068   112   112 I         : [wdk-c] cpu=4 o_k=4 lbit=0xf7 cbit=0xff,8,7,1,479548924,ff,0,0,0,0,[15580509883,14906596] 15 ff
05-26 02:44:27.068   111   111 I         : [thread:111] 2026-05-26 02:44:27.65410 UTC;android time 2026-05-26 02:44:27.65410
05-26 02:44:27.069   111   111 I         : [wdk-k] cpu=3 o_k=3 lbit=0xff cbit=0xff,0,7,1,479548924,ff,0,0,0,0,[15580521652,14906584] 15 ff
05-26 02:44:27.128   244   244 W ServiceManager: Waited one second for android.system.keystore2.IKeystoreService/default (is service started? are binder threads started and available?)
05-26 02:44:27.128   237   237 I servicemanager: Since 'android.system.keystore2.IKeystoreService/default' could not be found, trying to start it as a lazy AIDL service
05-26 02:44:27.131   237   320 W libc    : Unable to set property "ctl.interface_start" to "aidl/android.system.keystore2.IKeystoreService/default": error code: 0x20
05-26 02:44:27.132   237   320 I servicemanager: Tried to start aidl service android.system.keystore2.IKeystoreService/default as a lazy service, but was unable to. Usually this happens when a service is not installed, but if the service is intended to be used as a lazy service, then it may be configured incorrectly.
05-26 02:44:27.132     1     1 E init    : Control message: Could not find 'aidl/android.system.keystore2.IKeystoreService/default' for ctl.interface_start from pid: 237 (/system/bin/servicemanager)
05-26 02:44:27.472    74    74 I         : [wdtk] kick watchdog
05-26 02:44:28.063   137   137 E         : get charge control limit:0
05-26 02:44:28.063   137   137 I         : [SW_JEITA] ffc_disable = 0, ffc = 0, pd_type = 5, thermal_lv = 0, single_cell_mode = 0, uisoc:37, chg_turn_on_flag:0
05-26 02:44:28.065   137   137 I         : ALG_STATE= 1
05-26 02:44:28.066   137   137 I handle_charge_done_and_recharge: info->country_code:0
05-26 02:44:28.066   210   210 I mtk_charger_start_timer: alarm timer start:1, 25 575723000
05-26 02:44:28.067   137   137 I         : charge status not 100, so power supply changed
05-26 02:44:28.068   210   210 I         : [PE50]pe50_hal_get_soc uisoc = 37
05-26 02:44:28.069   137   137 I handle_charge_done_and_recharge: ffc=0, rsoc=36, soc=37, temp=38, fv=4480, vbat=3830, iterm=420, ibat=0, full=0, full_cnt=0, v_cnt=0, recharge_cnt=0 threshold_mv=18
05-26 02:44:28.069   210   210 I         : alg_state = 3
05-26 02:44:28.072   210   210 I         : alg_state = 1
05-26 02:44:28.072   137   137 I fgauge  : [reg_to_current], is_charging=0
05-26 02:44:28.074   210   210 I         : mt635x-auxadc mt635x-auxadc: Error: Get efuse failed (-517)
05-26 02:44:28.075   210   210 I         : vbat_out_old=38250, vthr=685, T_curr=-4074, vbat_out=38250
05-26 02:44:28.077   137   137 E         : [mtk_battery_external_power_changed] low_temp = 38
05-26 02:44:28.077   210   210 I [upm6922-charger]: upm6922_set_input_volt_limit:mv:4200
05-26 02:44:28.078   210   210 I         : [SW_JEITA] Battery Temperature between 35 and 45 !!
05-26 02:44:28.078   137   137 I fgauge  : [fg_sw_bat_cycle_accu]car[o:2 n:2],diff_car:0,ncar[o:12676 n:12676 hw:-586] thr 0
05-26 02:44:28.079   210   210 I         : [SW_JEITA] get batt_id succ
05-26 02:44:28.081   210   210 I         : [SW_JEITA] battery_id = 1
05-26 02:44:28.082   210   210 I [upm6922-charger]: upm6922_set_term_current:ma:420
05-26 02:44:28.082   137   137 I         : mt635x-auxadc mt635x-auxadc: Error: Get efuse failed (-517)
05-26 02:44:28.083   210   210 I         : [SW_JEITA] ieoc = 420000
05-26 02:44:28.084   137   137 I         : vbat_out_old=38250, vthr=685, T_curr=-4074, vbat_out=38250
05-26 02:44:28.084   210   210 I [upm6922-charger]: upm6922_set_chargevolt:mv:4680
05-26 02:44:28.084   210   210 I [SW_JEITA]tmp: 38 jeita_cv:4480000 jeita_cc:-1
05-26 02:44:28.085   137   137 E         : mtk_battery_external_power_changed event, name:battery online:1, status:0, EOC:0, cur_chr_type:1 old:1, vbat0:[o:0 n:0]
05-26 02:44:28.086   210   210 I tmp     : 38 (jeita:1 sm:5 cv:4480000 en:1) (sm:1) en:1 c:0 s:0 ov:0 0 sc:0 1 1 saf_cmd:-1 bat_mon:0 0
05-26 02:44:28.086   137   137 E [lc_charger_sysfs]psy_change_noti: psy name=mtk-master-charger, charge_type(1, 4)
05-26 02:44:28.088   210   210 I mtk_adapter_switch_control pd_type: 1, ufcs_type:1, ret:2, state: 0, set_pri:0, cnt:0
05-26 02:44:28.089   137   137 E [lc_charger_sysfs]lc_sysfs_get_charge_type: ta_status[PD] (1), pd_type (0), chr_type(4), usb_type(1), real_type(1)
05-26 02:44:28.090   210   210 I mtk_check_ta_status ret_ta_switch: 2, prtocol_state:0
05-26 02:44:28.092   137   137 E         : [lc_charger_sysfs]lc_sysfs_get_quick_charge_type chr_type=4, pd_type=0, temp=38, quick_chr_type:0, last_quick_charge_type:0
05-26 02:44:28.094   210   210 I get_ibus: get ibus failed: -95
05-26 02:44:28.094   137   137 E         : [lc_charger_sysfs]capacity(37), vbat(3825), batt_status(1), shutdown_delay(0), count(0)
05-26 02:44:28.096   210   210 I get_ibat: get ibat failed: -95
05-26 02:44:28.096   270   270 E [lc_charger_sysfs]psy_change_noti: psy name=battery, charge_type(1, 4)
05-26 02:44:28.097   210   210 I         : Vbat=3825 vbats=0 vbus:5005 ibus:0 I=0 T=38 uisoc:37 type:usb>usb idx:0 ta_stat:1 swchg_ibat:0 cv:3848000 cmd_pp:-1
05-26 02:44:28.098   210   210 I         : select_charging_current_limit batt verify = 1
05-26 02:44:28.098   270   270 E [lc_charger_sysfs]lc_sysfs_get_charge_type: ta_status[PD] (1), pd_type (0), chr_type(4), usb_type(1), real_type(1)
05-26 02:44:28.099   210   210 I         : chg_alg_set_current_limit
05-26 02:44:28.099   210   210 I         : [PE50]pe50_set_current_limit ic = 0, cv = 4480, ibat_limit = 0
05-26 02:44:28.099   210   210 I         : pe50_set_prop 3 0
05-26 02:44:28.099   210   210 I         : [PE50]pe50_hal_get_soc uisoc = 37
05-26 02:44:28.099   210   210 I         : support_fast_charging pe5 ret:ALG_NOT_READY, prtocol_state:0,  ffc_state0
05-26 02:44:28.099   211   211 I         : [PE50]pe50_algo_threadfn state = STOP
05-26 02:44:28.099   211   211 I         : [PE50]pe50_algo_threadfn PE5.0 STOP
05-26 02:44:28.101   270   270 E         : [lc_charger_sysfs]lc_sysfs_get_quick_charge_type chr_type=4, pd_type=0, temp=38, quick_chr_type:0, last_quick_charge_type:0
05-26 02:44:28.101   210   210 I jeita_current_limit: jeita_input_current_limit: 3000000, jeita_charging_current_limit: 5950000
05-26 02:44:28.103   137   137 I get_charger_zcv: get charger zcv failed: -95
05-26 02:44:28.104   210   210 I debug   : 2, 1, 0
05-26 02:44:28.104   210   210 I         : min_charging_current is too low 0 60000
05-26 02:44:28.105   270   270 E         : [lc_charger_sysfs]capacity(37), vbat(3825), batt_status(1), shutdown_delay(0), count(0)
05-26 02:44:28.105   210   210 I         : m:0 chg1:-1,0,500,0 chg2:-1,-1,0,0 dvchg1:-1 sc:500000 -1 0 type:4:1 usb_unlimited:0 usbif:0 usbsm:0 ii:-1,-1 aicl:-1 atm:0 bm:2 b:1
05-26 02:44:28.106   270   270 I fgauge  : [reg_to_current], is_charging=0
05-26 02:44:28.107   210   210 I do_algorithm is_basic: 1
05-26 02:44:28.107   210   210 I         : pe50_get_prop 0
05-26 02:44:28.107   210   210 I do_algorithm: Stop hv charging. en_hv:1 alg:pe5 alg_vbus:0
05-26 02:44:28.107   210   210 I         : _pd_get_prop
05-26 02:44:28.107   210   210 I do_algorithm: Stop hv charging. en_hv:1 alg:pd alg_vbus:10000
05-26 02:44:28.107   283   283 I <   16.619>TCPC-TCPC: bat_update_work_func Battery Charging, soc = 37
05-26 02:44:28.108   210   210 I [upm6922-charger]: upm6922_set_input_current_limit:ma:500
05-26 02:44:28.108   210   210 I [upm6922-charger]: upm6922_set_chargecurrent:ma:0
05-26 02:44:28.111   270   270 E         : get CV property fail
05-26 02:44:28.111   210   210 I [upm6922-charger]: upm6922_disable_charger:disable charge
05-26 02:44:28.112   270   270 E         : get charge control limit:0
05-26 02:44:28.112   210   210 E [upm6922-charger]: upm6922_dump_regs:Reg[00] = 0x04
05-26 02:44:28.125   210   210 E [upm6922-charger]: upm6922_dump_regs:Reg[01] = 0x0a
05-26 02:44:28.126   210   210 E [upm6922-charger]: upm6922_dump_regs:Reg[02] = 0x00
05-26 02:44:28.127   210   210 E [upm6922-charger]: upm6922_dump_regs:Reg[03] = 0xf6
05-26 02:44:28.128   210   210 E [upm6922-charger]: upm6922_dump_regs:Reg[04] = 0xd1
05-26 02:44:28.129   210   210 E [upm6922-charger]: upm6922_dump_regs:Reg[05] = 0x8f
05-26 02:44:28.130   210   210 E [upm6922-charger]: upm6922_dump_regs:Reg[06] = 0xf3
05-26 02:44:28.131   210   210 E [upm6922-charger]: upm6922_dump_regs:Reg[07] = 0x48
05-26 02:44:28.129   244   244 W ServiceManager: Waited one second for android.system.keystore2.IKeystoreService/default (is service started? are binder threads started and available?)
05-26 02:44:28.129   237   237 I servicemanager: Since 'android.system.keystore2.IKeystoreService/default' could not be found, trying to start it as a lazy AIDL service
05-26 02:44:28.132   210   210 E [upm6922-charger]: upm6922_dump_regs:Reg[08] = 0x24
05-26 02:44:28.132   210   210 E [upm6922-charger]: upm6922_dump_regs:Reg[09] = 0x00
05-26 02:44:28.132   237   321 W libc    : Unable to set property "ctl.interface_start" to "aidl/android.system.keystore2.IKeystoreService/default": error code: 0x20
05-26 02:44:28.132   237   321 I servicemanager: Tried to start aidl service android.system.keystore2.IKeystoreService/default as a lazy service, but was unable to. Usually this happens when a service is not installed, but if the service is intended to be used as a lazy service, then it may be configured incorrectly.
05-26 02:44:28.133     1     1 E init    : Control message: Could not find 'aidl/android.system.keystore2.IKeystoreService/default' for ctl.interface_start from pid: 237 (/system/bin/servicemanager)
05-26 02:44:28.133   210   210 E [upm6922-charger]: upm6922_dump_regs:Reg[0a] = 0x83
