05-26 02:45:14.450   137   137 E         : mtk_battery_external_power_changed event, name:battery online:1, status:1, EOC:0, cur_chr_type:1 old:1, vbat0:[o:0 n:0]
05-26 02:45:14.451   210   210 I [upm6922-charger]: upm6922_set_chargevolt:mv:4670
05-26 02:45:14.451   210   210 I [SW_JEITA]tmp: 38 jeita_cv:4470000 jeita_cc:-1
05-26 02:45:14.452   137   137 E [lc_charger_sysfs]psy_change_noti: psy name=mtk-master-charger, charge_type(1, 4)
05-26 02:45:14.454   210   210 I tmp     : 38 (jeita:1 sm:5 cv:4470000 en:1) (sm:1) en:1 c:0 s:0 ov:0 0 sc:0 1 1 saf_cmd:-1 bat_mon:0 0
05-26 02:45:14.454   137   137 E [lc_charger_sysfs]lc_sysfs_get_charge_type: ta_status[PD] (1), pd_type (0), chr_type(4), usb_type(1), real_type(1)
05-26 02:45:14.455   210   210 I mtk_adapter_switch_control pd_type: 1, ufcs_type:1, ret:2, state: 0, set_pri:0, cnt:0
05-26 02:45:14.456   137   137 E         : [lc_charger_sysfs]lc_sysfs_get_quick_charge_type chr_type=4, pd_type=0, temp=38, quick_chr_type:0, last_quick_charge_type:0
05-26 02:45:14.457   210   210 I mtk_check_ta_status ret_ta_switch: 2, prtocol_state:0
05-26 02:45:14.459   137   137 E         : [lc_charger_sysfs]capacity(37), vbat(3848), batt_status(1), shutdown_delay(0), count(0)
05-26 02:45:14.461   210   210 I get_ibus: get ibus failed: -95
05-26 02:45:14.462   270   270 E [lc_charger_sysfs]psy_change_noti: psy name=battery, charge_type(1, 4)
05-26 02:45:14.463   210   210 I get_ibat: get ibat failed: -95
05-26 02:45:14.463   210   210 I         : Vbat=3848 vbats=0 vbus:4872 ibus:0 I=316 T=38 uisoc:37 type:usb>usb idx:0 ta_stat:1 swchg_ibat:0 cv:3864000 cmd_pp:-1
05-26 02:45:14.463   210   210 I         : select_charging_current_limit batt verify = 1
05-26 02:45:14.464   270   270 E [lc_charger_sysfs]lc_sysfs_get_charge_type: ta_status[PD] (1), pd_type (0), chr_type(4), usb_type(1), real_type(1)
05-26 02:45:14.464   210   210 I         : chg_alg_set_current_limit
05-26 02:45:14.464   210   210 I         : [PE50]pe50_set_current_limit ic = 3000, cv = 4470, ibat_limit = 500
05-26 02:45:14.466   270   270 E         : [lc_charger_sysfs]lc_sysfs_get_quick_charge_type chr_type=4, pd_type=0, temp=38, quick_chr_type:0, last_quick_charge_type:0
05-26 02:45:14.466   210   210 I         : pe50_set_prop 3 0
05-26 02:45:14.466   211   211 I         : [PE50]pe50_algo_threadfn state = STOP
05-26 02:45:14.466   211   211 I         : [PE50]pe50_algo_threadfn PE5.0 STOP
05-26 02:45:14.468   137   137 I get_charger_zcv: get charger zcv failed: -95
05-26 02:45:14.468   210   210 I         : [PE50]pe50_hal_get_soc uisoc = 37
05-26 02:45:14.470   270   270 E         : [lc_charger_sysfs]capacity(37), vbat(3848), batt_status(1), shutdown_delay(0), count(0)
05-26 02:45:14.470   210   210 I         : support_fast_charging pe5 ret:ALG_NOT_READY, prtocol_state:0,  ffc_state0
05-26 02:45:14.472   283   283 I <   62.984>TCPC-TCPC: bat_update_work_func Battery Charging, soc = 37
05-26 02:45:14.473   210   210 I jeita_current_limit: jeita_input_current_limit: 3000000, jeita_charging_current_limit: 5950000
05-26 02:45:14.473   210   210 I debug   : 2, 1, 0
05-26 02:45:14.473   210   210 I         : m:0 chg1:-1,6000,500,500 chg2:-1,-1,0,0 dvchg1:-1 sc:500000 -1 0 type:4:1 usb_unlimited:0 usbif:0 usbsm:0 ii:-1,-1 aicl:-1 atm:0 bm:2 b:1
05-26 02:45:14.475   270   270 E         : get CV property fail
05-26 02:45:14.475   210   210 I do_algorithm is_basic: 1
05-26 02:45:14.476   270   270 E         : get charge control limit:0
05-26 02:45:14.476   210   210 I [upm6922-charger]: upm6922_set_input_current_limit:ma:500
05-26 02:45:14.486   210   210 I [upm6922-charger]: upm6922_set_chargecurrent:ma:500
05-26 02:45:14.487   210   210 I         : [PE50]pe50_hal_get_soc uisoc = 37
05-26 02:45:14.487   210   210 I [upm6922-charger]: upm6922_enable_charger:enable charge
05-26 02:45:14.488   210   210 E [upm6922-charger]: upm6922_dump_regs:Reg[00] = 0x04
05-26 02:45:14.489   210   210 E [upm6922-charger]: upm6922_dump_regs:Reg[01] = 0x1a
05-26 02:45:14.490   210   210 E [upm6922-charger]: upm6922_dump_regs:Reg[02] = 0x08
05-26 02:45:14.491   210   210 E [upm6922-charger]: upm6922_dump_regs:Reg[03] = 0xf6
05-26 02:45:14.492   210   210 E [upm6922-charger]: upm6922_dump_regs:Reg[04] = 0xc9
05-26 02:45:14.493   210   210 E [upm6922-charger]: upm6922_dump_regs:Reg[05] = 0x8f
05-26 02:45:14.494   210   210 E [upm6922-charger]: upm6922_dump_regs:Reg[06] = 0xf3
05-26 02:45:14.495   210   210 E [upm6922-charger]: upm6922_dump_regs:Reg[07] = 0x48
05-26 02:45:14.496   210   210 E [upm6922-charger]: upm6922_dump_regs:Reg[08] = 0x34
05-26 02:45:14.496   210   210 E [upm6922-charger]: upm6922_dump_regs:Reg[09] = 0x00
05-26 02:45:14.497   210   210 E [upm6922-charger]: upm6922_dump_regs:Reg[0a] = 0xa3
05-26 02:45:14.498   210   210 E [upm6922-charger]: upm6922_dump_regs:Reg[0b] = 0x14
05-26 02:45:14.499   210   210 E [upm6922-charger]: upm6922_dump_regs:Reg[0c] = 0x81
05-26 02:45:14.500   210   210 E [upm6922-charger]: upm6922_dump_regs:Reg[0d] = 0x80
05-26 02:45:14.501   210   210 E [upm6922-charger]: upm6922_dump_regs:Reg[0e] = 0x00
05-26 02:45:14.502   210   210 E [upm6922-charger]: upm6922_dump_regs:Reg[0f] = 0xff
05-26 02:45:14.503   210   210 E [upm6922-charger]: upm6922_dump_regs:Reg[10] = 0x00
05-26 02:45:14.504   210   210 E [upm6922-charger]: upm6922_dump_regs:Reg[11] = 0xff
05-26 02:45:14.504   210   210 E [upm6922-charger]: upm6922_dump_regs:Reg[12] = 0x00
05-26 02:45:14.505   210   210 E [upm6922-charger]: upm6922_dump_regs:Reg[13] = 0xff
05-26 02:45:14.506   210   210 E [upm6922-charger]: upm6922_dump_regs:Reg[14] = 0x00
05-26 02:45:14.507   210   210 E [upm6922-charger]: upm6922_dump_regs:Reg[15] = 0xcc
05-26 02:45:14.508   210   210 I [upm6922-charger]: upm6922_reset_watchdog_timer:reset
05-26 02:45:14.687    95    95 E         : get charge control limit:0
05-26 02:45:14.687    95    95 E         : [SMART_CHG]SMART_CHG_NAVIGATION, en_ret = 0, fun_val = 0, active_status = 0, smart_soc = 50, ui_soc =37, smart_ctrl_en = 0, ffc_en = 0
05-26 02:45:14.689    95    95 E         : [SMART_CHG]set smart_charge[SMART_CHG_LOW_FAST].en_ret = 0, disable low_fast
05-26 02:45:14.690    95    95 E         : [SMART_CHG]SMART_CHG_ENDURANCE_PRO, en_ret = 0, fun_val = 0, active_status = 0
05-26 02:45:14.691    95    95 E         : [SMART_CHG]endurance monitor enable charger, soc <= -5
05-26 02:45:14.692    95    95 E [SMART_CHG]monitor_night_charging: night_charging = 0, soc = 37
05-26 02:45:14.693    95    95 E [SMART_CHG]monitor_low_fast_strategy: soc = 37, thermal_level = 0, thermal_board_temp = 0, pd_active = 0, low_fast_plugin_flag = 1, low_fast_enable = 0, screen_state = 0, b_flag = 0
05-26 02:45:14.695    95    95 E [SMART_CHG]monitor_low_fast_strategy: use default thermal current=6000000
05-26 02:45:14.698    95    95 E [SMART_CHG]get_fv_ageing: i = 1, fv_aging = 10
05-26 02:45:15.161   244   244 W ServiceManager: Waited one second for android.system.keystore2.IKeystoreService/default (is service started? are binder threads started and available?)
05-26 02:45:15.161   237   237 I servicemanager: Since 'android.system.keystore2.IKeystoreService/default' could not be found, trying to start it as a lazy AIDL service
05-26 02:45:15.164   237   431 W libc    : Unable to set property "ctl.interface_start" to "aidl/android.system.keystore2.IKeystoreService/default": error code: 0x20
05-26 02:45:15.164   237   431 I servicemanager: Tried to start aidl service android.system.keystore2.IKeystoreService/default as a lazy service, but was unable to. Usually this happens when a service is not installed, but if the service is intended to be used as a lazy service, then it may be configured incorrectly.
05-26 02:45:15.165     1     1 E init    : Control message: Could not find 'aidl/android.system.keystore2.IKeystoreService/default' for ctl.interface_start from pid: 237 (/system/bin/servicemanager)
05-26 02:45:15.356   432   432 E init    : failed to write pid to files: couldn't write 432 to /dev/cpuset/foreground/tasks: No such file or directory
05-26 02:45:15.447   432   432 I keystore2: keystore2_main: Keystore2 is starting.
05-26 02:45:15.448   432   432 I keystore2: keystore2_main: Starting thread pool now.
05-26 02:45:15.448   432   433 I keystore2: getDeviceHalManifest: Reading VINTF information.
05-26 02:45:15.449   432   433 E keystore2: getDeviceHalManifest: status from fetching VINTF information: -22
05-26 02:45:15.450   432   433 E keystore2: getDeviceHalManifest: -22 VINTF parse error: Illformed file: /vendor/etc/vintf/manifest.xml: Unrecognized manifest.version 8.0 (libvintf@4.0)
05-26 02:45:15.450   432   432 I keystore2: getDeviceHalManifest: Reading VINTF information.
05-26 02:45:15.450   432   433 F libc    : Fatal signal 11 (SIGSEGV), code 1 (SEGV_MAPERR), fault addr 0x0 in tid 433 (keystore2), pid 432 (Binder:432_2)
05-26 02:45:15.450   432   432 E keystore2: getDeviceHalManifest: status from fetching VINTF information: -22
05-26 02:45:15.450   432   432 E keystore2: getDeviceHalManifest: -22 VINTF parse error: Illformed file: /vendor/etc/vintf/manifest.xml: Unrecognized manifest.version 8.0 (libvintf@4.0)
05-26 02:45:15.453   437   437 F libc    : failed to exec crash_dump helper: No such file or directory
05-26 02:45:15.454   432   433 F libc    : crash_dump helper failed to exec, or was killed
05-26 02:45:15.454   432   433 F libc    : failed to wait for crash_dump helper: No child processes
05-26 02:45:15.460     1     1 I init    : Service 'keystore2' (pid 432) received signal 11
05-26 02:45:15.461     1     1 I init    : Sending signal 9 to service 'keystore2' (pid 432) process group...
05-26 02:45:15.462     1     1 I libprocessgroup: Successfully killed process cgroup uid 0 pid 432 in 0ms
05-26 02:45:15.464     1     1 I init    : Untracked pid 437 exited with status 1
05-26 02:45:15.711    95    95 E         : get charge control limit:0
05-26 02:45:15.711    95    95 E         : [SMART_CHG]SMART_CHG_NAVIGATION, en_ret = 0, fun_val = 0, active_status = 0, smart_soc = 50, ui_soc =37, smart_ctrl_en = 0, ffc_en = 0
05-26 02:45:15.713    95    95 E         : [SMART_CHG]set smart_charge[SMART_CHG_LOW_FAST].en_ret = 0, disable low_fast
05-26 02:45:15.714    95    95 E         : [SMART_CHG]SMART_CHG_ENDURANCE_PRO, en_ret = 0, fun_val = 0, active_status = 0
05-26 02:45:15.715    95    95 E         : [SMART_CHG]endurance monitor enable charger, soc <= -5
05-26 02:45:15.716    95    95 E [SMART_CHG]monitor_night_charging: night_charging = 0, soc = 37
05-26 02:45:15.717    95    95 E [SMART_CHG]monitor_low_fast_strategy: soc = 37, thermal_level = 0, thermal_board_temp = 0, pd_active = 0, low_fast_plugin_flag = 1, low_fast_enable = 0, screen_state = 0, b_flag = 0
05-26 02:45:15.719    95    95 E [SMART_CHG]monitor_low_fast_strategy: use default thermal current=6000000
05-26 02:45:15.721    95    95 E [SMART_CHG]get_fv_ageing: i = 1, fv_aging = 10
05-26 02:45:15.968   140   140 I         : mt635x-auxadc mt635x-auxadc: Error: Get efuse failed (-517)
05-26 02:45:15.969   140   140 I         : vbat_out_old=38500, vthr=685, T_curr=-4074, vbat_out=38500
05-26 02:45:15.970   140   140 I         : [DLPT_final] 5500,37,37,5500
05-26 02:45:16.162   244   244 W ServiceManager: Waited one second for android.system.keystore2.IKeystoreService/default (is service started? are binder threads started and available?)
05-26 02:45:16.162   237   237 I servicemanager: Since 'android.system.keystore2.IKeystoreService/default' could not be found, trying to start it as a lazy AIDL service
05-26 02:45:16.165   237   439 W libc    : Unable to set property "ctl.interface_start" to "aidl/android.system.keystore2.IKeystoreService/default": error code: 0x20
05-26 02:45:16.165   237   439 I servicemanager: Tried to start aidl service android.system.keystore2.IKeystoreService/default as a lazy service, but was unable to. Usually this happens when a service is not installed, but if the service is intended to be used as a lazy service, then it may be configured incorrectly.
05-26 02:45:16.166     1     1 E init    : Control message: Could not find 'aidl/android.system.keystore2.IKeystoreService/default' for ctl.interface_start from pid: 237 (/system/bin/servicemanager)
05-26 02:45:16.447   270   270 E         : get charge control limit:0
05-26 02:45:16.447   270   270 I         : [SW_JEITA] ffc_disable = 0, ffc = 0, pd_type = 5, thermal_lv = 0, single_cell_mode = 0, uisoc:37, chg_turn_on_flag:0
05-26 02:45:16.449   270   270 I         : ALG_STATE= 1
05-26 02:45:16.450   270   270 I handle_charge_done_and_recharge: info->country_code:0
05-26 02:45:16.450   210   210 I mtk_charger_start_timer: alarm timer start:1, 73 959714080
05-26 02:45:16.451   270   270 I         : charge status not 100, so power supply changed
05-26 02:45:16.452   210   210 I         : [PE50]pe50_hal_get_soc uisoc = 37
05-26 02:45:16.453   270   270 I handle_charge_done_and_recharge: ffc=0, rsoc=36, soc=37, temp=38, fv=4470, vbat=3842, iterm=420, ibat=357, full=0, full_cnt=0, v_cnt=0, recharge_cnt=0 threshold_mv=18
05-26 02:45:16.453   210   210 I         : alg_state = 3
05-26 02:45:16.456   210   210 I         : alg_state = 1
05-26 02:45:16.456   270   270 E         : [mtk_battery_external_power_changed] low_temp = 38
05-26 02:45:16.458   210   210 I         : mt635x-auxadc mt635x-auxadc: Error: Get efuse failed (-517)
05-26 02:45:16.459   210   210 I         : vbat_out_old=38490, vthr=685, T_curr=-4074, vbat_out=38490
05-26 02:45:16.460   270   270 I fgauge  : [fg_sw_bat_cycle_accu]drop diff_car
05-26 02:45:16.460   210   210 I [upm6922-charger]: upm6922_set_input_volt_limit:mv:4200
05-26 02:45:16.461   270   270 I fgauge  : [fg_sw_bat_cycle_accu]car[o:46 n:48],diff_car:2,ncar[o:12676 n:12676 hw:-586] thr 0
05-26 02:45:16.462   210   210 I         : [SW_JEITA] Battery Temperature between 35 and 45 !!
05-26 02:45:16.464   210   210 I         : [SW_JEITA] get batt_id succ
05-26 02:45:16.464   270   270 I         : mt635x-auxadc mt635x-auxadc: Error: Get efuse failed (-517)
05-26 02:45:16.464   210   210 I         : [SW_JEITA] battery_id = 1
05-26 02:45:16.464   210   210 I [upm6922-charger]: upm6922_set_term_current:ma:420
05-26 02:45:16.465   270   270 I         : vbat_out_old=38510, vthr=685, T_curr=-4074, vbat_out=38510
05-26 02:45:16.466   210   210 I         : [SW_JEITA] ieoc = 420000
05-26 02:45:16.466   270   270 E         : mtk_battery_external_power_changed event, name:battery online:1, status:1, EOC:0, cur_chr_type:1 old:1, vbat0:[o:0 n:0]
05-26 02:45:16.467   210   210 I [upm6922-charger]: upm6922_set_chargevolt:mv:4670
05-26 02:45:16.468   210   210 I [SW_JEITA]tmp: 38 jeita_cv:4470000 jeita_cc:-1
05-26 02:45:16.468   270   270 E [lc_charger_sysfs]psy_change_noti: psy name=mtk-master-charger, charge_type(1, 4)
05-26 02:45:16.470   210   210 I tmp     : 38 (jeita:1 sm:5 cv:4470000 en:1) (sm:1) en:1 c:0 s:0 ov:0 0 sc:0 1 1 saf_cmd:-1 bat_mon:0 0
05-26 02:45:16.470   270   270 E [lc_charger_sysfs]lc_sysfs_get_charge_type: ta_status[PD] (1), pd_type (0), chr_type(4), usb_type(1), real_type(1)
05-26 02:45:16.471   210   210 I mtk_adapter_switch_control pd_type: 1, ufcs_type:1, ret:2, state: 0, set_pri:0, cnt:0
05-26 02:45:16.472   270   270 E         : [lc_charger_sysfs]lc_sysfs_get_quick_charge_type chr_type=4, pd_type=0, temp=38, quick_chr_type:0, last_quick_charge_type:0
05-26 02:45:16.473   210   210 I mtk_check_ta_status ret_ta_switch: 2, prtocol_state:0
05-26 02:45:16.475   270   270 E         : [lc_charger_sysfs]capacity(37), vbat(3851), batt_status(1), shutdown_delay(0), count(0)
05-26 02:45:16.477   210   210 I get_ibus: get ibus failed: -95
05-26 02:45:16.478   137   137 E [lc_charger_sysfs]psy_change_noti: psy name=battery, charge_type(1, 4)
05-26 02:45:16.479   210   210 I get_ibat: get ibat failed: -95
05-26 02:45:16.479   210   210 I         : Vbat=3851 vbats=0 vbus:4872 ibus:0 I=372 T=38 uisoc:37 type:usb>usb idx:0 ta_stat:1 swchg_ibat:0 cv:3864000 cmd_pp:-1
05-26 02:45:16.479   210   210 I         : select_charging_current_limit batt verify = 1
05-26 02:45:16.480   137   137 E [lc_charger_sysfs]lc_sysfs_get_charge_type: ta_status[PD] (1), pd_type (0), chr_type(4), usb_type(1), real_type(1)
05-26 02:45:16.480   210   210 I         : chg_alg_set_current_limit
05-26 02:45:16.480   210   210 I         : [PE50]pe50_set_current_limit ic = 3000, cv = 4470, ibat_limit = 500
05-26 02:45:16.482   137   137 E         : [lc_charger_sysfs]lc_sysfs_get_quick_charge_type chr_type=4, pd_type=0, temp=38, quick_chr_type:0, last_quick_charge_type:0
05-26 02:45:16.482   210   210 I         : pe50_set_prop 3 0
05-26 02:45:16.482   211   211 I         : [PE50]pe50_algo_threadfn state = STOP
05-26 02:45:16.482   211   211 I         : [PE50]pe50_algo_threadfn PE5.0 STOP
05-26 02:45:16.484   270   270 I get_charger_zcv: get charger zcv failed: -95
05-26 02:45:16.484   210   210 I         : [PE50]pe50_hal_get_soc uisoc = 37
05-26 02:45:16.484   210   210 I         : support_fast_charging pe5 ret:ALG_NOT_READY, prtocol_state:0,  ffc_state0
05-26 02:45:16.486   137   137 E         : [lc_charger_sysfs]capacity(37), vbat(3851), batt_status(1), shutdown_delay(0), count(0)
05-26 02:45:16.487   210   210 I jeita_current_limit: jeita_input_current_limit: 3000000, jeita_charging_current_limit: 5950000
05-26 02:45:16.488   283   283 I <   65.000>TCPC-TCPC: bat_update_work_func Battery Charging, soc = 37
05-26 02:45:16.489   210   210 I debug   : 2, 1, 0
05-26 02:45:16.489   210   210 I         : m:0 chg1:-1,6000,500,500 chg2:-1,-1,0,0 dvchg1:-1 sc:500000 -1 0 type:4:1 usb_unlimited:0 usbif:0 usbsm:0 ii:-1,-1 aicl:-1 atm:0 bm:2 b:1
05-26 02:45:16.491   137   137 E         : get CV property fail
05-26 02:45:16.491   210   210 I do_algorithm is_basic: 1
05-26 02:45:16.492   137   137 E         : get charge control limit:0
05-26 02:45:16.492   210   210 I [upm6922-charger]: upm6922_set_input_current_limit:ma:500
05-26 02:45:16.502   210   210 I [upm6922-charger]: upm6922_set_chargecurrent:ma:500
05-26 02:45:16.503   210   210 I         : [PE50]pe50_hal_get_soc uisoc = 37
05-26 02:45:16.503   210   210 I [upm6922-charger]: upm6922_enable_charger:enable charge
05-26 02:45:16.504   210   210 E [upm6922-charger]: upm6922_dump_regs:Reg[00] = 0x04
05-26 02:45:16.505   210   210 E [upm6922-charger]: upm6922_dump_regs:Reg[01] = 0x1a
05-26 02:45:16.506   210   210 E [upm6922-charger]: upm6922_dump_regs:Reg[02] = 0x08
05-26 02:45:16.507   210   210 E [upm6922-charger]: upm6922_dump_regs:Reg[03] = 0xf6
05-26 02:45:16.508   210   210 E [upm6922-charger]: upm6922_dump_regs:Reg[04] = 0xc9
05-26 02:45:16.509   210   210 E [upm6922-charger]: upm6922_dump_regs:Reg[05] = 0x8f
05-26 02:45:16.510   210   210 E [upm6922-charger]: upm6922_dump_regs:Reg[06] = 0xf3
05-26 02:45:16.511   210   210 E [upm6922-charger]: upm6922_dump_regs:Reg[07] = 0x48
05-26 02:45:16.512   210   210 E [upm6922-charger]: upm6922_dump_regs:Reg[08] = 0x34
05-26 02:45:16.512   210   210 E [upm6922-charger]: upm6922_dump_regs:Reg[09] = 0x00
05-26 02:45:16.513   210   210 E [upm6922-charger]: upm6922_dump_regs:Reg[0a] = 0xa3
05-26 02:45:16.514   210   210 E [upm6922-charger]: upm6922_dump_regs:Reg[0b] = 0x14
05-26 02:45:16.515   210   210 E [upm6922-charger]: upm6922_dump_regs:Reg[0c] = 0x81
05-26 02:45:16.516   210   210 E [upm6922-charger]: upm6922_dump_regs:Reg[0d] = 0x80
05-26 02:45:16.517   210   210 E [upm6922-charger]: upm6922_dump_regs:Reg[0e] = 0x00
05-26 02:45:16.518   210   210 E [upm6922-charger]: upm6922_dump_regs:Reg[0f] = 0xff
05-26 02:45:16.519   210   210 E [upm6922-charger]: upm6922_dump_regs:Reg[10] = 0x00
05-26 02:45:16.520   210   210 E [upm6922-charger]: upm6922_dump_regs:Reg[11] = 0xff
05-26 02:45:16.520   210   210 E [upm6922-charger]: upm6922_dump_regs:Reg[12] = 0x00
05-26 02:45:16.521   210   210 E [upm6922-charger]: upm6922_dump_regs:Reg[13] = 0xff
05-26 02:45:16.522   210   210 E [upm6922-charger]: upm6922_dump_regs:Reg[14] = 0x00
05-26 02:45:16.523   210   210 E [upm6922-charger]: upm6922_dump_regs:Reg[15] = 0xcc
05-26 02:45:16.524   210   210 I [upm6922-charger]: upm6922_reset_watchdog_timer:reset
05-26 02:45:16.735    95    95 E         : get charge control limit:0
05-26 02:45:16.735    95    95 E         : [SMART_CHG]SMART_CHG_NAVIGATION, en_ret = 0, fun_val = 0, active_status = 0, smart_soc = 50, ui_soc =37, smart_ctrl_en = 0, ffc_en = 0
05-26 02:45:16.737    95    95 E         : [SMART_CHG]set smart_charge[SMART_CHG_LOW_FAST].en_ret = 0, disable low_fast
05-26 02:45:16.738    95    95 E         : [SMART_CHG]SMART_CHG_ENDURANCE_PRO, en_ret = 0, fun_val = 0, active_status = 0
05-26 02:45:16.739    95    95 E         : [SMART_CHG]endurance monitor enable charger, soc <= -5
05-26 02:45:16.740    95    95 E [SMART_CHG]monitor_night_charging: night_charging = 0, soc = 37
05-26 02:45:16.741    95    95 E [SMART_CHG]monitor_low_fast_strategy: soc = 37, thermal_level = 0, thermal_board_temp = 0, pd_active = 0, low_fast_plugin_flag = 1, low_fast_enable = 0, screen_state = 0, b_flag = 0
05-26 02:45:16.743    95    95 E [SMART_CHG]monitor_low_fast_strategy: use default thermal current=6000000
05-26 02:45:16.745    95    95 E [SMART_CHG]get_fv_ageing: i = 1, fv_aging = 10
05-26 02:45:17.162   244   244 W ServiceManager: Waited one second for android.system.keystore2.IKeystoreService/default (is service started? are binder threads started and available?)
05-26 02:45:17.163   237   237 I servicemanager: Since 'android.system.keystore2.IKeystoreService/default' could not be found, trying to start it as a lazy AIDL service
05-26 02:45:17.166   237   440 W libc    : Unable to set property "ctl.interface_start" to "aidl/android.system.keystore2.IKeystoreService/default": error code: 0x20
05-26 02:45:17.166   237   440 I servicemanager: Tried to start aidl service android.system.keystore2.IKeystoreService/default as a lazy service, but was unable to. Usually this happens when a service is not installed, but if the service is intended to be used as a lazy service, then it may be configured incorrectly.
05-26 02:45:17.167     1     1 E init    : Control message: Could not find 'aidl/android.system.keystore2.IKeystoreService/default' for ctl.interface_start from pid: 237 (/system/bin/servicemanager)
05-26 02:45:17.759    95    95 E         : get charge control limit:0
05-26 02:45:17.759    95    95 E         : [SMART_CHG]SMART_CHG_NAVIGATION, en_ret = 0, fun_val = 0, active_status = 0, smart_soc = 50, ui_soc =37, smart_ctrl_en = 0, ffc_en = 0
05-26 02:45:17.761    95    95 E         : [SMART_CHG]set smart_charge[SMART_CHG_LOW_FAST].en_ret = 0, disable low_fast
05-26 02:45:17.762    95    95 E         : [SMART_CHG]SMART_CHG_ENDURANCE_PRO, en_ret = 0, fun_val = 0, active_status = 0
05-26 02:45:17.763    95    95 E         : [SMART_CHG]endurance monitor enable charger, soc <= -5
05-26 02:45:17.764    95    95 E [SMART_CHG]monitor_night_charging: night_charging = 0, soc = 37
05-26 02:45:17.765    95    95 E [SMART_CHG]monitor_low_fast_strategy: soc = 37, thermal_level = 0, thermal_board_temp = 0, pd_active = 0, low_fast_plugin_flag = 1, low_fast_enable = 0, screen_state = 0, b_flag = 0
05-26 02:45:17.767    95    95 E [SMART_CHG]monitor_low_fast_strategy: use default thermal current=6000000
05-26 02:45:17.769    95    95 I BAT_TEMP_PREV: 580,BAT_TEMP:580,VBIF28:2795
05-26 02:45:17.770    95    95 E [SMART_CHG]get_fv_ageing: i = 1, fv_aging = 10
05-26 02:45:18.163   244   244 W ServiceManager: Waited one second for android.system.keystore2.IKeystoreService/default (is service started? are binder threads started and available?)
05-26 02:45:18.163   237   237 I servicemanager: Since 'android.system.keystore2.IKeystoreService/default' could not be found, trying to start it as a lazy AIDL service
05-26 02:45:18.166   237   441 W libc    : Unable to set property "ctl.interface_start" to "aidl/android.system.keystore2.IKeystoreService/default": error code: 0x20
05-26 02:45:18.166   237   441 I servicemanager: Tried to start aidl service android.system.keystore2.IKeystoreService/default as a lazy service, but was unable to. Usually this happens when a service is not installed, but if the service is intended to be used as a lazy service, then it may be configured incorrectly.
05-26 02:45:18.167     1     1 E init    : Control message: Could not find 'aidl/android.system.keystore2.IKeystoreService/default' for ctl.interface_start from pid: 237 (/system/bin/servicemanager)
05-26 02:45:18.463   137   137 E         : get charge control limit:0
05-26 02:45:18.463   137   137 I         : [SW_JEITA] ffc_disable = 0, ffc = 0, pd_type = 5, thermal_lv = 0, single_cell_mode = 0, uisoc:37, chg_turn_on_flag:0
05-26 02:45:18.465   137   137 I         : ALG_STATE= 1
05-26 02:45:18.467   137   137 I handle_charge_done_and_recharge: info->country_code:0
05-26 02:45:18.467   210   210 I mtk_charger_start_timer: alarm timer start:1, 75 976709542
05-26 02:45:18.468   137   137 I         : charge status not 100, so power supply changed
05-26 02:45:18.469   210   210 I         : [PE50]pe50_hal_get_soc uisoc = 37
05-26 02:45:18.470   137   137 I handle_charge_done_and_recharge: ffc=0, rsoc=36, soc=37, temp=38, fv=4470, vbat=3842, iterm=420, ibat=407, full=0, full_cnt=0, v_cnt=0, recharge_cnt=0 threshold_mv=18
05-26 02:45:18.470   210   210 I         : alg_state = 3
05-26 02:45:18.473   210   210 I         : alg_state = 1
05-26 02:45:18.473   137   137 E         : [mtk_battery_external_power_changed] low_temp = 38
05-26 02:45:18.475   210   210 I         : mt635x-auxadc mt635x-auxadc: Error: Get efuse failed (-517)
05-26 02:45:18.476   210   210 I         : vbat_out_old=38500, vthr=685, T_curr=-4074, vbat_out=38500
05-26 02:45:18.477   137   137 I fgauge  : [fg_sw_bat_cycle_accu]drop diff_car
05-26 02:45:18.477   210   210 I [upm6922-charger]: upm6922_set_input_volt_limit:mv:4200
05-26 02:45:18.478   137   137 I fgauge  : [fg_sw_bat_cycle_accu]car[o:48 n:50],diff_car:2,ncar[o:12676 n:12676 hw:-586] thr 0
05-26 02:45:18.479   210   210 I         : [SW_JEITA] Battery Temperature between 35 and 45 !!
05-26 02:45:18.480   210   210 I         : [SW_JEITA] get batt_id succ
05-26 02:45:18.481   137   137 I         : mt635x-auxadc mt635x-auxadc: Error: Get efuse failed (-517)
05-26 02:45:18.481   210   210 I         : [SW_JEITA] battery_id = 1
05-26 02:45:18.481   210   210 I [upm6922-charger]: upm6922_set_term_current:ma:420
05-26 02:45:18.482   137   137 I         : vbat_out_old=38490, vthr=685, T_curr=-4074, vbat_out=38490
05-26 02:45:18.483   210   210 I         : [SW_JEITA] ieoc = 420000
05-26 02:45:18.483   137   137 E         : mtk_battery_external_power_changed event, name:battery online:1, status:1, EOC:0, cur_chr_type:1 old:1, vbat0:[o:0 n:0]
05-26 02:45:18.484   210   210 I [upm6922-charger]: upm6922_set_chargevolt:mv:4670
05-26 02:45:18.484   210   210 I [SW_JEITA]tmp: 38 jeita_cv:4470000 jeita_cc:-1
05-26 02:45:18.485   137   137 E [lc_charger_sysfs]psy_change_noti: psy name=mtk-master-charger, charge_type(1, 4)
05-26 02:45:18.487   210   210 I tmp     : 38 (jeita:1 sm:5 cv:4470000 en:1) (sm:1) en:1 c:0 s:0 ov:0 0 sc:0 1 1 saf_cmd:-1 bat_mon:0 0
05-26 02:45:18.487   137   137 E [lc_charger_sysfs]lc_sysfs_get_charge_type: ta_status[PD] (1), pd_type (0), chr_type(4), usb_type(1), real_type(1)
05-26 02:45:18.488   210   210 I mtk_adapter_switch_control pd_type: 1, ufcs_type:1, ret:2, state: 0, set_pri:0, cnt:0
05-26 02:45:18.489   137   137 E         : [lc_charger_sysfs]lc_sysfs_get_quick_charge_type chr_type=4, pd_type=0, temp=38, quick_chr_type:0, last_quick_charge_type:0
05-26 02:45:18.490   210   210 I mtk_check_ta_status ret_ta_switch: 2, prtocol_state:0
05-26 02:45:18.492   137   137 E         : [lc_charger_sysfs]capacity(37), vbat(3849), batt_status(1), shutdown_delay(0), count(0)
05-26 02:45:18.494   210   210 I get_ibus: get ibus failed: -95
05-26 02:45:18.495   270   270 E [lc_charger_sysfs]psy_change_noti: psy name=battery, charge_type(1, 4)
05-26 02:45:18.496   210   210 I get_ibat: get ibat failed: -95
05-26 02:45:18.496   210   210 I         : Vbat=3849 vbats=0 vbus:4872 ibus:0 I=321 T=38 uisoc:37 type:usb>usb idx:0 ta_stat:1 swchg_ibat:0 cv:3864000 cmd_pp:-1
05-26 02:45:18.497   270   270 E [lc_charger_sysfs]lc_sysfs_get_charge_type: ta_status[PD] (1), pd_type (0), chr_type(4), usb_type(1), real_type(1)
05-26 02:45:18.497   210   210 I         : select_charging_current_limit batt verify = 1
05-26 02:45:18.498   270   270 E         : [lc_charger_sysfs]lc_sysfs_get_quick_charge_type chr_type=4, pd_type=0, temp=38, quick_chr_type:0, last_quick_charge_type:0
05-26 02:45:18.499   210   210 I         : chg_alg_set_current_limit
05-26 02:45:18.499   210   210 I         : [PE50]pe50_set_current_limit ic = 3000, cv = 4470, ibat_limit = 500
05-26 02:45:18.499   210   210 I         : pe50_set_prop 3 0
05-26 02:45:18.499   210   210 I         : [PE50]pe50_hal_get_soc uisoc = 37
05-26 02:45:18.501   137   137 I get_charger_zcv: get charger zcv failed: -95
05-26 02:45:18.502   210   210 I         : support_fast_charging pe5 ret:ALG_NOT_READY, prtocol_state:0,  ffc_state0
05-26 02:45:18.502   211   211 I         : [PE50]pe50_algo_threadfn state = STOP
05-26 02:45:18.502   211   211 I         : [PE50]pe50_algo_threadfn PE5.0 STOP
05-26 02:45:18.503   270   270 E         : [lc_charger_sysfs]capacity(37), vbat(3849), batt_status(1), shutdown_delay(0), count(0)
05-26 02:45:18.505   210   210 I jeita_current_limit: jeita_input_current_limit: 3000000, jeita_charging_current_limit: 5950000
05-26 02:45:18.505   210   210 I debug   : 2, 1, 0
05-26 02:45:18.505   283   283 I <   67.017>TCPC-TCPC: bat_update_work_func Battery Charging, soc = 37
05-26 02:45:18.506   210   210 I         : m:0 chg1:-1,6000,500,500 chg2:-1,-1,0,0 dvchg1:-1 sc:500000 -1 0 type:4:1 usb_unlimited:0 usbif:0 usbsm:0 ii:-1,-1 aicl:-1 atm:0 bm:2 b:1
05-26 02:45:18.506   210   210 I do_algorithm is_basic: 1
05-26 02:45:18.508   270   270 E         : get CV property fail
05-26 02:45:18.508   210   210 I [upm6922-charger]: upm6922_set_input_current_limit:ma:500
05-26 02:45:18.508   210   210 I [upm6922-charger]: upm6922_set_chargecurrent:ma:500
05-26 02:45:18.509   270   270 E         : get charge control limit:0
05-26 02:45:18.510   210   210 I         : [PE50]pe50_hal_get_soc uisoc = 37
05-26 02:45:18.520   210   210 I [upm6922-charger]: upm6922_enable_charger:enable charge
05-26 02:45:18.521   210   210 E [upm6922-charger]: upm6922_dump_regs:Reg[00] = 0x04
05-26 02:45:18.522   210   210 E [upm6922-charger]: upm6922_dump_regs:Reg[01] = 0x1a
05-26 02:45:18.523   210   210 E [upm6922-charger]: upm6922_dump_regs:Reg[02] = 0x08
05-26 02:45:18.524   210   210 E [upm6922-charger]: upm6922_dump_regs:Reg[03] = 0xf6
05-26 02:45:18.525   210   210 E [upm6922-charger]: upm6922_dump_regs:Reg[04] = 0xc9
05-26 02:45:18.526   210   210 E [upm6922-charger]: upm6922_dump_regs:Reg[05] = 0x8f
05-26 02:45:18.526   210   210 E [upm6922-charger]: upm6922_dump_regs:Reg[06] = 0xf3
05-26 02:45:18.527   210   210 E [upm6922-charger]: upm6922_dump_regs:Reg[07] = 0x48
05-26 02:45:18.528   210   210 E [upm6922-charger]: upm6922_dump_regs:Reg[08] = 0x34
05-26 02:45:18.529   210   210 E [upm6922-charger]: upm6922_dump_regs:Reg[09] = 0x00
05-26 02:45:18.530   210   210 E [upm6922-charger]: upm6922_dump_regs:Reg[0a] = 0xa3
05-26 02:45:18.531   210   210 E [upm6922-charger]: upm6922_dump_regs:Reg[0b] = 0x14
05-26 02:45:18.532   210   210 E [upm6922-charger]: upm6922_dump_regs:Reg[0c] = 0x81
05-26 02:45:18.533   210   210 E [upm6922-charger]: upm6922_dump_regs:Reg[0d] = 0x80
05-26 02:45:18.534   210   210 E [upm6922-charger]: upm6922_dump_regs:Reg[0e] = 0x00
05-26 02:45:18.534   210   210 E [upm6922-charger]: upm6922_dump_regs:Reg[0f] = 0xff
05-26 02:45:18.535   210   210 E [upm6922-charger]: upm6922_dump_regs:Reg[10] = 0x00
05-26 02:45:18.536   210   210 E [upm6922-charger]: upm6922_dump_regs:Reg[11] = 0xff
05-26 02:45:18.537   210   210 E [upm6922-charger]: upm6922_dump_regs:Reg[12] = 0x00
05-26 02:45:18.538   210   210 E [upm6922-charger]: upm6922_dump_regs:Reg[13] = 0xff
05-26 02:45:18.539   210   210 E [upm6922-charger]: upm6922_dump_regs:Reg[14] = 0x00
05-26 02:45:18.540   210   210 E [upm6922-charger]: upm6922_dump_regs:Reg[15] = 0xcc
05-26 02:45:18.541   210   210 I [upm6922-charger]: upm6922_reset_watchdog_timer:reset
05-26 02:45:18.783    95    95 E         : get charge control limit:0
05-26 02:45:18.783    95    95 E         : [SMART_CHG]SMART_CHG_NAVIGATION, en_ret = 0, fun_val = 0, active_status = 0, smart_soc = 50, ui_soc =37, smart_ctrl_en = 0, ffc_en = 0
05-26 02:45:18.785    95    95 E         : [SMART_CHG]set smart_charge[SMART_CHG_LOW_FAST].en_ret = 0, disable low_fast
05-26 02:45:18.786    95    95 E         : [SMART_CHG]SMART_CHG_ENDURANCE_PRO, en_ret = 0, fun_val = 0, active_status = 0
05-26 02:45:18.787    95    95 E         : [SMART_CHG]endurance monitor enable charger, soc <= -5
05-26 02:45:18.788    95    95 E [SMART_CHG]monitor_night_charging: night_charging = 0, soc = 37
05-26 02:45:18.789    95    95 E [SMART_CHG]monitor_low_fast_strategy: soc = 37, thermal_level = 0, thermal_board_temp = 0, pd_active = 0, low_fast_plugin_flag = 1, low_fast_enable = 0, screen_state = 0, b_flag = 0
05-26 02:45:18.791    95    95 E [SMART_CHG]monitor_low_fast_strategy: use default thermal current=6000000
05-26 02:45:18.794    95    95 E [SMART_CHG]get_fv_ageing: i = 1, fv_aging = 10
05-26 02:45:19.164   244   244 W ServiceManager: Waited one second for android.system.keystore2.IKeystoreService/default (is service started? are binder threads started and available?)
05-26 02:45:19.164   237   237 I servicemanager: Since 'android.system.keystore2.IKeystoreService/default' could not be found, trying to start it as a lazy AIDL service
05-26 02:45:19.167   237   442 W libc    : Unable to set property "ctl.interface_start" to "aidl/android.system.keystore2.IKeystoreService/default": error code: 0x20
05-26 02:45:19.167   237   442 I servicemanager: Tried to start aidl service android.system.keystore2.IKeystoreService/default as a lazy service, but was unable to. Usually this happens when a service is not installed, but if the service is intended to be used as a lazy service, then it may be configured incorrectly.
05-26 02:45:19.168     1     1 E init    : Control message: Could not find 'aidl/android.system.keystore2.IKeystoreService/default' for ctl.interface_start from pid: 237 (/system/bin/servicemanager)
05-26 02:45:19.807    95    95 E         : get charge control limit:0
05-26 02:45:19.807    95    95 E         : [SMART_CHG]SMART_CHG_NAVIGATION, en_ret = 0, fun_val = 0, active_status = 0, smart_soc = 50, ui_soc =37, smart_ctrl_en = 0, ffc_en = 0
05-26 02:45:19.809    95    95 E         : [SMART_CHG]set smart_charge[SMART_CHG_LOW_FAST].en_ret = 0, disable low_fast
05-26 02:45:19.810    95    95 E         : [SMART_CHG]SMART_CHG_ENDURANCE_PRO, en_ret = 0, fun_val = 0, active_status = 0
05-26 02:45:19.811    95    95 E         : [SMART_CHG]endurance monitor enable charger, soc <= -5
05-26 02:45:19.812    95    95 E [SMART_CHG]monitor_night_charging: night_charging = 0, soc = 37
05-26 02:45:19.813    95    95 E [SMART_CHG]monitor_low_fast_strategy: soc = 37, thermal_level = 0, thermal_board_temp = 0, pd_active = 0, low_fast_plugin_flag = 1, low_fast_enable = 0, screen_state = 0, b_flag = 0
05-26 02:45:19.815    95    95 E [SMART_CHG]monitor_low_fast_strategy: use default thermal current=6000000
05-26 02:45:19.817    95    95 E [SMART_CHG]get_fv_ageing: i = 1, fv_aging = 10
05-26 02:45:20.164   244   244 W ServiceManager: Waited one second for android.system.keystore2.IKeystoreService/default (is service started? are binder threads started and available?)
05-26 02:45:20.164   237   237 I servicemanager: Since 'android.system.keystore2.IKeystoreService/default' could not be found, trying to start it as a lazy AIDL service
05-26 02:45:20.167   237   443 W libc    : Unable to set property "ctl.interface_start" to "aidl/android.system.keystore2.IKeystoreService/default": error code: 0x20
05-26 02:45:20.167   237   443 I servicemanager: Tried to start aidl service android.system.keystore2.IKeystoreService/default as a lazy service, but was unable to. Usually this happens when a service is not installed, but if the service is intended to be used as a lazy service, then it may be configured incorrectly.
05-26 02:45:20.168     1     1 E init    : Control message: Could not find 'aidl/android.system.keystore2.IKeystoreService/default' for ctl.interface_start from pid: 237 (/system/bin/servicemanager)
05-26 02:45:20.449   444   444 I keystore2: keystore2_main: Keystore2 is starting.
05-26 02:45:20.450   444   444 I keystore2: keystore2_main: Starting thread pool now.
05-26 02:45:20.451   444   445 I keystore2: getDeviceHalManifest: Reading VINTF information.
05-26 02:45:20.452   444   445 E keystore2: getDeviceHalManifest: status from fetching VINTF information: -22
05-26 02:45:20.452   444   445 E keystore2: getDeviceHalManifest: -22 VINTF parse error: Illformed file: /vendor/etc/vintf/manifest.xml: Unrecognized manifest.version 8.0 (libvintf@4.0)
05-26 02:45:20.452   444   444 I keystore2: getDeviceHalManifest: Reading VINTF information.
05-26 02:45:20.452   444   445 F libc    : Fatal signal 11 (SIGSEGV), code 1 (SEGV_MAPERR), fault addr 0x0 in tid 445 (keystore2), pid 444 (Binder:444_2)
05-26 02:45:20.453   444   444 E keystore2: getDeviceHalManifest: status from fetching VINTF information: -22
05-26 02:45:20.453   444   444 E keystore2: getDeviceHalManifest: -22 VINTF parse error: Illformed file: /vendor/etc/vintf/manifest.xml: Unrecognized manifest.version 8.0 (libvintf@4.0)
05-26 02:45:20.456   449   449 F libc    : failed to exec crash_dump helper: No such file or directory
05-26 02:45:20.458   444   445 F libc    : crash_dump helper failed to exec, or was killed
05-26 02:45:20.458   444   445 F libc    : failed to wait for crash_dump helper: No child processes
05-26 02:45:20.463     1     1 I init    : Service 'keystore2' (pid 444) received signal 11
05-26 02:45:20.464     1     1 I init    : Sending signal 9 to service 'keystore2' (pid 444) process group...
05-26 02:45:20.466     1     1 I libprocessgroup: Successfully killed process cgroup uid 0 pid 444 in 0ms
05-26 02:45:20.468     1     1 I init    : Untracked pid 449 exited with status 1
05-26 02:45:20.479   270   270 E         : get charge control limit:0
05-26 02:45:20.479   270   270 I         : [SW_JEITA] ffc_disable = 0, ffc = 0, pd_type = 5, thermal_lv = 0, single_cell_mode = 0, uisoc:37, chg_turn_on_flag:0
05-26 02:45:20.481   270   270 I         : ALG_STATE= 1
05-26 02:45:20.482   270   270 I handle_charge_done_and_recharge: info->country_code:0
05-26 02:45:20.482   210   210 I mtk_charger_start_timer: alarm timer start:1, 77 991719696
05-26 02:45:20.483   270   270 I         : charge status not 100, so power supply changed
05-26 02:45:20.484   210   210 I         : [PE50]pe50_hal_get_soc uisoc = 37
05-26 02:45:20.485   270   270 I handle_charge_done_and_recharge: ffc=0, rsoc=36, soc=37, temp=38, fv=4470, vbat=3841, iterm=420, ibat=363, full=0, full_cnt=0, v_cnt=0, recharge_cnt=0 threshold_mv=18
05-26 02:45:20.485   210   210 I         : alg_state = 3
05-26 02:45:20.488   210   210 I         : alg_state = 1
05-26 02:45:20.488   270   270 E         : [mtk_battery_external_power_changed] low_temp = 38
05-26 02:45:20.490   210   210 I         : mt635x-auxadc mt635x-auxadc: Error: Get efuse failed (-517)
05-26 02:45:20.491   210   210 I         : vbat_out_old=38490, vthr=685, T_curr=-4074, vbat_out=38490
05-26 02:45:20.492   270   270 I fgauge  : [fg_sw_bat_cycle_accu]drop diff_car
05-26 02:45:20.492   210   210 I [upm6922-charger]: upm6922_set_input_volt_limit:mv:4200
05-26 02:45:20.493   270   270 I fgauge  : [fg_sw_bat_cycle_accu]car[o:50 n:52],diff_car:2,ncar[o:12676 n:12676 hw:-586] thr 0
05-26 02:45:20.494   210   210 I         : [SW_JEITA] Battery Temperature between 35 and 45 !!
05-26 02:45:20.496   210   210 I         : [SW_JEITA] get batt_id succ
05-26 02:45:20.496   270   270 I         : mt635x-auxadc mt635x-auxadc: Error: Get efuse failed (-517)
05-26 02:45:20.496   210   210 I         : [SW_JEITA] battery_id = 1
05-26 02:45:20.496   210   210 I [upm6922-charger]: upm6922_set_term_current:ma:420
05-26 02:45:20.498   270   270 I         : vbat_out_old=38470, vthr=685, T_curr=-4074, vbat_out=38470
05-26 02:45:20.499   210   210 I         : [SW_JEITA] ieoc = 420000
05-26 02:45:20.499   270   270 E         : mtk_battery_external_power_changed event, name:battery online:1, status:1, EOC:0, cur_chr_type:1 old:1, vbat0:[o:0 n:0]
05-26 02:45:20.500   210   210 I [upm6922-charger]: upm6922_set_chargevolt:mv:4670
05-26 02:45:20.500   210   210 I [SW_JEITA]tmp: 38 jeita_cv:4470000 jeita_cc:-1
05-26 02:45:20.502   270   270 E [lc_charger_sysfs]psy_change_noti: psy name=mtk-master-charger, charge_type(1, 4)
05-26 02:45:20.503   210   210 I tmp     : 38 (jeita:1 sm:5 cv:4470000 en:1) (sm:1) en:1 c:0 s:0 ov:0 0 sc:0 1 1 saf_cmd:-1 bat_mon:0 0
05-26 02:45:20.503   270   270 E [lc_charger_sysfs]lc_sysfs_get_charge_type: ta_status[PD] (1), pd_type (0), chr_type(4), usb_type(1), real_type(1)
05-26 02:45:20.504   210   210 I mtk_adapter_switch_control pd_type: 1, ufcs_type:1, ret:2, state: 0, set_pri:0, cnt:0
05-26 02:45:20.506   270   270 E         : [lc_charger_sysfs]lc_sysfs_get_quick_charge_type chr_type=4, pd_type=0, temp=38, quick_chr_type:0, last_quick_charge_type:0
05-26 02:45:20.507   210   210 I mtk_check_ta_status ret_ta_switch: 2, prtocol_state:0
05-26 02:45:20.508   210   210 I get_ibus: get ibus failed: -95
05-26 02:45:20.508   270   270 E         : [lc_charger_sysfs]capacity(37), vbat(3847), batt_status(1), shutdown_delay(0), count(0)
05-26 02:45:20.510   210   210 I get_ibat: get ibat failed: -95
05-26 02:45:20.511   137   137 E [lc_charger_sysfs]psy_change_noti: psy name=battery, charge_type(1, 4)
05-26 02:45:20.511   210   210 I         : Vbat=3847 vbats=0 vbus:4872 ibus:0 I=349 T=38 uisoc:37 type:usb>usb idx:0 ta_stat:1 swchg_ibat:0 cv:3864000 cmd_pp:-1
05-26 02:45:20.511   210   210 I         : select_charging_current_limit batt verify = 1
05-26 02:45:20.513   137   137 E [lc_charger_sysfs]lc_sysfs_get_charge_type: ta_status[PD] (1), pd_type (0), chr_type(4), usb_type(1), real_type(1)
05-26 02:45:20.513   210   210 I         : chg_alg_set_current_limit
05-26 02:45:20.513   210   210 I         : [PE50]pe50_set_current_limit ic = 3000, cv = 4470, ibat_limit = 500
05-26 02:45:20.514   137   137 E         : [lc_charger_sysfs]lc_sysfs_get_quick_charge_type chr_type=4, pd_type=0, temp=38, quick_chr_type:0, last_quick_charge_type:0
05-26 02:45:20.516   210   210 I         : pe50_set_prop 3 0
05-26 02:45:20.516   210   210 I         : [PE50]pe50_hal_get_soc uisoc = 37
05-26 02:45:20.516   210   210 I         : support_fast_charging pe5 ret:ALG_NOT_READY, prtocol_state:0,  ffc_state0
05-26 02:45:20.516   211   211 I         : [PE50]pe50_algo_threadfn state = STOP
05-26 02:45:20.516   211   211 I         : [PE50]pe50_algo_threadfn PE5.0 STOP
05-26 02:45:20.517   270   270 I get_charger_zcv: get charger zcv failed: -95
05-26 02:45:20.518   210   210 I jeita_current_limit: jeita_input_current_limit: 3000000, jeita_charging_current_limit: 5950000
05-26 02:45:20.519   137   137 E         : [lc_charger_sysfs]capacity(37), vbat(3847), batt_status(1), shutdown_delay(0), count(0)
05-26 02:45:20.520   210   210 I debug   : 2, 1, 0
05-26 02:45:20.520   210   210 I         : m:0 chg1:-1,6000,500,500 chg2:-1,-1,0,0 dvchg1:-1 sc:500000 -1 0 type:4:1 usb_unlimited:0 usbif:0 usbsm:0 ii:-1,-1 aicl:-1 atm:0 bm:2 b:1
05-26 02:45:20.522   283   283 I <   69.034>TCPC-TCPC: bat_update_work_func Battery Charging, soc = 37
05-26 02:45:20.522   210   210 I do_algorithm is_basic: 1
05-26 02:45:20.522   210   210 I [upm6922-charger]: upm6922_set_input_current_limit:ma:500
05-26 02:45:20.522   210   210 I [upm6922-charger]: upm6922_set_chargecurrent:ma:500
05-26 02:45:20.524   137   137 E         : get CV property fail
05-26 02:45:20.524   210   210 I         : [PE50]pe50_hal_get_soc uisoc = 37
05-26 02:45:20.525   137   137 E         : get charge control limit:0
05-26 02:45:20.526   210   210 I [upm6922-charger]: upm6922_enable_charger:enable charge
05-26 02:45:20.536   210   210 E [upm6922-charger]: upm6922_dump_regs:Reg[00] = 0x04
05-26 02:45:20.537   210   210 E [upm6922-charger]: upm6922_dump_regs:Reg[01] = 0x1a
05-26 02:45:20.538   210   210 E [upm6922-charger]: upm6922_dump_regs:Reg[02] = 0x08
05-26 02:45:20.539   210   210 E [upm6922-charger]: upm6922_dump_regs:Reg[03] = 0xf6
05-26 02:45:20.540   210   210 E [upm6922-charger]: upm6922_dump_regs:Reg[04] = 0xc9
05-26 02:45:20.541   210   210 E [upm6922-charger]: upm6922_dump_regs:Reg[05] = 0x8f
05-26 02:45:20.542   210   210 E [upm6922-charger]: upm6922_dump_regs:Reg[06] = 0xf3
05-26 02:45:20.543   210   210 E [upm6922-charger]: upm6922_dump_regs:Reg[07] = 0x48
05-26 02:45:20.544   210   210 E [upm6922-charger]: upm6922_dump_regs:Reg[08] = 0x34
05-26 02:45:20.544   210   210 E [upm6922-charger]: upm6922_dump_regs:Reg[09] = 0x00
05-26 02:45:20.545   210   210 E [upm6922-charger]: upm6922_dump_regs:Reg[0a] = 0xa3
05-26 02:45:20.546   210   210 E [upm6922-charger]: upm6922_dump_regs:Reg[0b] = 0x14
05-26 02:45:20.547   210   210 E [upm6922-charger]: upm6922_dump_regs:Reg[0c] = 0x81
05-26 02:45:20.548   210   210 E [upm6922-charger]: upm6922_dump_regs:Reg[0d] = 0x80
05-26 02:45:20.549   210   210 E [upm6922-charger]: upm6922_dump_regs:Reg[0e] = 0x00
05-26 02:45:20.550   210   210 E [upm6922-charger]: upm6922_dump_regs:Reg[0f] = 0xff
05-26 02:45:20.551   210   210 E [upm6922-charger]: upm6922_dump_regs:Reg[10] = 0x00
05-26 02:45:20.551   210   210 E [upm6922-charger]: upm6922_dump_regs:Reg[11] = 0xff
05-26 02:45:20.552   210   210 E [upm6922-charger]: upm6922_dump_regs:Reg[12] = 0x00
05-26 02:45:20.553   210   210 E [upm6922-charger]: upm6922_dump_regs:Reg[13] = 0xff
05-26 02:45:20.554   210   210 E [upm6922-charger]: upm6922_dump_regs:Reg[14] = 0x00
05-26 02:45:20.555   210   210 E [upm6922-charger]: upm6922_dump_regs:Reg[15] = 0xcc
05-26 02:45:20.556   210   210 I [upm6922-charger]: upm6922_reset_watchdog_timer:reset
05-26 02:45:20.831    95    95 E         : get charge control limit:0
05-26 02:45:20.831    95    95 E         : [SMART_CHG]SMART_CHG_NAVIGATION, en_ret = 0, fun_val = 0, active_status = 0, smart_soc = 50, ui_soc =37, smart_ctrl_en = 0, ffc_en = 0
05-26 02:45:20.833    95    95 E         : [SMART_CHG]set smart_charge[SMART_CHG_LOW_FAST].en_ret = 0, disable low_fast
05-26 02:45:20.834    95    95 E         : [SMART_CHG]SMART_CHG_ENDURANCE_PRO, en_ret = 0, fun_val = 0, active_status = 0
05-26 02:45:20.835    95    95 E         : [SMART_CHG]endurance monitor enable charger, soc <= -5
05-26 02:45:20.836    95    95 E [SMART_CHG]monitor_night_charging: night_charging = 0, soc = 37
05-26 02:45:20.837    95    95 E [SMART_CHG]monitor_low_fast_strategy: soc = 37, thermal_level = 0, thermal_board_temp = 0, pd_active = 0, low_fast_plugin_flag = 1, low_fast_enable = 0, screen_state = 0, b_flag = 0
05-26 02:45:20.839    95    95 E [SMART_CHG]monitor_low_fast_strategy: use default thermal current=6000000
05-26 02:45:20.841    95    95 E [SMART_CHG]get_fv_ageing: i = 1, fv_aging = 10
05-26 02:45:21.165   244   244 W ServiceManager: Waited one second for android.system.keystore2.IKeystoreService/default (is service started? are binder threads started and available?)
05-26 02:45:21.165   237   237 I servicemanager: Since 'android.system.keystore2.IKeystoreService/default' could not be found, trying to start it as a lazy AIDL service
05-26 02:45:21.168   237   451 W libc    : Unable to set property "ctl.interface_start" to "aidl/android.system.keystore2.IKeystoreService/default": error code: 0x20
05-26 02:45:21.168   237   451 I servicemanager: Tried to start aidl service android.system.keystore2.IKeystoreService/default as a lazy service, but was unable to. Usually this happens when a service is not installed, but if the service is intended to be used as a lazy service, then it may be configured incorrectly.
05-26 02:45:21.169     1     1 E init    : Control message: Could not find 'aidl/android.system.keystore2.IKeystoreService/default' for ctl.interface_start from pid: 237 (/system/bin/servicemanager)
05-26 02:45:21.855    95    95 E         : get charge control limit:0
05-26 02:45:21.855    95    95 E         : [SMART_CHG]SMART_CHG_NAVIGATION, en_ret = 0, fun_val = 0, active_status = 0, smart_soc = 50, ui_soc =37, smart_ctrl_en = 0, ffc_en = 0
05-26 02:45:21.857    95    95 E         : [SMART_CHG]set smart_charge[SMART_CHG_LOW_FAST].en_ret = 0, disable low_fast
05-26 02:45:21.858    95    95 E         : [SMART_CHG]SMART_CHG_ENDURANCE_PRO, en_ret = 0, fun_val = 0, active_status = 0
05-26 02:45:21.859    95    95 E         : [SMART_CHG]endurance monitor enable charger, soc <= -5
05-26 02:45:21.860    95    95 E [SMART_CHG]monitor_night_charging: night_charging = 0, soc = 37
05-26 02:45:21.861    95    95 E [SMART_CHG]monitor_low_fast_strategy: soc = 37, thermal_level = 0, thermal_board_temp = 0, pd_active = 0, low_fast_plugin_flag = 1, low_fast_enable = 0, screen_state = 0, b_flag = 0
05-26 02:45:21.863    95    95 E [SMART_CHG]monitor_low_fast_strategy: use default thermal current=6000000
05-26 02:45:21.865    95    95 E [SMART_CHG]get_fv_ageing: i = 1, fv_aging = 10
05-26 02:45:22.165   244   244 W ServiceManager: Waited one second for android.system.keystore2.IKeystoreService/default (is service started? are binder threads started and available?)
05-26 02:45:22.165   237   237 I servicemanager: Since 'android.system.keystore2.IKeystoreService/default' could not be found, trying to start it as a lazy AIDL service
