05-26 02:44:58.473    74    74 I         : [wdtk] kick watchdog
05-26 02:44:59.149   244   244 W ServiceManager: Waited one second for android.system.keystore2.IKeystoreService/default (is service started? are binder threads started and available?)
05-26 02:44:59.149   237   237 I servicemanager: Since 'android.system.keystore2.IKeystoreService/default' could not be found, trying to start it as a lazy AIDL service
05-26 02:44:59.152   237   394 W libc    : Unable to set property "ctl.interface_start" to "aidl/android.system.keystore2.IKeystoreService/default": error code: 0x20
05-26 02:44:59.152   237   394 I servicemanager: Tried to start aidl service android.system.keystore2.IKeystoreService/default as a lazy service, but was unable to. Usually this happens when a service is not installed, but if the service is intended to be used as a lazy service, then it may be configured incorrectly.
05-26 02:44:59.153     1     1 E init    : Control message: Could not find 'aidl/android.system.keystore2.IKeystoreService/default' for ctl.interface_start from pid: 237 (/system/bin/servicemanager)
05-26 02:44:59.327    95    95 E         : get charge control limit:0
05-26 02:44:59.327    95    95 E         : [SMART_CHG]SMART_CHG_NAVIGATION, en_ret = 0, fun_val = 0, active_status = 0, smart_soc = 50, ui_soc =37, smart_ctrl_en = 0, ffc_en = 0
05-26 02:44:59.329    95    95 E         : [SMART_CHG]set smart_charge[SMART_CHG_LOW_FAST].en_ret = 0, disable low_fast
05-26 02:44:59.330    95    95 E         : [SMART_CHG]SMART_CHG_ENDURANCE_PRO, en_ret = 0, fun_val = 0, active_status = 0
05-26 02:44:59.331    95    95 E         : [SMART_CHG]endurance monitor enable charger, soc <= -5
05-26 02:44:59.332    95    95 E [SMART_CHG]monitor_night_charging: night_charging = 0, soc = 37
05-26 02:44:59.333    95    95 E [SMART_CHG]monitor_low_fast_strategy: soc = 37, thermal_level = 0, thermal_board_temp = 0, pd_active = 0, low_fast_plugin_flag = 1, low_fast_enable = 0, screen_state = 0, b_flag = 0
05-26 02:44:59.335    95    95 E [SMART_CHG]monitor_low_fast_strategy: use default thermal current=6000000
05-26 02:44:59.337    95    95 E [SMART_CHG]get_fv_ageing: i = 1, fv_aging = 10
05-26 02:45:00.149   244   244 W ServiceManager: Waited one second for android.system.keystore2.IKeystoreService/default (is service started? are binder threads started and available?)
05-26 02:45:00.150   237   237 I servicemanager: Since 'android.system.keystore2.IKeystoreService/default' could not be found, trying to start it as a lazy AIDL service
05-26 02:45:00.150   237   395 W libc    : Unable to set property "ctl.interface_start" to "aidl/android.system.keystore2.IKeystoreService/default": error code: 0x20
05-26 02:45:00.150   237   395 I servicemanager: Tried to start aidl service android.system.keystore2.IKeystoreService/default as a lazy service, but was unable to. Usually this happens when a service is not installed, but if the service is intended to be used as a lazy service, then it may be configured incorrectly.
05-26 02:45:00.319   137   137 E         : get charge control limit:0
05-26 02:45:00.319   137   137 I         : [SW_JEITA] ffc_disable = 0, ffc = 0, pd_type = 5, thermal_lv = 0, single_cell_mode = 0, uisoc:37, chg_turn_on_flag:0
05-26 02:45:00.321   137   137 I         : ALG_STATE= 1
05-26 02:45:00.322   137   137 I handle_charge_done_and_recharge: info->country_code:0
05-26 02:45:00.322   210   210 I mtk_charger_start_timer: alarm timer start:1, 57 831705849
05-26 02:45:00.323   137   137 I         : charge status not 100, so power supply changed
05-26 02:45:00.324   210   210 I         : [PE50]pe50_hal_get_soc uisoc = 37
05-26 02:45:00.325   137   137 I handle_charge_done_and_recharge: ffc=0, rsoc=36, soc=37, temp=38, fv=4470, vbat=3841, iterm=420, ibat=401, full=0, full_cnt=0, v_cnt=0, recharge_cnt=0 threshold_mv=18
05-26 02:45:00.325   210   210 I         : alg_state = 3
05-26 02:45:00.328   210   210 I         : alg_state = 1
05-26 02:45:00.328   137   137 E         : [mtk_battery_external_power_changed] low_temp = 38
05-26 02:45:00.329   210   210 I         : mt635x-auxadc mt635x-auxadc: Error: Get efuse failed (-517)
05-26 02:45:00.331   210   210 I         : vbat_out_old=38520, vthr=685, T_curr=-4074, vbat_out=38520
05-26 02:45:00.332   137   137 I fgauge  : [fg_sw_bat_cycle_accu]drop diff_car
05-26 02:45:00.332   210   210 I [upm6922-charger]: upm6922_set_input_volt_limit:mv:4200
05-26 02:45:00.333   137   137 I fgauge  : [fg_sw_bat_cycle_accu]car[o:28 n:30],diff_car:2,ncar[o:12676 n:12676 hw:-586] thr 0
05-26 02:45:00.334   210   210 I         : [SW_JEITA] Battery Temperature between 35 and 45 !!
05-26 02:45:00.336   210   210 I         : [SW_JEITA] get batt_id succ
05-26 02:45:00.336   137   137 I         : mt635x-auxadc mt635x-auxadc: Error: Get efuse failed (-517)
05-26 02:45:00.336   210   210 I         : [SW_JEITA] battery_id = 1
05-26 02:45:00.336   210   210 I [upm6922-charger]: upm6922_set_term_current:ma:420
05-26 02:45:00.337   137   137 I         : vbat_out_old=38470, vthr=685, T_curr=-4074, vbat_out=38470
05-26 02:45:00.338   210   210 I         : [SW_JEITA] ieoc = 420000
05-26 02:45:00.338   137   137 E         : mtk_battery_external_power_changed event, name:battery online:1, status:1, EOC:0, cur_chr_type:1 old:1, vbat0:[o:0 n:0]
05-26 02:45:00.339   210   210 I [upm6922-charger]: upm6922_set_chargevolt:mv:4670
05-26 02:45:00.340   210   210 I [SW_JEITA]tmp: 38 jeita_cv:4470000 jeita_cc:-1
05-26 02:45:00.340   137   137 E [lc_charger_sysfs]psy_change_noti: psy name=mtk-master-charger, charge_type(1, 4)
05-26 02:45:00.342   210   210 I tmp     : 38 (jeita:1 sm:5 cv:4470000 en:1) (sm:1) en:1 c:0 s:0 ov:0 0 sc:0 1 1 saf_cmd:-1 bat_mon:0 0
05-26 02:45:00.342   137   137 E [lc_charger_sysfs]lc_sysfs_get_charge_type: ta_status[PD] (1), pd_type (0), chr_type(4), usb_type(1), real_type(1)
05-26 02:45:00.343   210   210 I mtk_adapter_switch_control pd_type: 1, ufcs_type:1, ret:2, state: 0, set_pri:0, cnt:0
05-26 02:45:00.344     1     1 I init    : starting service 'keystore2'...
05-26 02:45:00.344   137   137 E         : [lc_charger_sysfs]lc_sysfs_get_quick_charge_type chr_type=4, pd_type=0, temp=38, quick_chr_type:0, last_quick_charge_type:0
05-26 02:45:00.345   210   210 I mtk_check_ta_status ret_ta_switch: 2, prtocol_state:0
05-26 02:45:00.347   396   396 E init    : failed to write pid to files: couldn't write 396 to /dev/cpuset/foreground/tasks: No such file or directory
05-26 02:45:00.347   137   137 E         : [lc_charger_sysfs]capacity(37), vbat(3847), batt_status(1), shutdown_delay(0), count(0)
05-26 02:45:00.349   210   210 I get_ibus: get ibus failed: -95
05-26 02:45:00.349   270   270 E [lc_charger_sysfs]psy_change_noti: psy name=battery, charge_type(1, 4)
05-26 02:45:00.350   210   210 I get_ibat: get ibat failed: -95
05-26 02:45:00.350   210   210 I         : Vbat=3847 vbats=0 vbus:4872 ibus:0 I=307 T=38 uisoc:37 type:usb>usb idx:0 ta_stat:1 swchg_ibat:0 cv:3864000 cmd_pp:-1
05-26 02:45:00.351   210   210 I         : select_charging_current_limit batt verify = 1
05-26 02:45:00.351    95    95 E         : get charge control limit:0
05-26 02:45:00.351    95    95 E         : [SMART_CHG]SMART_CHG_NAVIGATION, en_ret = 0, fun_val = 0, active_status = 0, smart_soc = 50, ui_soc =37, smart_ctrl_en = 0, ffc_en = 0
05-26 02:45:00.351    95    95 E         : [SMART_CHG]set smart_charge[SMART_CHG_LOW_FAST].en_ret = 0, disable low_fast
05-26 02:45:00.351    95    95 E         : [SMART_CHG]SMART_CHG_ENDURANCE_PRO, en_ret = 0, fun_val = 0, active_status = 0
05-26 02:45:00.351    95    95 E         : [SMART_CHG]endurance monitor enable charger, soc <= -5
05-26 02:45:00.351    95    95 E [SMART_CHG]monitor_night_charging: night_charging = 0, soc = 37
05-26 02:45:00.351    95    95 E [SMART_CHG]monitor_low_fast_strategy: soc = 37, thermal_level = 0, thermal_board_temp = 0, pd_active = 0, low_fast_plugin_flag = 1, low_fast_enable = 0, screen_state = 0, b_flag = 0
05-26 02:45:00.351    95    95 E [SMART_CHG]monitor_low_fast_strategy: use default thermal current=6000000
05-26 02:45:00.351   270   270 E [lc_charger_sysfs]lc_sysfs_get_charge_type: ta_status[PD] (1), pd_type (0), chr_type(4), usb_type(1), real_type(1)
05-26 02:45:00.353   210   210 I         : chg_alg_set_current_limit
05-26 02:45:00.353   210   210 I         : [PE50]pe50_set_current_limit ic = 3000, cv = 4470, ibat_limit = 500
05-26 02:45:00.354   270   270 E         : [lc_charger_sysfs]lc_sysfs_get_quick_charge_type chr_type=4, pd_type=0, temp=38, quick_chr_type:0, last_quick_charge_type:0
05-26 02:45:00.355   210   210 I         : pe50_set_prop 3 0
05-26 02:45:00.355   210   210 I         : [PE50]pe50_hal_get_soc uisoc = 37
05-26 02:45:00.356   137   137 I get_charger_zcv: get charger zcv failed: -95
05-26 02:45:00.356   210   210 I         : support_fast_charging pe5 ret:ALG_NOT_READY, prtocol_state:0,  ffc_state0
05-26 02:45:00.356   211   211 I         : [PE50]pe50_algo_threadfn state = STOP
05-26 02:45:00.356   211   211 I         : [PE50]pe50_algo_threadfn PE5.0 STOP
05-26 02:45:00.356    95    95 E [SMART_CHG]get_fv_ageing: i = 1, fv_aging = 10
05-26 02:45:00.358   270   270 E         : [lc_charger_sysfs]capacity(37), vbat(3847), batt_status(1), shutdown_delay(0), count(0)
05-26 02:45:00.359   210   210 I jeita_current_limit: jeita_input_current_limit: 3000000, jeita_charging_current_limit: 5950000
05-26 02:45:00.359   210   210 I debug   : 2, 1, 0
05-26 02:45:00.359   210   210 I         : m:0 chg1:-1,6000,500,500 chg2:-1,-1,0,0 dvchg1:-1 sc:500000 -1 0 type:4:1 usb_unlimited:0 usbif:0 usbsm:0 ii:-1,-1 aicl:-1 atm:0 bm:2 b:1
05-26 02:45:00.360   283   283 I <   48.872>TCPC-TCPC: bat_update_work_func Battery Charging, soc = 37
05-26 02:45:00.361   210   210 I do_algorithm is_basic: 1
05-26 02:45:00.361   210   210 I [upm6922-charger]: upm6922_set_input_current_limit:ma:500
05-26 02:45:00.361   210   210 I [upm6922-charger]: upm6922_set_chargecurrent:ma:500
05-26 02:45:00.362   137   137 I BAT_TEMP_PREV: 576,BAT_TEMP:573,VBIF28:2797
05-26 02:45:00.363   210   210 I         : [PE50]pe50_hal_get_soc uisoc = 37
05-26 02:45:00.365   270   270 E         : get CV property fail
05-26 02:45:00.367   210   210 I [upm6922-charger]: upm6922_enable_charger:enable charge
05-26 02:45:00.367   210   210 E [upm6922-charger]: upm6922_dump_regs:Reg[00] = 0x04
05-26 02:45:00.368   270   270 E         : get charge control limit:0
05-26 02:45:00.370   210   210 E [upm6922-charger]: upm6922_dump_regs:Reg[01] = 0x1a
05-26 02:45:00.391   210   210 E [upm6922-charger]: upm6922_dump_regs:Reg[02] = 0x08
05-26 02:45:00.392   210   210 E [upm6922-charger]: upm6922_dump_regs:Reg[03] = 0xf6
05-26 02:45:00.393   210   210 E [upm6922-charger]: upm6922_dump_regs:Reg[04] = 0xc9
05-26 02:45:00.394   210   210 E [upm6922-charger]: upm6922_dump_regs:Reg[05] = 0x8f
05-26 02:45:00.395   210   210 E [upm6922-charger]: upm6922_dump_regs:Reg[06] = 0xf3
05-26 02:45:00.396   210   210 E [upm6922-charger]: upm6922_dump_regs:Reg[07] = 0x48
05-26 02:45:00.396   210   210 E [upm6922-charger]: upm6922_dump_regs:Reg[08] = 0x34
05-26 02:45:00.397   210   210 E [upm6922-charger]: upm6922_dump_regs:Reg[09] = 0x00
05-26 02:45:00.398   210   210 E [upm6922-charger]: upm6922_dump_regs:Reg[0a] = 0xa3
05-26 02:45:00.399   210   210 E [upm6922-charger]: upm6922_dump_regs:Reg[0b] = 0x14
05-26 02:45:00.400   210   210 E [upm6922-charger]: upm6922_dump_regs:Reg[0c] = 0x81
05-26 02:45:00.401   210   210 E [upm6922-charger]: upm6922_dump_regs:Reg[0d] = 0x80
05-26 02:45:00.402   210   210 E [upm6922-charger]: upm6922_dump_regs:Reg[0e] = 0x00
05-26 02:45:00.403   210   210 E [upm6922-charger]: upm6922_dump_regs:Reg[0f] = 0xff
05-26 02:45:00.404   210   210 E [upm6922-charger]: upm6922_dump_regs:Reg[10] = 0x00
05-26 02:45:00.404   210   210 E [upm6922-charger]: upm6922_dump_regs:Reg[11] = 0xff
05-26 02:45:00.405   210   210 E [upm6922-charger]: upm6922_dump_regs:Reg[12] = 0x00
05-26 02:45:00.406   210   210 E [upm6922-charger]: upm6922_dump_regs:Reg[13] = 0xff
05-26 02:45:00.407   210   210 E [upm6922-charger]: upm6922_dump_regs:Reg[14] = 0x00
05-26 02:45:00.408   210   210 E [upm6922-charger]: upm6922_dump_regs:Reg[15] = 0xcc
05-26 02:45:00.409   210   210 I [upm6922-charger]: upm6922_reset_watchdog_timer:reset
05-26 02:45:00.440   396   396 I keystore2: keystore2_main: Keystore2 is starting.
05-26 02:45:00.441   396   396 I keystore2: keystore2_main: Starting thread pool now.
05-26 02:45:00.441   396   397 I keystore2: getDeviceHalManifest: Reading VINTF information.
05-26 02:45:00.442   396   397 E keystore2: getDeviceHalManifest: status from fetching VINTF information: -22
05-26 02:45:00.442   396   397 E keystore2: getDeviceHalManifest: -22 VINTF parse error: Illformed file: /vendor/etc/vintf/manifest.xml: Unrecognized manifest.version 8.0 (libvintf@4.0)
05-26 02:45:00.442   396   396 I keystore2: getDeviceHalManifest: Reading VINTF information.
05-26 02:45:00.443   396   397 F libc    : Fatal signal 11 (SIGSEGV), code 1 (SEGV_MAPERR), fault addr 0x0 in tid 397 (keystore2), pid 396 (Binder:396_2)
05-26 02:45:00.443   396   396 E keystore2: getDeviceHalManifest: status from fetching VINTF information: -22
05-26 02:45:00.443   396   396 E keystore2: getDeviceHalManifest: -22 VINTF parse error: Illformed file: /vendor/etc/vintf/manifest.xml: Unrecognized manifest.version 8.0 (libvintf@4.0)
05-26 02:45:00.446   401   401 F libc    : failed to exec crash_dump helper: No such file or directory
05-26 02:45:00.447   396   397 F libc    : crash_dump helper failed to exec, or was killed
05-26 02:45:00.447   396   397 F libc    : failed to wait for crash_dump helper: No child processes
05-26 02:45:00.453     1     1 I init    : Service 'keystore2' (pid 396) received signal 11
05-26 02:45:00.454     1     1 I init    : Sending signal 9 to service 'keystore2' (pid 396) process group...
05-26 02:45:00.455     1     1 I libprocessgroup: Successfully killed process cgroup uid 0 pid 396 in 0ms
05-26 02:45:00.457     1     1 I init    : Untracked pid 401 exited with status 1
05-26 02:45:01.150   244   244 W ServiceManager: Waited one second for android.system.keystore2.IKeystoreService/default (is service started? are binder threads started and available?)
05-26 02:45:01.150   237   237 I servicemanager: Since 'android.system.keystore2.IKeystoreService/default' could not be found, trying to start it as a lazy AIDL service
05-26 02:45:01.153   237   403 W libc    : Unable to set property "ctl.interface_start" to "aidl/android.system.keystore2.IKeystoreService/default": error code: 0x20
05-26 02:45:01.153   237   403 I servicemanager: Tried to start aidl service android.system.keystore2.IKeystoreService/default as a lazy service, but was unable to. Usually this happens when a service is not installed, but if the service is intended to be used as a lazy service, then it may be configured incorrectly.
05-26 02:45:01.154     1     1 E init    : Control message: Could not find 'aidl/android.system.keystore2.IKeystoreService/default' for ctl.interface_start from pid: 237 (/system/bin/servicemanager)
05-26 02:45:01.375    95    95 E         : get charge control limit:0
05-26 02:45:01.375    95    95 E         : [SMART_CHG]SMART_CHG_NAVIGATION, en_ret = 0, fun_val = 0, active_status = 0, smart_soc = 50, ui_soc =37, smart_ctrl_en = 0, ffc_en = 0
05-26 02:45:01.377    95    95 E         : [SMART_CHG]set smart_charge[SMART_CHG_LOW_FAST].en_ret = 0, disable low_fast
05-26 02:45:01.378    95    95 E         : [SMART_CHG]SMART_CHG_ENDURANCE_PRO, en_ret = 0, fun_val = 0, active_status = 0
05-26 02:45:01.379    95    95 E         : [SMART_CHG]endurance monitor enable charger, soc <= -5
05-26 02:45:01.380    95    95 E [SMART_CHG]monitor_night_charging: night_charging = 0, soc = 37
05-26 02:45:01.381    95    95 E [SMART_CHG]monitor_low_fast_strategy: soc = 37, thermal_level = 0, thermal_board_temp = 0, pd_active = 0, low_fast_plugin_flag = 1, low_fast_enable = 0, screen_state = 0, b_flag = 0
05-26 02:45:01.383    95    95 E [SMART_CHG]monitor_low_fast_strategy: use default thermal current=6000000
05-26 02:45:01.385    95    95 E [SMART_CHG]get_fv_ageing: i = 1, fv_aging = 10
05-26 02:45:02.151   244   244 W ServiceManager: Waited one second for android.system.keystore2.IKeystoreService/default (is service started? are binder threads started and available?)
05-26 02:45:02.151   237   237 I servicemanager: Since 'android.system.keystore2.IKeystoreService/default' could not be found, trying to start it as a lazy AIDL service
05-26 02:45:02.153   237   404 W libc    : Unable to set property "ctl.interface_start" to "aidl/android.system.keystore2.IKeystoreService/default": error code: 0x20
05-26 02:45:02.154   237   404 I servicemanager: Tried to start aidl service android.system.keystore2.IKeystoreService/default as a lazy service, but was unable to. Usually this happens when a service is not installed, but if the service is intended to be used as a lazy service, then it may be configured incorrectly.
05-26 02:45:02.154     1     1 E init    : Control message: Could not find 'aidl/android.system.keystore2.IKeystoreService/default' for ctl.interface_start from pid: 237 (/system/bin/servicemanager)
05-26 02:45:02.335   270   270 E         : get charge control limit:0
05-26 02:45:02.335   270   270 I         : [SW_JEITA] ffc_disable = 0, ffc = 0, pd_type = 5, thermal_lv = 0, single_cell_mode = 0, uisoc:37, chg_turn_on_flag:0
05-26 02:45:02.337   270   270 I         : ALG_STATE= 1
05-26 02:45:02.338   270   270 I handle_charge_done_and_recharge: info->country_code:0
05-26 02:45:02.338   210   210 I mtk_charger_start_timer: alarm timer start:1, 59 847727695
05-26 02:45:02.339   270   270 I         : charge status not 100, so power supply changed
05-26 02:45:02.340   210   210 I         : [PE50]pe50_hal_get_soc uisoc = 37
05-26 02:45:02.341   270   270 I handle_charge_done_and_recharge: ffc=0, rsoc=36, soc=37, temp=38, fv=4470, vbat=3840, iterm=420, ibat=350, full=0, full_cnt=0, v_cnt=0, recharge_cnt=0 threshold_mv=18
05-26 02:45:02.341   210   210 I         : alg_state = 3
05-26 02:45:02.344   210   210 I         : alg_state = 1
05-26 02:45:02.346   210   210 I         : mt635x-auxadc mt635x-auxadc: Error: Get efuse failed (-517)
05-26 02:45:02.347   210   210 I         : vbat_out_old=38490, vthr=685, T_curr=-4074, vbat_out=38490
05-26 02:45:02.348   270   270 E         : [mtk_battery_external_power_changed] low_temp = 38
05-26 02:45:02.348   210   210 I [upm6922-charger]: upm6922_set_input_volt_limit:mv:4200
05-26 02:45:02.349   270   270 I fgauge  : [fg_sw_bat_cycle_accu]drop diff_car
05-26 02:45:02.350   210   210 I         : [SW_JEITA] Battery Temperature between 35 and 45 !!
05-26 02:45:02.351   270   270 I fgauge  : [fg_sw_bat_cycle_accu]car[o:30 n:32],diff_car:2,ncar[o:12676 n:12676 hw:-586] thr 0
05-26 02:45:02.351   210   210 I         : [SW_JEITA] get batt_id succ
05-26 02:45:02.353   210   210 I         : [SW_JEITA] battery_id = 1
05-26 02:45:02.354   210   210 I [upm6922-charger]: upm6922_set_term_current:ma:420
05-26 02:45:02.354   270   270 I         : mt635x-auxadc mt635x-auxadc: Error: Get efuse failed (-517)
05-26 02:45:02.355   210   210 I         : [SW_JEITA] ieoc = 420000
05-26 02:45:02.356   270   270 I         : vbat_out_old=38470, vthr=685, T_curr=-4074, vbat_out=38470
05-26 02:45:02.356   210   210 I [upm6922-charger]: upm6922_set_chargevolt:mv:4670
05-26 02:45:02.356   210   210 I [SW_JEITA]tmp: 38 jeita_cv:4470000 jeita_cc:-1
05-26 02:45:02.357   270   270 E         : mtk_battery_external_power_changed event, name:battery online:1, status:1, EOC:0, cur_chr_type:1 old:1, vbat0:[o:0 n:0]
05-26 02:45:02.358   210   210 I tmp     : 38 (jeita:1 sm:5 cv:4470000 en:1) (sm:1) en:1 c:0 s:0 ov:0 0 sc:0 1 1 saf_cmd:-1 bat_mon:0 0
05-26 02:45:02.358   270   270 E [lc_charger_sysfs]psy_change_noti: psy name=mtk-master-charger, charge_type(1, 4)
05-26 02:45:02.360   210   210 I mtk_adapter_switch_control pd_type: 1, ufcs_type:1, ret:2, state: 0, set_pri:0, cnt:0
05-26 02:45:02.361   270   270 E [lc_charger_sysfs]lc_sysfs_get_charge_type: ta_status[PD] (1), pd_type (0), chr_type(4), usb_type(1), real_type(1)
05-26 02:45:02.362   210   210 I mtk_check_ta_status ret_ta_switch: 2, prtocol_state:0
05-26 02:45:02.364   270   270 E         : [lc_charger_sysfs]lc_sysfs_get_quick_charge_type chr_type=4, pd_type=0, temp=38, quick_chr_type:0, last_quick_charge_type:0
05-26 02:45:02.366   210   210 I get_ibus: get ibus failed: -95
05-26 02:45:02.366   270   270 E         : [lc_charger_sysfs]capacity(37), vbat(3847), batt_status(1), shutdown_delay(0), count(0)
05-26 02:45:02.368   210   210 I get_ibat: get ibat failed: -95
05-26 02:45:02.368   210   210 I         : Vbat=3847 vbats=0 vbus:4872 ibus:0 I=371 T=38 uisoc:37 type:usb>usb idx:0 ta_stat:1 swchg_ibat:0 cv:3864000 cmd_pp:-1
05-26 02:45:02.368   137   137 E [lc_charger_sysfs]psy_change_noti: psy name=battery, charge_type(1, 4)
05-26 02:45:02.370   210   210 I         : select_charging_current_limit batt verify = 1
05-26 02:45:02.370   137   137 E [lc_charger_sysfs]lc_sysfs_get_charge_type: ta_status[PD] (1), pd_type (0), chr_type(4), usb_type(1), real_type(1)
05-26 02:45:02.372   210   210 I         : chg_alg_set_current_limit
05-26 02:45:02.372   210   210 I         : [PE50]pe50_set_current_limit ic = 3000, cv = 4470, ibat_limit = 500
05-26 02:45:02.372   210   210 I         : pe50_set_prop 3 0
05-26 02:45:02.372   211   211 I         : [PE50]pe50_algo_threadfn state = STOP
05-26 02:45:02.372   211   211 I         : [PE50]pe50_algo_threadfn PE5.0 STOP
05-26 02:45:02.373   270   270 I get_charger_zcv: get charger zcv failed: -95
05-26 02:45:02.373   210   210 I         : [PE50]pe50_hal_get_soc uisoc = 37
05-26 02:45:02.375   137   137 E         : [lc_charger_sysfs]lc_sysfs_get_quick_charge_type chr_type=4, pd_type=0, temp=38, quick_chr_type:0, last_quick_charge_type:0
05-26 02:45:02.376   210   210 I         : support_fast_charging pe5 ret:ALG_NOT_READY, prtocol_state:0,  ffc_state0
05-26 02:45:02.377   137   137 E         : [lc_charger_sysfs]capacity(37), vbat(3847), batt_status(1), shutdown_delay(0), count(0)
05-26 02:45:02.377   210   210 I jeita_current_limit: jeita_input_current_limit: 3000000, jeita_charging_current_limit: 5950000
05-26 02:45:02.378   283   283 I <   50.890>TCPC-TCPC: bat_update_work_func Battery Charging, soc = 37
05-26 02:45:02.378   210   210 I debug   : 2, 1, 0
05-26 02:45:02.378   210   210 I         : m:0 chg1:-1,6000,500,500 chg2:-1,-1,0,0 dvchg1:-1 sc:500000 -1 0 type:4:1 usb_unlimited:0 usbif:0 usbsm:0 ii:-1,-1 aicl:-1 atm:0 bm:2 b:1
05-26 02:45:02.380   137   137 E         : get CV property fail
05-26 02:45:02.381   210   210 I do_algorithm is_basic: 1
05-26 02:45:02.381   210   210 I [upm6922-charger]: upm6922_set_input_current_limit:ma:500
05-26 02:45:02.382   137   137 E         : get charge control limit:0
05-26 02:45:02.384   210   210 I [upm6922-charger]: upm6922_set_chargecurrent:ma:500
05-26 02:45:02.392   210   210 I         : [PE50]pe50_hal_get_soc uisoc = 37
05-26 02:45:02.392   210   210 I [upm6922-charger]: upm6922_enable_charger:enable charge
05-26 02:45:02.393   210   210 E [upm6922-charger]: upm6922_dump_regs:Reg[00] = 0x04
05-26 02:45:02.394   210   210 E [upm6922-charger]: upm6922_dump_regs:Reg[01] = 0x1a
05-26 02:45:02.395   210   210 E [upm6922-charger]: upm6922_dump_regs:Reg[02] = 0x08
05-26 02:45:02.396   210   210 E [upm6922-charger]: upm6922_dump_regs:Reg[03] = 0xf6
05-26 02:45:02.397   210   210 E [upm6922-charger]: upm6922_dump_regs:Reg[04] = 0xc9
05-26 02:45:02.398   210   210 E [upm6922-charger]: upm6922_dump_regs:Reg[05] = 0x8f
05-26 02:45:02.399   210   210 E [upm6922-charger]: upm6922_dump_regs:Reg[06] = 0xf3
05-26 02:45:02.400   210   210 E [upm6922-charger]: upm6922_dump_regs:Reg[07] = 0x48
05-26 02:45:02.400   210   210 E [upm6922-charger]: upm6922_dump_regs:Reg[08] = 0x34
05-26 02:45:02.401   210   210 E [upm6922-charger]: upm6922_dump_regs:Reg[09] = 0x00
05-26 02:45:02.402   210   210 E [upm6922-charger]: upm6922_dump_regs:Reg[0a] = 0xa3
05-26 02:45:02.403    95    95 E         : get charge control limit:0
05-26 02:45:02.403   210   210 E [upm6922-charger]: upm6922_dump_regs:Reg[0b] = 0x14
05-26 02:45:02.404    95    95 E         : [SMART_CHG]SMART_CHG_NAVIGATION, en_ret = 0, fun_val = 0, active_status = 0, smart_soc = 50, ui_soc =37, smart_ctrl_en = 0, ffc_en = 0
05-26 02:45:02.405   210   210 E [upm6922-charger]: upm6922_dump_regs:Reg[0c] = 0x81
05-26 02:45:02.406    95    95 E         : [SMART_CHG]set smart_charge[SMART_CHG_LOW_FAST].en_ret = 0, disable low_fast
05-26 02:45:02.407   210   210 E [upm6922-charger]: upm6922_dump_regs:Reg[0d] = 0x80
05-26 02:45:02.408    95    95 E         : [SMART_CHG]SMART_CHG_ENDURANCE_PRO, en_ret = 0, fun_val = 0, active_status = 0
05-26 02:45:02.409   210   210 E [upm6922-charger]: upm6922_dump_regs:Reg[0e] = 0x00
05-26 02:45:02.410    95    95 E         : [SMART_CHG]endurance monitor enable charger, soc <= -5
05-26 02:45:02.411   210   210 E [upm6922-charger]: upm6922_dump_regs:Reg[0f] = 0xff
05-26 02:45:02.412    95    95 E [SMART_CHG]monitor_night_charging: night_charging = 0, soc = 37
05-26 02:45:02.413   210   210 E [upm6922-charger]: upm6922_dump_regs:Reg[10] = 0x00
05-26 02:45:02.414    95    95 E [SMART_CHG]monitor_low_fast_strategy: soc = 37, thermal_level = 0, thermal_board_temp = 0, pd_active = 0, low_fast_plugin_flag = 1, low_fast_enable = 0, screen_state = 0, b_flag = 0
05-26 02:45:02.414   210   210 E [upm6922-charger]: upm6922_dump_regs:Reg[11] = 0xff
05-26 02:45:02.417    95    95 E [SMART_CHG]monitor_low_fast_strategy: use default thermal current=6000000
05-26 02:45:02.417   210   210 E [upm6922-charger]: upm6922_dump_regs:Reg[12] = 0x00
05-26 02:45:02.419    95    95 E [SMART_CHG]get_fv_ageing: i = 1, fv_aging = 10
05-26 02:45:02.419   210   210 E [upm6922-charger]: upm6922_dump_regs:Reg[13] = 0xff
05-26 02:45:02.421   210   210 E [upm6922-charger]: upm6922_dump_regs:Reg[14] = 0x00
05-26 02:45:02.422   210   210 E [upm6922-charger]: upm6922_dump_regs:Reg[15] = 0xcc
05-26 02:45:02.423   210   210 I [upm6922-charger]: upm6922_reset_watchdog_timer:reset
05-26 02:45:03.151   244   244 W ServiceManager: Waited one second for android.system.keystore2.IKeystoreService/default (is service started? are binder threads started and available?)
05-26 02:45:03.151   237   237 I servicemanager: Since 'android.system.keystore2.IKeystoreService/default' could not be found, trying to start it as a lazy AIDL service
05-26 02:45:03.154   237   405 W libc    : Unable to set property "ctl.interface_start" to "aidl/android.system.keystore2.IKeystoreService/default": error code: 0x20
05-26 02:45:03.154   237   405 I servicemanager: Tried to start aidl service android.system.keystore2.IKeystoreService/default as a lazy service, but was unable to. Usually this happens when a service is not installed, but if the service is intended to be used as a lazy service, then it may be configured incorrectly.
05-26 02:45:03.155     1     1 E init    : Control message: Could not find 'aidl/android.system.keystore2.IKeystoreService/default' for ctl.interface_start from pid: 237 (/system/bin/servicemanager)
05-26 02:45:03.423    95    95 E         : get charge control limit:0
05-26 02:45:03.423    95    95 E         : [SMART_CHG]SMART_CHG_NAVIGATION, en_ret = 0, fun_val = 0, active_status = 0, smart_soc = 50, ui_soc =37, smart_ctrl_en = 0, ffc_en = 0
05-26 02:45:03.425    95    95 E         : [SMART_CHG]set smart_charge[SMART_CHG_LOW_FAST].en_ret = 0, disable low_fast
05-26 02:45:03.426    95    95 E         : [SMART_CHG]SMART_CHG_ENDURANCE_PRO, en_ret = 0, fun_val = 0, active_status = 0
05-26 02:45:03.427    95    95 E         : [SMART_CHG]endurance monitor enable charger, soc <= -5
05-26 02:45:03.428    95    95 E [SMART_CHG]monitor_night_charging: night_charging = 0, soc = 37
05-26 02:45:03.429    95    95 E [SMART_CHG]monitor_low_fast_strategy: soc = 37, thermal_level = 0, thermal_board_temp = 0, pd_active = 0, low_fast_plugin_flag = 1, low_fast_enable = 0, screen_state = 0, b_flag = 0
05-26 02:45:03.431    95    95 E [SMART_CHG]monitor_low_fast_strategy: use default thermal current=6000000
05-26 02:45:03.433    95    95 E [SMART_CHG]get_fv_ageing: i = 1, fv_aging = 10
05-26 02:45:04.144   193   193 I         : mt635x-auxadc mt635x-auxadc: Error: Get efuse failed (-517)
05-26 02:45:04.145   193   193 I         : vbat_out_old=38500, vthr=685, T_curr=-4074, vbat_out=38500
05-26 02:45:04.146   193   193 E [bm_update_status] uisoc: 37 37 soc:36 vbat:3850 ibat:3562 car:34
05-26 02:45:04.152   244   244 W ServiceManager: Waited one second for android.system.keystore2.IKeystoreService/default (is service started? are binder threads started and available?)
05-26 02:45:04.152   237   237 I servicemanager: Since 'android.system.keystore2.IKeystoreService/default' could not be found, trying to start it as a lazy AIDL service
05-26 02:45:04.155   237   406 W libc    : Unable to set property "ctl.interface_start" to "aidl/android.system.keystore2.IKeystoreService/default": error code: 0x20
05-26 02:45:04.155   237   406 I servicemanager: Tried to start aidl service android.system.keystore2.IKeystoreService/default as a lazy service, but was unable to. Usually this happens when a service is not installed, but if the service is intended to be used as a lazy service, then it may be configured incorrectly.
05-26 02:45:04.155     1     1 E init    : Control message: Could not find 'aidl/android.system.keystore2.IKeystoreService/default' for ctl.interface_start from pid: 237 (/system/bin/servicemanager)
05-26 02:45:04.351   137   137 E         : get charge control limit:0
05-26 02:45:04.351   137   137 I         : [SW_JEITA] ffc_disable = 0, ffc = 0, pd_type = 5, thermal_lv = 0, single_cell_mode = 0, uisoc:37, chg_turn_on_flag:0
05-26 02:45:04.353   137   137 I         : ALG_STATE= 1
05-26 02:45:04.354   137   137 I handle_charge_done_and_recharge: info->country_code:0
05-26 02:45:04.354   210   210 I mtk_charger_start_timer: alarm timer start:1, 61 863718695
05-26 02:45:04.355   137   137 I         : charge status not 100, so power supply changed
05-26 02:45:04.356   210   210 I         : [PE50]pe50_hal_get_soc uisoc = 37
05-26 02:45:04.357   137   137 I handle_charge_done_and_recharge: ffc=0, rsoc=36, soc=37, temp=38, fv=4470, vbat=3840, iterm=420, ibat=408, full=0, full_cnt=0, v_cnt=0, recharge_cnt=0 threshold_mv=18
05-26 02:45:04.357   210   210 I         : alg_state = 3
05-26 02:45:04.360   210   210 I         : alg_state = 1
05-26 02:45:04.360   137   137 E         : [mtk_battery_external_power_changed] low_temp = 38
05-26 02:45:04.361   210   210 I         : mt635x-auxadc mt635x-auxadc: Error: Get efuse failed (-517)
05-26 02:45:04.363   210   210 I         : vbat_out_old=38510, vthr=685, T_curr=-4074, vbat_out=38510
05-26 02:45:04.364   137   137 I fgauge  : [fg_sw_bat_cycle_accu]drop diff_car
05-26 02:45:04.364   210   210 I [upm6922-charger]: upm6922_set_input_volt_limit:mv:4200
05-26 02:45:04.365   137   137 I fgauge  : [fg_sw_bat_cycle_accu]car[o:32 n:34],diff_car:2,ncar[o:12676 n:12676 hw:-586] thr 0
05-26 02:45:04.366   210   210 I         : [SW_JEITA] Battery Temperature between 35 and 45 !!
05-26 02:45:04.367   210   210 I         : [SW_JEITA] get batt_id succ
05-26 02:45:04.368   137   137 I         : mt635x-auxadc mt635x-auxadc: Error: Get efuse failed (-517)
05-26 02:45:04.368   210   210 I         : [SW_JEITA] battery_id = 1
05-26 02:45:04.368   210   210 I [upm6922-charger]: upm6922_set_term_current:ma:420
05-26 02:45:04.369   137   137 I         : vbat_out_old=38470, vthr=685, T_curr=-4074, vbat_out=38470
05-26 02:45:04.370   210   210 I         : [SW_JEITA] ieoc = 420000
05-26 02:45:04.370   137   137 E         : mtk_battery_external_power_changed event, name:battery online:1, status:1, EOC:0, cur_chr_type:1 old:1, vbat0:[o:0 n:0]
05-26 02:45:04.371   210   210 I [upm6922-charger]: upm6922_set_chargevolt:mv:4670
05-26 02:45:04.371   210   210 I [SW_JEITA]tmp: 38 jeita_cv:4470000 jeita_cc:-1
05-26 02:45:04.372   137   137 E [lc_charger_sysfs]psy_change_noti: psy name=mtk-master-charger, charge_type(1, 4)
05-26 02:45:04.374   210   210 I tmp     : 38 (jeita:1 sm:5 cv:4470000 en:1) (sm:1) en:1 c:0 s:0 ov:0 0 sc:0 1 1 saf_cmd:-1 bat_mon:0 0
05-26 02:45:04.374   137   137 E [lc_charger_sysfs]lc_sysfs_get_charge_type: ta_status[PD] (1), pd_type (0), chr_type(4), usb_type(1), real_type(1)
05-26 02:45:04.375   210   210 I mtk_adapter_switch_control pd_type: 1, ufcs_type:1, ret:2, state: 0, set_pri:0, cnt:0
05-26 02:45:04.376   137   137 E         : [lc_charger_sysfs]lc_sysfs_get_quick_charge_type chr_type=4, pd_type=0, temp=38, quick_chr_type:0, last_quick_charge_type:0
05-26 02:45:04.377   210   210 I mtk_check_ta_status ret_ta_switch: 2, prtocol_state:0
05-26 02:45:04.379   137   137 E         : [lc_charger_sysfs]capacity(37), vbat(3847), batt_status(1), shutdown_delay(0), count(0)
05-26 02:45:04.381   210   210 I get_ibus: get ibus failed: -95
05-26 02:45:04.382   270   270 E [lc_charger_sysfs]psy_change_noti: psy name=battery, charge_type(1, 4)
05-26 02:45:04.383   210   210 I get_ibat: get ibat failed: -95
05-26 02:45:04.383   210   210 I         : Vbat=3847 vbats=0 vbus:4872 ibus:0 I=320 T=38 uisoc:37 type:usb>usb idx:0 ta_stat:1 swchg_ibat:0 cv:3864000 cmd_pp:-1
05-26 02:45:04.383   210   210 I         : select_charging_current_limit batt verify = 1
05-26 02:45:04.384   270   270 E [lc_charger_sysfs]lc_sysfs_get_charge_type: ta_status[PD] (1), pd_type (0), chr_type(4), usb_type(1), real_type(1)
05-26 02:45:04.384   210   210 I         : chg_alg_set_current_limit
05-26 02:45:04.384   210   210 I         : [PE50]pe50_set_current_limit ic = 3000, cv = 4470, ibat_limit = 500
05-26 02:45:04.385   270   270 E         : [lc_charger_sysfs]lc_sysfs_get_quick_charge_type chr_type=4, pd_type=0, temp=38, quick_chr_type:0, last_quick_charge_type:0
05-26 02:45:04.386   210   210 I         : pe50_set_prop 3 0
05-26 02:45:04.386   211   211 I         : [PE50]pe50_algo_threadfn state = STOP
05-26 02:45:04.386   211   211 I         : [PE50]pe50_algo_threadfn PE5.0 STOP
05-26 02:45:04.388   137   137 I get_charger_zcv: get charger zcv failed: -95
05-26 02:45:04.388   210   210 I         : [PE50]pe50_hal_get_soc uisoc = 37
05-26 02:45:04.388   210   210 I         : support_fast_charging pe5 ret:ALG_NOT_READY, prtocol_state:0,  ffc_state0
05-26 02:45:04.390   270   270 E         : [lc_charger_sysfs]capacity(37), vbat(3847), batt_status(1), shutdown_delay(0), count(0)
05-26 02:45:04.390   210   210 I jeita_current_limit: jeita_input_current_limit: 3000000, jeita_charging_current_limit: 5950000
05-26 02:45:04.392   283   283 I <   52.904>TCPC-TCPC: bat_update_work_func Battery Charging, soc = 37
05-26 02:45:04.393   210   210 I debug   : 2, 1, 0
05-26 02:45:04.393   210   210 I         : m:0 chg1:-1,6000,500,500 chg2:-1,-1,0,0 dvchg1:-1 sc:500000 -1 0 type:4:1 usb_unlimited:0 usbif:0 usbsm:0 ii:-1,-1 aicl:-1 atm:0 bm:2 b:1
05-26 02:45:04.395   270   270 E         : get CV property fail
05-26 02:45:04.395   210   210 I do_algorithm is_basic: 1
05-26 02:45:04.396   270   270 E         : get charge control limit:0
05-26 02:45:04.396   210   210 I [upm6922-charger]: upm6922_set_input_current_limit:ma:500
05-26 02:45:04.406   210   210 I [upm6922-charger]: upm6922_set_chargecurrent:ma:500
05-26 02:45:04.407   210   210 I         : [PE50]pe50_hal_get_soc uisoc = 37
05-26 02:45:04.407   210   210 I [upm6922-charger]: upm6922_enable_charger:enable charge
05-26 02:45:04.408   210   210 E [upm6922-charger]: upm6922_dump_regs:Reg[00] = 0x04
05-26 02:45:04.409   210   210 E [upm6922-charger]: upm6922_dump_regs:Reg[01] = 0x1a
05-26 02:45:04.410   210   210 E [upm6922-charger]: upm6922_dump_regs:Reg[02] = 0x08
05-26 02:45:04.411   210   210 E [upm6922-charger]: upm6922_dump_regs:Reg[03] = 0xf6
05-26 02:45:04.412   210   210 E [upm6922-charger]: upm6922_dump_regs:Reg[04] = 0xc9
05-26 02:45:04.413   210   210 E [upm6922-charger]: upm6922_dump_regs:Reg[05] = 0x8f
05-26 02:45:04.414   210   210 E [upm6922-charger]: upm6922_dump_regs:Reg[06] = 0xf3
05-26 02:45:04.415   210   210 E [upm6922-charger]: upm6922_dump_regs:Reg[07] = 0x48
05-26 02:45:04.416   210   210 E [upm6922-charger]: upm6922_dump_regs:Reg[08] = 0x34
05-26 02:45:04.416   210   210 E [upm6922-charger]: upm6922_dump_regs:Reg[09] = 0x00
05-26 02:45:04.417   210   210 E [upm6922-charger]: upm6922_dump_regs:Reg[0a] = 0xa3
05-26 02:45:04.418   210   210 E [upm6922-charger]: upm6922_dump_regs:Reg[0b] = 0x14
05-26 02:45:04.419   210   210 E [upm6922-charger]: upm6922_dump_regs:Reg[0c] = 0x81
05-26 02:45:04.420   210   210 E [upm6922-charger]: upm6922_dump_regs:Reg[0d] = 0x80
05-26 02:45:04.421   210   210 E [upm6922-charger]: upm6922_dump_regs:Reg[0e] = 0x00
05-26 02:45:04.422   210   210 E [upm6922-charger]: upm6922_dump_regs:Reg[0f] = 0xff
05-26 02:45:04.423   210   210 E [upm6922-charger]: upm6922_dump_regs:Reg[10] = 0x00
05-26 02:45:04.424   210   210 E [upm6922-charger]: upm6922_dump_regs:Reg[11] = 0xff
05-26 02:45:04.424   210   210 E [upm6922-charger]: upm6922_dump_regs:Reg[12] = 0x00
05-26 02:45:04.425   210   210 E [upm6922-charger]: upm6922_dump_regs:Reg[13] = 0xff
05-26 02:45:04.426   210   210 E [upm6922-charger]: upm6922_dump_regs:Reg[14] = 0x00
05-26 02:45:04.427   210   210 E [upm6922-charger]: upm6922_dump_regs:Reg[15] = 0xcc
05-26 02:45:04.428   210   210 I [upm6922-charger]: upm6922_reset_watchdog_timer:reset
05-26 02:45:04.447    95    95 E         : get charge control limit:0
05-26 02:45:04.447    95    95 E         : [SMART_CHG]SMART_CHG_NAVIGATION, en_ret = 0, fun_val = 0, active_status = 0, smart_soc = 50, ui_soc =37, smart_ctrl_en = 0, ffc_en = 0
05-26 02:45:04.449    95    95 E         : [SMART_CHG]set smart_charge[SMART_CHG_LOW_FAST].en_ret = 0, disable low_fast
05-26 02:45:04.450    95    95 E         : [SMART_CHG]SMART_CHG_ENDURANCE_PRO, en_ret = 0, fun_val = 0, active_status = 0
05-26 02:45:04.451    95    95 E         : [SMART_CHG]endurance monitor enable charger, soc <= -5
05-26 02:45:04.452    95    95 E [SMART_CHG]monitor_night_charging: night_charging = 0, soc = 37
05-26 02:45:04.453    95    95 E [SMART_CHG]monitor_low_fast_strategy: soc = 37, thermal_level = 0, thermal_board_temp = 0, pd_active = 0, low_fast_plugin_flag = 1, low_fast_enable = 0, screen_state = 0, b_flag = 0
05-26 02:45:04.455    95    95 E [SMART_CHG]monitor_low_fast_strategy: use default thermal current=6000000
05-26 02:45:04.457    95    95 E [SMART_CHG]get_fv_ageing: i = 1, fv_aging = 10
05-26 02:45:05.152   244   244 W ServiceManager: Waited one second for android.system.keystore2.IKeystoreService/default (is service started? are binder threads started and available?)
05-26 02:45:05.152   237   237 I servicemanager: Since 'android.system.keystore2.IKeystoreService/default' could not be found, trying to start it as a lazy AIDL service
05-26 02:45:05.153   237   407 W libc    : Unable to set property "ctl.interface_start" to "aidl/android.system.keystore2.IKeystoreService/default": error code: 0x20
05-26 02:45:05.153   237   407 I servicemanager: Tried to start aidl service android.system.keystore2.IKeystoreService/default as a lazy service, but was unable to. Usually this happens when a service is not installed, but if the service is intended to be used as a lazy service, then it may be configured incorrectly.
05-26 02:45:05.349   408   408 E init    : failed to write pid to files: couldn't write 408 to /dev/cpuset/foreground/tasks: No such file or directory
05-26 02:45:05.440   408   408 I keystore2: keystore2_main: Keystore2 is starting.
05-26 02:45:05.441   408   408 I keystore2: keystore2_main: Starting thread pool now.
05-26 02:45:05.442   408   409 I keystore2: getDeviceHalManifest: Reading VINTF information.
05-26 02:45:05.443   408   409 E keystore2: getDeviceHalManifest: status from fetching VINTF information: -22
05-26 02:45:05.443   408   409 E keystore2: getDeviceHalManifest: -22 VINTF parse error: Illformed file: /vendor/etc/vintf/manifest.xml: Unrecognized manifest.version 8.0 (libvintf@4.0)
05-26 02:45:05.443   408   408 I keystore2: getDeviceHalManifest: Reading VINTF information.
05-26 02:45:05.443   408   409 F libc    : Fatal signal 11 (SIGSEGV), code 1 (SEGV_MAPERR), fault addr 0x0 in tid 409 (keystore2), pid 408 (Binder:408_2)
05-26 02:45:05.444   408   408 E keystore2: getDeviceHalManifest: status from fetching VINTF information: -22
05-26 02:45:05.444   408   408 E keystore2: getDeviceHalManifest: -22 VINTF parse error: Illformed file: /vendor/etc/vintf/manifest.xml: Unrecognized manifest.version 8.0 (libvintf@4.0)
05-26 02:45:05.446   413   413 F libc    : failed to exec crash_dump helper: No such file or directory
05-26 02:45:05.448   408   409 F libc    : crash_dump helper failed to exec, or was killed
05-26 02:45:05.448   408   409 F libc    : failed to wait for crash_dump helper: No child processes
05-26 02:45:05.454     1     1 I init    : Service 'keystore2' (pid 408) received signal 11
05-26 02:45:05.455     1     1 I init    : Sending signal 9 to service 'keystore2' (pid 408) process group...
05-26 02:45:05.456     1     1 I libprocessgroup: Successfully killed process cgroup uid 0 pid 408 in 0ms
05-26 02:45:05.458     1     1 I init    : Untracked pid 413 exited with status 1
05-26 02:45:05.471    95    95 E         : get charge control limit:0
05-26 02:45:05.471    95    95 E         : [SMART_CHG]SMART_CHG_NAVIGATION, en_ret = 0, fun_val = 0, active_status = 0, smart_soc = 50, ui_soc =37, smart_ctrl_en = 0, ffc_en = 0
05-26 02:45:05.473    95    95 E         : [SMART_CHG]set smart_charge[SMART_CHG_LOW_FAST].en_ret = 0, disable low_fast
05-26 02:45:05.474    95    95 E         : [SMART_CHG]SMART_CHG_ENDURANCE_PRO, en_ret = 0, fun_val = 0, active_status = 0
05-26 02:45:05.475    95    95 E         : [SMART_CHG]endurance monitor enable charger, soc <= -5
05-26 02:45:05.476    95    95 E [SMART_CHG]monitor_night_charging: night_charging = 0, soc = 37
05-26 02:45:05.477    95    95 E [SMART_CHG]monitor_low_fast_strategy: soc = 37, thermal_level = 0, thermal_board_temp = 0, pd_active = 0, low_fast_plugin_flag = 1, low_fast_enable = 0, screen_state = 0, b_flag = 0
05-26 02:45:05.479    95    95 E [SMART_CHG]monitor_low_fast_strategy: use default thermal current=6000000
05-26 02:45:05.480    95    95 I         : bm use ic_cycle=208
05-26 02:45:05.482    95    95 E [SMART_CHG]get_fv_ageing: i = 1, fv_aging = 10
05-26 02:45:05.727    95    95 E         : charger_partition_read partition name:/dev/block/by-name/charger size:4096 offset:0x0
05-26 02:45:05.728    95    95 E charger_partition_read: Failed to open block device: /dev/block/by-name/charger (err=-13)
05-26 02:45:05.729    95    95 E check_charger_partition_header: Failed to read charger config1
05-26 02:45:05.720    95    95 W kworker/6:1: type=1400 audit(0.0:89): avc: denied { search } for name="block" dev="tmpfs" ino=11 scontext=u:r:kernel:s0 tcontext=u:object_r:block_device:s0 tclass=dir permissive=0
05-26 02:45:06.153   244   244 W ServiceManager: Waited one second for android.system.keystore2.IKeystoreService/default (is service started? are binder threads started and available?)
05-26 02:45:06.153   237   237 I servicemanager: Since 'android.system.keystore2.IKeystoreService/default' could not be found, trying to start it as a lazy AIDL service
05-26 02:45:06.156   237   415 W libc    : Unable to set property "ctl.interface_start" to "aidl/android.system.keystore2.IKeystoreService/default": error code: 0x20
05-26 02:45:06.156   237   415 I servicemanager: Tried to start aidl service android.system.keystore2.IKeystoreService/default as a lazy service, but was unable to. Usually this happens when a service is not installed, but if the service is intended to be used as a lazy service, then it may be configured incorrectly.
05-26 02:45:06.157     1     1 E init    : Control message: Could not find 'aidl/android.system.keystore2.IKeystoreService/default' for ctl.interface_start from pid: 237 (/system/bin/servicemanager)
05-26 02:45:06.367   270   270 E         : get charge control limit:0
05-26 02:45:06.367   270   270 I         : [SW_JEITA] ffc_disable = 0, ffc = 0, pd_type = 5, thermal_lv = 0, single_cell_mode = 0, uisoc:37, chg_turn_on_flag:0
05-26 02:45:06.369   270   270 I         : ALG_STATE= 1
05-26 02:45:06.370   270   270 I handle_charge_done_and_recharge: info->country_code:0
05-26 02:45:06.370   210   210 I mtk_charger_start_timer: alarm timer start:1, 63 879740541
05-26 02:45:06.371   270   270 I         : charge status not 100, so power supply changed
05-26 02:45:06.372   210   210 I         : [PE50]pe50_hal_get_soc uisoc = 37
05-26 02:45:06.373   270   270 I handle_charge_done_and_recharge: ffc=0, rsoc=36, soc=37, temp=38, fv=4470, vbat=3841, iterm=420, ibat=359, full=0, full_cnt=0, v_cnt=0, recharge_cnt=0 threshold_mv=18
05-26 02:45:06.373   210   210 I         : alg_state = 3
05-26 02:45:06.376   210   210 I         : alg_state = 1
05-26 02:45:06.376   270   270 E         : [mtk_battery_external_power_changed] low_temp = 38
05-26 02:45:06.378   210   210 I         : mt635x-auxadc mt635x-auxadc: Error: Get efuse failed (-517)
05-26 02:45:06.379   210   210 I         : vbat_out_old=38490, vthr=685, T_curr=-4074, vbat_out=38490
05-26 02:45:06.380   270   270 I fgauge  : [fg_sw_bat_cycle_accu]drop diff_car
05-26 02:45:06.380   210   210 I [upm6922-charger]: upm6922_set_input_volt_limit:mv:4200
05-26 02:45:06.381   270   270 I fgauge  : [fg_sw_bat_cycle_accu]car[o:34 n:36],diff_car:2,ncar[o:12676 n:12676 hw:-586] thr 0
05-26 02:45:06.382   210   210 I         : [SW_JEITA] Battery Temperature between 35 and 45 !!
05-26 02:45:06.384   210   210 I         : [SW_JEITA] get batt_id succ
05-26 02:45:06.384   270   270 I         : mt635x-auxadc mt635x-auxadc: Error: Get efuse failed (-517)
05-26 02:45:06.384   210   210 I         : [SW_JEITA] battery_id = 1
05-26 02:45:06.384   210   210 I [upm6922-charger]: upm6922_set_term_current:ma:420
05-26 02:45:06.385   270   270 I         : vbat_out_old=38470, vthr=685, T_curr=-4074, vbat_out=38470
05-26 02:45:06.386   210   210 I         : [SW_JEITA] ieoc = 420000
05-26 02:45:06.386   270   270 E         : mtk_battery_external_power_changed event, name:battery online:1, status:1, EOC:0, cur_chr_type:1 old:1, vbat0:[o:0 n:0]
05-26 02:45:06.387   210   210 I [upm6922-charger]: upm6922_set_chargevolt:mv:4670
05-26 02:45:06.388   210   210 I [SW_JEITA]tmp: 38 jeita_cv:4470000 jeita_cc:-1
05-26 02:45:06.388   270   270 E [lc_charger_sysfs]psy_change_noti: psy name=mtk-master-charger, charge_type(1, 4)
05-26 02:45:06.390   210   210 I tmp     : 38 (jeita:1 sm:5 cv:4470000 en:1) (sm:1) en:1 c:0 s:0 ov:0 0 sc:0 1 1 saf_cmd:-1 bat_mon:0 0
05-26 02:45:06.390   270   270 E [lc_charger_sysfs]lc_sysfs_get_charge_type: ta_status[PD] (1), pd_type (0), chr_type(4), usb_type(1), real_type(1)
05-26 02:45:06.391   210   210 I mtk_adapter_switch_control pd_type: 1, ufcs_type:1, ret:2, state: 0, set_pri:0, cnt:0
05-26 02:45:06.392   270   270 E         : [lc_charger_sysfs]lc_sysfs_get_quick_charge_type chr_type=4, pd_type=0, temp=38, quick_chr_type:0, last_quick_charge_type:0
05-26 02:45:06.393   210   210 I mtk_check_ta_status ret_ta_switch: 2, prtocol_state:0
05-26 02:45:06.395   270   270 E         : [lc_charger_sysfs]capacity(37), vbat(3847), batt_status(1), shutdown_delay(0), count(0)
05-26 02:45:06.397   210   210 I get_ibus: get ibus failed: -95
05-26 02:45:06.398   137   137 E [lc_charger_sysfs]psy_change_noti: psy name=battery, charge_type(1, 4)
05-26 02:45:06.399   210   210 I get_ibat: get ibat failed: -95
05-26 02:45:06.399   210   210 I         : Vbat=3847 vbats=0 vbus:4872 ibus:0 I=370 T=38 uisoc:37 type:usb>usb idx:0 ta_stat:1 swchg_ibat:0 cv:3864000 cmd_pp:-1
05-26 02:45:06.399   210   210 I         : select_charging_current_limit batt verify = 1
05-26 02:45:06.400   137   137 E [lc_charger_sysfs]lc_sysfs_get_charge_type: ta_status[PD] (1), pd_type (0), chr_type(4), usb_type(1), real_type(1)
05-26 02:45:06.400   210   210 I         : chg_alg_set_current_limit
05-26 02:45:06.401   210   210 I         : [PE50]pe50_set_current_limit ic = 3000, cv = 4470, ibat_limit = 500
05-26 02:45:06.402   137   137 E         : [lc_charger_sysfs]lc_sysfs_get_quick_charge_type chr_type=4, pd_type=0, temp=38, quick_chr_type:0, last_quick_charge_type:0
05-26 02:45:06.402   210   210 I         : pe50_set_prop 3 0
05-26 02:45:06.402   211   211 I         : [PE50]pe50_algo_threadfn state = STOP
05-26 02:45:06.402   211   211 I         : [PE50]pe50_algo_threadfn PE5.0 STOP
05-26 02:45:06.404   270   270 I get_charger_zcv: get charger zcv failed: -95
05-26 02:45:06.404   210   210 I         : [PE50]pe50_hal_get_soc uisoc = 37
05-26 02:45:06.406   137   137 E         : [lc_charger_sysfs]capacity(37), vbat(3847), batt_status(1), shutdown_delay(0), count(0)
05-26 02:45:06.407   210   210 I         : support_fast_charging pe5 ret:ALG_NOT_READY, prtocol_state:0,  ffc_state0
05-26 02:45:06.408   283   283 I <   54.920>TCPC-TCPC: bat_update_work_func Battery Charging, soc = 37
05-26 02:45:06.409   210   210 I jeita_current_limit: jeita_input_current_limit: 3000000, jeita_charging_current_limit: 5950000
05-26 02:45:06.409   210   210 I debug   : 2, 1, 0
05-26 02:45:06.409   210   210 I         : m:0 chg1:-1,6000,500,500 chg2:-1,-1,0,0 dvchg1:-1 sc:500000 -1 0 type:4:1 usb_unlimited:0 usbif:0 usbsm:0 ii:-1,-1 aicl:-1 atm:0 bm:2 b:1
05-26 02:45:06.411   137   137 E         : get CV property fail
05-26 02:45:06.411   210   210 I do_algorithm is_basic: 1
05-26 02:45:06.412   137   137 E         : get charge control limit:0
05-26 02:45:06.412   210   210 I [upm6922-charger]: upm6922_set_input_current_limit:ma:500
