05-26 02:44:44.194   137   137 I         : charge status not 100, so power supply changed
05-26 02:44:44.196   210   210 I mtk_charger_start_timer: alarm timer start:1, 41 705124309
05-26 02:44:44.196   137   137 I handle_charge_done_and_recharge: ffc=0, rsoc=36, soc=37, temp=38, fv=4470, vbat=3840, iterm=420, ibat=349, full=0, full_cnt=0, v_cnt=0, recharge_cnt=0 threshold_mv=18
05-26 02:44:44.197   210   210 I         : [PE50]pe50_hal_get_soc uisoc = 37
05-26 02:44:44.200   210   210 I         : alg_state = 3
05-26 02:44:44.200   137   137 E         : [mtk_battery_external_power_changed] low_temp = 38
05-26 02:44:44.200   210   210 I         : alg_state = 1
05-26 02:44:44.201   137   137 I fgauge  : [fg_sw_bat_cycle_accu]drop diff_car
05-26 02:44:44.203   210   210 I         : mt635x-auxadc mt635x-auxadc: Error: Get efuse failed (-517)
05-26 02:44:44.204   210   210 I         : vbat_out_old=38480, vthr=685, T_curr=-4074, vbat_out=38480
05-26 02:44:44.205   210   210 I [upm6922-charger]: upm6922_set_input_volt_limit:mv:4200
05-26 02:44:44.205   137   137 I fgauge  : [fg_sw_bat_cycle_accu]car[o:10 n:14],diff_car:4,ncar[o:12676 n:12676 hw:-586] thr 0
05-26 02:44:44.206   210   210 I         : [SW_JEITA] Battery Temperature between 35 and 45 !!
05-26 02:44:44.208   210   210 I         : [SW_JEITA] get batt_id succ
05-26 02:44:44.208   137   137 I         : mt635x-auxadc mt635x-auxadc: Error: Get efuse failed (-517)
05-26 02:44:44.208   210   210 I         : [SW_JEITA] battery_id = 1
05-26 02:44:44.208   210   210 I [upm6922-charger]: upm6922_set_term_current:ma:420
05-26 02:44:44.210   137   137 I         : vbat_out_old=38500, vthr=685, T_curr=-4074, vbat_out=38500
05-26 02:44:44.210   210   210 I         : [SW_JEITA] ieoc = 420000
05-26 02:44:44.211   137   137 E         : mtk_battery_external_power_changed event, name:battery online:1, status:1, EOC:0, cur_chr_type:1 old:1, vbat0:[o:0 n:0]
05-26 02:44:44.212   210   210 I [upm6922-charger]: upm6922_set_chargevolt:mv:4670
05-26 02:44:44.212   210   210 I [SW_JEITA]tmp: 38 jeita_cv:4470000 jeita_cc:-1
05-26 02:44:44.212   137   137 E [lc_charger_sysfs]psy_change_noti: psy name=mtk-master-charger, charge_type(1, 4)
05-26 02:44:44.214   210   210 I tmp     : 38 (jeita:1 sm:5 cv:4470000 en:1) (sm:1) en:1 c:0 s:0 ov:0 0 sc:0 1 1 saf_cmd:-1 bat_mon:0 0
05-26 02:44:44.214   137   137 E [lc_charger_sysfs]lc_sysfs_get_charge_type: ta_status[PD] (1), pd_type (0), chr_type(4), usb_type(1), real_type(1)
05-26 02:44:44.215   210   210 I mtk_adapter_switch_control pd_type: 1, ufcs_type:1, ret:2, state: 0, set_pri:0, cnt:0
05-26 02:44:44.216   137   137 E         : [lc_charger_sysfs]lc_sysfs_get_quick_charge_type chr_type=4, pd_type=0, temp=38, quick_chr_type:0, last_quick_charge_type:0
05-26 02:44:44.218   210   210 I mtk_check_ta_status ret_ta_switch: 2, prtocol_state:0
05-26 02:44:44.219   137   137 E         : [lc_charger_sysfs]capacity(37), vbat(3850), batt_status(1), shutdown_delay(0), count(0)
05-26 02:44:44.221   210   210 I get_ibus: get ibus failed: -95
05-26 02:44:44.222   270   270 E [lc_charger_sysfs]psy_change_noti: psy name=battery, charge_type(1, 4)
05-26 02:44:44.223   210   210 I get_ibat: get ibat failed: -95
05-26 02:44:44.223   210   210 I         : Vbat=3850 vbats=0 vbus:4872 ibus:0 I=368 T=38 uisoc:37 type:usb>usb idx:0 ta_stat:1 swchg_ibat:0 cv:3864000 cmd_pp:-1
05-26 02:44:44.223   210   210 I         : select_charging_current_limit batt verify = 1
05-26 02:44:44.224   270   270 E [lc_charger_sysfs]lc_sysfs_get_charge_type: ta_status[PD] (1), pd_type (0), chr_type(4), usb_type(1), real_type(1)
05-26 02:44:44.225   210   210 I         : chg_alg_set_current_limit
05-26 02:44:44.225   210   210 I         : [PE50]pe50_set_current_limit ic = 3000, cv = 4470, ibat_limit = 500
05-26 02:44:44.226   270   270 E         : [lc_charger_sysfs]lc_sysfs_get_quick_charge_type chr_type=4, pd_type=0, temp=38, quick_chr_type:0, last_quick_charge_type:0
05-26 02:44:44.226   210   210 I         : pe50_set_prop 3 0
05-26 02:44:44.226   211   211 I         : [PE50]pe50_algo_threadfn state = STOP
05-26 02:44:44.226   211   211 I         : [PE50]pe50_algo_threadfn PE5.0 STOP
05-26 02:44:44.228   137   137 I get_charger_zcv: get charger zcv failed: -95
05-26 02:44:44.229   210   210 I         : [PE50]pe50_hal_get_soc uisoc = 37
05-26 02:44:44.229   210   210 I         : support_fast_charging pe5 ret:ALG_NOT_READY, prtocol_state:0,  ffc_state0
05-26 02:44:44.230   270   270 E         : [lc_charger_sysfs]capacity(37), vbat(3850), batt_status(1), shutdown_delay(0), count(0)
05-26 02:44:44.231   210   210 I jeita_current_limit: jeita_input_current_limit: 3000000, jeita_charging_current_limit: 5950000
05-26 02:44:44.231   210   210 I debug   : 2, 1, 0
05-26 02:44:44.231   210   210 I         : m:0 chg1:-1,6000,500,500 chg2:-1,-1,0,0 dvchg1:-1 sc:500000 -1 0 type:4:1 usb_unlimited:0 usbif:0 usbsm:0 ii:-1,-1 aicl:-1 atm:0 bm:2 b:1
05-26 02:44:44.232   283   283 I <   32.744>TCPC-TCPC: bat_update_work_func Battery Charging, soc = 37
05-26 02:44:44.233   210   210 I do_algorithm is_basic: 1
05-26 02:44:44.233   210   210 I [upm6922-charger]: upm6922_set_input_current_limit:ma:500
05-26 02:44:44.234   210   210 I [upm6922-charger]: upm6922_set_chargecurrent:ma:500
05-26 02:44:44.235   270   270 E         : get CV property fail
05-26 02:44:44.235   210   210 I         : [PE50]pe50_hal_get_soc uisoc = 37
05-26 02:44:44.236   270   270 E         : get charge control limit:0
05-26 02:44:44.237   210   210 I [upm6922-charger]: upm6922_enable_charger:enable charge
05-26 02:44:44.249   210   210 E [upm6922-charger]: upm6922_dump_regs:Reg[00] = 0x04
05-26 02:44:44.249   210   210 E [upm6922-charger]: upm6922_dump_regs:Reg[01] = 0x1a
05-26 02:44:44.250   210   210 E [upm6922-charger]: upm6922_dump_regs:Reg[02] = 0x08
05-26 02:44:44.251   210   210 E [upm6922-charger]: upm6922_dump_regs:Reg[03] = 0xf6
05-26 02:44:44.252   210   210 E [upm6922-charger]: upm6922_dump_regs:Reg[04] = 0xc9
05-26 02:44:44.253   210   210 E [upm6922-charger]: upm6922_dump_regs:Reg[05] = 0x8f
05-26 02:44:44.254   210   210 E [upm6922-charger]: upm6922_dump_regs:Reg[06] = 0xf3
05-26 02:44:44.255   210   210 E [upm6922-charger]: upm6922_dump_regs:Reg[07] = 0x48
05-26 02:44:44.256   210   210 E [upm6922-charger]: upm6922_dump_regs:Reg[08] = 0x34
05-26 02:44:44.257   210   210 E [upm6922-charger]: upm6922_dump_regs:Reg[09] = 0x00
05-26 02:44:44.257   210   210 E [upm6922-charger]: upm6922_dump_regs:Reg[0a] = 0xa3
05-26 02:44:44.258   210   210 E [upm6922-charger]: upm6922_dump_regs:Reg[0b] = 0x14
05-26 02:44:44.259   210   210 E [upm6922-charger]: upm6922_dump_regs:Reg[0c] = 0x81
05-26 02:44:44.260   210   210 E [upm6922-charger]: upm6922_dump_regs:Reg[0d] = 0x80
05-26 02:44:44.261   210   210 E [upm6922-charger]: upm6922_dump_regs:Reg[0e] = 0x00
05-26 02:44:44.262   210   210 E [upm6922-charger]: upm6922_dump_regs:Reg[0f] = 0xff
05-26 02:44:44.263   210   210 E [upm6922-charger]: upm6922_dump_regs:Reg[10] = 0x00
05-26 02:44:44.264   210   210 E [upm6922-charger]: upm6922_dump_regs:Reg[11] = 0xff
05-26 02:44:44.265   210   210 E [upm6922-charger]: upm6922_dump_regs:Reg[12] = 0x00
05-26 02:44:44.265   210   210 E [upm6922-charger]: upm6922_dump_regs:Reg[13] = 0xff
05-26 02:44:44.266   210   210 E [upm6922-charger]: upm6922_dump_regs:Reg[14] = 0x00
05-26 02:44:44.267   210   210 E [upm6922-charger]: upm6922_dump_regs:Reg[15] = 0xcc
05-26 02:44:44.268   210   210 I [upm6922-charger]: upm6922_reset_watchdog_timer:reset
05-26 02:44:44.991    95    95 E         : get charge control limit:0
05-26 02:44:44.991    95    95 E         : [SMART_CHG]SMART_CHG_NAVIGATION, en_ret = 0, fun_val = 0, active_status = 0, smart_soc = 50, ui_soc =37, smart_ctrl_en = 0, ffc_en = 0
05-26 02:44:44.993    95    95 E         : [SMART_CHG]set smart_charge[SMART_CHG_LOW_FAST].en_ret = 0, disable low_fast
05-26 02:44:44.994    95    95 E         : [SMART_CHG]SMART_CHG_ENDURANCE_PRO, en_ret = 0, fun_val = 0, active_status = 0
05-26 02:44:44.995    95    95 E         : [SMART_CHG]endurance monitor enable charger, soc <= -5
05-26 02:44:44.996    95    95 E [SMART_CHG]monitor_night_charging: night_charging = 0, soc = 37
05-26 02:44:44.997    95    95 E [SMART_CHG]monitor_low_fast_strategy: soc = 37, thermal_level = 0, thermal_board_temp = 0, pd_active = 0, low_fast_plugin_flag = 1, low_fast_enable = 0, screen_state = 0, b_flag = 0
05-26 02:44:44.999    95    95 E [SMART_CHG]monitor_low_fast_strategy: use default thermal current=6000000
05-26 02:44:45.001    95    95 E [SMART_CHG]get_fv_ageing: i = 1, fv_aging = 10
05-26 02:44:45.139   244   244 W ServiceManager: Waited one second for android.system.keystore2.IKeystoreService/default (is service started? are binder threads started and available?)
05-26 02:44:45.139   237   237 I servicemanager: Since 'android.system.keystore2.IKeystoreService/default' could not be found, trying to start it as a lazy AIDL service
05-26 02:44:45.140   237   359 W libc    : Unable to set property "ctl.interface_start" to "aidl/android.system.keystore2.IKeystoreService/default": error code: 0x20
05-26 02:44:45.140   237   359 I servicemanager: Tried to start aidl service android.system.keystore2.IKeystoreService/default as a lazy service, but was unable to. Usually this happens when a service is not installed, but if the service is intended to be used as a lazy service, then it may be configured incorrectly.
05-26 02:44:45.332     1     1 I init    : starting service 'keystore2'...
05-26 02:44:45.336   360   360 E init    : failed to write pid to files: couldn't write 360 to /dev/cpuset/foreground/tasks: No such file or directory
05-26 02:44:45.427   360   360 I keystore2: keystore2_main: Keystore2 is starting.
05-26 02:44:45.428   360   360 I keystore2: keystore2_main: Starting thread pool now.
05-26 02:44:45.429   360   361 I keystore2: getDeviceHalManifest: Reading VINTF information.
05-26 02:44:45.430   360   361 E keystore2: getDeviceHalManifest: status from fetching VINTF information: -22
05-26 02:44:45.430   360   361 E keystore2: getDeviceHalManifest: -22 VINTF parse error: Illformed file: /vendor/etc/vintf/manifest.xml: Unrecognized manifest.version 8.0 (libvintf@4.0)
05-26 02:44:45.430   360   360 I keystore2: getDeviceHalManifest: Reading VINTF information.
05-26 02:44:45.430   360   361 F libc    : Fatal signal 11 (SIGSEGV), code 1 (SEGV_MAPERR), fault addr 0x0 in tid 361 (keystore2), pid 360 (Binder:360_2)
05-26 02:44:45.431   360   360 E keystore2: getDeviceHalManifest: status from fetching VINTF information: -22
05-26 02:44:45.431   360   360 E keystore2: getDeviceHalManifest: -22 VINTF parse error: Illformed file: /vendor/etc/vintf/manifest.xml: Unrecognized manifest.version 8.0 (libvintf@4.0)
05-26 02:44:45.433   365   365 F libc    : failed to exec crash_dump helper: No such file or directory
05-26 02:44:45.435   360   361 F libc    : crash_dump helper failed to exec, or was killed
05-26 02:44:45.435   360   361 F libc    : failed to wait for crash_dump helper: No child processes
05-26 02:44:45.441     1     1 I init    : Service 'keystore2' (pid 360) received signal 11
05-26 02:44:45.442     1     1 I init    : Sending signal 9 to service 'keystore2' (pid 360) process group...
05-26 02:44:45.443     1     1 I libprocessgroup: Successfully killed process cgroup uid 0 pid 360 in 0ms
05-26 02:44:45.445     1     1 I init    : Untracked pid 365 exited with status 1
05-26 02:44:46.015    95    95 E         : get charge control limit:0
05-26 02:44:46.015    95    95 E         : [SMART_CHG]SMART_CHG_NAVIGATION, en_ret = 0, fun_val = 0, active_status = 0, smart_soc = 50, ui_soc =37, smart_ctrl_en = 0, ffc_en = 0
05-26 02:44:46.017    95    95 E         : [SMART_CHG]set smart_charge[SMART_CHG_LOW_FAST].en_ret = 0, disable low_fast
05-26 02:44:46.018    95    95 E         : [SMART_CHG]SMART_CHG_ENDURANCE_PRO, en_ret = 0, fun_val = 0, active_status = 0
05-26 02:44:46.019    95    95 E         : [SMART_CHG]endurance monitor enable charger, soc <= -5
05-26 02:44:46.020    95    95 E [SMART_CHG]monitor_night_charging: night_charging = 0, soc = 37
05-26 02:44:46.021    95    95 E [SMART_CHG]monitor_low_fast_strategy: soc = 37, thermal_level = 0, thermal_board_temp = 0, pd_active = 0, low_fast_plugin_flag = 1, low_fast_enable = 0, screen_state = 0, b_flag = 0
05-26 02:44:46.023    95    95 E [SMART_CHG]monitor_low_fast_strategy: use default thermal current=6000000
05-26 02:44:46.026    95    95 E [SMART_CHG]get_fv_ageing: i = 1, fv_aging = 10
05-26 02:44:46.139   244   244 W ServiceManager: Waited one second for android.system.keystore2.IKeystoreService/default (is service started? are binder threads started and available?)
05-26 02:44:46.140   237   237 I servicemanager: Since 'android.system.keystore2.IKeystoreService/default' could not be found, trying to start it as a lazy AIDL service
05-26 02:44:46.143   237   367 W libc    : Unable to set property "ctl.interface_start" to "aidl/android.system.keystore2.IKeystoreService/default": error code: 0x20
05-26 02:44:46.143   237   367 I servicemanager: Tried to start aidl service android.system.keystore2.IKeystoreService/default as a lazy service, but was unable to. Usually this happens when a service is not installed, but if the service is intended to be used as a lazy service, then it may be configured incorrectly.
05-26 02:44:46.144     1     1 E init    : Control message: Could not find 'aidl/android.system.keystore2.IKeystoreService/default' for ctl.interface_start from pid: 237 (/system/bin/servicemanager)
05-26 02:44:46.207   270   270 E         : get charge control limit:0
05-26 02:44:46.207   270   270 I         : [SW_JEITA] ffc_disable = 0, ffc = 0, pd_type = 5, thermal_lv = 0, single_cell_mode = 0, uisoc:37, chg_turn_on_flag:0
05-26 02:44:46.209   270   270 I         : ALG_STATE= 1
05-26 02:44:46.210   270   270 I handle_charge_done_and_recharge: info->country_code:0
05-26 02:44:46.210   210   210 I mtk_charger_start_timer: alarm timer start:1, 43 719509463
05-26 02:44:46.210   270   270 I         : charge status not 100, so power supply changed
05-26 02:44:46.211   210   210 I         : [PE50]pe50_hal_get_soc uisoc = 37
05-26 02:44:46.211   210   210 I         : alg_state = 3
05-26 02:44:46.211   210   210 I         : alg_state = 1
05-26 02:44:46.212   270   270 I handle_charge_done_and_recharge: ffc=0, rsoc=36, soc=37, temp=38, fv=4470, vbat=3840, iterm=420, ibat=327, full=0, full_cnt=0, v_cnt=0, recharge_cnt=0 threshold_mv=18
05-26 02:44:46.214   210   210 I         : mt635x-auxadc mt635x-auxadc: Error: Get efuse failed (-517)
05-26 02:44:46.217   210   210 I         : vbat_out_old=38480, vthr=685, T_curr=-4074, vbat_out=38480
05-26 02:44:46.218   210   210 I [upm6922-charger]: upm6922_set_input_volt_limit:mv:4200
05-26 02:44:46.218   270   270 E         : [mtk_battery_external_power_changed] low_temp = 38
05-26 02:44:46.219   210   210 I         : [SW_JEITA] Battery Temperature between 35 and 45 !!
05-26 02:44:46.220   270   270 I fgauge  : [fg_sw_bat_cycle_accu]drop diff_car
05-26 02:44:46.221   210   210 I         : [SW_JEITA] get batt_id succ
05-26 02:44:46.222   210   210 I         : [SW_JEITA] battery_id = 1
05-26 02:44:46.222   270   270 I fgauge  : [fg_sw_bat_cycle_accu]car[o:14 n:16],diff_car:2,ncar[o:12676 n:12676 hw:-586] thr 0
05-26 02:44:46.222   210   210 I [upm6922-charger]: upm6922_set_term_current:ma:420
05-26 02:44:46.225   210   210 I         : [SW_JEITA] ieoc = 420000
05-26 02:44:46.225   270   270 I         : mt635x-auxadc mt635x-auxadc: Error: Get efuse failed (-517)
05-26 02:44:46.225   210   210 I [upm6922-charger]: upm6922_set_chargevolt:mv:4670
05-26 02:44:46.225   210   210 I [SW_JEITA]tmp: 38 jeita_cv:4470000 jeita_cc:-1
05-26 02:44:46.226   270   270 I         : vbat_out_old=38470, vthr=685, T_curr=-4074, vbat_out=38470
05-26 02:44:46.229   270   270 E         : mtk_battery_external_power_changed event, name:battery online:1, status:1, EOC:0, cur_chr_type:1 old:1, vbat0:[o:0 n:0]
05-26 02:44:46.229   210   210 I tmp     : 38 (jeita:1 sm:5 cv:4470000 en:1) (sm:1) en:1 c:0 s:0 ov:0 0 sc:0 1 1 saf_cmd:-1 bat_mon:0 0
05-26 02:44:46.230   270   270 E [lc_charger_sysfs]psy_change_noti: psy name=mtk-master-charger, charge_type(1, 4)
05-26 02:44:46.232   210   210 I mtk_adapter_switch_control pd_type: 1, ufcs_type:1, ret:2, state: 0, set_pri:0, cnt:0
05-26 02:44:46.233   270   270 E [lc_charger_sysfs]lc_sysfs_get_charge_type: ta_status[PD] (1), pd_type (0), chr_type(4), usb_type(1), real_type(1)
05-26 02:44:46.234   210   210 I mtk_check_ta_status ret_ta_switch: 2, prtocol_state:0
05-26 02:44:46.235   270   270 E         : [lc_charger_sysfs]lc_sysfs_get_quick_charge_type chr_type=4, pd_type=0, temp=38, quick_chr_type:0, last_quick_charge_type:0
05-26 02:44:46.237   210   210 I get_ibus: get ibus failed: -95
05-26 02:44:46.238   270   270 E         : [lc_charger_sysfs]capacity(37), vbat(3847), batt_status(1), shutdown_delay(0), count(0)
05-26 02:44:46.238   210   210 I get_ibat: get ibat failed: -95
05-26 02:44:46.240   137   137 E [lc_charger_sysfs]psy_change_noti: psy name=battery, charge_type(1, 4)
05-26 02:44:46.240   210   210 I         : Vbat=3847 vbats=0 vbus:4872 ibus:0 I=320 T=38 uisoc:37 type:usb>usb idx:0 ta_stat:1 swchg_ibat:0 cv:3864000 cmd_pp:-1
05-26 02:44:46.240   210   210 I         : select_charging_current_limit batt verify = 1
05-26 02:44:46.241   270   270 I get_charger_zcv: get charger zcv failed: -95
05-26 02:44:46.243   210   210 I         : chg_alg_set_current_limit
05-26 02:44:46.243   210   210 I         : [PE50]pe50_set_current_limit ic = 3000, cv = 4470, ibat_limit = 500
05-26 02:44:46.243   210   210 I         : pe50_set_prop 3 0
05-26 02:44:46.243   210   210 I         : [PE50]pe50_hal_get_soc uisoc = 37
05-26 02:44:46.243   210   210 I         : support_fast_charging pe5 ret:ALG_NOT_READY, prtocol_state:0,  ffc_state0
05-26 02:44:46.243   211   211 I         : [PE50]pe50_algo_threadfn state = STOP
05-26 02:44:46.243   211   211 I         : [PE50]pe50_algo_threadfn PE5.0 STOP
05-26 02:44:46.244   137   137 E [lc_charger_sysfs]lc_sysfs_get_charge_type: ta_status[PD] (1), pd_type (0), chr_type(4), usb_type(1), real_type(1)
05-26 02:44:46.244   210   210 I jeita_current_limit: jeita_input_current_limit: 3000000, jeita_charging_current_limit: 5950000
05-26 02:44:46.245   137   137 E         : [lc_charger_sysfs]lc_sysfs_get_quick_charge_type chr_type=4, pd_type=0, temp=38, quick_chr_type:0, last_quick_charge_type:0
05-26 02:44:46.246   210   210 I debug   : 2, 1, 0
05-26 02:44:46.246   137   137 E         : [lc_charger_sysfs]capacity(37), vbat(3847), batt_status(1), shutdown_delay(0), count(0)
05-26 02:44:46.247   210   210 I         : m:0 chg1:-1,6000,500,500 chg2:-1,-1,0,0 dvchg1:-1 sc:500000 -1 0 type:4:1 usb_unlimited:0 usbif:0 usbsm:0 ii:-1,-1 aicl:-1 atm:0 bm:2 b:1
05-26 02:44:46.248   283   283 I <   34.761>TCPC-TCPC: bat_update_work_func Battery Charging, soc = 37
05-26 02:44:46.249   210   210 I do_algorithm is_basic: 1
05-26 02:44:46.249   210   210 I [upm6922-charger]: upm6922_set_input_current_limit:ma:500
05-26 02:44:46.249   210   210 I [upm6922-charger]: upm6922_set_chargecurrent:ma:500
05-26 02:44:46.251   137   137 E         : get CV property fail
05-26 02:44:46.251   210   210 I         : [PE50]pe50_hal_get_soc uisoc = 37
05-26 02:44:46.252   137   137 E         : get charge control limit:0
05-26 02:44:46.254   210   210 I [upm6922-charger]: upm6922_enable_charger:enable charge
05-26 02:44:46.263   210   210 E [upm6922-charger]: upm6922_dump_regs:Reg[00] = 0x04
05-26 02:44:46.264   210   210 E [upm6922-charger]: upm6922_dump_regs:Reg[01] = 0x1a
05-26 02:44:46.265   210   210 E [upm6922-charger]: upm6922_dump_regs:Reg[02] = 0x08
05-26 02:44:46.266   210   210 E [upm6922-charger]: upm6922_dump_regs:Reg[03] = 0xf6
05-26 02:44:46.267   210   210 E [upm6922-charger]: upm6922_dump_regs:Reg[04] = 0xc9
05-26 02:44:46.268   210   210 E [upm6922-charger]: upm6922_dump_regs:Reg[05] = 0x8f
05-26 02:44:46.269   210   210 E [upm6922-charger]: upm6922_dump_regs:Reg[06] = 0xf3
05-26 02:44:46.270   210   210 E [upm6922-charger]: upm6922_dump_regs:Reg[07] = 0x48
05-26 02:44:46.271   210   210 E [upm6922-charger]: upm6922_dump_regs:Reg[08] = 0x34
05-26 02:44:46.271   210   210 E [upm6922-charger]: upm6922_dump_regs:Reg[09] = 0x00
05-26 02:44:46.272   210   210 E [upm6922-charger]: upm6922_dump_regs:Reg[0a] = 0xa3
05-26 02:44:46.273   210   210 E [upm6922-charger]: upm6922_dump_regs:Reg[0b] = 0x14
05-26 02:44:46.274   210   210 E [upm6922-charger]: upm6922_dump_regs:Reg[0c] = 0x81
05-26 02:44:46.275   210   210 E [upm6922-charger]: upm6922_dump_regs:Reg[0d] = 0x80
05-26 02:44:46.276   210   210 E [upm6922-charger]: upm6922_dump_regs:Reg[0e] = 0x00
05-26 02:44:46.277   210   210 E [upm6922-charger]: upm6922_dump_regs:Reg[0f] = 0xff
05-26 02:44:46.278   210   210 E [upm6922-charger]: upm6922_dump_regs:Reg[10] = 0x00
05-26 02:44:46.279   210   210 E [upm6922-charger]: upm6922_dump_regs:Reg[11] = 0xff
05-26 02:44:46.279   210   210 E [upm6922-charger]: upm6922_dump_regs:Reg[12] = 0x00
05-26 02:44:46.280   210   210 E [upm6922-charger]: upm6922_dump_regs:Reg[13] = 0xff
05-26 02:44:46.281   210   210 E [upm6922-charger]: upm6922_dump_regs:Reg[14] = 0x00
05-26 02:44:46.282   210   210 E [upm6922-charger]: upm6922_dump_regs:Reg[15] = 0xcc
05-26 02:44:46.283   210   210 I [upm6922-charger]: upm6922_reset_watchdog_timer:reset
05-26 02:44:47.039    95    95 E         : get charge control limit:0
05-26 02:44:47.039    95    95 E         : [SMART_CHG]SMART_CHG_NAVIGATION, en_ret = 0, fun_val = 0, active_status = 0, smart_soc = 50, ui_soc =37, smart_ctrl_en = 0, ffc_en = 0
05-26 02:44:47.041    95    95 E         : [SMART_CHG]set smart_charge[SMART_CHG_LOW_FAST].en_ret = 0, disable low_fast
05-26 02:44:47.042    95    95 E         : [SMART_CHG]SMART_CHG_ENDURANCE_PRO, en_ret = 0, fun_val = 0, active_status = 0
05-26 02:44:47.043    95    95 E         : [SMART_CHG]endurance monitor enable charger, soc <= -5
05-26 02:44:47.044    95    95 E [SMART_CHG]monitor_night_charging: night_charging = 0, soc = 37
05-26 02:44:47.045    95    95 E [SMART_CHG]monitor_low_fast_strategy: soc = 37, thermal_level = 0, thermal_board_temp = 0, pd_active = 0, low_fast_plugin_flag = 1, low_fast_enable = 0, screen_state = 0, b_flag = 0
05-26 02:44:47.047    95    95 E [SMART_CHG]monitor_low_fast_strategy: use default thermal current=6000000
05-26 02:44:47.049    95    95 E [SMART_CHG]get_fv_ageing: i = 1, fv_aging = 10
05-26 02:44:47.140   244   244 W ServiceManager: Waited one second for android.system.keystore2.IKeystoreService/default (is service started? are binder threads started and available?)
05-26 02:44:47.140   237   237 I servicemanager: Since 'android.system.keystore2.IKeystoreService/default' could not be found, trying to start it as a lazy AIDL service
05-26 02:44:47.143   237   368 W libc    : Unable to set property "ctl.interface_start" to "aidl/android.system.keystore2.IKeystoreService/default": error code: 0x20
05-26 02:44:47.143   237   368 I servicemanager: Tried to start aidl service android.system.keystore2.IKeystoreService/default as a lazy service, but was unable to. Usually this happens when a service is not installed, but if the service is intended to be used as a lazy service, then it may be configured incorrectly.
05-26 02:44:47.144     1     1 E init    : Control message: Could not find 'aidl/android.system.keystore2.IKeystoreService/default' for ctl.interface_start from pid: 237 (/system/bin/servicemanager)
05-26 02:44:48.063    95    95 E         : get charge control limit:0
05-26 02:44:48.063    95    95 E         : [SMART_CHG]SMART_CHG_NAVIGATION, en_ret = 0, fun_val = 0, active_status = 0, smart_soc = 50, ui_soc =37, smart_ctrl_en = 0, ffc_en = 0
05-26 02:44:48.065    95    95 E         : [SMART_CHG]set smart_charge[SMART_CHG_LOW_FAST].en_ret = 0, disable low_fast
05-26 02:44:48.066    95    95 E         : [SMART_CHG]SMART_CHG_ENDURANCE_PRO, en_ret = 0, fun_val = 0, active_status = 0
05-26 02:44:48.067    95    95 E         : [SMART_CHG]endurance monitor enable charger, soc <= -5
05-26 02:44:48.068    95    95 E [SMART_CHG]monitor_night_charging: night_charging = 0, soc = 37
05-26 02:44:48.069    95    95 E [SMART_CHG]monitor_low_fast_strategy: soc = 37, thermal_level = 0, thermal_board_temp = 0, pd_active = 0, low_fast_plugin_flag = 1, low_fast_enable = 0, screen_state = 0, b_flag = 0
05-26 02:44:48.071    95    95 E [SMART_CHG]monitor_low_fast_strategy: use default thermal current=6000000
05-26 02:44:48.073    95    95 E [SMART_CHG]get_fv_ageing: i = 1, fv_aging = 10
05-26 02:44:48.141   244   244 W ServiceManager: Waited one second for android.system.keystore2.IKeystoreService/default (is service started? are binder threads started and available?)
05-26 02:44:48.141   237   237 I servicemanager: Since 'android.system.keystore2.IKeystoreService/default' could not be found, trying to start it as a lazy AIDL service
05-26 02:44:48.144   237   369 W libc    : Unable to set property "ctl.interface_start" to "aidl/android.system.keystore2.IKeystoreService/default": error code: 0x20
05-26 02:44:48.144   237   369 I servicemanager: Tried to start aidl service android.system.keystore2.IKeystoreService/default as a lazy service, but was unable to. Usually this happens when a service is not installed, but if the service is intended to be used as a lazy service, then it may be configured incorrectly.
05-26 02:44:48.145     1     1 E init    : Control message: Could not find 'aidl/android.system.keystore2.IKeystoreService/default' for ctl.interface_start from pid: 237 (/system/bin/servicemanager)
05-26 02:44:48.223   137   137 E         : get charge control limit:0
05-26 02:44:48.223   137   137 I         : [SW_JEITA] ffc_disable = 0, ffc = 0, pd_type = 5, thermal_lv = 0, single_cell_mode = 0, uisoc:37, chg_turn_on_flag:0
05-26 02:44:48.225   137   137 I         : ALG_STATE= 1
05-26 02:44:48.225   137   137 I handle_charge_done_and_recharge: info->country_code:0
05-26 02:44:48.226   210   210 I mtk_charger_start_timer: alarm timer start:1, 45 735494155
05-26 02:44:48.226   137   137 I         : charge status not 100, so power supply changed
05-26 02:44:48.227   210   210 I         : [PE50]pe50_hal_get_soc uisoc = 37
05-26 02:44:48.227   210   210 I         : alg_state = 3
05-26 02:44:48.227   210   210 I         : alg_state = 1
05-26 02:44:48.228   137   137 I handle_charge_done_and_recharge: ffc=0, rsoc=36, soc=37, temp=38, fv=4470, vbat=3841, iterm=420, ibat=328, full=0, full_cnt=0, v_cnt=0, recharge_cnt=0 threshold_mv=18
05-26 02:44:48.230   210   210 I         : mt635x-auxadc mt635x-auxadc: Error: Get efuse failed (-517)
05-26 02:44:48.233   210   210 I         : vbat_out_old=38480, vthr=685, T_curr=-4074, vbat_out=38480
05-26 02:44:48.234   210   210 I [upm6922-charger]: upm6922_set_input_volt_limit:mv:4200
05-26 02:44:48.234   137   137 E         : [mtk_battery_external_power_changed] low_temp = 38
05-26 02:44:48.235   210   210 I         : [SW_JEITA] Battery Temperature between 35 and 45 !!
05-26 02:44:48.236   137   137 I fgauge  : [fg_sw_bat_cycle_accu]drop diff_car
05-26 02:44:48.237   210   210 I         : [SW_JEITA] get batt_id succ
05-26 02:44:48.238   210   210 I         : [SW_JEITA] battery_id = 1
05-26 02:44:48.238   137   137 I fgauge  : [fg_sw_bat_cycle_accu]car[o:16 n:18],diff_car:2,ncar[o:12676 n:12676 hw:-586] thr 0
05-26 02:44:48.238   210   210 I [upm6922-charger]: upm6922_set_term_current:ma:420
05-26 02:44:48.238   210   210 I         : [SW_JEITA] ieoc = 420000
05-26 02:44:48.241   137   137 I         : mt635x-auxadc mt635x-auxadc: Error: Get efuse failed (-517)
05-26 02:44:48.241   210   210 I [upm6922-charger]: upm6922_set_chargevolt:mv:4670
05-26 02:44:48.241   210   210 I [SW_JEITA]tmp: 38 jeita_cv:4470000 jeita_cc:-1
05-26 02:44:48.242   137   137 I         : vbat_out_old=38460, vthr=685, T_curr=-4074, vbat_out=38460
05-26 02:44:48.244   137   137 E         : mtk_battery_external_power_changed event, name:battery online:1, status:1, EOC:0, cur_chr_type:1 old:1, vbat0:[o:0 n:0]
05-26 02:44:48.245   210   210 I tmp     : 38 (jeita:1 sm:5 cv:4470000 en:1) (sm:1) en:1 c:0 s:0 ov:0 0 sc:0 1 1 saf_cmd:-1 bat_mon:0 0
05-26 02:44:48.246   137   137 E [lc_charger_sysfs]psy_change_noti: psy name=mtk-master-charger, charge_type(1, 4)
05-26 02:44:48.247   210   210 I mtk_adapter_switch_control pd_type: 1, ufcs_type:1, ret:2, state: 0, set_pri:0, cnt:0
05-26 02:44:48.249   137   137 E [lc_charger_sysfs]lc_sysfs_get_charge_type: ta_status[PD] (1), pd_type (0), chr_type(4), usb_type(1), real_type(1)
05-26 02:44:48.250   210   210 I mtk_check_ta_status ret_ta_switch: 2, prtocol_state:0
05-26 02:44:48.251   137   137 E         : [lc_charger_sysfs]lc_sysfs_get_quick_charge_type chr_type=4, pd_type=0, temp=38, quick_chr_type:0, last_quick_charge_type:0
05-26 02:44:48.254   137   137 E         : [lc_charger_sysfs]capacity(37), vbat(3846), batt_status(1), shutdown_delay(0), count(0)
05-26 02:44:48.254   210   210 I get_ibus: get ibus failed: -95
05-26 02:44:48.255   270   270 E [lc_charger_sysfs]psy_change_noti: psy name=battery, charge_type(1, 4)
05-26 02:44:48.256   210   210 I get_ibat: get ibat failed: -95
05-26 02:44:48.256   210   210 I         : Vbat=3846 vbats=0 vbus:4863 ibus:0 I=327 T=38 uisoc:37 type:usb>usb idx:0 ta_stat:1 swchg_ibat:0 cv:3864000 cmd_pp:-1
05-26 02:44:48.256   210   210 I         : select_charging_current_limit batt verify = 1
05-26 02:44:48.257   270   270 E [lc_charger_sysfs]lc_sysfs_get_charge_type: ta_status[PD] (1), pd_type (0), chr_type(4), usb_type(1), real_type(1)
05-26 02:44:48.257   210   210 I         : chg_alg_set_current_limit
05-26 02:44:48.257   210   210 I         : [PE50]pe50_set_current_limit ic = 3000, cv = 4470, ibat_limit = 500
05-26 02:44:48.259   137   137 I get_charger_zcv: get charger zcv failed: -95
05-26 02:44:48.260   210   210 I         : pe50_set_prop 3 0
05-26 02:44:48.260   211   211 I         : [PE50]pe50_algo_threadfn state = STOP
05-26 02:44:48.260   211   211 I         : [PE50]pe50_algo_threadfn PE5.0 STOP
05-26 02:44:48.261   270   270 E         : [lc_charger_sysfs]lc_sysfs_get_quick_charge_type chr_type=4, pd_type=0, temp=38, quick_chr_type:0, last_quick_charge_type:0
05-26 02:44:48.262   210   210 I         : [PE50]pe50_hal_get_soc uisoc = 37
05-26 02:44:48.263   270   270 E         : [lc_charger_sysfs]capacity(37), vbat(3846), batt_status(1), shutdown_delay(0), count(0)
05-26 02:44:48.263   210   210 I         : support_fast_charging pe5 ret:ALG_NOT_READY, prtocol_state:0,  ffc_state0
05-26 02:44:48.264   283   283 I <   36.776>TCPC-TCPC: bat_update_work_func Battery Charging, soc = 37
05-26 02:44:48.265   210   210 I jeita_current_limit: jeita_input_current_limit: 3000000, jeita_charging_current_limit: 5950000
05-26 02:44:48.265   210   210 I debug   : 2, 1, 0
05-26 02:44:48.265   210   210 I         : m:0 chg1:-1,6000,500,500 chg2:-1,-1,0,0 dvchg1:-1 sc:500000 -1 0 type:4:1 usb_unlimited:0 usbif:0 usbsm:0 ii:-1,-1 aicl:-1 atm:0 bm:2 b:1
05-26 02:44:48.266   270   270 E         : get CV property fail
05-26 02:44:48.267   210   210 I do_algorithm is_basic: 1
05-26 02:44:48.267   210   210 I [upm6922-charger]: upm6922_set_input_current_limit:ma:500
05-26 02:44:48.267   210   210 I [upm6922-charger]: upm6922_set_chargecurrent:ma:500
05-26 02:44:48.267   270   270 E         : get charge control limit:0
05-26 02:44:48.269   210   210 I         : [PE50]pe50_hal_get_soc uisoc = 37
05-26 02:44:48.278   210   210 I [upm6922-charger]: upm6922_enable_charger:enable charge
05-26 02:44:48.279   210   210 E [upm6922-charger]: upm6922_dump_regs:Reg[00] = 0x04
05-26 02:44:48.280   210   210 E [upm6922-charger]: upm6922_dump_regs:Reg[01] = 0x1a
05-26 02:44:48.281   210   210 E [upm6922-charger]: upm6922_dump_regs:Reg[02] = 0x08
05-26 02:44:48.282   210   210 E [upm6922-charger]: upm6922_dump_regs:Reg[03] = 0xf6
05-26 02:44:48.283   210   210 E [upm6922-charger]: upm6922_dump_regs:Reg[04] = 0xc9
05-26 02:44:48.284   210   210 E [upm6922-charger]: upm6922_dump_regs:Reg[05] = 0x8f
05-26 02:44:48.285   210   210 E [upm6922-charger]: upm6922_dump_regs:Reg[06] = 0xf3
05-26 02:44:48.286   210   210 E [upm6922-charger]: upm6922_dump_regs:Reg[07] = 0x48
05-26 02:44:48.286   210   210 E [upm6922-charger]: upm6922_dump_regs:Reg[08] = 0x34
05-26 02:44:48.287   210   210 E [upm6922-charger]: upm6922_dump_regs:Reg[09] = 0x00
05-26 02:44:48.288   210   210 E [upm6922-charger]: upm6922_dump_regs:Reg[0a] = 0xa3
05-26 02:44:48.289   210   210 E [upm6922-charger]: upm6922_dump_regs:Reg[0b] = 0x14
05-26 02:44:48.290   210   210 E [upm6922-charger]: upm6922_dump_regs:Reg[0c] = 0x81
05-26 02:44:48.291   210   210 E [upm6922-charger]: upm6922_dump_regs:Reg[0d] = 0x80
05-26 02:44:48.292   210   210 E [upm6922-charger]: upm6922_dump_regs:Reg[0e] = 0x00
05-26 02:44:48.293   210   210 E [upm6922-charger]: upm6922_dump_regs:Reg[0f] = 0xff
05-26 02:44:48.294   210   210 E [upm6922-charger]: upm6922_dump_regs:Reg[10] = 0x00
05-26 02:44:48.294   210   210 E [upm6922-charger]: upm6922_dump_regs:Reg[11] = 0xff
05-26 02:44:48.295   210   210 E [upm6922-charger]: upm6922_dump_regs:Reg[12] = 0x00
05-26 02:44:48.296   210   210 E [upm6922-charger]: upm6922_dump_regs:Reg[13] = 0xff
05-26 02:44:48.297   210   210 E [upm6922-charger]: upm6922_dump_regs:Reg[14] = 0x00
05-26 02:44:48.298   210   210 E [upm6922-charger]: upm6922_dump_regs:Reg[15] = 0xcc
05-26 02:44:48.299   210   210 I [upm6922-charger]: upm6922_reset_watchdog_timer:reset
05-26 02:44:49.087    95    95 E         : get charge control limit:0
05-26 02:44:49.087    95    95 E         : [SMART_CHG]SMART_CHG_NAVIGATION, en_ret = 0, fun_val = 0, active_status = 0, smart_soc = 50, ui_soc =37, smart_ctrl_en = 0, ffc_en = 0
05-26 02:44:49.089    95    95 E         : [SMART_CHG]set smart_charge[SMART_CHG_LOW_FAST].en_ret = 0, disable low_fast
05-26 02:44:49.090    95    95 E         : [SMART_CHG]SMART_CHG_ENDURANCE_PRO, en_ret = 0, fun_val = 0, active_status = 0
05-26 02:44:49.091    95    95 E         : [SMART_CHG]endurance monitor enable charger, soc <= -5
05-26 02:44:49.092    95    95 E [SMART_CHG]monitor_night_charging: night_charging = 0, soc = 37
05-26 02:44:49.093    95    95 E [SMART_CHG]monitor_low_fast_strategy: soc = 37, thermal_level = 0, thermal_board_temp = 0, pd_active = 0, low_fast_plugin_flag = 1, low_fast_enable = 0, screen_state = 0, b_flag = 0
05-26 02:44:49.095    95    95 E [SMART_CHG]monitor_low_fast_strategy: use default thermal current=6000000
05-26 02:44:49.097    95    95 E [SMART_CHG]get_fv_ageing: i = 1, fv_aging = 10
05-26 02:44:49.141   244   244 W ServiceManager: Waited one second for android.system.keystore2.IKeystoreService/default (is service started? are binder threads started and available?)
05-26 02:44:49.141   237   237 I servicemanager: Since 'android.system.keystore2.IKeystoreService/default' could not be found, trying to start it as a lazy AIDL service
05-26 02:44:49.144   237   370 W libc    : Unable to set property "ctl.interface_start" to "aidl/android.system.keystore2.IKeystoreService/default": error code: 0x20
05-26 02:44:49.144   237   370 I servicemanager: Tried to start aidl service android.system.keystore2.IKeystoreService/default as a lazy service, but was unable to. Usually this happens when a service is not installed, but if the service is intended to be used as a lazy service, then it may be configured incorrectly.
05-26 02:44:49.145     1     1 E init    : Control message: Could not find 'aidl/android.system.keystore2.IKeystoreService/default' for ctl.interface_start from pid: 237 (/system/bin/servicemanager)
05-26 02:44:50.111    95    95 E         : get charge control limit:0
05-26 02:44:50.111    95    95 E         : [SMART_CHG]SMART_CHG_NAVIGATION, en_ret = 0, fun_val = 0, active_status = 0, smart_soc = 50, ui_soc =37, smart_ctrl_en = 0, ffc_en = 0
05-26 02:44:50.113    95    95 E         : [SMART_CHG]set smart_charge[SMART_CHG_LOW_FAST].en_ret = 0, disable low_fast
05-26 02:44:50.114    95    95 E         : [SMART_CHG]SMART_CHG_ENDURANCE_PRO, en_ret = 0, fun_val = 0, active_status = 0
05-26 02:44:50.115    95    95 E         : [SMART_CHG]endurance monitor enable charger, soc <= -5
05-26 02:44:50.116    95    95 E [SMART_CHG]monitor_night_charging: night_charging = 0, soc = 37
05-26 02:44:50.117    95    95 E [SMART_CHG]monitor_low_fast_strategy: soc = 37, thermal_level = 0, thermal_board_temp = 0, pd_active = 0, low_fast_plugin_flag = 1, low_fast_enable = 0, screen_state = 0, b_flag = 0
05-26 02:44:50.119    95    95 E [SMART_CHG]monitor_low_fast_strategy: use default thermal current=6000000
05-26 02:44:50.122    95    95 E [SMART_CHG]get_fv_ageing: i = 1, fv_aging = 10
05-26 02:44:50.142   244   244 W ServiceManager: Waited one second for android.system.keystore2.IKeystoreService/default (is service started? are binder threads started and available?)
05-26 02:44:50.142   237   237 I servicemanager: Since 'android.system.keystore2.IKeystoreService/default' could not be found, trying to start it as a lazy AIDL service
05-26 02:44:50.143   237   371 W libc    : Unable to set property "ctl.interface_start" to "aidl/android.system.keystore2.IKeystoreService/default": error code: 0x20
05-26 02:44:50.143   237   371 I servicemanager: Tried to start aidl service android.system.keystore2.IKeystoreService/default as a lazy service, but was unable to. Usually this happens when a service is not installed, but if the service is intended to be used as a lazy service, then it may be configured incorrectly.
05-26 02:44:50.239   270   270 E         : get charge control limit:0
05-26 02:44:50.239   270   270 I         : [SW_JEITA] ffc_disable = 0, ffc = 0, pd_type = 5, thermal_lv = 0, single_cell_mode = 0, uisoc:37, chg_turn_on_flag:0
05-26 02:44:50.241   270   270 I         : ALG_STATE= 1
05-26 02:44:50.241   270   270 I handle_charge_done_and_recharge: info->country_code:0
05-26 02:44:50.242   210   210 I mtk_charger_start_timer: alarm timer start:1, 47 751484309
05-26 02:44:50.242   270   270 I         : charge status not 100, so power supply changed
05-26 02:44:50.243   210   210 I         : [PE50]pe50_hal_get_soc uisoc = 37
05-26 02:44:50.243   210   210 I         : alg_state = 3
05-26 02:44:50.243   210   210 I         : alg_state = 1
05-26 02:44:50.244   270   270 I handle_charge_done_and_recharge: ffc=0, rsoc=36, soc=37, temp=38, fv=4470, vbat=3841, iterm=420, ibat=357, full=0, full_cnt=0, v_cnt=0, recharge_cnt=0 threshold_mv=18
05-26 02:44:50.246   210   210 I         : mt635x-auxadc mt635x-auxadc: Error: Get efuse failed (-517)
05-26 02:44:50.249   210   210 I         : vbat_out_old=38510, vthr=685, T_curr=-4074, vbat_out=38510
05-26 02:44:50.250   210   210 I [upm6922-charger]: upm6922_set_input_volt_limit:mv:4200
05-26 02:44:50.250   270   270 E         : [mtk_battery_external_power_changed] low_temp = 38
05-26 02:44:50.251   210   210 I         : [SW_JEITA] Battery Temperature between 35 and 45 !!
05-26 02:44:50.252   270   270 I fgauge  : [fg_sw_bat_cycle_accu]drop diff_car
05-26 02:44:50.252   210   210 I         : [SW_JEITA] get batt_id succ
05-26 02:44:50.254   210   210 I         : [SW_JEITA] battery_id = 1
05-26 02:44:50.254   270   270 I fgauge  : [fg_sw_bat_cycle_accu]car[o:18 n:20],diff_car:2,ncar[o:12676 n:12676 hw:-586] thr 0
05-26 02:44:50.254   210   210 I [upm6922-charger]: upm6922_set_term_current:ma:420
05-26 02:44:50.257   210   210 I         : [SW_JEITA] ieoc = 420000
05-26 02:44:50.257   270   270 I         : mt635x-auxadc mt635x-auxadc: Error: Get efuse failed (-517)
05-26 02:44:50.257   210   210 I [upm6922-charger]: upm6922_set_chargevolt:mv:4670
05-26 02:44:50.257   210   210 I [SW_JEITA]tmp: 38 jeita_cv:4470000 jeita_cc:-1
05-26 02:44:50.258   270   270 I         : vbat_out_old=38500, vthr=685, T_curr=-4074, vbat_out=38500
05-26 02:44:50.261   270   270 E         : mtk_battery_external_power_changed event, name:battery online:1, status:1, EOC:0, cur_chr_type:1 old:1, vbat0:[o:0 n:0]
05-26 02:44:50.261   210   210 I tmp     : 38 (jeita:1 sm:5 cv:4470000 en:1) (sm:1) en:1 c:0 s:0 ov:0 0 sc:0 1 1 saf_cmd:-1 bat_mon:0 0
05-26 02:44:50.262   270   270 E [lc_charger_sysfs]psy_change_noti: psy name=mtk-master-charger, charge_type(1, 4)
05-26 02:44:50.264   210   210 I mtk_adapter_switch_control pd_type: 1, ufcs_type:1, ret:2, state: 0, set_pri:0, cnt:0
05-26 02:44:50.265   270   270 E [lc_charger_sysfs]lc_sysfs_get_charge_type: ta_status[PD] (1), pd_type (0), chr_type(4), usb_type(1), real_type(1)
05-26 02:44:50.266   210   210 I mtk_check_ta_status ret_ta_switch: 2, prtocol_state:0
05-26 02:44:50.267   270   270 E         : [lc_charger_sysfs]lc_sysfs_get_quick_charge_type chr_type=4, pd_type=0, temp=38, quick_chr_type:0, last_quick_charge_type:0
05-26 02:44:50.269   210   210 I get_ibus: get ibus failed: -95
05-26 02:44:50.270   270   270 E         : [lc_charger_sysfs]capacity(37), vbat(3850), batt_status(1), shutdown_delay(0), count(0)
05-26 02:44:50.270   210   210 I get_ibat: get ibat failed: -95
05-26 02:44:50.272   137   137 E [lc_charger_sysfs]psy_change_noti: psy name=battery, charge_type(1, 4)
05-26 02:44:50.272   210   210 I         : Vbat=3850 vbats=0 vbus:4872 ibus:0 I=335 T=38 uisoc:37 type:usb>usb idx:0 ta_stat:1 swchg_ibat:0 cv:3864000 cmd_pp:-1
05-26 02:44:50.272   210   210 I         : select_charging_current_limit batt verify = 1
05-26 02:44:50.273   137   137 E [lc_charger_sysfs]lc_sysfs_get_charge_type: ta_status[PD] (1), pd_type (0), chr_type(4), usb_type(1), real_type(1)
05-26 02:44:50.275   210   210 I         : chg_alg_set_current_limit
05-26 02:44:50.275   210   210 I         : [PE50]pe50_set_current_limit ic = 3000, cv = 4470, ibat_limit = 500
05-26 02:44:50.275   210   210 I         : pe50_set_prop 3 0
05-26 02:44:50.275   210   210 I         : [PE50]pe50_hal_get_soc uisoc = 37
05-26 02:44:50.275   210   210 I         : support_fast_charging pe5 ret:ALG_NOT_READY, prtocol_state:0,  ffc_state0
05-26 02:44:50.275   211   211 I         : [PE50]pe50_algo_threadfn state = STOP
05-26 02:44:50.275   211   211 I         : [PE50]pe50_algo_threadfn PE5.0 STOP
05-26 02:44:50.276   270   270 I get_charger_zcv: get charger zcv failed: -95
05-26 02:44:50.277   210   210 I jeita_current_limit: jeita_input_current_limit: 3000000, jeita_charging_current_limit: 5950000
05-26 02:44:50.278   137   137 E         : [lc_charger_sysfs]lc_sysfs_get_quick_charge_type chr_type=4, pd_type=0, temp=38, quick_chr_type:0, last_quick_charge_type:0
05-26 02:44:50.279   210   210 I debug   : 2, 1, 0
05-26 02:44:50.279   210   210 I         : m:0 chg1:-1,6000,500,500 chg2:-1,-1,0,0 dvchg1:-1 sc:500000 -1 0 type:4:1 usb_unlimited:0 usbif:0 usbsm:0 ii:-1,-1 aicl:-1 atm:0 bm:2 b:1
05-26 02:44:50.279   137   137 E         : [lc_charger_sysfs]capacity(37), vbat(3850), batt_status(1), shutdown_delay(0), count(0)
05-26 02:44:50.280   210   210 I do_algorithm is_basic: 1
05-26 02:44:50.281   283   283 I <   38.793>TCPC-TCPC: bat_update_work_func Battery Charging, soc = 37
05-26 02:44:50.282   210   210 I [upm6922-charger]: upm6922_set_input_current_limit:ma:500
05-26 02:44:50.282   210   210 I [upm6922-charger]: upm6922_set_chargecurrent:ma:500
05-26 02:44:50.283   137   137 E         : get CV property fail
05-26 02:44:50.284   210   210 I         : [PE50]pe50_hal_get_soc uisoc = 37
05-26 02:44:50.286   137   137 E         : get charge control limit:0
05-26 02:44:50.286   210   210 I [upm6922-charger]: upm6922_enable_charger:enable charge
05-26 02:44:50.295   210   210 E [upm6922-charger]: upm6922_dump_regs:Reg[00] = 0x04
05-26 02:44:50.296   210   210 E [upm6922-charger]: upm6922_dump_regs:Reg[01] = 0x1a
05-26 02:44:50.297   210   210 E [upm6922-charger]: upm6922_dump_regs:Reg[02] = 0x08
05-26 02:44:50.298   210   210 E [upm6922-charger]: upm6922_dump_regs:Reg[03] = 0xf6
05-26 02:44:50.299   210   210 E [upm6922-charger]: upm6922_dump_regs:Reg[04] = 0xc9
05-26 02:44:50.300   210   210 E [upm6922-charger]: upm6922_dump_regs:Reg[05] = 0x8f
05-26 02:44:50.301   210   210 E [upm6922-charger]: upm6922_dump_regs:Reg[06] = 0xf3
05-26 02:44:50.302   210   210 E [upm6922-charger]: upm6922_dump_regs:Reg[07] = 0x48
05-26 02:44:50.302   210   210 E [upm6922-charger]: upm6922_dump_regs:Reg[08] = 0x34
05-26 02:44:50.303   210   210 E [upm6922-charger]: upm6922_dump_regs:Reg[09] = 0x00
05-26 02:44:50.304   210   210 E [upm6922-charger]: upm6922_dump_regs:Reg[0a] = 0xa3
05-26 02:44:50.305   210   210 E [upm6922-charger]: upm6922_dump_regs:Reg[0b] = 0x14
05-26 02:44:50.306   210   210 E [upm6922-charger]: upm6922_dump_regs:Reg[0c] = 0x81
05-26 02:44:50.307   210   210 E [upm6922-charger]: upm6922_dump_regs:Reg[0d] = 0x80
05-26 02:44:50.308   210   210 E [upm6922-charger]: upm6922_dump_regs:Reg[0e] = 0x00
05-26 02:44:50.309   210   210 E [upm6922-charger]: upm6922_dump_regs:Reg[0f] = 0xff
05-26 02:44:50.310   210   210 E [upm6922-charger]: upm6922_dump_regs:Reg[10] = 0x00
05-26 02:44:50.310   210   210 E [upm6922-charger]: upm6922_dump_regs:Reg[11] = 0xff
05-26 02:44:50.311   210   210 E [upm6922-charger]: upm6922_dump_regs:Reg[12] = 0x00
05-26 02:44:50.312   210   210 E [upm6922-charger]: upm6922_dump_regs:Reg[13] = 0xff
05-26 02:44:50.313   210   210 E [upm6922-charger]: upm6922_dump_regs:Reg[14] = 0x00
05-26 02:44:50.314   210   210 E [upm6922-charger]: upm6922_dump_regs:Reg[15] = 0xcc
05-26 02:44:50.315   210   210 I [upm6922-charger]: upm6922_reset_watchdog_timer:reset
05-26 02:44:50.336     1     1 I init    : starting service 'keystore2'...
05-26 02:44:50.340   372   372 E init    : failed to write pid to files: couldn't write 372 to /dev/cpuset/foreground/tasks: No such file or directory
05-26 02:44:50.431   372   372 I keystore2: keystore2_main: Keystore2 is starting.
05-26 02:44:50.432   372   372 I keystore2: keystore2_main: Starting thread pool now.
05-26 02:44:50.432   372   373 I keystore2: getDeviceHalManifest: Reading VINTF information.
05-26 02:44:50.434   372   373 E keystore2: getDeviceHalManifest: status from fetching VINTF information: -22
05-26 02:44:50.434   372   373 E keystore2: getDeviceHalManifest: -22 VINTF parse error: Illformed file: /vendor/etc/vintf/manifest.xml: Unrecognized manifest.version 8.0 (libvintf@4.0)
05-26 02:44:50.434   372   372 I keystore2: getDeviceHalManifest: Reading VINTF information.
05-26 02:44:50.434   372   373 F libc    : Fatal signal 11 (SIGSEGV), code 1 (SEGV_MAPERR), fault addr 0x0 in tid 373 (keystore2), pid 372 (Binder:372_2)
05-26 02:44:50.434   372   372 E keystore2: getDeviceHalManifest: status from fetching VINTF information: -22
05-26 02:44:50.434   372   372 E keystore2: getDeviceHalManifest: -22 VINTF parse error: Illformed file: /vendor/etc/vintf/manifest.xml: Unrecognized manifest.version 8.0 (libvintf@4.0)
05-26 02:44:50.437   377   377 F libc    : failed to exec crash_dump helper: No such file or directory
05-26 02:44:50.439   372   373 F libc    : crash_dump helper failed to exec, or was killed
05-26 02:44:50.439   372   373 F libc    : failed to wait for crash_dump helper: No child processes
05-26 02:44:50.445     1     1 I init    : Service 'keystore2' (pid 372) received signal 11
05-26 02:44:50.446     1     1 I init    : Sending signal 9 to service 'keystore2' (pid 372) process group...
05-26 02:44:50.447     1     1 I libprocessgroup: Successfully killed process cgroup uid 0 pid 372 in 0ms
05-26 02:44:50.449     1     1 I init    : Untracked pid 377 exited with status 1
05-26 02:44:51.135    95    95 E         : get charge control limit:0
05-26 02:44:51.135    95    95 E         : [SMART_CHG]SMART_CHG_NAVIGATION, en_ret = 0, fun_val = 0, active_status = 0, smart_soc = 50, ui_soc =37, smart_ctrl_en = 0, ffc_en = 0
05-26 02:44:51.137    95    95 E         : [SMART_CHG]set smart_charge[SMART_CHG_LOW_FAST].en_ret = 0, disable low_fast
05-26 02:44:51.138    95    95 E         : [SMART_CHG]SMART_CHG_ENDURANCE_PRO, en_ret = 0, fun_val = 0, active_status = 0
05-26 02:44:51.139    95    95 E         : [SMART_CHG]endurance monitor enable charger, soc <= -5
05-26 02:44:51.140    95    95 E [SMART_CHG]monitor_night_charging: night_charging = 0, soc = 37
05-26 02:44:51.141    95    95 E [SMART_CHG]monitor_low_fast_strategy: soc = 37, thermal_level = 0, thermal_board_temp = 0, pd_active = 0, low_fast_plugin_flag = 1, low_fast_enable = 0, screen_state = 0, b_flag = 0
05-26 02:44:51.143    95    95 E [SMART_CHG]monitor_low_fast_strategy: use default thermal current=6000000
05-26 02:44:51.142   244   244 W ServiceManager: Waited one second for android.system.keystore2.IKeystoreService/default (is service started? are binder threads started and available?)
05-26 02:44:51.143   237   237 I servicemanager: Since 'android.system.keystore2.IKeystoreService/default' could not be found, trying to start it as a lazy AIDL service
05-26 02:44:51.145    95    95 E [SMART_CHG]get_fv_ageing: i = 1, fv_aging = 10
05-26 02:44:51.146     1     1 E init    : Control message: Could not find 'aidl/android.system.keystore2.IKeystoreService/default' for ctl.interface_start from pid: 237 (/system/bin/servicemanager)
05-26 02:44:51.146   237   379 W libc    : Unable to set property "ctl.interface_start" to "aidl/android.system.keystore2.IKeystoreService/default": error code: 0x20
05-26 02:44:51.146   237   379 I servicemanager: Tried to start aidl service android.system.keystore2.IKeystoreService/default as a lazy service, but was unable to. Usually this happens when a service is not installed, but if the service is intended to be used as a lazy service, then it may be configured incorrectly.
05-26 02:44:52.143   244   244 W ServiceManager: Waited one second for android.system.keystore2.IKeystoreService/default (is service started? are binder threads started and available?)
