05-25 08:00:04.406   238  1128 W libc    : Unable to set property "ctl.interface_start" to "aidl/android.system.keystore2.IKeystoreService/default": error code: 0x20
05-25 08:00:04.406   238  1128 I servicemanager: Tried to start aidl service android.system.keystore2.IKeystoreService/default as a lazy service, but was unable to. Usually this happens when a service is not installed, but if the service is intended to be used as a lazy service, then it may be configured incorrectly.
05-25 08:00:05.405   248   248 W ServiceManager: Waited one second for android.system.keystore2.IKeystoreService/default (is service started? are binder threads started and available?)
05-25 08:00:05.406   238   238 I servicemanager: Since 'android.system.keystore2.IKeystoreService/default' could not be found, trying to start it as a lazy AIDL service
05-25 08:00:05.406   238  1129 W libc    : Unable to set property "ctl.interface_start" to "aidl/android.system.keystore2.IKeystoreService/default": error code: 0x20
05-25 08:00:05.406   238  1129 I servicemanager: Tried to start aidl service android.system.keystore2.IKeystoreService/default as a lazy service, but was unable to. Usually this happens when a service is not installed, but if the service is intended to be used as a lazy service, then it may be configured incorrectly.
05-25 08:00:06.130  1130  1130 F linker  : CANNOT LINK EXECUTABLE "/vendor/bin/hw/android.hardware.vibrator-service.mediatek": cannot locate symbol "_ZNSt3__122__libcpp_verbose_abortEPKcz" referenced by "/vendor/bin/hw/android.hardware.vibrator-service.mediatek"...
05-25 08:00:06.406   248   248 W ServiceManager: Waited one second for android.system.keystore2.IKeystoreService/default (is service started? are binder threads started and available?)
05-25 08:00:06.406   238   238 I servicemanager: Since 'android.system.keystore2.IKeystoreService/default' could not be found, trying to start it as a lazy AIDL service
05-25 08:00:06.409   238  1131 W libc    : Unable to set property "ctl.interface_start" to "aidl/android.system.keystore2.IKeystoreService/default": error code: 0x20
05-25 08:00:06.409   238  1131 I servicemanager: Tried to start aidl service android.system.keystore2.IKeystoreService/default as a lazy service, but was unable to. Usually this happens when a service is not installed, but if the service is intended to be used as a lazy service, then it may be configured incorrectly.
05-25 08:00:07.406   248   248 W ServiceManager: Waited one second for android.system.keystore2.IKeystoreService/default (is service started? are binder threads started and available?)
05-25 08:00:07.407   238   238 I servicemanager: Since 'android.system.keystore2.IKeystoreService/default' could not be found, trying to start it as a lazy AIDL service
05-25 08:00:07.410   238  1132 W libc    : Unable to set property "ctl.interface_start" to "aidl/android.system.keystore2.IKeystoreService/default": error code: 0x20
05-25 08:00:07.410   238  1132 I servicemanager: Tried to start aidl service android.system.keystore2.IKeystoreService/default as a lazy service, but was unable to. Usually this happens when a service is not installed, but if the service is intended to be used as a lazy service, then it may be configured incorrectly.
05-25 08:00:08.407   248   248 W ServiceManager: Waited one second for android.system.keystore2.IKeystoreService/default (is service started? are binder threads started and available?)
05-25 08:00:08.407   238   238 I servicemanager: Since 'android.system.keystore2.IKeystoreService/default' could not be found, trying to start it as a lazy AIDL service
05-25 08:00:08.410   238  1133 W libc    : Unable to set property "ctl.interface_start" to "aidl/android.system.keystore2.IKeystoreService/default": error code: 0x20
05-25 08:00:08.410   238  1133 I servicemanager: Tried to start aidl service android.system.keystore2.IKeystoreService/default as a lazy service, but was unable to. Usually this happens when a service is not installed, but if the service is intended to be used as a lazy service, then it may be configured incorrectly.
05-25 08:00:08.764  1134  1134 I keystore2: keystore2_main: Keystore2 is starting.
05-25 08:00:08.765  1134  1134 I keystore2: keystore2_main: Starting thread pool now.
05-25 08:00:08.765  1134  1135 I keystore2: getDeviceHalManifest: Reading VINTF information.
05-25 08:00:08.766  1134  1135 E keystore2: getDeviceHalManifest: status from fetching VINTF information: -22
05-25 08:00:08.766  1134  1135 E keystore2: getDeviceHalManifest: -22 VINTF parse error: Illformed file: /vendor/etc/vintf/manifest.xml: Unrecognized manifest.version 8.0 (libvintf@4.0)
05-25 08:00:08.766  1134  1134 I keystore2: getDeviceHalManifest: Reading VINTF information.
05-25 08:00:08.766  1134  1135 F libc    : Fatal signal 11 (SIGSEGV), code 1 (SEGV_MAPERR), fault addr 0x0 in tid 1135 (keystore2), pid 1134 (Binder:1134_2)
05-25 08:00:08.766  1134  1134 E keystore2: getDeviceHalManifest: status from fetching VINTF information: -22
05-25 08:00:08.766  1134  1134 E keystore2: getDeviceHalManifest: -22 VINTF parse error: Illformed file: /vendor/etc/vintf/manifest.xml: Unrecognized manifest.version 8.0 (libvintf@4.0)
05-25 08:00:08.769  1139  1139 F libc    : failed to exec crash_dump helper: No such file or directory
05-25 08:00:08.771  1134  1135 F libc    : crash_dump helper failed to exec, or was killed
05-25 08:00:08.771  1134  1135 F libc    : failed to wait for crash_dump helper: No child processes
05-25 08:00:09.408   248   248 W ServiceManager: Waited one second for android.system.keystore2.IKeystoreService/default (is service started? are binder threads started and available?)
05-25 08:00:09.408   238   238 I servicemanager: Since 'android.system.keystore2.IKeystoreService/default' could not be found, trying to start it as a lazy AIDL service
05-25 08:00:09.409   238  1141 W libc    : Unable to set property "ctl.interface_start" to "aidl/android.system.keystore2.IKeystoreService/default": error code: 0x20
05-25 08:00:09.409   238  1141 I servicemanager: Tried to start aidl service android.system.keystore2.IKeystoreService/default as a lazy service, but was unable to. Usually this happens when a service is not installed, but if the service is intended to be used as a lazy service, then it may be configured incorrectly.
05-25 08:00:10.408   248   248 W ServiceManager: Waited one second for android.system.keystore2.IKeystoreService/default (is service started? are binder threads started and available?)
05-25 08:00:10.408   238   238 I servicemanager: Since 'android.system.keystore2.IKeystoreService/default' could not be found, trying to start it as a lazy AIDL service
05-25 08:00:10.409   238  1142 W libc    : Unable to set property "ctl.interface_start" to "aidl/android.system.keystore2.IKeystoreService/default": error code: 0x20
05-25 08:00:10.409   238  1142 I servicemanager: Tried to start aidl service android.system.keystore2.IKeystoreService/default as a lazy service, but was unable to. Usually this happens when a service is not installed, but if the service is intended to be used as a lazy service, then it may be configured incorrectly.
05-25 08:00:11.134  1143  1143 F linker  : CANNOT LINK EXECUTABLE "/vendor/bin/hw/android.hardware.vibrator-service.mediatek": cannot locate symbol "_ZNSt3__122__libcpp_verbose_abortEPKcz" referenced by "/vendor/bin/hw/android.hardware.vibrator-service.mediatek"...
05-25 08:00:11.409   248   248 W ServiceManager: Waited one second for android.system.keystore2.IKeystoreService/default (is service started? are binder threads started and available?)
05-25 08:00:11.409   238   238 I servicemanager: Since 'android.system.keystore2.IKeystoreService/default' could not be found, trying to start it as a lazy AIDL service
05-25 08:00:11.412   238  1144 W libc    : Unable to set property "ctl.interface_start" to "aidl/android.system.keystore2.IKeystoreService/default": error code: 0x20
05-25 08:00:11.412   238  1144 I servicemanager: Tried to start aidl service android.system.keystore2.IKeystoreService/default as a lazy service, but was unable to. Usually this happens when a service is not installed, but if the service is intended to be used as a lazy service, then it may be configured incorrectly.
05-25 08:00:12.409   248   248 W ServiceManager: Waited one second for android.system.keystore2.IKeystoreService/default (is service started? are binder threads started and available?)
05-25 08:00:12.410   238   238 I servicemanager: Since 'android.system.keystore2.IKeystoreService/default' could not be found, trying to start it as a lazy AIDL service
05-25 08:00:12.413   238  1145 W libc    : Unable to set property "ctl.interface_start" to "aidl/android.system.keystore2.IKeystoreService/default": error code: 0x20
05-25 08:00:12.413   238  1145 I servicemanager: Tried to start aidl service android.system.keystore2.IKeystoreService/default as a lazy service, but was unable to. Usually this happens when a service is not installed, but if the service is intended to be used as a lazy service, then it may be configured incorrectly.
05-25 08:00:13.410   248   248 W ServiceManager: Waited one second for android.system.keystore2.IKeystoreService/default (is service started? are binder threads started and available?)
05-25 08:00:13.410   238   238 I servicemanager: Since 'android.system.keystore2.IKeystoreService/default' could not be found, trying to start it as a lazy AIDL service
05-25 08:00:13.413   238  1146 W libc    : Unable to set property "ctl.interface_start" to "aidl/android.system.keystore2.IKeystoreService/default": error code: 0x20
05-25 08:00:13.413   238  1146 I servicemanager: Tried to start aidl service android.system.keystore2.IKeystoreService/default as a lazy service, but was unable to. Usually this happens when a service is not installed, but if the service is intended to be used as a lazy service, then it may be configured incorrectly.
05-25 08:00:13.759  1147  1147 I keystore2: keystore2_main: Keystore2 is starting.
05-25 08:00:13.760  1147  1147 I keystore2: keystore2_main: Starting thread pool now.
05-25 08:00:13.761  1147  1148 I keystore2: getDeviceHalManifest: Reading VINTF information.
05-25 08:00:13.762  1147  1148 E keystore2: getDeviceHalManifest: status from fetching VINTF information: -22
05-25 08:00:13.762  1147  1148 E keystore2: getDeviceHalManifest: -22 VINTF parse error: Illformed file: /vendor/etc/vintf/manifest.xml: Unrecognized manifest.version 8.0 (libvintf@4.0)
05-25 08:00:13.762  1147  1147 I keystore2: getDeviceHalManifest: Reading VINTF information.
05-25 08:00:13.762  1147  1148 F libc    : Fatal signal 11 (SIGSEGV), code 1 (SEGV_MAPERR), fault addr 0x0 in tid 1148 (keystore2), pid 1147 (Binder:1147_2)
05-25 08:00:13.762  1147  1147 E keystore2: getDeviceHalManifest: status from fetching VINTF information: -22
05-25 08:00:13.763  1147  1147 E keystore2: getDeviceHalManifest: -22 VINTF parse error: Illformed file: /vendor/etc/vintf/manifest.xml: Unrecognized manifest.version 8.0 (libvintf@4.0)
05-25 08:00:13.765  1152  1152 F libc    : failed to exec crash_dump helper: No such file or directory
05-25 08:00:13.767  1147  1148 F libc    : crash_dump helper failed to exec, or was killed
05-25 08:00:13.767  1147  1148 F libc    : failed to wait for crash_dump helper: No child processes
05-25 08:00:14.411   248   248 W ServiceManager: Waited one second for android.system.keystore2.IKeystoreService/default (is service started? are binder threads started and available?)
05-25 08:00:14.411   238   238 I servicemanager: Since 'android.system.keystore2.IKeystoreService/default' could not be found, trying to start it as a lazy AIDL service
05-25 08:00:14.412   238  1154 W libc    : Unable to set property "ctl.interface_start" to "aidl/android.system.keystore2.IKeystoreService/default": error code: 0x20
05-25 08:00:14.412   238  1154 I servicemanager: Tried to start aidl service android.system.keystore2.IKeystoreService/default as a lazy service, but was unable to. Usually this happens when a service is not installed, but if the service is intended to be used as a lazy service, then it may be configured incorrectly.
05-25 08:00:15.411   248   248 W ServiceManager: Waited one second for android.system.keystore2.IKeystoreService/default (is service started? are binder threads started and available?)
05-25 08:00:15.411   238   238 I servicemanager: Since 'android.system.keystore2.IKeystoreService/default' could not be found, trying to start it as a lazy AIDL service
05-25 08:00:15.412   238  1155 W libc    : Unable to set property "ctl.interface_start" to "aidl/android.system.keystore2.IKeystoreService/default": error code: 0x20
05-25 08:00:15.412   238  1155 I servicemanager: Tried to start aidl service android.system.keystore2.IKeystoreService/default as a lazy service, but was unable to. Usually this happens when a service is not installed, but if the service is intended to be used as a lazy service, then it may be configured incorrectly.
05-25 08:00:16.139  1156  1156 F linker  : CANNOT LINK EXECUTABLE "/vendor/bin/hw/android.hardware.vibrator-service.mediatek": cannot locate symbol "_ZNSt3__122__libcpp_verbose_abortEPKcz" referenced by "/vendor/bin/hw/android.hardware.vibrator-service.mediatek"...
05-25 08:00:16.412   248   248 W ServiceManager: Waited one second for android.system.keystore2.IKeystoreService/default (is service started? are binder threads started and available?)
05-25 08:00:16.412   238   238 I servicemanager: Since 'android.system.keystore2.IKeystoreService/default' could not be found, trying to start it as a lazy AIDL service
05-25 08:00:16.415   238  1157 W libc    : Unable to set property "ctl.interface_start" to "aidl/android.system.keystore2.IKeystoreService/default": error code: 0x20
05-25 08:00:16.415   238  1157 I servicemanager: Tried to start aidl service android.system.keystore2.IKeystoreService/default as a lazy service, but was unable to. Usually this happens when a service is not installed, but if the service is intended to be used as a lazy service, then it may be configured incorrectly.
05-25 08:00:17.412   248   248 W ServiceManager: Waited one second for android.system.keystore2.IKeystoreService/default (is service started? are binder threads started and available?)
05-25 08:00:17.412   238   238 I servicemanager: Since 'android.system.keystore2.IKeystoreService/default' could not be found, trying to start it as a lazy AIDL service
05-25 08:00:17.415   238  1158 W libc    : Unable to set property "ctl.interface_start" to "aidl/android.system.keystore2.IKeystoreService/default": error code: 0x20
05-25 08:00:17.415   238  1158 I servicemanager: Tried to start aidl service android.system.keystore2.IKeystoreService/default as a lazy service, but was unable to. Usually this happens when a service is not installed, but if the service is intended to be used as a lazy service, then it may be configured incorrectly.
05-25 08:00:18.413   248   248 W ServiceManager: Waited one second for android.system.keystore2.IKeystoreService/default (is service started? are binder threads started and available?)
05-25 08:00:18.413   238   238 I servicemanager: Since 'android.system.keystore2.IKeystoreService/default' could not be found, trying to start it as a lazy AIDL service
05-25 08:00:18.416   238  1159 W libc    : Unable to set property "ctl.interface_start" to "aidl/android.system.keystore2.IKeystoreService/default": error code: 0x20
05-25 08:00:18.416   238  1159 I servicemanager: Tried to start aidl service android.system.keystore2.IKeystoreService/default as a lazy service, but was unable to. Usually this happens when a service is not installed, but if the service is intended to be used as a lazy service, then it may be configured incorrectly.
05-25 08:00:18.772  1160  1160 I keystore2: keystore2_main: Keystore2 is starting.
05-25 08:00:18.773  1160  1160 I keystore2: keystore2_main: Starting thread pool now.
05-25 08:00:18.773  1160  1161 I keystore2: getDeviceHalManifest: Reading VINTF information.
05-25 08:00:18.775  1160  1161 E keystore2: getDeviceHalManifest: status from fetching VINTF information: -22
05-25 08:00:18.775  1160  1161 E keystore2: getDeviceHalManifest: -22 VINTF parse error: Illformed file: /vendor/etc/vintf/manifest.xml: Unrecognized manifest.version 8.0 (libvintf@4.0)
05-25 08:00:18.775  1160  1160 I keystore2: getDeviceHalManifest: Reading VINTF information.
05-25 08:00:18.775  1160  1161 F libc    : Fatal signal 11 (SIGSEGV), code 1 (SEGV_MAPERR), fault addr 0x0 in tid 1161 (keystore2), pid 1160 (Binder:1160_2)
05-25 08:00:18.775  1160  1160 E keystore2: getDeviceHalManifest: status from fetching VINTF information: -22
05-25 08:00:18.775  1160  1160 E keystore2: getDeviceHalManifest: -22 VINTF parse error: Illformed file: /vendor/etc/vintf/manifest.xml: Unrecognized manifest.version 8.0 (libvintf@4.0)
05-25 08:00:18.778  1165  1165 F libc    : failed to exec crash_dump helper: No such file or directory
05-25 08:00:18.779  1160  1161 F libc    : crash_dump helper failed to exec, or was killed
05-25 08:00:18.779  1160  1161 F libc    : failed to wait for crash_dump helper: No child processes
05-25 08:00:19.413   248   248 W ServiceManager: Waited one second for android.system.keystore2.IKeystoreService/default (is service started? are binder threads started and available?)
05-25 08:00:19.414   238   238 I servicemanager: Since 'android.system.keystore2.IKeystoreService/default' could not be found, trying to start it as a lazy AIDL service
05-25 08:00:19.414   238  1167 W libc    : Unable to set property "ctl.interface_start" to "aidl/android.system.keystore2.IKeystoreService/default": error code: 0x20
05-25 08:00:19.415   238  1167 I servicemanager: Tried to start aidl service android.system.keystore2.IKeystoreService/default as a lazy service, but was unable to. Usually this happens when a service is not installed, but if the service is intended to be used as a lazy service, then it may be configured incorrectly.
05-25 08:00:20.414   248   248 W ServiceManager: Waited one second for android.system.keystore2.IKeystoreService/default (is service started? are binder threads started and available?)
05-25 08:00:20.414   238   238 I servicemanager: Since 'android.system.keystore2.IKeystoreService/default' could not be found, trying to start it as a lazy AIDL service
05-25 08:00:20.415   238  1168 W libc    : Unable to set property "ctl.interface_start" to "aidl/android.system.keystore2.IKeystoreService/default": error code: 0x20
05-25 08:00:20.415   238  1168 I servicemanager: Tried to start aidl service android.system.keystore2.IKeystoreService/default as a lazy service, but was unable to. Usually this happens when a service is not installed, but if the service is intended to be used as a lazy service, then it may be configured incorrectly.
05-25 08:00:21.143  1169  1169 F linker  : CANNOT LINK EXECUTABLE "/vendor/bin/hw/android.hardware.vibrator-service.mediatek": cannot locate symbol "_ZNSt3__122__libcpp_verbose_abortEPKcz" referenced by "/vendor/bin/hw/android.hardware.vibrator-service.mediatek"...
05-25 08:00:21.415   248   248 W ServiceManager: Waited one second for android.system.keystore2.IKeystoreService/default (is service started? are binder threads started and available?)
05-25 08:00:21.415   238   238 I servicemanager: Since 'android.system.keystore2.IKeystoreService/default' could not be found, trying to start it as a lazy AIDL service
05-25 08:00:21.418   238  1170 W libc    : Unable to set property "ctl.interface_start" to "aidl/android.system.keystore2.IKeystoreService/default": error code: 0x20
05-25 08:00:21.418   238  1170 I servicemanager: Tried to start aidl service android.system.keystore2.IKeystoreService/default as a lazy service, but was unable to. Usually this happens when a service is not installed, but if the service is intended to be used as a lazy service, then it may be configured incorrectly.
05-25 08:00:22.415   248   248 W ServiceManager: Waited one second for android.system.keystore2.IKeystoreService/default (is service started? are binder threads started and available?)
05-25 08:00:22.415   238   238 I servicemanager: Since 'android.system.keystore2.IKeystoreService/default' could not be found, trying to start it as a lazy AIDL service
05-25 08:00:22.419   238  1171 W libc    : Unable to set property "ctl.interface_start" to "aidl/android.system.keystore2.IKeystoreService/default": error code: 0x20
05-25 08:00:22.419   238  1171 I servicemanager: Tried to start aidl service android.system.keystore2.IKeystoreService/default as a lazy service, but was unable to. Usually this happens when a service is not installed, but if the service is intended to be used as a lazy service, then it may be configured incorrectly.
05-25 08:00:23.416   248   248 W ServiceManager: Waited one second for android.system.keystore2.IKeystoreService/default (is service started? are binder threads started and available?)
05-25 08:00:23.416   238   238 I servicemanager: Since 'android.system.keystore2.IKeystoreService/default' could not be found, trying to start it as a lazy AIDL service
05-25 08:00:23.419   238  1172 W libc    : Unable to set property "ctl.interface_start" to "aidl/android.system.keystore2.IKeystoreService/default": error code: 0x20
05-25 08:00:23.419   238  1172 I servicemanager: Tried to start aidl service android.system.keystore2.IKeystoreService/default as a lazy service, but was unable to. Usually this happens when a service is not installed, but if the service is intended to be used as a lazy service, then it may be configured incorrectly.
05-25 08:00:23.778  1173  1173 I keystore2: keystore2_main: Keystore2 is starting.
05-25 08:00:23.779  1173  1173 I keystore2: keystore2_main: Starting thread pool now.
05-25 08:00:23.779  1173  1174 I keystore2: getDeviceHalManifest: Reading VINTF information.
05-25 08:00:23.780  1173  1174 E keystore2: getDeviceHalManifest: status from fetching VINTF information: -22
05-25 08:00:23.781  1173  1174 E keystore2: getDeviceHalManifest: -22 VINTF parse error: Illformed file: /vendor/etc/vintf/manifest.xml: Unrecognized manifest.version 8.0 (libvintf@4.0)
05-25 08:00:23.781  1173  1173 I keystore2: getDeviceHalManifest: Reading VINTF information.
05-25 08:00:23.781  1173  1174 F libc    : Fatal signal 11 (SIGSEGV), code 1 (SEGV_MAPERR), fault addr 0x0 in tid 1174 (keystore2), pid 1173 (Binder:1173_2)
05-25 08:00:23.781  1173  1173 E keystore2: getDeviceHalManifest: status from fetching VINTF information: -22
05-25 08:00:23.781  1173  1173 E keystore2: getDeviceHalManifest: -22 VINTF parse error: Illformed file: /vendor/etc/vintf/manifest.xml: Unrecognized manifest.version 8.0 (libvintf@4.0)
05-25 08:00:23.784  1178  1178 F libc    : failed to exec crash_dump helper: No such file or directory
05-25 08:00:23.786  1173  1174 F libc    : crash_dump helper failed to exec, or was killed
05-25 08:00:23.786  1173  1174 F libc    : failed to wait for crash_dump helper: No child processes
05-25 08:00:24.416   248   248 W ServiceManager: Waited one second for android.system.keystore2.IKeystoreService/default (is service started? are binder threads started and available?)
05-25 08:00:24.416   238   238 I servicemanager: Since 'android.system.keystore2.IKeystoreService/default' could not be found, trying to start it as a lazy AIDL service
05-25 08:00:24.417   238  1180 W libc    : Unable to set property "ctl.interface_start" to "aidl/android.system.keystore2.IKeystoreService/default": error code: 0x20
05-25 08:00:24.417   238  1180 I servicemanager: Tried to start aidl service android.system.keystore2.IKeystoreService/default as a lazy service, but was unable to. Usually this happens when a service is not installed, but if the service is intended to be used as a lazy service, then it may be configured incorrectly.
05-25 08:00:25.417   248   248 W ServiceManager: Waited one second for android.system.keystore2.IKeystoreService/default (is service started? are binder threads started and available?)
05-25 08:00:25.417   238   238 I servicemanager: Since 'android.system.keystore2.IKeystoreService/default' could not be found, trying to start it as a lazy AIDL service
05-25 08:00:25.418   238  1181 W libc    : Unable to set property "ctl.interface_start" to "aidl/android.system.keystore2.IKeystoreService/default": error code: 0x20
05-25 08:00:25.418   238  1181 I servicemanager: Tried to start aidl service android.system.keystore2.IKeystoreService/default as a lazy service, but was unable to. Usually this happens when a service is not installed, but if the service is intended to be used as a lazy service, then it may be configured incorrectly.
05-25 08:00:26.148  1182  1182 F linker  : CANNOT LINK EXECUTABLE "/vendor/bin/hw/android.hardware.vibrator-service.mediatek": cannot locate symbol "_ZNSt3__122__libcpp_verbose_abortEPKcz" referenced by "/vendor/bin/hw/android.hardware.vibrator-service.mediatek"...
05-25 08:00:26.417   248   248 W ServiceManager: Waited one second for android.system.keystore2.IKeystoreService/default (is service started? are binder threads started and available?)
05-25 08:00:26.418   238   238 I servicemanager: Since 'android.system.keystore2.IKeystoreService/default' could not be found, trying to start it as a lazy AIDL service
05-25 08:00:26.420   238  1183 W libc    : Unable to set property "ctl.interface_start" to "aidl/android.system.keystore2.IKeystoreService/default": error code: 0x20
05-25 08:00:26.421   238  1183 I servicemanager: Tried to start aidl service android.system.keystore2.IKeystoreService/default as a lazy service, but was unable to. Usually this happens when a service is not installed, but if the service is intended to be used as a lazy service, then it may be configured incorrectly.
05-25 08:00:27.418   248   248 W ServiceManager: Waited one second for android.system.keystore2.IKeystoreService/default (is service started? are binder threads started and available?)
05-25 08:00:27.418   238   238 I servicemanager: Since 'android.system.keystore2.IKeystoreService/default' could not be found, trying to start it as a lazy AIDL service
05-25 08:00:27.421   238  1184 W libc    : Unable to set property "ctl.interface_start" to "aidl/android.system.keystore2.IKeystoreService/default": error code: 0x20
05-25 08:00:27.421   238  1184 I servicemanager: Tried to start aidl service android.system.keystore2.IKeystoreService/default as a lazy service, but was unable to. Usually this happens when a service is not installed, but if the service is intended to be used as a lazy service, then it may be configured incorrectly.
05-25 08:00:28.419   248   248 W ServiceManager: Waited one second for android.system.keystore2.IKeystoreService/default (is service started? are binder threads started and available?)
05-25 08:00:28.419   238   238 I servicemanager: Since 'android.system.keystore2.IKeystoreService/default' could not be found, trying to start it as a lazy AIDL service
05-25 08:00:28.422   238  1185 W libc    : Unable to set property "ctl.interface_start" to "aidl/android.system.keystore2.IKeystoreService/default": error code: 0x20
05-25 08:00:28.422   238  1185 I servicemanager: Tried to start aidl service android.system.keystore2.IKeystoreService/default as a lazy service, but was unable to. Usually this happens when a service is not installed, but if the service is intended to be used as a lazy service, then it may be configured incorrectly.
05-25 08:00:28.780  1186  1186 I keystore2: keystore2_main: Keystore2 is starting.
05-25 08:00:28.781  1186  1186 I keystore2: keystore2_main: Starting thread pool now.
05-25 08:00:28.781  1186  1187 I keystore2: getDeviceHalManifest: Reading VINTF information.
05-25 08:00:28.783  1186  1187 E keystore2: getDeviceHalManifest: status from fetching VINTF information: -22
05-25 08:00:28.783  1186  1187 E keystore2: getDeviceHalManifest: -22 VINTF parse error: Illformed file: /vendor/etc/vintf/manifest.xml: Unrecognized manifest.version 8.0 (libvintf@4.0)
05-25 08:00:28.783  1186  1186 I keystore2: getDeviceHalManifest: Reading VINTF information.
05-25 08:00:28.783  1186  1187 F libc    : Fatal signal 11 (SIGSEGV), code 1 (SEGV_MAPERR), fault addr 0x0 in tid 1187 (keystore2), pid 1186 (Binder:1186_2)
05-25 08:00:28.783  1186  1186 E keystore2: getDeviceHalManifest: status from fetching VINTF information: -22
05-25 08:00:28.783  1186  1186 E keystore2: getDeviceHalManifest: -22 VINTF parse error: Illformed file: /vendor/etc/vintf/manifest.xml: Unrecognized manifest.version 8.0 (libvintf@4.0)
05-25 08:00:28.786  1191  1191 F libc    : failed to exec crash_dump helper: No such file or directory
05-25 08:00:28.788  1186  1187 F libc    : crash_dump helper failed to exec, or was killed
05-25 08:00:28.788  1186  1187 F libc    : failed to wait for crash_dump helper: No child processes
05-25 08:00:29.419   248   248 W ServiceManager: Waited one second for android.system.keystore2.IKeystoreService/default (is service started? are binder threads started and available?)
05-25 08:00:29.419   238   238 I servicemanager: Since 'android.system.keystore2.IKeystoreService/default' could not be found, trying to start it as a lazy AIDL service
05-25 08:00:29.420   238  1193 W libc    : Unable to set property "ctl.interface_start" to "aidl/android.system.keystore2.IKeystoreService/default": error code: 0x20
05-25 08:00:29.420   238  1193 I servicemanager: Tried to start aidl service android.system.keystore2.IKeystoreService/default as a lazy service, but was unable to. Usually this happens when a service is not installed, but if the service is intended to be used as a lazy service, then it may be configured incorrectly.
05-25 08:00:30.420   248   248 W ServiceManager: Waited one second for android.system.keystore2.IKeystoreService/default (is service started? are binder threads started and available?)
05-25 08:00:30.420   238   238 I servicemanager: Since 'android.system.keystore2.IKeystoreService/default' could not be found, trying to start it as a lazy AIDL service
05-25 08:00:30.421   238  1194 W libc    : Unable to set property "ctl.interface_start" to "aidl/android.system.keystore2.IKeystoreService/default": error code: 0x20
05-25 08:00:30.421   238  1194 I servicemanager: Tried to start aidl service android.system.keystore2.IKeystoreService/default as a lazy service, but was unable to. Usually this happens when a service is not installed, but if the service is intended to be used as a lazy service, then it may be configured incorrectly.
05-25 08:00:31.153  1195  1195 F linker  : CANNOT LINK EXECUTABLE "/vendor/bin/hw/android.hardware.vibrator-service.mediatek": cannot locate symbol "_ZNSt3__122__libcpp_verbose_abortEPKcz" referenced by "/vendor/bin/hw/android.hardware.vibrator-service.mediatek"...
05-25 08:00:31.420   248   248 W ServiceManager: Waited one second for android.system.keystore2.IKeystoreService/default (is service started? are binder threads started and available?)
05-25 08:00:31.420   238   238 I servicemanager: Since 'android.system.keystore2.IKeystoreService/default' could not be found, trying to start it as a lazy AIDL service
05-25 08:00:31.423   238  1196 W libc    : Unable to set property "ctl.interface_start" to "aidl/android.system.keystore2.IKeystoreService/default": error code: 0x20
05-25 08:00:31.423   238  1196 I servicemanager: Tried to start aidl service android.system.keystore2.IKeystoreService/default as a lazy service, but was unable to. Usually this happens when a service is not installed, but if the service is intended to be used as a lazy service, then it may be configured incorrectly.
05-25 08:00:32.421   248   248 W ServiceManager: Waited one second for android.system.keystore2.IKeystoreService/default (is service started? are binder threads started and available?)
05-25 08:00:32.421   238   238 I servicemanager: Since 'android.system.keystore2.IKeystoreService/default' could not be found, trying to start it as a lazy AIDL service
05-25 08:00:32.424   238  1197 W libc    : Unable to set property "ctl.interface_start" to "aidl/android.system.keystore2.IKeystoreService/default": error code: 0x20
05-25 08:00:32.424   238  1197 I servicemanager: Tried to start aidl service android.system.keystore2.IKeystoreService/default as a lazy service, but was unable to. Usually this happens when a service is not installed, but if the service is intended to be used as a lazy service, then it may be configured incorrectly.
05-25 08:00:33.421   248   248 W ServiceManager: Waited one second for android.system.keystore2.IKeystoreService/default (is service started? are binder threads started and available?)
05-25 08:00:33.422   238   238 I servicemanager: Since 'android.system.keystore2.IKeystoreService/default' could not be found, trying to start it as a lazy AIDL service
05-25 08:00:33.424   238  1198 W libc    : Unable to set property "ctl.interface_start" to "aidl/android.system.keystore2.IKeystoreService/default": error code: 0x20
05-25 08:00:33.425   238  1198 I servicemanager: Tried to start aidl service android.system.keystore2.IKeystoreService/default as a lazy service, but was unable to. Usually this happens when a service is not installed, but if the service is intended to be used as a lazy service, then it may be configured incorrectly.
05-25 08:00:33.784  1199  1199 I keystore2: keystore2_main: Keystore2 is starting.
05-25 08:00:33.785  1199  1199 I keystore2: keystore2_main: Starting thread pool now.
05-25 08:00:33.785  1199  1200 I keystore2: getDeviceHalManifest: Reading VINTF information.
05-25 08:00:33.787  1199  1200 E keystore2: getDeviceHalManifest: status from fetching VINTF information: -22
05-25 08:00:33.787  1199  1200 E keystore2: getDeviceHalManifest: -22 VINTF parse error: Illformed file: /vendor/etc/vintf/manifest.xml: Unrecognized manifest.version 8.0 (libvintf@4.0)
05-25 08:00:33.787  1199  1199 I keystore2: getDeviceHalManifest: Reading VINTF information.
05-25 08:00:33.787  1199  1200 F libc    : Fatal signal 11 (SIGSEGV), code 1 (SEGV_MAPERR), fault addr 0x0 in tid 1200 (keystore2), pid 1199 (Binder:1199_2)
05-25 08:00:33.787  1199  1199 E keystore2: getDeviceHalManifest: status from fetching VINTF information: -22
05-25 08:00:33.787  1199  1199 E keystore2: getDeviceHalManifest: -22 VINTF parse error: Illformed file: /vendor/etc/vintf/manifest.xml: Unrecognized manifest.version 8.0 (libvintf@4.0)
05-25 08:00:33.790  1204  1204 F libc    : failed to exec crash_dump helper: No such file or directory
05-25 08:00:33.792  1199  1200 F libc    : crash_dump helper failed to exec, or was killed
05-25 08:00:33.792  1199  1200 F libc    : failed to wait for crash_dump helper: No child processes
05-25 08:00:34.422   248   248 W ServiceManager: Waited one second for android.system.keystore2.IKeystoreService/default (is service started? are binder threads started and available?)
05-25 08:00:34.422   238   238 I servicemanager: Since 'android.system.keystore2.IKeystoreService/default' could not be found, trying to start it as a lazy AIDL service
05-25 08:00:34.423   238  1206 W libc    : Unable to set property "ctl.interface_start" to "aidl/android.system.keystore2.IKeystoreService/default": error code: 0x20
05-25 08:00:34.423   238  1206 I servicemanager: Tried to start aidl service android.system.keystore2.IKeystoreService/default as a lazy service, but was unable to. Usually this happens when a service is not installed, but if the service is intended to be used as a lazy service, then it may be configured incorrectly.
05-25 08:00:35.423   248   248 W ServiceManager: Waited one second for android.system.keystore2.IKeystoreService/default (is service started? are binder threads started and available?)
05-25 08:00:35.423   238   238 I servicemanager: Since 'android.system.keystore2.IKeystoreService/default' could not be found, trying to start it as a lazy AIDL service
05-25 08:00:35.424   238  1207 W libc    : Unable to set property "ctl.interface_start" to "aidl/android.system.keystore2.IKeystoreService/default": error code: 0x20
05-25 08:00:35.424   238  1207 I servicemanager: Tried to start aidl service android.system.keystore2.IKeystoreService/default as a lazy service, but was unable to. Usually this happens when a service is not installed, but if the service is intended to be used as a lazy service, then it may be configured incorrectly.
05-25 08:00:36.158  1208  1208 F linker  : CANNOT LINK EXECUTABLE "/vendor/bin/hw/android.hardware.vibrator-service.mediatek": cannot locate symbol "_ZNSt3__122__libcpp_verbose_abortEPKcz" referenced by "/vendor/bin/hw/android.hardware.vibrator-service.mediatek"...
05-25 08:00:36.423   248   248 W ServiceManager: Waited one second for android.system.keystore2.IKeystoreService/default (is service started? are binder threads started and available?)
05-25 08:00:36.423   238   238 I servicemanager: Since 'android.system.keystore2.IKeystoreService/default' could not be found, trying to start it as a lazy AIDL service
05-25 08:00:36.426   238  1209 W libc    : Unable to set property "ctl.interface_start" to "aidl/android.system.keystore2.IKeystoreService/default": error code: 0x20
05-25 08:00:36.426   238  1209 I servicemanager: Tried to start aidl service android.system.keystore2.IKeystoreService/default as a lazy service, but was unable to. Usually this happens when a service is not installed, but if the service is intended to be used as a lazy service, then it may be configured incorrectly.
05-25 08:00:37.424   248   248 W ServiceManager: Waited one second for android.system.keystore2.IKeystoreService/default (is service started? are binder threads started and available?)
05-25 08:00:37.424   238   238 I servicemanager: Since 'android.system.keystore2.IKeystoreService/default' could not be found, trying to start it as a lazy AIDL service
05-25 08:00:37.427   238  1210 W libc    : Unable to set property "ctl.interface_start" to "aidl/android.system.keystore2.IKeystoreService/default": error code: 0x20
05-25 08:00:37.427   238  1210 I servicemanager: Tried to start aidl service android.system.keystore2.IKeystoreService/default as a lazy service, but was unable to. Usually this happens when a service is not installed, but if the service is intended to be used as a lazy service, then it may be configured incorrectly.
05-25 08:00:38.424   248   248 W ServiceManager: Waited one second for android.system.keystore2.IKeystoreService/default (is service started? are binder threads started and available?)
05-25 08:00:38.425   238   238 I servicemanager: Since 'android.system.keystore2.IKeystoreService/default' could not be found, trying to start it as a lazy AIDL service
05-25 08:00:38.427   238  1211 W libc    : Unable to set property "ctl.interface_start" to "aidl/android.system.keystore2.IKeystoreService/default": error code: 0x20
05-25 08:00:38.427   238  1211 I servicemanager: Tried to start aidl service android.system.keystore2.IKeystoreService/default as a lazy service, but was unable to. Usually this happens when a service is not installed, but if the service is intended to be used as a lazy service, then it may be configured incorrectly.
05-25 08:00:38.788  1212  1212 I keystore2: keystore2_main: Keystore2 is starting.
05-25 08:00:38.789  1212  1212 I keystore2: keystore2_main: Starting thread pool now.
05-25 08:00:38.789  1212  1213 I keystore2: getDeviceHalManifest: Reading VINTF information.
05-25 08:00:38.791  1212  1213 E keystore2: getDeviceHalManifest: status from fetching VINTF information: -22
05-25 08:00:38.791  1212  1213 E keystore2: getDeviceHalManifest: -22 VINTF parse error: Illformed file: /vendor/etc/vintf/manifest.xml: Unrecognized manifest.version 8.0 (libvintf@4.0)
05-25 08:00:38.791  1212  1212 I keystore2: getDeviceHalManifest: Reading VINTF information.
05-25 08:00:38.791  1212  1213 F libc    : Fatal signal 11 (SIGSEGV), code 1 (SEGV_MAPERR), fault addr 0x0 in tid 1213 (keystore2), pid 1212 (Binder:1212_2)
05-25 08:00:38.791  1212  1212 E keystore2: getDeviceHalManifest: status from fetching VINTF information: -22
05-25 08:00:38.791  1212  1212 E keystore2: getDeviceHalManifest: -22 VINTF parse error: Illformed file: /vendor/etc/vintf/manifest.xml: Unrecognized manifest.version 8.0 (libvintf@4.0)
05-25 08:00:38.794  1217  1217 F libc    : failed to exec crash_dump helper: No such file or directory
05-25 08:00:38.795  1212  1213 F libc    : crash_dump helper failed to exec, or was killed
05-25 08:00:38.795  1212  1213 F libc    : failed to wait for crash_dump helper: No child processes
05-25 08:00:39.425   248   248 W ServiceManager: Waited one second for android.system.keystore2.IKeystoreService/default (is service started? are binder threads started and available?)
05-25 08:00:39.425   238   238 I servicemanager: Since 'android.system.keystore2.IKeystoreService/default' could not be found, trying to start it as a lazy AIDL service
05-25 08:00:39.426   238  1219 W libc    : Unable to set property "ctl.interface_start" to "aidl/android.system.keystore2.IKeystoreService/default": error code: 0x20
05-25 08:00:39.426   238  1219 I servicemanager: Tried to start aidl service android.system.keystore2.IKeystoreService/default as a lazy service, but was unable to. Usually this happens when a service is not installed, but if the service is intended to be used as a lazy service, then it may be configured incorrectly.
05-25 08:00:40.426   248   248 W ServiceManager: Waited one second for android.system.keystore2.IKeystoreService/default (is service started? are binder threads started and available?)
05-25 08:00:40.426   238   238 I servicemanager: Since 'android.system.keystore2.IKeystoreService/default' could not be found, trying to start it as a lazy AIDL service
05-25 08:00:40.426   238  1220 W libc    : Unable to set property "ctl.interface_start" to "aidl/android.system.keystore2.IKeystoreService/default": error code: 0x20
05-25 08:00:40.427   238  1220 I servicemanager: Tried to start aidl service android.system.keystore2.IKeystoreService/default as a lazy service, but was unable to. Usually this happens when a service is not installed, but if the service is intended to be used as a lazy service, then it may be configured incorrectly.
--------- beginning of kernel
05-25 08:00:40.614   212   212 E [upm6922-charger]: upm6922_dump_regs:Reg[11] = 0xff
05-25 08:00:40.614   212   212 E [upm6922-charger]: upm6922_dump_regs:Reg[12] = 0x00
05-25 08:00:40.615   212   212 E [upm6922-charger]: upm6922_dump_regs:Reg[13] = 0xff
05-25 08:00:40.616   212   212 E [upm6922-charger]: upm6922_dump_regs:Reg[14] = 0x00
05-25 08:00:40.617   212   212 E [upm6922-charger]: upm6922_dump_regs:Reg[15] = 0xcc
05-25 08:00:40.618   212   212 I [upm6922-charger]: upm6922_reset_watchdog_timer:reset
05-25 08:00:40.760   108   108 I         : [wdk-c] cpu=2 o_k=2 lbit=0x4 cbit=0xff,fb,7,1,477580000,ff,0,0,0,0,[361247543321,15000000] 26 ff s_cpu 2 - 0 0 0 0 0 0 0 0
05-25 08:00:40.760   106   106 I         : [wdk-c] cpu=0 o_k=0 lbit=0x5 cbit=0xff,fa,7,1,477580000,ff,0,0,0,0,[361247554398,14999973] 26 ff
05-25 08:00:40.761   109   109 I         : [wdk-c] cpu=3 o_k=3 lbit=0xd cbit=0xff,f2,7,1,477580000,ff,0,0,0,0,[361248883552,14998643] 26 ff
05-25 08:00:40.761   109   109 I         : CPU:3 CNTCV_CTL:1 CNTCV_TVAL:42c9 CNTVCT:122944043 SYST_CNTCR:90d SYST_DISTL:0 SYST_CNTCV:122944040 sc:361247543860
05-25 08:00:40.762   108   108 I         : CPU:2 CNTCV_CTL:1 CNTCV_TVAL:9fdf CNTVCT:122943fa7 SYST_CNTCR:90d SYST_DISTL:0 SYST_CNTCV:122943fa3 sc:361247531629
05-25 08:00:40.763   112   112 I         : [wdk-c] cpu=6 o_k=6 lbit=0x4d cbit=0xff,b2,7,1,477580000,ff,0,0,0,0,[361250414706,14997112] 26 ff
05-25 08:00:40.763   113   113 I         : [wdk-c] cpu=7 o_k=7 lbit=0xcd cbit=0xff,32,7,1,477580000,ff,0,0,0,0,[361250422706,14997104] 26 ff
05-25 08:00:40.763   113   113 I         : CPU:7 CNTCV_CTL:1 CNTCV_TVAL:9164 CNTVCT:12294403f SYST_CNTCR:90d SYST_DISTL:0 SYST_CNTCV:12294403b sc:361247543321
05-25 08:00:40.763   106   106 I         : CPU:0 CNTCV_CTL:1 CNTCV_TVAL:9fd4 CNTVCT:122943fb0 SYST_CNTCR:90d SYST_DISTL:0 SYST_CNTCV:122943fac sc:361247532475
05-25 08:00:40.764   110   110 I         : [wdk-c] cpu=4 o_k=4 lbit=0xdd cbit=0xff,22,7,1,477580000,ff,0,0,0,0,[361250966398,14996561] 26 ff
05-25 08:00:40.764   110   110 I         : CPU:4 CNTCV_CTL:1 CNTCV_TVAL:ac85 CNTVCT:122944060 SYST_CNTCR:90d SYST_DISTL:0 SYST_CNTCV:12294405c sc:361247546091
05-25 08:00:40.765   112   112 I         : CPU:6 CNTCV_CTL:1 CNTCV_TVAL:913b CNTVCT:122944033 SYST_CNTCR:90d SYST_DISTL:0 SYST_CNTCV:12294402f sc:361247542398
05-25 08:00:40.767   111   111 I         : [wdk-c] cpu=5 o_k=5 lbit=0xfd cbit=0xff,2,7,1,477580000,ff,0,0,0,0,[361254482321,14993045] 26 ff
05-25 08:00:40.770   107   107 I         : [thread:107] 2026-05-25 08:00:40.763968 UTC;android time 2026-05-25 08:00:40.763968
05-25 08:00:40.770   111   111 I         : CPU:5 CNTCV_CTL:1 CNTCV_TVAL:15f0d CNTVCT:122944063 SYST_CNTCR:90d SYST_DISTL:0 SYST_CNTCV:122944060 sc:361247546321
05-25 08:00:40.773   107   107 I         : [wdk-k] cpu=1 o_k=1 lbit=0xff cbit=0xff,0,7,1,477580000,ff,0,0,0,0,[361257606706,14989920] 26 ff
05-25 08:00:40.783   107   107 I         : CPU:1 CNTCV_CTL:1 CNTCV_TVAL:1fe73 CNTVCT:122943fc3 SYST_CNTCR:90d SYST_DISTL:0 SYST_CNTCV:122943fbf sc:361247533783
05-25 08:00:40.923    91    91 E         : get charge control limit:0
05-25 08:00:40.924    91    91 E         : [SMART_CHG]SMART_CHG_NAVIGATION, en_ret = 0, fun_val = 0, active_status = 0, smart_soc = 50, ui_soc =42, smart_ctrl_en = 0, ffc_en = 0
05-25 08:00:40.926    91    91 E         : [SMART_CHG]set smart_charge[SMART_CHG_LOW_FAST].en_ret = 0, disable low_fast
05-25 08:00:40.927    91    91 E         : [SMART_CHG]SMART_CHG_ENDURANCE_PRO, en_ret = 0, fun_val = 0, active_status = 0
05-25 08:00:40.928    91    91 E         : [SMART_CHG]endurance monitor enable charger, soc <= -5
05-25 08:00:40.929    91    91 E [SMART_CHG]monitor_night_charging: night_charging = 0, soc = 42
05-25 08:00:40.930    91    91 E [SMART_CHG]monitor_low_fast_strategy: soc = 42, thermal_level = 0, thermal_board_temp = 0, pd_active = 0, low_fast_plugin_flag = 1, low_fast_enable = 0, screen_state = 0, b_flag = 0
05-25 08:00:40.932    91    91 E [SMART_CHG]monitor_low_fast_strategy: use default thermal current=6000000
05-25 08:00:40.934    91    91 E [SMART_CHG]get_fv_ageing: i = 1, fv_aging = 10
05-25 08:00:41.021   144   144 I         : mt635x-auxadc mt635x-auxadc: Error: Get efuse failed (-517)
05-25 08:00:41.022   144   144 I         : vbat_out_old=39050, vthr=683, T_curr=-4063, vbat_out=39050
05-25 08:00:41.023   144   144 I         : [DLPT_final] 5500,42,42,5500
05-25 08:00:41.152     1     1 I init    : starting service 'vendor.vibrator-mtk-default'...
05-25 08:00:41.163  1221  1221 F linker  : CANNOT LINK EXECUTABLE "/vendor/bin/hw/android.hardware.vibrator-service.mediatek": cannot locate symbol "_ZNSt3__122__libcpp_verbose_abortEPKcz" referenced by "/vendor/bin/hw/android.hardware.vibrator-service.mediatek"...
05-25 08:00:41.180     1     1 I init    : Service 'vendor.vibrator-mtk-default' (pid 1221) exited with status 1
05-25 08:00:41.181     1     1 I init    : Sending signal 9 to service 'vendor.vibrator-mtk-default' (pid 1221) process group...
05-25 08:00:41.183     1     1 I libprocessgroup: Successfully killed process cgroup uid 0 pid 1221 in 0ms
05-25 08:00:41.426   248   248 W ServiceManager: Waited one second for android.system.keystore2.IKeystoreService/default (is service started? are binder threads started and available?)
05-25 08:00:41.426   238   238 I servicemanager: Since 'android.system.keystore2.IKeystoreService/default' could not be found, trying to start it as a lazy AIDL service
05-25 08:00:41.429   238  1222 W libc    : Unable to set property "ctl.interface_start" to "aidl/android.system.keystore2.IKeystoreService/default": error code: 0x20
05-25 08:00:41.429   238  1222 I servicemanager: Tried to start aidl service android.system.keystore2.IKeystoreService/default as a lazy service, but was unable to. Usually this happens when a service is not installed, but if the service is intended to be used as a lazy service, then it may be configured incorrectly.
05-25 08:00:41.434     1     1 E init    : Control message: Could not find 'aidl/android.system.keystore2.IKeystoreService/default' for ctl.interface_start from pid: 238 (/system/bin/servicemanager)
05-25 08:00:41.947    91    91 E         : get charge control limit:0
05-25 08:00:41.948    91    91 E         : [SMART_CHG]SMART_CHG_NAVIGATION, en_ret = 0, fun_val = 0, active_status = 0, smart_soc = 50, ui_soc =42, smart_ctrl_en = 0, ffc_en = 0
05-25 08:00:41.950    91    91 E         : [SMART_CHG]set smart_charge[SMART_CHG_LOW_FAST].en_ret = 0, disable low_fast
05-25 08:00:41.951    91    91 E         : [SMART_CHG]SMART_CHG_ENDURANCE_PRO, en_ret = 0, fun_val = 0, active_status = 0
05-25 08:00:41.952    91    91 E         : [SMART_CHG]endurance monitor enable charger, soc <= -5
05-25 08:00:41.953    91    91 E [SMART_CHG]monitor_night_charging: night_charging = 0, soc = 42
05-25 08:00:41.954    91    91 E [SMART_CHG]monitor_low_fast_strategy: soc = 42, thermal_level = 0, thermal_board_temp = 0, pd_active = 0, low_fast_plugin_flag = 1, low_fast_enable = 0, screen_state = 0, b_flag = 0
05-25 08:00:41.956    91    91 E [SMART_CHG]monitor_low_fast_strategy: use default thermal current=6000000
05-25 08:00:41.958    91    91 E [SMART_CHG]get_fv_ageing: i = 1, fv_aging = 10
05-25 08:00:42.427   248   248 W ServiceManager: Waited one second for android.system.keystore2.IKeystoreService/default (is service started? are binder threads started and available?)
05-25 08:00:42.427   238   238 I servicemanager: Since 'android.system.keystore2.IKeystoreService/default' could not be found, trying to start it as a lazy AIDL service
