05-25 08:00:42.430   238  1223 W libc    : Unable to set property "ctl.interface_start" to "aidl/android.system.keystore2.IKeystoreService/default": error code: 0x20
05-25 08:00:42.430   238  1223 I servicemanager: Tried to start aidl service android.system.keystore2.IKeystoreService/default as a lazy service, but was unable to. Usually this happens when a service is not installed, but if the service is intended to be used as a lazy service, then it may be configured incorrectly.
05-25 08:00:42.434     1     1 E init    : Control message: Could not find 'aidl/android.system.keystore2.IKeystoreService/default' for ctl.interface_start from pid: 238 (/system/bin/servicemanager)
05-25 08:00:42.555   220   220 E         : get charge control limit:0
05-25 08:00:42.556   220   220 I         : [SW_JEITA] ffc_disable = 0, ffc = 0, pd_type = 5, thermal_lv = 0, single_cell_mode = 0, uisoc:42, chg_turn_on_flag:0
05-25 08:00:42.557   220   220 I         : ALG_STATE= 1
05-25 08:00:42.559   220   220 I handle_charge_done_and_recharge: info->country_code:0
05-25 08:00:42.560   220   220 I         : charge status not 100, so power supply changed
05-25 08:00:42.560   220   220 I handle_charge_done_and_recharge: ffc=0, rsoc=45, soc=42, temp=39, fv=4470, vbat=3897, iterm=420, ibat=363, full=0, full_cnt=0, v_cnt=0, recharge_cnt=0 threshold_mv=18
05-25 08:00:42.560   212   212 I mtk_charger_start_timer: alarm timer start:1, 372 41246482
05-25 08:00:42.563   220   220 E         : [mtk_battery_external_power_changed] low_temp = 39
05-25 08:00:42.563   212   212 I         : [PE50]pe50_hal_get_soc uisoc = 42
05-25 08:00:42.564   220   220 I fgauge  : [fg_sw_bat_cycle_accu]drop diff_car
05-25 08:00:42.565   212   212 I         : alg_state = 3
05-25 08:00:42.565   212   212 I         : alg_state = 1
05-25 08:00:42.566   220   220 I fgauge  : [fg_sw_bat_cycle_accu]car[o:354 n:356],diff_car:2,ncar[o:10610 n:10610 hw:-15632] thr 0
05-25 08:00:42.568   212   212 I         : mt635x-auxadc mt635x-auxadc: Error: Get efuse failed (-517)
05-25 08:00:42.569   212   212 I         : vbat_out_old=39070, vthr=683, T_curr=-4063, vbat_out=39070
05-25 08:00:42.570   212   212 I [upm6922-charger]: upm6922_set_input_volt_limit:mv:4200
05-25 08:00:42.571   220   220 I         : mt635x-auxadc mt635x-auxadc: Error: Get efuse failed (-517)
05-25 08:00:42.572   212   212 I         : [SW_JEITA] Battery Temperature between 35 and 45 !!
05-25 08:00:42.572   220   220 I         : vbat_out_old=39040, vthr=683, T_curr=-4063, vbat_out=39040
05-25 08:00:42.573   212   212 I         : [SW_JEITA] get batt_id succ
05-25 08:00:42.574   220   220 E         : mtk_battery_external_power_changed event, name:battery online:1, status:1, EOC:0, cur_chr_type:1 old:1, vbat0:[o:0 n:0]
05-25 08:00:42.575   212   212 I         : [SW_JEITA] battery_id = 1
05-25 08:00:42.576   220   220 E [lc_charger_sysfs]psy_change_noti: psy name=mtk-master-charger, charge_type(1, 4)
05-25 08:00:42.577   212   212 I [upm6922-charger]: upm6922_set_term_current:ma:420
05-25 08:00:42.578   220   220 E [lc_charger_sysfs]lc_sysfs_get_charge_type: ta_status[PD] (1), pd_type (0), chr_type(4), usb_type(1), real_type(1)
05-25 08:00:42.580   220   220 E         : [lc_charger_sysfs]lc_sysfs_get_quick_charge_type chr_type=4, pd_type=0, temp=39, quick_chr_type:0, last_quick_charge_type:0
05-25 08:00:42.582   220   220 E         : [lc_charger_sysfs]capacity(42), vbat(3904), batt_status(1), shutdown_delay(0), count(0)
05-25 08:00:42.582   212   212 I         : [SW_JEITA] ieoc = 420000
05-25 08:00:42.583     8     8 E [lc_charger_sysfs]psy_change_noti: psy name=battery, charge_type(1, 4)
05-25 08:00:42.584   212   212 I [upm6922-charger]: upm6922_set_chargevolt:mv:4670
05-25 08:00:42.585     8     8 E [lc_charger_sysfs]lc_sysfs_get_charge_type: ta_status[PD] (1), pd_type (0), chr_type(4), usb_type(1), real_type(1)
05-25 08:00:42.587     8     8 E         : [lc_charger_sysfs]lc_sysfs_get_quick_charge_type chr_type=4, pd_type=0, temp=39, quick_chr_type:0, last_quick_charge_type:0
05-25 08:00:42.589   220   220 I get_charger_zcv: get charger zcv failed: -95
05-25 08:00:42.590   212   212 I [SW_JEITA]tmp: 39 jeita_cv:4470000 jeita_cc:-1
05-25 08:00:42.590     8     8 E         : [lc_charger_sysfs]capacity(42), vbat(3904), batt_status(1), shutdown_delay(0), count(0)
05-25 08:00:42.592   225   225 I <  363.079>TCPC-TCPC: bat_update_work_func Battery Charging, soc = 42
05-25 08:00:42.593   212   212 I tmp     : 39 (jeita:1 sm:5 cv:4470000 en:1) (sm:1) en:1 c:0 s:0 ov:0 0 sc:0 1 1 saf_cmd:-1 bat_mon:0 0
05-25 08:00:42.594     8     8 I BAT_TEMP_PREV: 562,BAT_TEMP:558,VBIF28:2795
05-25 08:00:42.595   212   212 I mtk_adapter_switch_control pd_type: 1, ufcs_type:1, ret:2, state: 0, set_pri:0, cnt:0
05-25 08:00:42.596     8     8 E         : get CV property fail
05-25 08:00:42.596   212   212 I mtk_check_ta_status ret_ta_switch: 2, prtocol_state:0
05-25 08:00:42.597     8     8 E         : get charge control limit:0
05-25 08:00:42.599   212   212 I get_ibus: get ibus failed: -95
05-25 08:00:42.599   212   212 I get_ibat: get ibat failed: -95
05-25 08:00:42.600   212   212 I         : Vbat=3904 vbats=0 vbus:4872 ibus:0 I=354 T=39 uisoc:42 type:usb>usb idx:0 ta_stat:1 swchg_ibat:0 cv:3864000 cmd_pp:-1
05-25 08:00:42.601   212   212 I         : select_charging_current_limit batt verify = 1
05-25 08:00:42.602   212   212 I         : chg_alg_set_current_limit
05-25 08:00:42.603   212   212 I         : [PE50]pe50_set_current_limit ic = 3000, cv = 4470, ibat_limit = 500
05-25 08:00:42.604   212   212 I         : pe50_set_prop 3 0
05-25 08:00:42.604   213   213 I         : [PE50]pe50_algo_threadfn state = STOP
05-25 08:00:42.605   213   213 I         : [PE50]pe50_algo_threadfn PE5.0 STOP
05-25 08:00:42.606   212   212 I         : [PE50]pe50_hal_get_soc uisoc = 42
05-25 08:00:42.606   212   212 I         : support_fast_charging pe5 ret:ALG_NOT_READY, prtocol_state:0,  ffc_state0
05-25 08:00:42.607   212   212 I jeita_current_limit: jeita_input_current_limit: 3000000, jeita_charging_current_limit: 5950000
05-25 08:00:42.609   212   212 I debug   : 2, 1, 0
05-25 08:00:42.609   212   212 I         : m:0 chg1:-1,6000,500,500 chg2:-1,-1,0,0 dvchg1:-1 sc:500000 -1 0 type:4:1 usb_unlimited:0 usbif:0 usbsm:0 ii:-1,-1 aicl:-1 atm:0 bm:2 b:1
05-25 08:00:42.611   212   212 I do_algorithm is_basic: 1
05-25 08:00:42.611   212   212 I [upm6922-charger]: upm6922_set_input_current_limit:ma:500
05-25 08:00:42.613   212   212 I [upm6922-charger]: upm6922_set_chargecurrent:ma:500
05-25 08:00:42.614   212   212 I         : [PE50]pe50_hal_get_soc uisoc = 42
05-25 08:00:42.614   212   212 I [upm6922-charger]: upm6922_enable_charger:enable charge
05-25 08:00:42.615   212   212 E [upm6922-charger]: upm6922_dump_regs:Reg[00] = 0x04
05-25 08:00:42.616   212   212 E [upm6922-charger]: upm6922_dump_regs:Reg[01] = 0x1a
05-25 08:00:42.617   212   212 E [upm6922-charger]: upm6922_dump_regs:Reg[02] = 0x08
05-25 08:00:42.618   212   212 E [upm6922-charger]: upm6922_dump_regs:Reg[03] = 0xf6
05-25 08:00:42.619   212   212 E [upm6922-charger]: upm6922_dump_regs:Reg[04] = 0xc9
05-25 08:00:42.620   212   212 E [upm6922-charger]: upm6922_dump_regs:Reg[05] = 0x8f
05-25 08:00:42.621   212   212 E [upm6922-charger]: upm6922_dump_regs:Reg[06] = 0xf3
05-25 08:00:42.622   212   212 E [upm6922-charger]: upm6922_dump_regs:Reg[07] = 0x48
05-25 08:00:42.623   212   212 E [upm6922-charger]: upm6922_dump_regs:Reg[08] = 0x34
05-25 08:00:42.623   212   212 E [upm6922-charger]: upm6922_dump_regs:Reg[09] = 0x00
05-25 08:00:42.624   212   212 E [upm6922-charger]: upm6922_dump_regs:Reg[0a] = 0xa3
05-25 08:00:42.625   212   212 E [upm6922-charger]: upm6922_dump_regs:Reg[0b] = 0x14
05-25 08:00:42.626   212   212 E [upm6922-charger]: upm6922_dump_regs:Reg[0c] = 0x81
05-25 08:00:42.627   212   212 E [upm6922-charger]: upm6922_dump_regs:Reg[0d] = 0x80
05-25 08:00:42.628   212   212 E [upm6922-charger]: upm6922_dump_regs:Reg[0e] = 0x00
05-25 08:00:42.629   212   212 E [upm6922-charger]: upm6922_dump_regs:Reg[0f] = 0xff
05-25 08:00:42.630   212   212 E [upm6922-charger]: upm6922_dump_regs:Reg[10] = 0x00
05-25 08:00:42.631   212   212 E [upm6922-charger]: upm6922_dump_regs:Reg[11] = 0xff
05-25 08:00:42.632   212   212 E [upm6922-charger]: upm6922_dump_regs:Reg[12] = 0x00
05-25 08:00:42.633   212   212 E [upm6922-charger]: upm6922_dump_regs:Reg[13] = 0xff
05-25 08:00:42.634   212   212 E [upm6922-charger]: upm6922_dump_regs:Reg[14] = 0x00
05-25 08:00:42.634   212   212 E [upm6922-charger]: upm6922_dump_regs:Reg[15] = 0xcc
05-25 08:00:42.635   212   212 I [upm6922-charger]: upm6922_reset_watchdog_timer:reset
05-25 08:00:42.971    91    91 E         : get charge control limit:0
05-25 08:00:42.972    91    91 E         : [SMART_CHG]SMART_CHG_NAVIGATION, en_ret = 0, fun_val = 0, active_status = 0, smart_soc = 50, ui_soc =42, smart_ctrl_en = 0, ffc_en = 0
05-25 08:00:42.974    91    91 E         : [SMART_CHG]set smart_charge[SMART_CHG_LOW_FAST].en_ret = 0, disable low_fast
05-25 08:00:42.975    91    91 E         : [SMART_CHG]SMART_CHG_ENDURANCE_PRO, en_ret = 0, fun_val = 0, active_status = 0
05-25 08:00:42.976    91    91 E         : [SMART_CHG]endurance monitor enable charger, soc <= -5
05-25 08:00:42.977    91    91 E [SMART_CHG]monitor_night_charging: night_charging = 0, soc = 42
05-25 08:00:42.978    91    91 E [SMART_CHG]monitor_low_fast_strategy: soc = 42, thermal_level = 0, thermal_board_temp = 0, pd_active = 0, low_fast_plugin_flag = 1, low_fast_enable = 0, screen_state = 0, b_flag = 0
05-25 08:00:42.980    91    91 E [SMART_CHG]monitor_low_fast_strategy: use default thermal current=6000000
05-25 08:00:42.982    91    91 E [SMART_CHG]get_fv_ageing: i = 1, fv_aging = 10
05-25 08:00:43.003    67    67 E         : INFO: task g_reclaim_threa:157 blocked for more than 241 seconds.
05-25 08:00:43.004    67    67 E Tainted : G        W  O       6.6.89-android15-8-g5a0ffb447c1d-ab13771415-4k #1
05-25 08:00:43.006    67    67 E         : "echo 0 > /proc/sys/kernel/hung_task_timeout_secs" disables this message.
05-25 08:00:43.007    67    67 I task    : g_reclaim_threa state:D stack:0     pid:157   ppid:2      flags:0x00000008
05-25 08:00:43.008    67    67 I Call trace:  
05-25 08:00:43.008    67    67 I         : __switch_to+0x15c/0x2cc
05-25 08:00:43.009    67    67 I         : __schedule+0x638/0x9d4
05-25 08:00:43.009    67    67 I         : schedule+0x7c/0xe8
05-25 08:00:43.010    67    67 I         : schedule_preempt_disabled+0x24/0x40
05-25 08:00:43.011    67    67 I         : kthread+0xc0/0x1bc
05-25 08:00:43.011    67    67 I         : ret_from_fork+0x10/0x20
05-25 08:00:43.427   248   248 W ServiceManager: Waited one second for android.system.keystore2.IKeystoreService/default (is service started? are binder threads started and available?)
05-25 08:00:43.427   238   238 I servicemanager: Since 'android.system.keystore2.IKeystoreService/default' could not be found, trying to start it as a lazy AIDL service
05-25 08:00:43.430   238  1224 W libc    : Unable to set property "ctl.interface_start" to "aidl/android.system.keystore2.IKeystoreService/default": error code: 0x20
05-25 08:00:43.430   238  1224 I servicemanager: Tried to start aidl service android.system.keystore2.IKeystoreService/default as a lazy service, but was unable to. Usually this happens when a service is not installed, but if the service is intended to be used as a lazy service, then it may be configured incorrectly.
05-25 08:00:43.435     1     1 E init    : Control message: Could not find 'aidl/android.system.keystore2.IKeystoreService/default' for ctl.interface_start from pid: 238 (/system/bin/servicemanager)
05-25 08:00:43.676   206   206 I         : mt635x-auxadc mt635x-auxadc: Error: Get efuse failed (-517)
05-25 08:00:43.677   206   206 I         : vbat_out_old=39050, vthr=683, T_curr=-4063, vbat_out=39050
05-25 08:00:43.679   206   206 E [bm_update_status] uisoc: 42 42 soc:45 vbat:3905 ibat:3554 car:356
05-25 08:00:43.700     1     1 I init    : starting service 'keystore2'...
05-25 08:00:43.704  1225  1225 E init    : failed to write pid to files: couldn't write 1225 to /dev/cpuset/foreground/tasks: No such file or directory
05-25 08:00:43.792  1225  1225 I keystore2: keystore2_main: Keystore2 is starting.
05-25 08:00:43.793  1225  1225 I keystore2: keystore2_main: Starting thread pool now.
05-25 08:00:43.793  1225  1226 I keystore2: getDeviceHalManifest: Reading VINTF information.
05-25 08:00:43.795  1225  1226 E keystore2: getDeviceHalManifest: status from fetching VINTF information: -22
05-25 08:00:43.795  1225  1226 E keystore2: getDeviceHalManifest: -22 VINTF parse error: Illformed file: /vendor/etc/vintf/manifest.xml: Unrecognized manifest.version 8.0 (libvintf@4.0)
05-25 08:00:43.795  1225  1225 I keystore2: getDeviceHalManifest: Reading VINTF information.
05-25 08:00:43.795  1225  1226 F libc    : Fatal signal 11 (SIGSEGV), code 1 (SEGV_MAPERR), fault addr 0x0 in tid 1226 (keystore2), pid 1225 (Binder:1225_2)
05-25 08:00:43.795  1225  1225 E keystore2: getDeviceHalManifest: status from fetching VINTF information: -22
05-25 08:00:43.795  1225  1225 E keystore2: getDeviceHalManifest: -22 VINTF parse error: Illformed file: /vendor/etc/vintf/manifest.xml: Unrecognized manifest.version 8.0 (libvintf@4.0)
05-25 08:00:43.798  1230  1230 F libc    : failed to exec crash_dump helper: No such file or directory
05-25 08:00:43.800  1225  1226 F libc    : crash_dump helper failed to exec, or was killed
05-25 08:00:43.800  1225  1226 F libc    : failed to wait for crash_dump helper: No child processes
05-25 08:00:43.809     1     1 I init    : Service 'keystore2' (pid 1225) received signal 11
05-25 08:00:43.995    91    91 E         : get charge control limit:0
05-25 08:00:43.996    91    91 E         : [SMART_CHG]SMART_CHG_NAVIGATION, en_ret = 0, fun_val = 0, active_status = 0, smart_soc = 50, ui_soc =42, smart_ctrl_en = 0, ffc_en = 0
05-25 08:00:43.998    91    91 E         : [SMART_CHG]set smart_charge[SMART_CHG_LOW_FAST].en_ret = 0, disable low_fast
05-25 08:00:43.999    91    91 E         : [SMART_CHG]SMART_CHG_ENDURANCE_PRO, en_ret = 0, fun_val = 0, active_status = 0
05-25 08:00:44.000    91    91 E         : [SMART_CHG]endurance monitor enable charger, soc <= -5
05-25 08:00:44.001    91    91 E [SMART_CHG]monitor_night_charging: night_charging = 0, soc = 42
05-25 08:00:44.002    91    91 E [SMART_CHG]monitor_low_fast_strategy: soc = 42, thermal_level = 0, thermal_board_temp = 0, pd_active = 0, low_fast_plugin_flag = 1, low_fast_enable = 0, screen_state = 0, b_flag = 0
05-25 08:00:44.004    91    91 E [SMART_CHG]monitor_low_fast_strategy: use default thermal current=6000000
05-25 08:00:44.006    91    91 E [SMART_CHG]get_fv_ageing: i = 1, fv_aging = 10
05-25 08:00:44.428   248   248 W ServiceManager: Waited one second for android.system.keystore2.IKeystoreService/default (is service started? are binder threads started and available?)
05-25 08:00:44.428   238   238 I servicemanager: Since 'android.system.keystore2.IKeystoreService/default' could not be found, trying to start it as a lazy AIDL service
05-25 08:00:44.429   238  1232 W libc    : Unable to set property "ctl.interface_start" to "aidl/android.system.keystore2.IKeystoreService/default": error code: 0x20
05-25 08:00:44.429   238  1232 I servicemanager: Tried to start aidl service android.system.keystore2.IKeystoreService/default as a lazy service, but was unable to. Usually this happens when a service is not installed, but if the service is intended to be used as a lazy service, then it may be configured incorrectly.
05-25 08:00:44.571     8     8 E         : get charge control limit:0
05-25 08:00:44.572     8     8 I         : [SW_JEITA] ffc_disable = 0, ffc = 0, pd_type = 5, thermal_lv = 0, single_cell_mode = 0, uisoc:42, chg_turn_on_flag:0
05-25 08:00:44.573     8     8 I         : ALG_STATE= 1
05-25 08:00:44.575     8     8 I handle_charge_done_and_recharge: info->country_code:0
05-25 08:00:44.576     8     8 I         : charge status not 100, so power supply changed
05-25 08:00:44.576     8     8 I handle_charge_done_and_recharge: ffc=0, rsoc=45, soc=42, temp=39, fv=4470, vbat=3897, iterm=420, ibat=395, full=0, full_cnt=0, v_cnt=0, recharge_cnt=0 threshold_mv=18
05-25 08:00:44.577   212   212 I mtk_charger_start_timer: alarm timer start:1, 374 57295636
05-25 08:00:44.579     8     8 E         : [mtk_battery_external_power_changed] low_temp = 39
05-25 08:00:44.579   212   212 I         : [PE50]pe50_hal_get_soc uisoc = 42
05-25 08:00:44.581     8     8 I fgauge  : [fg_sw_bat_cycle_accu]drop diff_car
05-25 08:00:44.581   212   212 I         : alg_state = 3
05-25 08:00:44.582   212   212 I         : alg_state = 1
05-25 08:00:44.582     8     8 I fgauge  : [fg_sw_bat_cycle_accu]car[o:356 n:358],diff_car:2,ncar[o:10610 n:10610 hw:-15632] thr 0
05-25 08:00:44.584   212   212 I         : mt635x-auxadc mt635x-auxadc: Error: Get efuse failed (-517)
05-25 08:00:44.585   212   212 I         : vbat_out_old=39030, vthr=683, T_curr=-4063, vbat_out=39030
05-25 08:00:44.586   212   212 I [upm6922-charger]: upm6922_set_input_volt_limit:mv:4200
05-25 08:00:44.587     8     8 I         : mt635x-auxadc mt635x-auxadc: Error: Get efuse failed (-517)
05-25 08:00:44.588   212   212 I         : [SW_JEITA] Battery Temperature between 35 and 45 !!
05-25 08:00:44.588     8     8 I         : vbat_out_old=39050, vthr=683, T_curr=-4063, vbat_out=39050
05-25 08:00:44.589   212   212 I         : [SW_JEITA] get batt_id succ
05-25 08:00:44.590     8     8 E         : mtk_battery_external_power_changed event, name:battery online:1, status:1, EOC:0, cur_chr_type:1 old:1, vbat0:[o:0 n:0]
05-25 08:00:44.591   212   212 I         : [SW_JEITA] battery_id = 1
05-25 08:00:44.592     8     8 E [lc_charger_sysfs]psy_change_noti: psy name=mtk-master-charger, charge_type(1, 4)
05-25 08:00:44.593   212   212 I [upm6922-charger]: upm6922_set_term_current:ma:420
05-25 08:00:44.594     8     8 E [lc_charger_sysfs]lc_sysfs_get_charge_type: ta_status[PD] (1), pd_type (0), chr_type(4), usb_type(1), real_type(1)
05-25 08:00:44.596     8     8 E         : [lc_charger_sysfs]lc_sysfs_get_quick_charge_type chr_type=4, pd_type=0, temp=39, quick_chr_type:0, last_quick_charge_type:0
05-25 08:00:44.598   212   212 I         : [SW_JEITA] ieoc = 420000
05-25 08:00:44.598   212   212 I [upm6922-charger]: upm6922_set_chargevolt:mv:4670
05-25 08:00:44.599     8     8 E         : [lc_charger_sysfs]capacity(42), vbat(3905), batt_status(1), shutdown_delay(0), count(0)
05-25 08:00:44.601   220   220 E [lc_charger_sysfs]psy_change_noti: psy name=battery, charge_type(1, 4)
05-25 08:00:44.602   220   220 E [lc_charger_sysfs]lc_sysfs_get_charge_type: ta_status[PD] (1), pd_type (0), chr_type(4), usb_type(1), real_type(1)
05-25 08:00:44.603   212   212 I [SW_JEITA]tmp: 39 jeita_cv:4470000 jeita_cc:-1
05-25 08:00:44.604   220   220 E         : [lc_charger_sysfs]lc_sysfs_get_quick_charge_type chr_type=4, pd_type=0, temp=39, quick_chr_type:0, last_quick_charge_type:0
05-25 08:00:44.606   220   220 E         : [lc_charger_sysfs]capacity(42), vbat(3905), batt_status(1), shutdown_delay(0), count(0)
05-25 08:00:44.607     8     8 I get_charger_zcv: get charger zcv failed: -95
05-25 08:00:44.608   212   212 I tmp     : 39 (jeita:1 sm:5 cv:4470000 en:1) (sm:1) en:1 c:0 s:0 ov:0 0 sc:0 1 1 saf_cmd:-1 bat_mon:0 0
05-25 08:00:44.608   225   225 I <  365.095>TCPC-TCPC: bat_update_work_func Battery Charging, soc = 42
05-25 08:00:44.610   212   212 I mtk_adapter_switch_control pd_type: 1, ufcs_type:1, ret:2, state: 0, set_pri:0, cnt:0
05-25 08:00:44.612   212   212 I mtk_check_ta_status ret_ta_switch: 2, prtocol_state:0
05-25 08:00:44.612   220   220 E         : get CV property fail
05-25 08:00:44.613   220   220 E         : get charge control limit:0
05-25 08:00:44.614   212   212 I get_ibus: get ibus failed: -95
05-25 08:00:44.614   212   212 I get_ibat: get ibat failed: -95
05-25 08:00:44.615   212   212 I         : Vbat=3905 vbats=0 vbus:4872 ibus:0 I=336 T=39 uisoc:42 type:usb>usb idx:0 ta_stat:1 swchg_ibat:0 cv:3864000 cmd_pp:-1
05-25 08:00:44.617   212   212 I         : select_charging_current_limit batt verify = 1
05-25 08:00:44.617   212   212 I         : chg_alg_set_current_limit
05-25 08:00:44.618   212   212 I         : [PE50]pe50_set_current_limit ic = 3000, cv = 4470, ibat_limit = 500
05-25 08:00:44.619   212   212 I         : pe50_set_prop 3 0
05-25 08:00:44.619   213   213 I         : [PE50]pe50_algo_threadfn state = STOP
05-25 08:00:44.620   213   213 I         : [PE50]pe50_algo_threadfn PE5.0 STOP
05-25 08:00:44.621   212   212 I         : [PE50]pe50_hal_get_soc uisoc = 42
05-25 08:00:44.621   212   212 I         : support_fast_charging pe5 ret:ALG_NOT_READY, prtocol_state:0,  ffc_state0
05-25 08:00:44.622   212   212 I jeita_current_limit: jeita_input_current_limit: 3000000, jeita_charging_current_limit: 5950000
05-25 08:00:44.624   212   212 I debug   : 2, 1, 0
05-25 08:00:44.624   212   212 I         : m:0 chg1:-1,6000,500,500 chg2:-1,-1,0,0 dvchg1:-1 sc:500000 -1 0 type:4:1 usb_unlimited:0 usbif:0 usbsm:0 ii:-1,-1 aicl:-1 atm:0 bm:2 b:1
05-25 08:00:44.626   212   212 I do_algorithm is_basic: 1
05-25 08:00:44.627   212   212 I [upm6922-charger]: upm6922_set_input_current_limit:ma:500
05-25 08:00:44.628   212   212 I [upm6922-charger]: upm6922_set_chargecurrent:ma:500
05-25 08:00:44.629   212   212 I         : [PE50]pe50_hal_get_soc uisoc = 42
05-25 08:00:44.629   212   212 I [upm6922-charger]: upm6922_enable_charger:enable charge
05-25 08:00:44.630   212   212 E [upm6922-charger]: upm6922_dump_regs:Reg[00] = 0x04
05-25 08:00:44.631   212   212 E [upm6922-charger]: upm6922_dump_regs:Reg[01] = 0x1a
05-25 08:00:44.632   212   212 E [upm6922-charger]: upm6922_dump_regs:Reg[02] = 0x08
05-25 08:00:44.633   212   212 E [upm6922-charger]: upm6922_dump_regs:Reg[03] = 0xf6
05-25 08:00:44.634   212   212 E [upm6922-charger]: upm6922_dump_regs:Reg[04] = 0xc9
05-25 08:00:44.635   212   212 E [upm6922-charger]: upm6922_dump_regs:Reg[05] = 0x8f
05-25 08:00:44.636   212   212 E [upm6922-charger]: upm6922_dump_regs:Reg[06] = 0xf3
05-25 08:00:44.637   212   212 E [upm6922-charger]: upm6922_dump_regs:Reg[07] = 0x48
05-25 08:00:44.638   212   212 E [upm6922-charger]: upm6922_dump_regs:Reg[08] = 0x34
05-25 08:00:44.639   212   212 E [upm6922-charger]: upm6922_dump_regs:Reg[09] = 0x00
05-25 08:00:44.639   212   212 E [upm6922-charger]: upm6922_dump_regs:Reg[0a] = 0xa3
05-25 08:00:44.640   212   212 E [upm6922-charger]: upm6922_dump_regs:Reg[0b] = 0x14
05-25 08:00:44.641   212   212 E [upm6922-charger]: upm6922_dump_regs:Reg[0c] = 0x81
05-25 08:00:44.642   212   212 E [upm6922-charger]: upm6922_dump_regs:Reg[0d] = 0x80
05-25 08:00:44.643   212   212 E [upm6922-charger]: upm6922_dump_regs:Reg[0e] = 0x00
05-25 08:00:44.644   212   212 E [upm6922-charger]: upm6922_dump_regs:Reg[0f] = 0xff
05-25 08:00:44.645   212   212 E [upm6922-charger]: upm6922_dump_regs:Reg[10] = 0x00
05-25 08:00:44.646   212   212 E [upm6922-charger]: upm6922_dump_regs:Reg[11] = 0xff
05-25 08:00:44.647   212   212 E [upm6922-charger]: upm6922_dump_regs:Reg[12] = 0x00
05-25 08:00:44.648   212   212 E [upm6922-charger]: upm6922_dump_regs:Reg[13] = 0xff
05-25 08:00:44.649   212   212 E [upm6922-charger]: upm6922_dump_regs:Reg[14] = 0x00
05-25 08:00:44.650   212   212 E [upm6922-charger]: upm6922_dump_regs:Reg[15] = 0xcc
05-25 08:00:44.650   212   212 I [upm6922-charger]: upm6922_reset_watchdog_timer:reset
05-25 08:00:45.019    91    91 E         : get charge control limit:0
05-25 08:00:45.020    91    91 E         : [SMART_CHG]SMART_CHG_NAVIGATION, en_ret = 0, fun_val = 0, active_status = 0, smart_soc = 50, ui_soc =42, smart_ctrl_en = 0, ffc_en = 0
05-25 08:00:45.022    91    91 E         : [SMART_CHG]set smart_charge[SMART_CHG_LOW_FAST].en_ret = 0, disable low_fast
05-25 08:00:45.023    91    91 E         : [SMART_CHG]SMART_CHG_ENDURANCE_PRO, en_ret = 0, fun_val = 0, active_status = 0
05-25 08:00:45.024    91    91 E         : [SMART_CHG]endurance monitor enable charger, soc <= -5
05-25 08:00:45.025    91    91 E [SMART_CHG]monitor_night_charging: night_charging = 0, soc = 42
05-25 08:00:45.026    91    91 E [SMART_CHG]monitor_low_fast_strategy: soc = 42, thermal_level = 0, thermal_board_temp = 0, pd_active = 0, low_fast_plugin_flag = 1, low_fast_enable = 0, screen_state = 0, b_flag = 0
05-25 08:00:45.028    91    91 E [SMART_CHG]monitor_low_fast_strategy: use default thermal current=6000000
05-25 08:00:45.030    91    91 E [SMART_CHG]get_fv_ageing: i = 1, fv_aging = 10
05-25 08:00:45.428   248   248 W ServiceManager: Waited one second for android.system.keystore2.IKeystoreService/default (is service started? are binder threads started and available?)
05-25 08:00:45.429   238   238 I servicemanager: Since 'android.system.keystore2.IKeystoreService/default' could not be found, trying to start it as a lazy AIDL service
05-25 08:00:45.429   238  1233 W libc    : Unable to set property "ctl.interface_start" to "aidl/android.system.keystore2.IKeystoreService/default": error code: 0x20
05-25 08:00:45.429   238  1233 I servicemanager: Tried to start aidl service android.system.keystore2.IKeystoreService/default as a lazy service, but was unable to. Usually this happens when a service is not installed, but if the service is intended to be used as a lazy service, then it may be configured incorrectly.
05-25 08:00:46.043    91    91 E         : get charge control limit:0
05-25 08:00:46.044    91    91 E         : [SMART_CHG]SMART_CHG_NAVIGATION, en_ret = 0, fun_val = 0, active_status = 0, smart_soc = 50, ui_soc =42, smart_ctrl_en = 0, ffc_en = 0
05-25 08:00:46.046    91    91 E         : [SMART_CHG]set smart_charge[SMART_CHG_LOW_FAST].en_ret = 0, disable low_fast
05-25 08:00:46.047    91    91 E         : [SMART_CHG]SMART_CHG_ENDURANCE_PRO, en_ret = 0, fun_val = 0, active_status = 0
05-25 08:00:46.048    91    91 E         : [SMART_CHG]endurance monitor enable charger, soc <= -5
05-25 08:00:46.049    91    91 E [SMART_CHG]monitor_night_charging: night_charging = 0, soc = 42
05-25 08:00:46.050    91    91 E [SMART_CHG]monitor_low_fast_strategy: soc = 42, thermal_level = 0, thermal_board_temp = 0, pd_active = 0, low_fast_plugin_flag = 1, low_fast_enable = 0, screen_state = 0, b_flag = 0
05-25 08:00:46.052    91    91 E [SMART_CHG]monitor_low_fast_strategy: use default thermal current=6000000
05-25 08:00:46.054    91    91 E [SMART_CHG]get_fv_ageing: i = 1, fv_aging = 10
05-25 08:00:46.157     1     1 I init    : starting service 'vendor.vibrator-mtk-default'...
05-25 08:00:46.168  1234  1234 F linker  : CANNOT LINK EXECUTABLE "/vendor/bin/hw/android.hardware.vibrator-service.mediatek": cannot locate symbol "_ZNSt3__122__libcpp_verbose_abortEPKcz" referenced by "/vendor/bin/hw/android.hardware.vibrator-service.mediatek"...
05-25 08:00:46.176     1     1 I init    : Service 'vendor.vibrator-mtk-default' (pid 1234) exited with status 1
05-25 08:00:46.177     1     1 I init    : Sending signal 9 to service 'vendor.vibrator-mtk-default' (pid 1234) process group...
05-25 08:00:46.179     1     1 I libprocessgroup: Successfully killed process cgroup uid 0 pid 1234 in 0ms
05-25 08:00:46.429   248   248 W ServiceManager: Waited one second for android.system.keystore2.IKeystoreService/default (is service started? are binder threads started and available?)
05-25 08:00:46.429   238   238 I servicemanager: Since 'android.system.keystore2.IKeystoreService/default' could not be found, trying to start it as a lazy AIDL service
05-25 08:00:46.432   238  1235 W libc    : Unable to set property "ctl.interface_start" to "aidl/android.system.keystore2.IKeystoreService/default": error code: 0x20
05-25 08:00:46.432   238  1235 I servicemanager: Tried to start aidl service android.system.keystore2.IKeystoreService/default as a lazy service, but was unable to. Usually this happens when a service is not installed, but if the service is intended to be used as a lazy service, then it may be configured incorrectly.
05-25 08:00:46.437     1     1 E init    : Control message: Could not find 'aidl/android.system.keystore2.IKeystoreService/default' for ctl.interface_start from pid: 238 (/system/bin/servicemanager)
05-25 08:00:46.587   220   220 E         : get charge control limit:0
05-25 08:00:46.588   220   220 I         : [SW_JEITA] ffc_disable = 0, ffc = 0, pd_type = 5, thermal_lv = 0, single_cell_mode = 0, uisoc:42, chg_turn_on_flag:0
05-25 08:00:46.589   220   220 I         : ALG_STATE= 1
05-25 08:00:46.591   220   220 I handle_charge_done_and_recharge: info->country_code:0
05-25 08:00:46.592   220   220 I         : charge status not 100, so power supply changed
05-25 08:00:46.593   220   220 I handle_charge_done_and_recharge: ffc=0, rsoc=45, soc=42, temp=39, fv=4470, vbat=3897, iterm=420, ibat=385, full=0, full_cnt=0, v_cnt=0, recharge_cnt=0 threshold_mv=18
05-25 08:00:46.593   212   212 I mtk_charger_start_timer: alarm timer start:1, 376 73860943
05-25 08:00:46.596   220   220 E         : [mtk_battery_external_power_changed] low_temp = 39
05-25 08:00:46.596   212   212 I         : [PE50]pe50_hal_get_soc uisoc = 42
05-25 08:00:46.597   220   220 I fgauge  : [fg_sw_bat_cycle_accu]drop diff_car
05-25 08:00:46.597   212   212 I         : alg_state = 3
05-25 08:00:46.598   212   212 I         : alg_state = 1
05-25 08:00:46.599   220   220 I fgauge  : [fg_sw_bat_cycle_accu]car[o:358 n:360],diff_car:2,ncar[o:10610 n:10610 hw:-15632] thr 0
05-25 08:00:46.600   212   212 I         : mt635x-auxadc mt635x-auxadc: Error: Get efuse failed (-517)
05-25 08:00:46.602   212   212 I         : vbat_out_old=39070, vthr=683, T_curr=-4063, vbat_out=39070
05-25 08:00:46.603   212   212 I [upm6922-charger]: upm6922_set_input_volt_limit:mv:4200
05-25 08:00:46.604   220   220 I         : mt635x-auxadc mt635x-auxadc: Error: Get efuse failed (-517)
05-25 08:00:46.605   212   212 I         : [SW_JEITA] Battery Temperature between 35 and 45 !!
05-25 08:00:46.605   220   220 I         : vbat_out_old=39030, vthr=683, T_curr=-4063, vbat_out=39030
05-25 08:00:46.606   212   212 I         : [SW_JEITA] get batt_id succ
05-25 08:00:46.607   220   220 E         : mtk_battery_external_power_changed event, name:battery online:1, status:1, EOC:0, cur_chr_type:1 old:1, vbat0:[o:0 n:0]
05-25 08:00:46.607   212   212 I         : [SW_JEITA] battery_id = 1
05-25 08:00:46.609   220   220 E [lc_charger_sysfs]psy_change_noti: psy name=mtk-master-charger, charge_type(1, 4)
05-25 08:00:46.609   212   212 I [upm6922-charger]: upm6922_set_term_current:ma:420
05-25 08:00:46.610   220   220 E [lc_charger_sysfs]lc_sysfs_get_charge_type: ta_status[PD] (1), pd_type (0), chr_type(4), usb_type(1), real_type(1)
05-25 08:00:46.613   220   220 E         : [lc_charger_sysfs]lc_sysfs_get_quick_charge_type chr_type=4, pd_type=0, temp=39, quick_chr_type:0, last_quick_charge_type:0
05-25 08:00:46.615   220   220 E         : [lc_charger_sysfs]capacity(42), vbat(3903), batt_status(1), shutdown_delay(0), count(0)
05-25 08:00:46.615   212   212 I         : [SW_JEITA] ieoc = 420000
05-25 08:00:46.616     8     8 E [lc_charger_sysfs]psy_change_noti: psy name=battery, charge_type(1, 4)
05-25 08:00:46.616   212   212 I [upm6922-charger]: upm6922_set_chargevolt:mv:4670
05-25 08:00:46.618     8     8 E [lc_charger_sysfs]lc_sysfs_get_charge_type: ta_status[PD] (1), pd_type (0), chr_type(4), usb_type(1), real_type(1)
05-25 08:00:46.620   220   220 I get_charger_zcv: get charger zcv failed: -95
05-25 08:00:46.620   212   212 I [SW_JEITA]tmp: 39 jeita_cv:4470000 jeita_cc:-1
05-25 08:00:46.621     8     8 E         : [lc_charger_sysfs]lc_sysfs_get_quick_charge_type chr_type=4, pd_type=0, temp=39, quick_chr_type:0, last_quick_charge_type:0
05-25 08:00:46.623     8     8 E         : [lc_charger_sysfs]capacity(42), vbat(3903), batt_status(1), shutdown_delay(0), count(0)
05-25 08:00:46.624   212   212 I tmp     : 39 (jeita:1 sm:5 cv:4470000 en:1) (sm:1) en:1 c:0 s:0 ov:0 0 sc:0 1 1 saf_cmd:-1 bat_mon:0 0
05-25 08:00:46.625   225   225 I <  367.112>TCPC-TCPC: bat_update_work_func Battery Charging, soc = 42
05-25 08:00:46.627   212   212 I mtk_adapter_switch_control pd_type: 1, ufcs_type:1, ret:2, state: 0, set_pri:0, cnt:0
05-25 08:00:46.628     8     8 E         : get CV property fail
05-25 08:00:46.628     8     8 E         : get charge control limit:0
05-25 08:00:46.629   212   212 I mtk_check_ta_status ret_ta_switch: 2, prtocol_state:0
05-25 08:00:46.630   212   212 I get_ibus: get ibus failed: -95
05-25 08:00:46.631   212   212 I get_ibat: get ibat failed: -95
05-25 08:00:46.632   212   212 I         : Vbat=3903 vbats=0 vbus:4872 ibus:0 I=357 T=39 uisoc:42 type:usb>usb idx:0 ta_stat:1 swchg_ibat:0 cv:3864000 cmd_pp:-1
05-25 08:00:46.633   212   212 I         : select_charging_current_limit batt verify = 1
05-25 08:00:46.634   212   212 I         : chg_alg_set_current_limit
05-25 08:00:46.635   212   212 I         : [PE50]pe50_set_current_limit ic = 3000, cv = 4470, ibat_limit = 500
05-25 08:00:46.636   212   212 I         : pe50_set_prop 3 0
05-25 08:00:46.636   213   213 I         : [PE50]pe50_algo_threadfn state = STOP
05-25 08:00:46.637   213   213 I         : [PE50]pe50_algo_threadfn PE5.0 STOP
05-25 08:00:46.637   212   212 I         : [PE50]pe50_hal_get_soc uisoc = 42
05-25 08:00:46.638   212   212 I         : support_fast_charging pe5 ret:ALG_NOT_READY, prtocol_state:0,  ffc_state0
05-25 08:00:46.639   212   212 I jeita_current_limit: jeita_input_current_limit: 3000000, jeita_charging_current_limit: 5950000
05-25 08:00:46.640   212   212 I debug   : 2, 1, 0
05-25 08:00:46.641   212   212 I         : m:0 chg1:-1,6000,500,500 chg2:-1,-1,0,0 dvchg1:-1 sc:500000 -1 0 type:4:1 usb_unlimited:0 usbif:0 usbsm:0 ii:-1,-1 aicl:-1 atm:0 bm:2 b:1
05-25 08:00:46.643   212   212 I do_algorithm is_basic: 1
05-25 08:00:46.643   212   212 I [upm6922-charger]: upm6922_set_input_current_limit:ma:500
05-25 08:00:46.644   212   212 I [upm6922-charger]: upm6922_set_chargecurrent:ma:500
05-25 08:00:46.645   212   212 I         : [PE50]pe50_hal_get_soc uisoc = 42
05-25 08:00:46.646   212   212 I [upm6922-charger]: upm6922_enable_charger:enable charge
05-25 08:00:46.647   212   212 E [upm6922-charger]: upm6922_dump_regs:Reg[00] = 0x04
05-25 08:00:46.648   212   212 E [upm6922-charger]: upm6922_dump_regs:Reg[01] = 0x1a
05-25 08:00:46.649   212   212 E [upm6922-charger]: upm6922_dump_regs:Reg[02] = 0x08
05-25 08:00:46.650   212   212 E [upm6922-charger]: upm6922_dump_regs:Reg[03] = 0xf6
05-25 08:00:46.651   212   212 E [upm6922-charger]: upm6922_dump_regs:Reg[04] = 0xc9
05-25 08:00:46.652   212   212 E [upm6922-charger]: upm6922_dump_regs:Reg[05] = 0x8f
05-25 08:00:46.652   212   212 E [upm6922-charger]: upm6922_dump_regs:Reg[06] = 0xf3
05-25 08:00:46.653   212   212 E [upm6922-charger]: upm6922_dump_regs:Reg[07] = 0x48
05-25 08:00:46.654   212   212 E [upm6922-charger]: upm6922_dump_regs:Reg[08] = 0x34
05-25 08:00:46.655   212   212 E [upm6922-charger]: upm6922_dump_regs:Reg[09] = 0x00
05-25 08:00:46.656   212   212 E [upm6922-charger]: upm6922_dump_regs:Reg[0a] = 0xa3
05-25 08:00:46.657   212   212 E [upm6922-charger]: upm6922_dump_regs:Reg[0b] = 0x14
05-25 08:00:46.658   212   212 E [upm6922-charger]: upm6922_dump_regs:Reg[0c] = 0x81
05-25 08:00:46.659   212   212 E [upm6922-charger]: upm6922_dump_regs:Reg[0d] = 0x80
05-25 08:00:46.660   212   212 E [upm6922-charger]: upm6922_dump_regs:Reg[0e] = 0x00
05-25 08:00:46.661   212   212 E [upm6922-charger]: upm6922_dump_regs:Reg[0f] = 0xff
05-25 08:00:46.662   212   212 E [upm6922-charger]: upm6922_dump_regs:Reg[10] = 0x00
05-25 08:00:46.663   212   212 E [upm6922-charger]: upm6922_dump_regs:Reg[11] = 0xff
05-25 08:00:46.663   212   212 E [upm6922-charger]: upm6922_dump_regs:Reg[12] = 0x00
05-25 08:00:46.664   212   212 E [upm6922-charger]: upm6922_dump_regs:Reg[13] = 0xff
05-25 08:00:46.665   212   212 E [upm6922-charger]: upm6922_dump_regs:Reg[14] = 0x00
05-25 08:00:46.666   212   212 E [upm6922-charger]: upm6922_dump_regs:Reg[15] = 0xcc
05-25 08:00:46.667   212   212 I [upm6922-charger]: upm6922_reset_watchdog_timer:reset
05-25 08:00:47.067    91    91 E         : get charge control limit:0
05-25 08:00:47.068    91    91 E         : [SMART_CHG]SMART_CHG_NAVIGATION, en_ret = 0, fun_val = 0, active_status = 0, smart_soc = 50, ui_soc =42, smart_ctrl_en = 0, ffc_en = 0
05-25 08:00:47.070    91    91 E         : [SMART_CHG]set smart_charge[SMART_CHG_LOW_FAST].en_ret = 0, disable low_fast
05-25 08:00:47.071    91    91 E         : [SMART_CHG]SMART_CHG_ENDURANCE_PRO, en_ret = 0, fun_val = 0, active_status = 0
05-25 08:00:47.072    91    91 E         : [SMART_CHG]endurance monitor enable charger, soc <= -5
05-25 08:00:47.073    91    91 E [SMART_CHG]monitor_night_charging: night_charging = 0, soc = 42
05-25 08:00:47.074    91    91 E [SMART_CHG]monitor_low_fast_strategy: soc = 42, thermal_level = 0, thermal_board_temp = 0, pd_active = 0, low_fast_plugin_flag = 1, low_fast_enable = 0, screen_state = 0, b_flag = 0
05-25 08:00:47.076    91    91 E [SMART_CHG]monitor_low_fast_strategy: use default thermal current=6000000
05-25 08:00:47.078    91    91 E [SMART_CHG]get_fv_ageing: i = 1, fv_aging = 10
05-25 08:00:47.430   248   248 W ServiceManager: Waited one second for android.system.keystore2.IKeystoreService/default (is service started? are binder threads started and available?)
05-25 08:00:47.430   238   238 I servicemanager: Since 'android.system.keystore2.IKeystoreService/default' could not be found, trying to start it as a lazy AIDL service
05-25 08:00:47.433   238  1236 W libc    : Unable to set property "ctl.interface_start" to "aidl/android.system.keystore2.IKeystoreService/default": error code: 0x20
05-25 08:00:47.437     1     1 E init    : Control message: Could not find 'aidl/android.system.keystore2.IKeystoreService/default' for ctl.interface_start from pid: 238 (/system/bin/servicemanager)
05-25 08:00:47.433   238  1236 I servicemanager: Tried to start aidl service android.system.keystore2.IKeystoreService/default as a lazy service, but was unable to. Usually this happens when a service is not installed, but if the service is intended to be used as a lazy service, then it may be configured incorrectly.
05-25 08:00:48.091    91    91 E         : get charge control limit:0
05-25 08:00:48.092    91    91 E         : [SMART_CHG]SMART_CHG_NAVIGATION, en_ret = 0, fun_val = 0, active_status = 0, smart_soc = 50, ui_soc =42, smart_ctrl_en = 0, ffc_en = 0
05-25 08:00:48.094    91    91 E         : [SMART_CHG]set smart_charge[SMART_CHG_LOW_FAST].en_ret = 0, disable low_fast
05-25 08:00:48.095    91    91 E         : [SMART_CHG]SMART_CHG_ENDURANCE_PRO, en_ret = 0, fun_val = 0, active_status = 0
05-25 08:00:48.096    91    91 E         : [SMART_CHG]endurance monitor enable charger, soc <= -5
05-25 08:00:48.097    91    91 E [SMART_CHG]monitor_night_charging: night_charging = 0, soc = 42
05-25 08:00:48.098    91    91 E [SMART_CHG]monitor_low_fast_strategy: soc = 42, thermal_level = 0, thermal_board_temp = 0, pd_active = 0, low_fast_plugin_flag = 1, low_fast_enable = 0, screen_state = 0, b_flag = 0
05-25 08:00:48.100    91    91 E [SMART_CHG]monitor_low_fast_strategy: use default thermal current=6000000
05-25 08:00:48.102    91    91 E [SMART_CHG]get_fv_ageing: i = 1, fv_aging = 10
05-25 08:00:48.430   248   248 W ServiceManager: Waited one second for android.system.keystore2.IKeystoreService/default (is service started? are binder threads started and available?)
05-25 08:00:48.430   238   238 I servicemanager: Since 'android.system.keystore2.IKeystoreService/default' could not be found, trying to start it as a lazy AIDL service
05-25 08:00:48.433   238  1237 W libc    : Unable to set property "ctl.interface_start" to "aidl/android.system.keystore2.IKeystoreService/default": error code: 0x20
05-25 08:00:48.433   238  1237 I servicemanager: Tried to start aidl service android.system.keystore2.IKeystoreService/default as a lazy service, but was unable to. Usually this happens when a service is not installed, but if the service is intended to be used as a lazy service, then it may be configured incorrectly.
05-25 08:00:48.438     1     1 E init    : Control message: Could not find 'aidl/android.system.keystore2.IKeystoreService/default' for ctl.interface_start from pid: 238 (/system/bin/servicemanager)
05-25 08:00:48.603     8     8 E         : get charge control limit:0
05-25 08:00:48.604     8     8 I         : [SW_JEITA] ffc_disable = 0, ffc = 0, pd_type = 5, thermal_lv = 0, single_cell_mode = 0, uisoc:42, chg_turn_on_flag:0
05-25 08:00:48.605     8     8 I         : ALG_STATE= 1
05-25 08:00:48.607     8     8 I handle_charge_done_and_recharge: info->country_code:0
05-25 08:00:48.608     8     8 I         : charge status not 100, so power supply changed
05-25 08:00:48.608     8     8 I handle_charge_done_and_recharge: ffc=0, rsoc=45, soc=42, temp=39, fv=4470, vbat=3898, iterm=420, ibat=357, full=0, full_cnt=0, v_cnt=0, recharge_cnt=0 threshold_mv=18
05-25 08:00:48.608   212   212 I mtk_charger_start_timer: alarm timer start:1, 378 89210405
05-25 08:00:48.611     8     8 E         : [mtk_battery_external_power_changed] low_temp = 39
05-25 08:00:48.611   212   212 I         : [PE50]pe50_hal_get_soc uisoc = 42
05-25 08:00:48.612     8     8 I fgauge  : [fg_sw_bat_cycle_accu]drop diff_car
05-25 08:00:48.613   212   212 I         : alg_state = 3
05-25 08:00:48.613   212   212 I         : alg_state = 1
05-25 08:00:48.614     8     8 I fgauge  : [fg_sw_bat_cycle_accu]car[o:360 n:362],diff_car:2,ncar[o:10610 n:10610 hw:-15632] thr 0
05-25 08:00:48.616   212   212 I         : mt635x-auxadc mt635x-auxadc: Error: Get efuse failed (-517)
05-25 08:00:48.617   212   212 I         : vbat_out_old=39040, vthr=683, T_curr=-4063, vbat_out=39040
05-25 08:00:48.618   212   212 I [upm6922-charger]: upm6922_set_input_volt_limit:mv:4200
05-25 08:00:48.619     8     8 I         : mt635x-auxadc mt635x-auxadc: Error: Get efuse failed (-517)
05-25 08:00:48.620   212   212 I         : [SW_JEITA] Battery Temperature between 35 and 45 !!
05-25 08:00:48.620     8     8 I         : vbat_out_old=39070, vthr=683, T_curr=-4063, vbat_out=39070
05-25 08:00:48.621   212   212 I         : [SW_JEITA] get batt_id succ
05-25 08:00:48.622     8     8 E         : mtk_battery_external_power_changed event, name:battery online:1, status:1, EOC:0, cur_chr_type:1 old:1, vbat0:[o:0 n:0]
05-25 08:00:48.623   212   212 I         : [SW_JEITA] battery_id = 1
05-25 08:00:48.624     8     8 E [lc_charger_sysfs]psy_change_noti: psy name=mtk-master-charger, charge_type(1, 4)
05-25 08:00:48.625   212   212 I [upm6922-charger]: upm6922_set_term_current:ma:420
05-25 08:00:48.626     8     8 E [lc_charger_sysfs]lc_sysfs_get_charge_type: ta_status[PD] (1), pd_type (0), chr_type(4), usb_type(1), real_type(1)
05-25 08:00:48.628     8     8 E         : [lc_charger_sysfs]lc_sysfs_get_quick_charge_type chr_type=4, pd_type=0, temp=39, quick_chr_type:0, last_quick_charge_type:0
05-25 08:00:48.628   212   212 I         : [SW_JEITA] ieoc = 420000
05-25 08:00:48.630     8     8 E         : [lc_charger_sysfs]capacity(42), vbat(3907), batt_status(1), shutdown_delay(0), count(0)
05-25 08:00:48.630   212   212 I [upm6922-charger]: upm6922_set_chargevolt:mv:4670
05-25 08:00:48.632   220   220 E [lc_charger_sysfs]psy_change_noti: psy name=battery, charge_type(1, 4)
05-25 08:00:48.634   220   220 E [lc_charger_sysfs]lc_sysfs_get_charge_type: ta_status[PD] (1), pd_type (0), chr_type(4), usb_type(1), real_type(1)
05-25 08:00:48.635   220   220 E         : [lc_charger_sysfs]lc_sysfs_get_quick_charge_type chr_type=4, pd_type=0, temp=39, quick_chr_type:0, last_quick_charge_type:0
05-25 08:00:48.637     8     8 I get_charger_zcv: get charger zcv failed: -95
05-25 08:00:48.638   212   212 I [SW_JEITA]tmp: 39 jeita_cv:4470000 jeita_cc:-1
05-25 08:00:48.638   220   220 E         : [lc_charger_sysfs]capacity(42), vbat(3907), batt_status(1), shutdown_delay(0), count(0)
05-25 08:00:48.640   225   225 I <  369.127>TCPC-TCPC: bat_update_work_func Battery Charging, soc = 42
05-25 08:00:48.640   212   212 I tmp     : 39 (jeita:1 sm:5 cv:4470000 en:1) (sm:1) en:1 c:0 s:0 ov:0 0 sc:0 1 1 saf_cmd:-1 bat_mon:0 0
05-25 08:00:48.642   212   212 I mtk_adapter_switch_control pd_type: 1, ufcs_type:1, ret:2, state: 0, set_pri:0, cnt:0
05-25 08:00:48.643   220   220 E         : get CV property fail
05-25 08:00:48.644   212   212 I mtk_check_ta_status ret_ta_switch: 2, prtocol_state:0
05-25 08:00:48.644   220   220 E         : get charge control limit:0
05-25 08:00:48.646   212   212 I get_ibus: get ibus failed: -95
05-25 08:00:48.646   212   212 I get_ibat: get ibat failed: -95
05-25 08:00:48.647   212   212 I         : Vbat=3907 vbats=0 vbus:4872 ibus:0 I=332 T=39 uisoc:42 type:usb>usb idx:0 ta_stat:1 swchg_ibat:0 cv:3864000 cmd_pp:-1
05-25 08:00:48.649   212   212 I         : select_charging_current_limit batt verify = 1
05-25 08:00:48.649   212   212 I         : chg_alg_set_current_limit
05-25 08:00:48.650   212   212 I         : [PE50]pe50_set_current_limit ic = 3000, cv = 4470, ibat_limit = 500
05-25 08:00:48.651   212   212 I         : pe50_set_prop 3 0
05-25 08:00:48.651   213   213 I         : [PE50]pe50_algo_threadfn state = STOP
05-25 08:00:48.652   213   213 I         : [PE50]pe50_algo_threadfn PE5.0 STOP
05-25 08:00:48.653   212   212 I         : [PE50]pe50_hal_get_soc uisoc = 42
05-25 08:00:48.654   212   212 I         : support_fast_charging pe5 ret:ALG_NOT_READY, prtocol_state:0,  ffc_state0
05-25 08:00:48.655   212   212 I jeita_current_limit: jeita_input_current_limit: 3000000, jeita_charging_current_limit: 5950000
05-25 08:00:48.656   212   212 I debug   : 2, 1, 0
05-25 08:00:48.656   212   212 I         : m:0 chg1:-1,6000,500,500 chg2:-1,-1,0,0 dvchg1:-1 sc:500000 -1 0 type:4:1 usb_unlimited:0 usbif:0 usbsm:0 ii:-1,-1 aicl:-1 atm:0 bm:2 b:1
05-25 08:00:48.658   212   212 I do_algorithm is_basic: 1
05-25 08:00:48.659   212   212 I [upm6922-charger]: upm6922_set_input_current_limit:ma:500
05-25 08:00:48.660   212   212 I [upm6922-charger]: upm6922_set_chargecurrent:ma:500
05-25 08:00:48.661   212   212 I         : [PE50]pe50_hal_get_soc uisoc = 42
05-25 08:00:48.661   212   212 I [upm6922-charger]: upm6922_enable_charger:enable charge
05-25 08:00:48.662   212   212 E [upm6922-charger]: upm6922_dump_regs:Reg[00] = 0x04
05-25 08:00:48.663   212   212 E [upm6922-charger]: upm6922_dump_regs:Reg[01] = 0x1a
05-25 08:00:48.664   212   212 E [upm6922-charger]: upm6922_dump_regs:Reg[02] = 0x08
05-25 08:00:48.665   212   212 E [upm6922-charger]: upm6922_dump_regs:Reg[03] = 0xf6
05-25 08:00:48.666   212   212 E [upm6922-charger]: upm6922_dump_regs:Reg[04] = 0xc9
05-25 08:00:48.667   212   212 E [upm6922-charger]: upm6922_dump_regs:Reg[05] = 0x8f
05-25 08:00:48.668   212   212 E [upm6922-charger]: upm6922_dump_regs:Reg[06] = 0xf3
05-25 08:00:48.669   212   212 E [upm6922-charger]: upm6922_dump_regs:Reg[07] = 0x48
05-25 08:00:48.670   212   212 E [upm6922-charger]: upm6922_dump_regs:Reg[08] = 0x34
05-25 08:00:48.671   212   212 E [upm6922-charger]: upm6922_dump_regs:Reg[09] = 0x00
05-25 08:00:48.672   212   212 E [upm6922-charger]: upm6922_dump_regs:Reg[0a] = 0xa3
05-25 08:00:48.673   212   212 E [upm6922-charger]: upm6922_dump_regs:Reg[0b] = 0x14
05-25 08:00:48.673   212   212 E [upm6922-charger]: upm6922_dump_regs:Reg[0c] = 0x81
05-25 08:00:48.674   212   212 E [upm6922-charger]: upm6922_dump_regs:Reg[0d] = 0x80
05-25 08:00:48.675   212   212 E [upm6922-charger]: upm6922_dump_regs:Reg[0e] = 0x00
05-25 08:00:48.676   212   212 E [upm6922-charger]: upm6922_dump_regs:Reg[0f] = 0xff
05-25 08:00:48.677   212   212 E [upm6922-charger]: upm6922_dump_regs:Reg[10] = 0x00
05-25 08:00:48.678   212   212 E [upm6922-charger]: upm6922_dump_regs:Reg[11] = 0xff
05-25 08:00:48.679   212   212 E [upm6922-charger]: upm6922_dump_regs:Reg[12] = 0x00
05-25 08:00:48.680   212   212 E [upm6922-charger]: upm6922_dump_regs:Reg[13] = 0xff
05-25 08:00:48.681   212   212 E [upm6922-charger]: upm6922_dump_regs:Reg[14] = 0x00
05-25 08:00:48.682   212   212 E [upm6922-charger]: upm6922_dump_regs:Reg[15] = 0xcc
05-25 08:00:48.683   212   212 I [upm6922-charger]: upm6922_reset_watchdog_timer:reset
05-25 08:00:48.704     1     1 I init    : starting service 'keystore2'...
05-25 08:00:48.708  1238  1238 E init    : failed to write pid to files: couldn't write 1238 to /dev/cpuset/foreground/tasks: No such file or directory
05-25 08:00:48.796  1238  1238 I keystore2: keystore2_main: Keystore2 is starting.
05-25 08:00:48.797  1238  1238 I keystore2: keystore2_main: Starting thread pool now.
05-25 08:00:48.797  1238  1239 I keystore2: getDeviceHalManifest: Reading VINTF information.
05-25 08:00:48.798  1238  1239 E keystore2: getDeviceHalManifest: status from fetching VINTF information: -22
05-25 08:00:48.798  1238  1239 E keystore2: getDeviceHalManifest: -22 VINTF parse error: Illformed file: /vendor/etc/vintf/manifest.xml: Unrecognized manifest.version 8.0 (libvintf@4.0)
05-25 08:00:48.798  1238  1238 I keystore2: getDeviceHalManifest: Reading VINTF information.
05-25 08:00:48.799  1238  1239 F libc    : Fatal signal 11 (SIGSEGV), code 1 (SEGV_MAPERR), fault addr 0x0 in tid 1239 (keystore2), pid 1238 (Binder:1238_2)
05-25 08:00:48.799  1238  1238 E keystore2: getDeviceHalManifest: status from fetching VINTF information: -22
05-25 08:00:48.799  1238  1238 E keystore2: getDeviceHalManifest: -22 VINTF parse error: Illformed file: /vendor/etc/vintf/manifest.xml: Unrecognized manifest.version 8.0 (libvintf@4.0)
05-25 08:00:48.802  1243  1243 F libc    : failed to exec crash_dump helper: No such file or directory
05-25 08:00:48.804  1238  1239 F libc    : crash_dump helper failed to exec, or was killed
