05-25 12:42:43.517   338   338 F libc    : failed to wait for crash_dump helper: No child processes
05-25 12:42:44.167   245   245 W ServiceManager: Waited one second for android.system.keystore2.IKeystoreService/default (is service started? are binder threads started and available?)
05-25 12:42:44.167   236   236 I servicemanager: Since 'android.system.keystore2.IKeystoreService/default' could not be found, trying to start it as a lazy AIDL service
05-25 12:42:44.170   236   345 W libc    : Unable to set property "ctl.interface_start" to "aidl/android.system.keystore2.IKeystoreService/default": error code: 0x20
05-25 12:42:44.170   236   345 I servicemanager: Tried to start aidl service android.system.keystore2.IKeystoreService/default as a lazy service, but was unable to. Usually this happens when a service is not installed, but if the service is intended to be used as a lazy service, then it may be configured incorrectly.
05-25 12:42:45.167   245   245 W ServiceManager: Waited one second for android.system.keystore2.IKeystoreService/default (is service started? are binder threads started and available?)
05-25 12:42:45.168   236   236 I servicemanager: Since 'android.system.keystore2.IKeystoreService/default' could not be found, trying to start it as a lazy AIDL service
05-25 12:42:45.171   236   346 W libc    : Unable to set property "ctl.interface_start" to "aidl/android.system.keystore2.IKeystoreService/default": error code: 0x20
05-25 12:42:45.171   236   346 I servicemanager: Tried to start aidl service android.system.keystore2.IKeystoreService/default as a lazy service, but was unable to. Usually this happens when a service is not installed, but if the service is intended to be used as a lazy service, then it may be configured incorrectly.
05-25 12:42:45.847   350   350 F linker  : CANNOT LINK EXECUTABLE "/vendor/bin/hw/android.hardware.vibrator-service.mediatek": cannot locate symbol "_ZNSt3__122__libcpp_verbose_abortEPKcz" referenced by "/vendor/bin/hw/android.hardware.vibrator-service.mediatek"...
05-25 12:42:46.168   245   245 W ServiceManager: Waited one second for android.system.keystore2.IKeystoreService/default (is service started? are binder threads started and available?)
05-25 12:42:46.168   236   236 I servicemanager: Since 'android.system.keystore2.IKeystoreService/default' could not be found, trying to start it as a lazy AIDL service
05-25 12:42:46.169   236   351 W libc    : Unable to set property "ctl.interface_start" to "aidl/android.system.keystore2.IKeystoreService/default": error code: 0x20
05-25 12:42:46.169   236   351 I servicemanager: Tried to start aidl service android.system.keystore2.IKeystoreService/default as a lazy service, but was unable to. Usually this happens when a service is not installed, but if the service is intended to be used as a lazy service, then it may be configured incorrectly.
05-25 12:42:47.169   245   245 W ServiceManager: Waited one second for android.system.keystore2.IKeystoreService/default (is service started? are binder threads started and available?)
05-25 12:42:47.169   236   236 I servicemanager: Since 'android.system.keystore2.IKeystoreService/default' could not be found, trying to start it as a lazy AIDL service
05-25 12:42:47.170   236   352 W libc    : Unable to set property "ctl.interface_start" to "aidl/android.system.keystore2.IKeystoreService/default": error code: 0x20
05-25 12:42:47.170   236   352 I servicemanager: Tried to start aidl service android.system.keystore2.IKeystoreService/default as a lazy service, but was unable to. Usually this happens when a service is not installed, but if the service is intended to be used as a lazy service, then it may be configured incorrectly.
05-25 12:42:48.169   245   245 W ServiceManager: Waited one second for android.system.keystore2.IKeystoreService/default (is service started? are binder threads started and available?)
05-25 12:42:48.169   236   236 I servicemanager: Since 'android.system.keystore2.IKeystoreService/default' could not be found, trying to start it as a lazy AIDL service
05-25 12:42:48.170   236   353 W libc    : Unable to set property "ctl.interface_start" to "aidl/android.system.keystore2.IKeystoreService/default": error code: 0x20
05-25 12:42:48.170   236   353 I servicemanager: Tried to start aidl service android.system.keystore2.IKeystoreService/default as a lazy service, but was unable to. Usually this happens when a service is not installed, but if the service is intended to be used as a lazy service, then it may be configured incorrectly.
05-25 12:42:48.495   354   354 I keystore2: keystore2_main: Keystore2 is starting.
05-25 12:42:48.496   354   354 I keystore2: keystore2_main: Starting thread pool now.
05-25 12:42:48.497   354   355 I keystore2: getDeviceHalManifest: Reading VINTF information.
05-25 12:42:48.513   354   355 I keystore2: getDeviceHalManifest: Successfully processed VINTF information
05-25 12:42:48.514   354   354 E cutils-trace: Error opening trace file: No such file or directory (2)
05-25 12:42:48.514   235   235 I hwservicemanager: getFrameworkHalManifest: Reading VINTF information.
05-25 12:42:48.514   235   235 W hwservicemanager: Cannot fetch /system/etc/vintf/manifest.xml: Illformed file: /system/etc/vintf/manifest.xml: Unrecognized manifest.version 9.0 (libvintf@4.0)
05-25 12:42:48.514   235   235 E hwservicemanager: getFrameworkHalManifest: status from fetching VINTF information: -2
05-25 12:42:48.514   235   235 E hwservicemanager: getFrameworkHalManifest: -2 VINTF parse error: Cannot read /system/manifest.xml: No such file or directory
05-25 12:42:48.514   235   235 I hwservicemanager: getTransport: Cannot find entry android.hidl.manager@1.2::IServiceManager/default in either framework or device VINTF manifest.
05-25 12:42:48.515   354   354 F keystore2: Check failed: serviceManager.get() Failed to get ServiceManager
05-25 12:42:48.515   354   354 F libc    : Fatal signal 6 (SIGABRT), code -1 (SI_QUEUE) in tid 354 (Binder:354_2), pid 354 (Binder:354_2)
05-25 12:42:48.518   359   359 F libc    : failed to exec crash_dump helper: No such file or directory
05-25 12:42:48.520   354   354 F libc    : crash_dump helper failed to exec, or was killed
05-25 12:42:48.520   354   354 F libc    : failed to wait for crash_dump helper: No child processes
05-25 12:42:49.170   245   245 W ServiceManager: Waited one second for android.system.keystore2.IKeystoreService/default (is service started? are binder threads started and available?)
05-25 12:42:49.170   236   236 I servicemanager: Since 'android.system.keystore2.IKeystoreService/default' could not be found, trying to start it as a lazy AIDL service
05-25 12:42:49.173   236   361 W libc    : Unable to set property "ctl.interface_start" to "aidl/android.system.keystore2.IKeystoreService/default": error code: 0x20
05-25 12:42:49.173   236   361 I servicemanager: Tried to start aidl service android.system.keystore2.IKeystoreService/default as a lazy service, but was unable to. Usually this happens when a service is not installed, but if the service is intended to be used as a lazy service, then it may be configured incorrectly.
05-25 12:42:50.171   245   245 W ServiceManager: Waited one second for android.system.keystore2.IKeystoreService/default (is service started? are binder threads started and available?)
05-25 12:42:50.171   236   236 I servicemanager: Since 'android.system.keystore2.IKeystoreService/default' could not be found, trying to start it as a lazy AIDL service
05-25 12:42:50.174   236   362 W libc    : Unable to set property "ctl.interface_start" to "aidl/android.system.keystore2.IKeystoreService/default": error code: 0x20
05-25 12:42:50.174   236   362 I servicemanager: Tried to start aidl service android.system.keystore2.IKeystoreService/default as a lazy service, but was unable to. Usually this happens when a service is not installed, but if the service is intended to be used as a lazy service, then it may be configured incorrectly.
05-25 12:42:50.852   363   363 F linker  : CANNOT LINK EXECUTABLE "/vendor/bin/hw/android.hardware.vibrator-service.mediatek": cannot locate symbol "_ZNSt3__122__libcpp_verbose_abortEPKcz" referenced by "/vendor/bin/hw/android.hardware.vibrator-service.mediatek"...
05-25 12:42:51.171   245   245 W ServiceManager: Waited one second for android.system.keystore2.IKeystoreService/default (is service started? are binder threads started and available?)
05-25 12:42:51.171   236   236 I servicemanager: Since 'android.system.keystore2.IKeystoreService/default' could not be found, trying to start it as a lazy AIDL service
05-25 12:42:51.172   236   364 W libc    : Unable to set property "ctl.interface_start" to "aidl/android.system.keystore2.IKeystoreService/default": error code: 0x20
05-25 12:42:51.172   236   364 I servicemanager: Tried to start aidl service android.system.keystore2.IKeystoreService/default as a lazy service, but was unable to. Usually this happens when a service is not installed, but if the service is intended to be used as a lazy service, then it may be configured incorrectly.
05-25 12:42:52.172   245   245 W ServiceManager: Waited one second for android.system.keystore2.IKeystoreService/default (is service started? are binder threads started and available?)
05-25 12:42:52.172   236   236 I servicemanager: Since 'android.system.keystore2.IKeystoreService/default' could not be found, trying to start it as a lazy AIDL service
05-25 12:42:52.173   236   365 W libc    : Unable to set property "ctl.interface_start" to "aidl/android.system.keystore2.IKeystoreService/default": error code: 0x20
05-25 12:42:52.173   236   365 I servicemanager: Tried to start aidl service android.system.keystore2.IKeystoreService/default as a lazy service, but was unable to. Usually this happens when a service is not installed, but if the service is intended to be used as a lazy service, then it may be configured incorrectly.
05-25 12:42:53.172   245   245 W ServiceManager: Waited one second for android.system.keystore2.IKeystoreService/default (is service started? are binder threads started and available?)
05-25 12:42:53.173   236   236 I servicemanager: Since 'android.system.keystore2.IKeystoreService/default' could not be found, trying to start it as a lazy AIDL service
05-25 12:42:53.173   236   366 W libc    : Unable to set property "ctl.interface_start" to "aidl/android.system.keystore2.IKeystoreService/default": error code: 0x20
05-25 12:42:53.174   236   366 I servicemanager: Tried to start aidl service android.system.keystore2.IKeystoreService/default as a lazy service, but was unable to. Usually this happens when a service is not installed, but if the service is intended to be used as a lazy service, then it may be configured incorrectly.
05-25 12:42:53.500   367   367 I keystore2: keystore2_main: Keystore2 is starting.
05-25 12:42:53.501   367   367 I keystore2: keystore2_main: Starting thread pool now.
05-25 12:42:53.502   367   368 I keystore2: getDeviceHalManifest: Reading VINTF information.
05-25 12:42:53.517   367   368 I keystore2: getDeviceHalManifest: Successfully processed VINTF information
05-25 12:42:53.519   367   367 E cutils-trace: Error opening trace file: No such file or directory (2)
05-25 12:42:53.519   235   235 I hwservicemanager: getFrameworkHalManifest: Reading VINTF information.
05-25 12:42:53.519   235   235 W hwservicemanager: Cannot fetch /system/etc/vintf/manifest.xml: Illformed file: /system/etc/vintf/manifest.xml: Unrecognized manifest.version 9.0 (libvintf@4.0)
05-25 12:42:53.519   235   235 E hwservicemanager: getFrameworkHalManifest: status from fetching VINTF information: -2
05-25 12:42:53.519   235   235 E hwservicemanager: getFrameworkHalManifest: -2 VINTF parse error: Cannot read /system/manifest.xml: No such file or directory
05-25 12:42:53.519   235   235 I hwservicemanager: getTransport: Cannot find entry android.hidl.manager@1.2::IServiceManager/default in either framework or device VINTF manifest.
05-25 12:42:53.519   367   367 F keystore2: Check failed: serviceManager.get() Failed to get ServiceManager
05-25 12:42:53.520   367   367 F libc    : Fatal signal 6 (SIGABRT), code -1 (SI_QUEUE) in tid 367 (Binder:367_2), pid 367 (Binder:367_2)
05-25 12:42:53.523   372   372 F libc    : failed to exec crash_dump helper: No such file or directory
05-25 12:42:53.525   367   367 F libc    : crash_dump helper failed to exec, or was killed
05-25 12:42:53.525   367   367 F libc    : failed to wait for crash_dump helper: No child processes
05-25 12:42:54.173   245   245 W ServiceManager: Waited one second for android.system.keystore2.IKeystoreService/default (is service started? are binder threads started and available?)
05-25 12:42:54.173   236   236 I servicemanager: Since 'android.system.keystore2.IKeystoreService/default' could not be found, trying to start it as a lazy AIDL service
05-25 12:42:54.176   236   374 W libc    : Unable to set property "ctl.interface_start" to "aidl/android.system.keystore2.IKeystoreService/default": error code: 0x20
05-25 12:42:54.176   236   374 I servicemanager: Tried to start aidl service android.system.keystore2.IKeystoreService/default as a lazy service, but was unable to. Usually this happens when a service is not installed, but if the service is intended to be used as a lazy service, then it may be configured incorrectly.
05-25 12:42:55.174   245   245 W ServiceManager: Waited one second for android.system.keystore2.IKeystoreService/default (is service started? are binder threads started and available?)
05-25 12:42:55.174   236   236 I servicemanager: Since 'android.system.keystore2.IKeystoreService/default' could not be found, trying to start it as a lazy AIDL service
05-25 12:42:55.177   236   375 W libc    : Unable to set property "ctl.interface_start" to "aidl/android.system.keystore2.IKeystoreService/default": error code: 0x20
05-25 12:42:55.177   236   375 I servicemanager: Tried to start aidl service android.system.keystore2.IKeystoreService/default as a lazy service, but was unable to. Usually this happens when a service is not installed, but if the service is intended to be used as a lazy service, then it may be configured incorrectly.
05-25 12:42:55.856   376   376 F linker  : CANNOT LINK EXECUTABLE "/vendor/bin/hw/android.hardware.vibrator-service.mediatek": cannot locate symbol "_ZNSt3__122__libcpp_verbose_abortEPKcz" referenced by "/vendor/bin/hw/android.hardware.vibrator-service.mediatek"...
05-25 12:42:56.174   245   245 W ServiceManager: Waited one second for android.system.keystore2.IKeystoreService/default (is service started? are binder threads started and available?)
05-25 12:42:56.174   236   236 I servicemanager: Since 'android.system.keystore2.IKeystoreService/default' could not be found, trying to start it as a lazy AIDL service
05-25 12:42:56.175   236   377 W libc    : Unable to set property "ctl.interface_start" to "aidl/android.system.keystore2.IKeystoreService/default": error code: 0x20
05-25 12:42:56.175   236   377 I servicemanager: Tried to start aidl service android.system.keystore2.IKeystoreService/default as a lazy service, but was unable to. Usually this happens when a service is not installed, but if the service is intended to be used as a lazy service, then it may be configured incorrectly.
05-25 12:42:57.175   245   245 W ServiceManager: Waited one second for android.system.keystore2.IKeystoreService/default (is service started? are binder threads started and available?)
05-25 12:42:57.175   236   236 I servicemanager: Since 'android.system.keystore2.IKeystoreService/default' could not be found, trying to start it as a lazy AIDL service
05-25 12:42:57.176   236   378 W libc    : Unable to set property "ctl.interface_start" to "aidl/android.system.keystore2.IKeystoreService/default": error code: 0x20
05-25 12:42:57.176   236   378 I servicemanager: Tried to start aidl service android.system.keystore2.IKeystoreService/default as a lazy service, but was unable to. Usually this happens when a service is not installed, but if the service is intended to be used as a lazy service, then it may be configured incorrectly.
05-25 12:42:58.175   245   245 W ServiceManager: Waited one second for android.system.keystore2.IKeystoreService/default (is service started? are binder threads started and available?)
05-25 12:42:58.176   236   236 I servicemanager: Since 'android.system.keystore2.IKeystoreService/default' could not be found, trying to start it as a lazy AIDL service
05-25 12:42:58.176   236   379 W libc    : Unable to set property "ctl.interface_start" to "aidl/android.system.keystore2.IKeystoreService/default": error code: 0x20
05-25 12:42:58.176   236   379 I servicemanager: Tried to start aidl service android.system.keystore2.IKeystoreService/default as a lazy service, but was unable to. Usually this happens when a service is not installed, but if the service is intended to be used as a lazy service, then it may be configured incorrectly.
05-25 12:42:58.504   380   380 I keystore2: keystore2_main: Keystore2 is starting.
05-25 12:42:58.505   380   380 I keystore2: keystore2_main: Starting thread pool now.
05-25 12:42:58.505   380   381 I keystore2: getDeviceHalManifest: Reading VINTF information.
05-25 12:42:58.521   380   381 I keystore2: getDeviceHalManifest: Successfully processed VINTF information
05-25 12:42:58.522   380   380 E cutils-trace: Error opening trace file: No such file or directory (2)
05-25 12:42:58.523   235   235 I hwservicemanager: getFrameworkHalManifest: Reading VINTF information.
05-25 12:42:58.523   235   235 W hwservicemanager: Cannot fetch /system/etc/vintf/manifest.xml: Illformed file: /system/etc/vintf/manifest.xml: Unrecognized manifest.version 9.0 (libvintf@4.0)
05-25 12:42:58.523   235   235 E hwservicemanager: getFrameworkHalManifest: status from fetching VINTF information: -2
05-25 12:42:58.523   235   235 E hwservicemanager: getFrameworkHalManifest: -2 VINTF parse error: Cannot read /system/manifest.xml: No such file or directory
05-25 12:42:58.523   235   235 I hwservicemanager: getTransport: Cannot find entry android.hidl.manager@1.2::IServiceManager/default in either framework or device VINTF manifest.
05-25 12:42:58.523   380   380 F keystore2: Check failed: serviceManager.get() Failed to get ServiceManager
05-25 12:42:58.523   380   380 F libc    : Fatal signal 6 (SIGABRT), code -1 (SI_QUEUE) in tid 380 (Binder:380_2), pid 380 (Binder:380_2)
05-25 12:42:58.526   385   385 F libc    : failed to exec crash_dump helper: No such file or directory
05-25 12:42:58.528   380   380 F libc    : crash_dump helper failed to exec, or was killed
05-25 12:42:58.528   380   380 F libc    : failed to wait for crash_dump helper: No child processes
05-25 12:42:59.176   245   245 W ServiceManager: Waited one second for android.system.keystore2.IKeystoreService/default (is service started? are binder threads started and available?)
05-25 12:42:59.176   236   236 I servicemanager: Since 'android.system.keystore2.IKeystoreService/default' could not be found, trying to start it as a lazy AIDL service
05-25 12:42:59.179   236   387 W libc    : Unable to set property "ctl.interface_start" to "aidl/android.system.keystore2.IKeystoreService/default": error code: 0x20
05-25 12:42:59.179   236   387 I servicemanager: Tried to start aidl service android.system.keystore2.IKeystoreService/default as a lazy service, but was unable to. Usually this happens when a service is not installed, but if the service is intended to be used as a lazy service, then it may be configured incorrectly.
05-25 12:43:00.177   245   245 W ServiceManager: Waited one second for android.system.keystore2.IKeystoreService/default (is service started? are binder threads started and available?)
05-25 12:43:00.177   236   236 I servicemanager: Since 'android.system.keystore2.IKeystoreService/default' could not be found, trying to start it as a lazy AIDL service
05-25 12:43:00.181   236   388 W libc    : Unable to set property "ctl.interface_start" to "aidl/android.system.keystore2.IKeystoreService/default": error code: 0x20
05-25 12:43:00.181   236   388 I servicemanager: Tried to start aidl service android.system.keystore2.IKeystoreService/default as a lazy service, but was unable to. Usually this happens when a service is not installed, but if the service is intended to be used as a lazy service, then it may be configured incorrectly.
05-25 12:43:00.861   389   389 F linker  : CANNOT LINK EXECUTABLE "/vendor/bin/hw/android.hardware.vibrator-service.mediatek": cannot locate symbol "_ZNSt3__122__libcpp_verbose_abortEPKcz" referenced by "/vendor/bin/hw/android.hardware.vibrator-service.mediatek"...
05-25 12:43:01.177   245   245 W ServiceManager: Waited one second for android.system.keystore2.IKeystoreService/default (is service started? are binder threads started and available?)
05-25 12:43:01.177   236   236 I servicemanager: Since 'android.system.keystore2.IKeystoreService/default' could not be found, trying to start it as a lazy AIDL service
05-25 12:43:01.178   236   390 W libc    : Unable to set property "ctl.interface_start" to "aidl/android.system.keystore2.IKeystoreService/default": error code: 0x20
05-25 12:43:01.178   236   390 I servicemanager: Tried to start aidl service android.system.keystore2.IKeystoreService/default as a lazy service, but was unable to. Usually this happens when a service is not installed, but if the service is intended to be used as a lazy service, then it may be configured incorrectly.
05-25 12:43:02.178   245   245 W ServiceManager: Waited one second for android.system.keystore2.IKeystoreService/default (is service started? are binder threads started and available?)
05-25 12:43:02.178   236   236 I servicemanager: Since 'android.system.keystore2.IKeystoreService/default' could not be found, trying to start it as a lazy AIDL service
05-25 12:43:02.179   236   391 W libc    : Unable to set property "ctl.interface_start" to "aidl/android.system.keystore2.IKeystoreService/default": error code: 0x20
05-25 12:43:02.179   236   391 I servicemanager: Tried to start aidl service android.system.keystore2.IKeystoreService/default as a lazy service, but was unable to. Usually this happens when a service is not installed, but if the service is intended to be used as a lazy service, then it may be configured incorrectly.
05-25 12:43:03.178   245   245 W ServiceManager: Waited one second for android.system.keystore2.IKeystoreService/default (is service started? are binder threads started and available?)
05-25 12:43:03.179   236   236 I servicemanager: Since 'android.system.keystore2.IKeystoreService/default' could not be found, trying to start it as a lazy AIDL service
05-25 12:43:03.180   236   392 W libc    : Unable to set property "ctl.interface_start" to "aidl/android.system.keystore2.IKeystoreService/default": error code: 0x20
05-25 12:43:03.180   236   392 I servicemanager: Tried to start aidl service android.system.keystore2.IKeystoreService/default as a lazy service, but was unable to. Usually this happens when a service is not installed, but if the service is intended to be used as a lazy service, then it may be configured incorrectly.
05-25 12:43:03.508   393   393 I keystore2: keystore2_main: Keystore2 is starting.
05-25 12:43:03.509   393   393 I keystore2: keystore2_main: Starting thread pool now.
05-25 12:43:03.509   393   394 I keystore2: getDeviceHalManifest: Reading VINTF information.
05-25 12:43:03.525   393   394 I keystore2: getDeviceHalManifest: Successfully processed VINTF information
05-25 12:43:03.526   393   393 E cutils-trace: Error opening trace file: No such file or directory (2)
05-25 12:43:03.527   235   235 I hwservicemanager: getFrameworkHalManifest: Reading VINTF information.
05-25 12:43:03.527   235   235 W hwservicemanager: Cannot fetch /system/etc/vintf/manifest.xml: Illformed file: /system/etc/vintf/manifest.xml: Unrecognized manifest.version 9.0 (libvintf@4.0)
05-25 12:43:03.527   235   235 E hwservicemanager: getFrameworkHalManifest: status from fetching VINTF information: -2
05-25 12:43:03.527   235   235 E hwservicemanager: getFrameworkHalManifest: -2 VINTF parse error: Cannot read /system/manifest.xml: No such file or directory
05-25 12:43:03.527   235   235 I hwservicemanager: getTransport: Cannot find entry android.hidl.manager@1.2::IServiceManager/default in either framework or device VINTF manifest.
05-25 12:43:03.527   393   393 F keystore2: Check failed: serviceManager.get() Failed to get ServiceManager
05-25 12:43:03.528   393   393 F libc    : Fatal signal 6 (SIGABRT), code -1 (SI_QUEUE) in tid 393 (Binder:393_2), pid 393 (Binder:393_2)
05-25 12:43:03.531   398   398 F libc    : failed to exec crash_dump helper: No such file or directory
05-25 12:43:03.533   393   393 F libc    : crash_dump helper failed to exec, or was killed
05-25 12:43:03.533   393   393 F libc    : failed to wait for crash_dump helper: No child processes
05-25 12:43:04.179   245   245 W ServiceManager: Waited one second for android.system.keystore2.IKeystoreService/default (is service started? are binder threads started and available?)
05-25 12:43:04.179   236   236 I servicemanager: Since 'android.system.keystore2.IKeystoreService/default' could not be found, trying to start it as a lazy AIDL service
05-25 12:43:04.182   236   400 W libc    : Unable to set property "ctl.interface_start" to "aidl/android.system.keystore2.IKeystoreService/default": error code: 0x20
05-25 12:43:04.182   236   400 I servicemanager: Tried to start aidl service android.system.keystore2.IKeystoreService/default as a lazy service, but was unable to. Usually this happens when a service is not installed, but if the service is intended to be used as a lazy service, then it may be configured incorrectly.
05-25 12:43:05.180   245   245 W ServiceManager: Waited one second for android.system.keystore2.IKeystoreService/default (is service started? are binder threads started and available?)
05-25 12:43:05.180   236   236 I servicemanager: Since 'android.system.keystore2.IKeystoreService/default' could not be found, trying to start it as a lazy AIDL service
05-25 12:43:05.183   236   401 W libc    : Unable to set property "ctl.interface_start" to "aidl/android.system.keystore2.IKeystoreService/default": error code: 0x20
05-25 12:43:05.183   236   401 I servicemanager: Tried to start aidl service android.system.keystore2.IKeystoreService/default as a lazy service, but was unable to. Usually this happens when a service is not installed, but if the service is intended to be used as a lazy service, then it may be configured incorrectly.
05-25 12:43:05.865   402   402 F linker  : CANNOT LINK EXECUTABLE "/vendor/bin/hw/android.hardware.vibrator-service.mediatek": cannot locate symbol "_ZNSt3__122__libcpp_verbose_abortEPKcz" referenced by "/vendor/bin/hw/android.hardware.vibrator-service.mediatek"...
05-25 12:43:06.180   245   245 W ServiceManager: Waited one second for android.system.keystore2.IKeystoreService/default (is service started? are binder threads started and available?)
05-25 12:43:06.180   236   236 I servicemanager: Since 'android.system.keystore2.IKeystoreService/default' could not be found, trying to start it as a lazy AIDL service
05-25 12:43:06.182   236   403 W libc    : Unable to set property "ctl.interface_start" to "aidl/android.system.keystore2.IKeystoreService/default": error code: 0x20
05-25 12:43:06.182   236   403 I servicemanager: Tried to start aidl service android.system.keystore2.IKeystoreService/default as a lazy service, but was unable to. Usually this happens when a service is not installed, but if the service is intended to be used as a lazy service, then it may be configured incorrectly.
05-25 12:43:07.181   245   245 W ServiceManager: Waited one second for android.system.keystore2.IKeystoreService/default (is service started? are binder threads started and available?)
05-25 12:43:07.181   236   236 I servicemanager: Since 'android.system.keystore2.IKeystoreService/default' could not be found, trying to start it as a lazy AIDL service
05-25 12:43:07.182   236   404 W libc    : Unable to set property "ctl.interface_start" to "aidl/android.system.keystore2.IKeystoreService/default": error code: 0x20
05-25 12:43:07.182   236   404 I servicemanager: Tried to start aidl service android.system.keystore2.IKeystoreService/default as a lazy service, but was unable to. Usually this happens when a service is not installed, but if the service is intended to be used as a lazy service, then it may be configured incorrectly.
05-25 12:43:08.182   245   245 W ServiceManager: Waited one second for android.system.keystore2.IKeystoreService/default (is service started? are binder threads started and available?)
05-25 12:43:08.182   236   236 I servicemanager: Since 'android.system.keystore2.IKeystoreService/default' could not be found, trying to start it as a lazy AIDL service
05-25 12:43:08.183   236   405 W libc    : Unable to set property "ctl.interface_start" to "aidl/android.system.keystore2.IKeystoreService/default": error code: 0x20
05-25 12:43:08.183   236   405 I servicemanager: Tried to start aidl service android.system.keystore2.IKeystoreService/default as a lazy service, but was unable to. Usually this happens when a service is not installed, but if the service is intended to be used as a lazy service, then it may be configured incorrectly.
05-25 12:43:08.512   406   406 I keystore2: keystore2_main: Keystore2 is starting.
05-25 12:43:08.513   406   406 I keystore2: keystore2_main: Starting thread pool now.
05-25 12:43:08.513   406   407 I keystore2: getDeviceHalManifest: Reading VINTF information.
05-25 12:43:08.529   406   407 I keystore2: getDeviceHalManifest: Successfully processed VINTF information
05-25 12:43:08.530   406   406 E cutils-trace: Error opening trace file: No such file or directory (2)
05-25 12:43:08.531   235   235 I hwservicemanager: getFrameworkHalManifest: Reading VINTF information.
05-25 12:43:08.531   235   235 W hwservicemanager: Cannot fetch /system/etc/vintf/manifest.xml: Illformed file: /system/etc/vintf/manifest.xml: Unrecognized manifest.version 9.0 (libvintf@4.0)
05-25 12:43:08.531   235   235 E hwservicemanager: getFrameworkHalManifest: status from fetching VINTF information: -2
05-25 12:43:08.531   235   235 E hwservicemanager: getFrameworkHalManifest: -2 VINTF parse error: Cannot read /system/manifest.xml: No such file or directory
05-25 12:43:08.531   235   235 I hwservicemanager: getTransport: Cannot find entry android.hidl.manager@1.2::IServiceManager/default in either framework or device VINTF manifest.
05-25 12:43:08.531   406   406 F keystore2: Check failed: serviceManager.get() Failed to get ServiceManager
05-25 12:43:08.531   406   406 F libc    : Fatal signal 6 (SIGABRT), code -1 (SI_QUEUE) in tid 406 (Binder:406_2), pid 406 (Binder:406_2)
05-25 12:43:08.535   411   411 F libc    : failed to exec crash_dump helper: No such file or directory
05-25 12:43:08.537   406   406 F libc    : crash_dump helper failed to exec, or was killed
05-25 12:43:08.537   406   406 F libc    : failed to wait for crash_dump helper: No child processes
05-25 12:43:09.182   245   245 W ServiceManager: Waited one second for android.system.keystore2.IKeystoreService/default (is service started? are binder threads started and available?)
05-25 12:43:09.182   236   236 I servicemanager: Since 'android.system.keystore2.IKeystoreService/default' could not be found, trying to start it as a lazy AIDL service
05-25 12:43:09.185   236   413 W libc    : Unable to set property "ctl.interface_start" to "aidl/android.system.keystore2.IKeystoreService/default": error code: 0x20
05-25 12:43:09.185   236   413 I servicemanager: Tried to start aidl service android.system.keystore2.IKeystoreService/default as a lazy service, but was unable to. Usually this happens when a service is not installed, but if the service is intended to be used as a lazy service, then it may be configured incorrectly.
05-25 12:43:10.183   245   245 W ServiceManager: Waited one second for android.system.keystore2.IKeystoreService/default (is service started? are binder threads started and available?)
05-25 12:43:10.183   236   236 I servicemanager: Since 'android.system.keystore2.IKeystoreService/default' could not be found, trying to start it as a lazy AIDL service
05-25 12:43:10.186   236   414 W libc    : Unable to set property "ctl.interface_start" to "aidl/android.system.keystore2.IKeystoreService/default": error code: 0x20
05-25 12:43:10.186   236   414 I servicemanager: Tried to start aidl service android.system.keystore2.IKeystoreService/default as a lazy service, but was unable to. Usually this happens when a service is not installed, but if the service is intended to be used as a lazy service, then it may be configured incorrectly.
05-25 12:43:10.870   415   415 F linker  : CANNOT LINK EXECUTABLE "/vendor/bin/hw/android.hardware.vibrator-service.mediatek": cannot locate symbol "_ZNSt3__122__libcpp_verbose_abortEPKcz" referenced by "/vendor/bin/hw/android.hardware.vibrator-service.mediatek"...
05-25 12:43:11.183   245   245 W ServiceManager: Waited one second for android.system.keystore2.IKeystoreService/default (is service started? are binder threads started and available?)
05-25 12:43:11.184   236   236 I servicemanager: Since 'android.system.keystore2.IKeystoreService/default' could not be found, trying to start it as a lazy AIDL service
05-25 12:43:11.184   236   416 W libc    : Unable to set property "ctl.interface_start" to "aidl/android.system.keystore2.IKeystoreService/default": error code: 0x20
05-25 12:43:11.185   236   416 I servicemanager: Tried to start aidl service android.system.keystore2.IKeystoreService/default as a lazy service, but was unable to. Usually this happens when a service is not installed, but if the service is intended to be used as a lazy service, then it may be configured incorrectly.
05-25 12:43:12.184   245   245 W ServiceManager: Waited one second for android.system.keystore2.IKeystoreService/default (is service started? are binder threads started and available?)
05-25 12:43:12.184   236   236 I servicemanager: Since 'android.system.keystore2.IKeystoreService/default' could not be found, trying to start it as a lazy AIDL service
05-25 12:43:12.185   236   417 W libc    : Unable to set property "ctl.interface_start" to "aidl/android.system.keystore2.IKeystoreService/default": error code: 0x20
05-25 12:43:12.185   236   417 I servicemanager: Tried to start aidl service android.system.keystore2.IKeystoreService/default as a lazy service, but was unable to. Usually this happens when a service is not installed, but if the service is intended to be used as a lazy service, then it may be configured incorrectly.
05-25 12:43:13.185   245   245 W ServiceManager: Waited one second for android.system.keystore2.IKeystoreService/default (is service started? are binder threads started and available?)
05-25 12:43:13.185   236   236 I servicemanager: Since 'android.system.keystore2.IKeystoreService/default' could not be found, trying to start it as a lazy AIDL service
05-25 12:43:13.186   236   418 W libc    : Unable to set property "ctl.interface_start" to "aidl/android.system.keystore2.IKeystoreService/default": error code: 0x20
05-25 12:43:13.186   236   418 I servicemanager: Tried to start aidl service android.system.keystore2.IKeystoreService/default as a lazy service, but was unable to. Usually this happens when a service is not installed, but if the service is intended to be used as a lazy service, then it may be configured incorrectly.
05-25 12:43:13.530   419   419 I keystore2: keystore2_main: Keystore2 is starting.
05-25 12:43:13.531   419   419 I keystore2: keystore2_main: Starting thread pool now.
05-25 12:43:13.531   419   420 I keystore2: getDeviceHalManifest: Reading VINTF information.
05-25 12:43:13.547   419   420 I keystore2: getDeviceHalManifest: Successfully processed VINTF information
05-25 12:43:13.549   419   419 E cutils-trace: Error opening trace file: No such file or directory (2)
05-25 12:43:13.549   235   235 I hwservicemanager: getFrameworkHalManifest: Reading VINTF information.
05-25 12:43:13.549   235   235 W hwservicemanager: Cannot fetch /system/etc/vintf/manifest.xml: Illformed file: /system/etc/vintf/manifest.xml: Unrecognized manifest.version 9.0 (libvintf@4.0)
05-25 12:43:13.549   235   235 E hwservicemanager: getFrameworkHalManifest: status from fetching VINTF information: -2
05-25 12:43:13.549   235   235 E hwservicemanager: getFrameworkHalManifest: -2 VINTF parse error: Cannot read /system/manifest.xml: No such file or directory
05-25 12:43:13.549   235   235 I hwservicemanager: getTransport: Cannot find entry android.hidl.manager@1.2::IServiceManager/default in either framework or device VINTF manifest.
05-25 12:43:13.550   419   419 F keystore2: Check failed: serviceManager.get() Failed to get ServiceManager
05-25 12:43:13.550   419   419 F libc    : Fatal signal 6 (SIGABRT), code -1 (SI_QUEUE) in tid 419 (Binder:419_2), pid 419 (Binder:419_2)
05-25 12:43:13.553   424   424 F libc    : failed to exec crash_dump helper: No such file or directory
05-25 12:43:13.554   419   419 F libc    : crash_dump helper failed to exec, or was killed
05-25 12:43:13.554   419   419 F libc    : failed to wait for crash_dump helper: No child processes
05-25 12:43:13.744   151   151 W kworker/6:3: type=1400 audit(0.0:92): avc: denied { search } for name="block" dev="tmpfs" ino=11 scontext=u:r:kernel:s0 tcontext=u:object_r:block_device:s0 tclass=dir permissive=0
05-25 12:43:14.185   245   245 W ServiceManager: Waited one second for android.system.keystore2.IKeystoreService/default (is service started? are binder threads started and available?)
05-25 12:43:14.185   236   236 I servicemanager: Since 'android.system.keystore2.IKeystoreService/default' could not be found, trying to start it as a lazy AIDL service
05-25 12:43:14.189   236   426 W libc    : Unable to set property "ctl.interface_start" to "aidl/android.system.keystore2.IKeystoreService/default": error code: 0x20
05-25 12:43:14.189   236   426 I servicemanager: Tried to start aidl service android.system.keystore2.IKeystoreService/default as a lazy service, but was unable to. Usually this happens when a service is not installed, but if the service is intended to be used as a lazy service, then it may be configured incorrectly.
05-25 12:43:15.186   245   245 W ServiceManager: Waited one second for android.system.keystore2.IKeystoreService/default (is service started? are binder threads started and available?)
05-25 12:43:15.186   236   236 I servicemanager: Since 'android.system.keystore2.IKeystoreService/default' could not be found, trying to start it as a lazy AIDL service
05-25 12:43:15.189   236   427 W libc    : Unable to set property "ctl.interface_start" to "aidl/android.system.keystore2.IKeystoreService/default": error code: 0x20
05-25 12:43:15.189   236   427 I servicemanager: Tried to start aidl service android.system.keystore2.IKeystoreService/default as a lazy service, but was unable to. Usually this happens when a service is not installed, but if the service is intended to be used as a lazy service, then it may be configured incorrectly.
05-25 12:43:15.875   428   428 F linker  : CANNOT LINK EXECUTABLE "/vendor/bin/hw/android.hardware.vibrator-service.mediatek": cannot locate symbol "_ZNSt3__122__libcpp_verbose_abortEPKcz" referenced by "/vendor/bin/hw/android.hardware.vibrator-service.mediatek"...
05-25 12:43:16.186   245   245 W ServiceManager: Waited one second for android.system.keystore2.IKeystoreService/default (is service started? are binder threads started and available?)
05-25 12:43:16.187   236   236 I servicemanager: Since 'android.system.keystore2.IKeystoreService/default' could not be found, trying to start it as a lazy AIDL service
05-25 12:43:16.188   236   429 W libc    : Unable to set property "ctl.interface_start" to "aidl/android.system.keystore2.IKeystoreService/default": error code: 0x20
05-25 12:43:16.188   236   429 I servicemanager: Tried to start aidl service android.system.keystore2.IKeystoreService/default as a lazy service, but was unable to. Usually this happens when a service is not installed, but if the service is intended to be used as a lazy service, then it may be configured incorrectly.
05-25 12:43:17.187   245   245 W ServiceManager: Waited one second for android.system.keystore2.IKeystoreService/default (is service started? are binder threads started and available?)
05-25 12:43:17.187   236   236 I servicemanager: Since 'android.system.keystore2.IKeystoreService/default' could not be found, trying to start it as a lazy AIDL service
05-25 12:43:17.188   236   430 W libc    : Unable to set property "ctl.interface_start" to "aidl/android.system.keystore2.IKeystoreService/default": error code: 0x20
05-25 12:43:17.188   236   430 I servicemanager: Tried to start aidl service android.system.keystore2.IKeystoreService/default as a lazy service, but was unable to. Usually this happens when a service is not installed, but if the service is intended to be used as a lazy service, then it may be configured incorrectly.
05-25 12:43:18.188   245   245 W ServiceManager: Waited one second for android.system.keystore2.IKeystoreService/default (is service started? are binder threads started and available?)
05-25 12:43:18.188   236   236 I servicemanager: Since 'android.system.keystore2.IKeystoreService/default' could not be found, trying to start it as a lazy AIDL service
05-25 12:43:18.189   236   431 W libc    : Unable to set property "ctl.interface_start" to "aidl/android.system.keystore2.IKeystoreService/default": error code: 0x20
05-25 12:43:18.189   236   431 I servicemanager: Tried to start aidl service android.system.keystore2.IKeystoreService/default as a lazy service, but was unable to. Usually this happens when a service is not installed, but if the service is intended to be used as a lazy service, then it may be configured incorrectly.
05-25 12:43:18.520   432   432 I keystore2: keystore2_main: Keystore2 is starting.
05-25 12:43:18.521   432   432 I keystore2: keystore2_main: Starting thread pool now.
05-25 12:43:18.521   432   433 I keystore2: getDeviceHalManifest: Reading VINTF information.
05-25 12:43:18.538   432   433 I keystore2: getDeviceHalManifest: Successfully processed VINTF information
05-25 12:43:18.539   432   432 E cutils-trace: Error opening trace file: No such file or directory (2)
05-25 12:43:18.539   235   235 I hwservicemanager: getFrameworkHalManifest: Reading VINTF information.
05-25 12:43:18.539   235   235 W hwservicemanager: Cannot fetch /system/etc/vintf/manifest.xml: Illformed file: /system/etc/vintf/manifest.xml: Unrecognized manifest.version 9.0 (libvintf@4.0)
05-25 12:43:18.539   235   235 E hwservicemanager: getFrameworkHalManifest: status from fetching VINTF information: -2
05-25 12:43:18.539   235   235 E hwservicemanager: getFrameworkHalManifest: -2 VINTF parse error: Cannot read /system/manifest.xml: No such file or directory
05-25 12:43:18.539   235   235 I hwservicemanager: getTransport: Cannot find entry android.hidl.manager@1.2::IServiceManager/default in either framework or device VINTF manifest.
05-25 12:43:18.540   432   432 F keystore2: Check failed: serviceManager.get() Failed to get ServiceManager
05-25 12:43:18.540   432   432 F libc    : Fatal signal 6 (SIGABRT), code -1 (SI_QUEUE) in tid 432 (Binder:432_2), pid 432 (Binder:432_2)
05-25 12:43:18.543   437   437 F libc    : failed to exec crash_dump helper: No such file or directory
05-25 12:43:18.545   432   432 F libc    : crash_dump helper failed to exec, or was killed
05-25 12:43:18.545   432   432 F libc    : failed to wait for crash_dump helper: No child processes
05-25 12:43:19.188   245   245 W ServiceManager: Waited one second for android.system.keystore2.IKeystoreService/default (is service started? are binder threads started and available?)
05-25 12:43:19.188   236   236 I servicemanager: Since 'android.system.keystore2.IKeystoreService/default' could not be found, trying to start it as a lazy AIDL service
05-25 12:43:19.191   236   439 W libc    : Unable to set property "ctl.interface_start" to "aidl/android.system.keystore2.IKeystoreService/default": error code: 0x20
05-25 12:43:19.191   236   439 I servicemanager: Tried to start aidl service android.system.keystore2.IKeystoreService/default as a lazy service, but was unable to. Usually this happens when a service is not installed, but if the service is intended to be used as a lazy service, then it may be configured incorrectly.
05-25 12:43:20.189   245   245 W ServiceManager: Waited one second for android.system.keystore2.IKeystoreService/default (is service started? are binder threads started and available?)
05-25 12:43:20.189   236   236 I servicemanager: Since 'android.system.keystore2.IKeystoreService/default' could not be found, trying to start it as a lazy AIDL service
05-25 12:43:20.190   236   440 W libc    : Unable to set property "ctl.interface_start" to "aidl/android.system.keystore2.IKeystoreService/default": error code: 0x20
05-25 12:43:20.190   236   440 I servicemanager: Tried to start aidl service android.system.keystore2.IKeystoreService/default as a lazy service, but was unable to. Usually this happens when a service is not installed, but if the service is intended to be used as a lazy service, then it may be configured incorrectly.
05-25 12:43:20.879   441   441 F linker  : CANNOT LINK EXECUTABLE "/vendor/bin/hw/android.hardware.vibrator-service.mediatek": cannot locate symbol "_ZNSt3__122__libcpp_verbose_abortEPKcz" referenced by "/vendor/bin/hw/android.hardware.vibrator-service.mediatek"...
05-25 12:43:21.189   245   245 W ServiceManager: Waited one second for android.system.keystore2.IKeystoreService/default (is service started? are binder threads started and available?)
05-25 12:43:21.190   236   236 I servicemanager: Since 'android.system.keystore2.IKeystoreService/default' could not be found, trying to start it as a lazy AIDL service
05-25 12:43:21.190   236   442 W libc    : Unable to set property "ctl.interface_start" to "aidl/android.system.keystore2.IKeystoreService/default": error code: 0x20
05-25 12:43:21.191   236   442 I servicemanager: Tried to start aidl service android.system.keystore2.IKeystoreService/default as a lazy service, but was unable to. Usually this happens when a service is not installed, but if the service is intended to be used as a lazy service, then it may be configured incorrectly.
05-25 12:43:22.190   245   245 W ServiceManager: Waited one second for android.system.keystore2.IKeystoreService/default (is service started? are binder threads started and available?)
05-25 12:43:22.190   236   236 I servicemanager: Since 'android.system.keystore2.IKeystoreService/default' could not be found, trying to start it as a lazy AIDL service
05-25 12:43:22.191   236   443 W libc    : Unable to set property "ctl.interface_start" to "aidl/android.system.keystore2.IKeystoreService/default": error code: 0x20
05-25 12:43:22.191   236   443 I servicemanager: Tried to start aidl service android.system.keystore2.IKeystoreService/default as a lazy service, but was unable to. Usually this happens when a service is not installed, but if the service is intended to be used as a lazy service, then it may be configured incorrectly.
05-25 12:43:23.191   245   245 W ServiceManager: Waited one second for android.system.keystore2.IKeystoreService/default (is service started? are binder threads started and available?)
05-25 12:43:23.191   236   236 I servicemanager: Since 'android.system.keystore2.IKeystoreService/default' could not be found, trying to start it as a lazy AIDL service
05-25 12:43:23.192   236   444 W libc    : Unable to set property "ctl.interface_start" to "aidl/android.system.keystore2.IKeystoreService/default": error code: 0x20
05-25 12:43:23.192   236   444 I servicemanager: Tried to start aidl service android.system.keystore2.IKeystoreService/default as a lazy service, but was unable to. Usually this happens when a service is not installed, but if the service is intended to be used as a lazy service, then it may be configured incorrectly.
05-25 12:43:23.524   445   445 I keystore2: keystore2_main: Keystore2 is starting.
05-25 12:43:23.525   445   445 I keystore2: keystore2_main: Starting thread pool now.
05-25 12:43:23.526   445   446 I keystore2: getDeviceHalManifest: Reading VINTF information.
05-25 12:43:23.542   445   446 I keystore2: getDeviceHalManifest: Successfully processed VINTF information
05-25 12:43:23.543   445   445 E cutils-trace: Error opening trace file: No such file or directory (2)
05-25 12:43:23.543   235   235 I hwservicemanager: getFrameworkHalManifest: Reading VINTF information.
05-25 12:43:23.544   235   235 W hwservicemanager: Cannot fetch /system/etc/vintf/manifest.xml: Illformed file: /system/etc/vintf/manifest.xml: Unrecognized manifest.version 9.0 (libvintf@4.0)
05-25 12:43:23.544   235   235 E hwservicemanager: getFrameworkHalManifest: status from fetching VINTF information: -2
05-25 12:43:23.544   235   235 E hwservicemanager: getFrameworkHalManifest: -2 VINTF parse error: Cannot read /system/manifest.xml: No such file or directory
05-25 12:43:23.544   235   235 I hwservicemanager: getTransport: Cannot find entry android.hidl.manager@1.2::IServiceManager/default in either framework or device VINTF manifest.
05-25 12:43:23.544   445   445 F keystore2: Check failed: serviceManager.get() Failed to get ServiceManager
05-25 12:43:23.544   445   445 F libc    : Fatal signal 6 (SIGABRT), code -1 (SI_QUEUE) in tid 445 (Binder:445_2), pid 445 (Binder:445_2)
05-25 12:43:23.547   451   451 F libc    : failed to exec crash_dump helper: No such file or directory
