05-25 12:43:23.549   445   445 F libc    : crash_dump helper failed to exec, or was killed
05-25 12:43:23.549   445   445 F libc    : failed to wait for crash_dump helper: No child processes
05-25 12:43:24.191   245   245 W ServiceManager: Waited one second for android.system.keystore2.IKeystoreService/default (is service started? are binder threads started and available?)
05-25 12:43:24.192   236   236 I servicemanager: Since 'android.system.keystore2.IKeystoreService/default' could not be found, trying to start it as a lazy AIDL service
05-25 12:43:24.195   236   452 W libc    : Unable to set property "ctl.interface_start" to "aidl/android.system.keystore2.IKeystoreService/default": error code: 0x20
05-25 12:43:24.195   236   452 I servicemanager: Tried to start aidl service android.system.keystore2.IKeystoreService/default as a lazy service, but was unable to. Usually this happens when a service is not installed, but if the service is intended to be used as a lazy service, then it may be configured incorrectly.
05-25 12:43:25.192   245   245 W ServiceManager: Waited one second for android.system.keystore2.IKeystoreService/default (is service started? are binder threads started and available?)
05-25 12:43:25.192   236   236 I servicemanager: Since 'android.system.keystore2.IKeystoreService/default' could not be found, trying to start it as a lazy AIDL service
05-25 12:43:25.195   236   453 W libc    : Unable to set property "ctl.interface_start" to "aidl/android.system.keystore2.IKeystoreService/default": error code: 0x20
05-25 12:43:25.195   236   453 I servicemanager: Tried to start aidl service android.system.keystore2.IKeystoreService/default as a lazy service, but was unable to. Usually this happens when a service is not installed, but if the service is intended to be used as a lazy service, then it may be configured incorrectly.
05-25 12:43:25.883   454   454 F linker  : CANNOT LINK EXECUTABLE "/vendor/bin/hw/android.hardware.vibrator-service.mediatek": cannot locate symbol "_ZNSt3__122__libcpp_verbose_abortEPKcz" referenced by "/vendor/bin/hw/android.hardware.vibrator-service.mediatek"...
05-25 12:43:26.193   245   245 W ServiceManager: Waited one second for android.system.keystore2.IKeystoreService/default (is service started? are binder threads started and available?)
05-25 12:43:26.193   236   236 I servicemanager: Since 'android.system.keystore2.IKeystoreService/default' could not be found, trying to start it as a lazy AIDL service
05-25 12:43:26.194   236   455 W libc    : Unable to set property "ctl.interface_start" to "aidl/android.system.keystore2.IKeystoreService/default": error code: 0x20
05-25 12:43:26.194   236   455 I servicemanager: Tried to start aidl service android.system.keystore2.IKeystoreService/default as a lazy service, but was unable to. Usually this happens when a service is not installed, but if the service is intended to be used as a lazy service, then it may be configured incorrectly.
05-25 12:43:27.193   245   245 W ServiceManager: Waited one second for android.system.keystore2.IKeystoreService/default (is service started? are binder threads started and available?)
05-25 12:43:27.193   236   236 I servicemanager: Since 'android.system.keystore2.IKeystoreService/default' could not be found, trying to start it as a lazy AIDL service
05-25 12:43:27.194   236   456 W libc    : Unable to set property "ctl.interface_start" to "aidl/android.system.keystore2.IKeystoreService/default": error code: 0x20
05-25 12:43:27.194   236   456 I servicemanager: Tried to start aidl service android.system.keystore2.IKeystoreService/default as a lazy service, but was unable to. Usually this happens when a service is not installed, but if the service is intended to be used as a lazy service, then it may be configured incorrectly.
05-25 12:43:28.194   245   245 W ServiceManager: Waited one second for android.system.keystore2.IKeystoreService/default (is service started? are binder threads started and available?)
05-25 12:43:28.194   236   236 I servicemanager: Since 'android.system.keystore2.IKeystoreService/default' could not be found, trying to start it as a lazy AIDL service
05-25 12:43:28.195   236   457 W libc    : Unable to set property "ctl.interface_start" to "aidl/android.system.keystore2.IKeystoreService/default": error code: 0x20
05-25 12:43:28.195   236   457 I servicemanager: Tried to start aidl service android.system.keystore2.IKeystoreService/default as a lazy service, but was unable to. Usually this happens when a service is not installed, but if the service is intended to be used as a lazy service, then it may be configured incorrectly.
05-25 12:43:28.528   458   458 I keystore2: keystore2_main: Keystore2 is starting.
05-25 12:43:28.529   458   458 I keystore2: keystore2_main: Starting thread pool now.
05-25 12:43:28.529   458   459 I keystore2: getDeviceHalManifest: Reading VINTF information.
05-25 12:43:28.545   458   459 I keystore2: getDeviceHalManifest: Successfully processed VINTF information
05-25 12:43:28.546   458   458 E cutils-trace: Error opening trace file: No such file or directory (2)
05-25 12:43:28.547   235   235 I hwservicemanager: getFrameworkHalManifest: Reading VINTF information.
05-25 12:43:28.547   235   235 W hwservicemanager: Cannot fetch /system/etc/vintf/manifest.xml: Illformed file: /system/etc/vintf/manifest.xml: Unrecognized manifest.version 9.0 (libvintf@4.0)
05-25 12:43:28.547   235   235 E hwservicemanager: getFrameworkHalManifest: status from fetching VINTF information: -2
05-25 12:43:28.547   235   235 E hwservicemanager: getFrameworkHalManifest: -2 VINTF parse error: Cannot read /system/manifest.xml: No such file or directory
05-25 12:43:28.547   235   235 I hwservicemanager: getTransport: Cannot find entry android.hidl.manager@1.2::IServiceManager/default in either framework or device VINTF manifest.
05-25 12:43:28.547   458   458 F keystore2: Check failed: serviceManager.get() Failed to get ServiceManager
05-25 12:43:28.547   458   458 F libc    : Fatal signal 6 (SIGABRT), code -1 (SI_QUEUE) in tid 458 (Binder:458_2), pid 458 (Binder:458_2)
05-25 12:43:28.551   463   463 F libc    : failed to exec crash_dump helper: No such file or directory
05-25 12:43:28.553   458   458 F libc    : crash_dump helper failed to exec, or was killed
05-25 12:43:28.553   458   458 F libc    : failed to wait for crash_dump helper: No child processes
05-25 12:43:29.194   245   245 W ServiceManager: Waited one second for android.system.keystore2.IKeystoreService/default (is service started? are binder threads started and available?)
05-25 12:43:29.195   236   236 I servicemanager: Since 'android.system.keystore2.IKeystoreService/default' could not be found, trying to start it as a lazy AIDL service
05-25 12:43:29.198   236   465 W libc    : Unable to set property "ctl.interface_start" to "aidl/android.system.keystore2.IKeystoreService/default": error code: 0x20
05-25 12:43:29.198   236   465 I servicemanager: Tried to start aidl service android.system.keystore2.IKeystoreService/default as a lazy service, but was unable to. Usually this happens when a service is not installed, but if the service is intended to be used as a lazy service, then it may be configured incorrectly.
05-25 12:43:30.195   245   245 W ServiceManager: Waited one second for android.system.keystore2.IKeystoreService/default (is service started? are binder threads started and available?)
05-25 12:43:30.195   236   236 I servicemanager: Since 'android.system.keystore2.IKeystoreService/default' could not be found, trying to start it as a lazy AIDL service
05-25 12:43:30.198   236   466 W libc    : Unable to set property "ctl.interface_start" to "aidl/android.system.keystore2.IKeystoreService/default": error code: 0x20
05-25 12:43:30.198   236   466 I servicemanager: Tried to start aidl service android.system.keystore2.IKeystoreService/default as a lazy service, but was unable to. Usually this happens when a service is not installed, but if the service is intended to be used as a lazy service, then it may be configured incorrectly.
05-25 12:43:30.888   467   467 F linker  : CANNOT LINK EXECUTABLE "/vendor/bin/hw/android.hardware.vibrator-service.mediatek": cannot locate symbol "_ZNSt3__122__libcpp_verbose_abortEPKcz" referenced by "/vendor/bin/hw/android.hardware.vibrator-service.mediatek"...
05-25 12:43:31.195   245   245 W ServiceManager: Waited one second for android.system.keystore2.IKeystoreService/default (is service started? are binder threads started and available?)
05-25 12:43:31.196   236   236 I servicemanager: Since 'android.system.keystore2.IKeystoreService/default' could not be found, trying to start it as a lazy AIDL service
05-25 12:43:31.197   236   468 W libc    : Unable to set property "ctl.interface_start" to "aidl/android.system.keystore2.IKeystoreService/default": error code: 0x20
05-25 12:43:31.197   236   468 I servicemanager: Tried to start aidl service android.system.keystore2.IKeystoreService/default as a lazy service, but was unable to. Usually this happens when a service is not installed, but if the service is intended to be used as a lazy service, then it may be configured incorrectly.
05-25 12:43:32.196   245   245 W ServiceManager: Waited one second for android.system.keystore2.IKeystoreService/default (is service started? are binder threads started and available?)
05-25 12:43:32.196   236   236 I servicemanager: Since 'android.system.keystore2.IKeystoreService/default' could not be found, trying to start it as a lazy AIDL service
05-25 12:43:32.197   236   469 W libc    : Unable to set property "ctl.interface_start" to "aidl/android.system.keystore2.IKeystoreService/default": error code: 0x20
05-25 12:43:32.197   236   469 I servicemanager: Tried to start aidl service android.system.keystore2.IKeystoreService/default as a lazy service, but was unable to. Usually this happens when a service is not installed, but if the service is intended to be used as a lazy service, then it may be configured incorrectly.
05-25 12:43:33.197   245   245 W ServiceManager: Waited one second for android.system.keystore2.IKeystoreService/default (is service started? are binder threads started and available?)
05-25 12:43:33.197   236   236 I servicemanager: Since 'android.system.keystore2.IKeystoreService/default' could not be found, trying to start it as a lazy AIDL service
05-25 12:43:33.198   236   470 W libc    : Unable to set property "ctl.interface_start" to "aidl/android.system.keystore2.IKeystoreService/default": error code: 0x20
05-25 12:43:33.198   236   470 I servicemanager: Tried to start aidl service android.system.keystore2.IKeystoreService/default as a lazy service, but was unable to. Usually this happens when a service is not installed, but if the service is intended to be used as a lazy service, then it may be configured incorrectly.
05-25 12:43:33.532   471   471 I keystore2: keystore2_main: Keystore2 is starting.
05-25 12:43:33.533   471   471 I keystore2: keystore2_main: Starting thread pool now.
05-25 12:43:33.533   471   472 I keystore2: getDeviceHalManifest: Reading VINTF information.
05-25 12:43:33.549   471   472 I keystore2: getDeviceHalManifest: Successfully processed VINTF information
05-25 12:43:33.550   471   471 E cutils-trace: Error opening trace file: No such file or directory (2)
05-25 12:43:33.551   235   235 I hwservicemanager: getFrameworkHalManifest: Reading VINTF information.
05-25 12:43:33.551   235   235 W hwservicemanager: Cannot fetch /system/etc/vintf/manifest.xml: Illformed file: /system/etc/vintf/manifest.xml: Unrecognized manifest.version 9.0 (libvintf@4.0)
05-25 12:43:33.551   235   235 E hwservicemanager: getFrameworkHalManifest: status from fetching VINTF information: -2
05-25 12:43:33.551   235   235 E hwservicemanager: getFrameworkHalManifest: -2 VINTF parse error: Cannot read /system/manifest.xml: No such file or directory
05-25 12:43:33.551   235   235 I hwservicemanager: getTransport: Cannot find entry android.hidl.manager@1.2::IServiceManager/default in either framework or device VINTF manifest.
05-25 12:43:33.551   471   471 F keystore2: Check failed: serviceManager.get() Failed to get ServiceManager
05-25 12:43:33.552   471   471 F libc    : Fatal signal 6 (SIGABRT), code -1 (SI_QUEUE) in tid 471 (Binder:471_2), pid 471 (Binder:471_2)
05-25 12:43:33.555   477   477 F libc    : failed to exec crash_dump helper: No such file or directory
05-25 12:43:33.557   471   471 F libc    : crash_dump helper failed to exec, or was killed
05-25 12:43:33.557   471   471 F libc    : failed to wait for crash_dump helper: No child processes
05-25 12:43:34.197   245   245 W ServiceManager: Waited one second for android.system.keystore2.IKeystoreService/default (is service started? are binder threads started and available?)
05-25 12:43:34.197   236   236 I servicemanager: Since 'android.system.keystore2.IKeystoreService/default' could not be found, trying to start it as a lazy AIDL service
05-25 12:43:34.200   236   478 W libc    : Unable to set property "ctl.interface_start" to "aidl/android.system.keystore2.IKeystoreService/default": error code: 0x20
05-25 12:43:34.200   236   478 I servicemanager: Tried to start aidl service android.system.keystore2.IKeystoreService/default as a lazy service, but was unable to. Usually this happens when a service is not installed, but if the service is intended to be used as a lazy service, then it may be configured incorrectly.
05-25 12:43:35.198   245   245 W ServiceManager: Waited one second for android.system.keystore2.IKeystoreService/default (is service started? are binder threads started and available?)
05-25 12:43:35.198   236   236 I servicemanager: Since 'android.system.keystore2.IKeystoreService/default' could not be found, trying to start it as a lazy AIDL service
05-25 12:43:35.201   236   479 W libc    : Unable to set property "ctl.interface_start" to "aidl/android.system.keystore2.IKeystoreService/default": error code: 0x20
05-25 12:43:35.201   236   479 I servicemanager: Tried to start aidl service android.system.keystore2.IKeystoreService/default as a lazy service, but was unable to. Usually this happens when a service is not installed, but if the service is intended to be used as a lazy service, then it may be configured incorrectly.
05-25 12:43:35.893   480   480 F linker  : CANNOT LINK EXECUTABLE "/vendor/bin/hw/android.hardware.vibrator-service.mediatek": cannot locate symbol "_ZNSt3__122__libcpp_verbose_abortEPKcz" referenced by "/vendor/bin/hw/android.hardware.vibrator-service.mediatek"...
05-25 12:43:36.198   245   245 W ServiceManager: Waited one second for android.system.keystore2.IKeystoreService/default (is service started? are binder threads started and available?)
05-25 12:43:36.199   236   236 I servicemanager: Since 'android.system.keystore2.IKeystoreService/default' could not be found, trying to start it as a lazy AIDL service
05-25 12:43:36.200   236   481 W libc    : Unable to set property "ctl.interface_start" to "aidl/android.system.keystore2.IKeystoreService/default": error code: 0x20
05-25 12:43:36.200   236   481 I servicemanager: Tried to start aidl service android.system.keystore2.IKeystoreService/default as a lazy service, but was unable to. Usually this happens when a service is not installed, but if the service is intended to be used as a lazy service, then it may be configured incorrectly.
05-25 12:43:37.199   245   245 W ServiceManager: Waited one second for android.system.keystore2.IKeystoreService/default (is service started? are binder threads started and available?)
05-25 12:43:37.199   236   236 I servicemanager: Since 'android.system.keystore2.IKeystoreService/default' could not be found, trying to start it as a lazy AIDL service
05-25 12:43:37.200   236   482 W libc    : Unable to set property "ctl.interface_start" to "aidl/android.system.keystore2.IKeystoreService/default": error code: 0x20
05-25 12:43:37.200   236   482 I servicemanager: Tried to start aidl service android.system.keystore2.IKeystoreService/default as a lazy service, but was unable to. Usually this happens when a service is not installed, but if the service is intended to be used as a lazy service, then it may be configured incorrectly.
05-25 12:43:38.200   245   245 W ServiceManager: Waited one second for android.system.keystore2.IKeystoreService/default (is service started? are binder threads started and available?)
05-25 12:43:38.200   236   236 I servicemanager: Since 'android.system.keystore2.IKeystoreService/default' could not be found, trying to start it as a lazy AIDL service
05-25 12:43:38.201   236   483 W libc    : Unable to set property "ctl.interface_start" to "aidl/android.system.keystore2.IKeystoreService/default": error code: 0x20
05-25 12:43:38.201   236   483 I servicemanager: Tried to start aidl service android.system.keystore2.IKeystoreService/default as a lazy service, but was unable to. Usually this happens when a service is not installed, but if the service is intended to be used as a lazy service, then it may be configured incorrectly.
05-25 12:43:38.527   484   484 I keystore2: keystore2_main: Keystore2 is starting.
05-25 12:43:38.528   484   484 I keystore2: keystore2_main: Starting thread pool now.
05-25 12:43:38.529   484   485 I keystore2: getDeviceHalManifest: Reading VINTF information.
05-25 12:43:38.544   484   485 I keystore2: getDeviceHalManifest: Successfully processed VINTF information
05-25 12:43:38.546   484   484 E cutils-trace: Error opening trace file: No such file or directory (2)
05-25 12:43:38.546   235   235 I hwservicemanager: getFrameworkHalManifest: Reading VINTF information.
05-25 12:43:38.546   235   235 W hwservicemanager: Cannot fetch /system/etc/vintf/manifest.xml: Illformed file: /system/etc/vintf/manifest.xml: Unrecognized manifest.version 9.0 (libvintf@4.0)
05-25 12:43:38.546   235   235 E hwservicemanager: getFrameworkHalManifest: status from fetching VINTF information: -2
05-25 12:43:38.546   235   235 E hwservicemanager: getFrameworkHalManifest: -2 VINTF parse error: Cannot read /system/manifest.xml: No such file or directory
05-25 12:43:38.546   235   235 I hwservicemanager: getTransport: Cannot find entry android.hidl.manager@1.2::IServiceManager/default in either framework or device VINTF manifest.
05-25 12:43:38.547   484   484 F keystore2: Check failed: serviceManager.get() Failed to get ServiceManager
05-25 12:43:38.547   484   484 F libc    : Fatal signal 6 (SIGABRT), code -1 (SI_QUEUE) in tid 484 (Binder:484_2), pid 484 (Binder:484_2)
05-25 12:43:38.550   489   489 F libc    : failed to exec crash_dump helper: No such file or directory
05-25 12:43:38.552   484   484 F libc    : crash_dump helper failed to exec, or was killed
05-25 12:43:38.552   484   484 F libc    : failed to wait for crash_dump helper: No child processes
05-25 12:43:39.200   245   245 W ServiceManager: Waited one second for android.system.keystore2.IKeystoreService/default (is service started? are binder threads started and available?)
05-25 12:43:39.200   236   236 I servicemanager: Since 'android.system.keystore2.IKeystoreService/default' could not be found, trying to start it as a lazy AIDL service
05-25 12:43:39.203   236   491 W libc    : Unable to set property "ctl.interface_start" to "aidl/android.system.keystore2.IKeystoreService/default": error code: 0x20
05-25 12:43:39.204   236   491 I servicemanager: Tried to start aidl service android.system.keystore2.IKeystoreService/default as a lazy service, but was unable to. Usually this happens when a service is not installed, but if the service is intended to be used as a lazy service, then it may be configured incorrectly.
05-25 12:43:40.201   245   245 W ServiceManager: Waited one second for android.system.keystore2.IKeystoreService/default (is service started? are binder threads started and available?)
05-25 12:43:40.201   236   236 I servicemanager: Since 'android.system.keystore2.IKeystoreService/default' could not be found, trying to start it as a lazy AIDL service
05-25 12:43:40.204   236   492 W libc    : Unable to set property "ctl.interface_start" to "aidl/android.system.keystore2.IKeystoreService/default": error code: 0x20
05-25 12:43:40.204   236   492 I servicemanager: Tried to start aidl service android.system.keystore2.IKeystoreService/default as a lazy service, but was unable to. Usually this happens when a service is not installed, but if the service is intended to be used as a lazy service, then it may be configured incorrectly.
05-25 12:43:40.898   493   493 F linker  : CANNOT LINK EXECUTABLE "/vendor/bin/hw/android.hardware.vibrator-service.mediatek": cannot locate symbol "_ZNSt3__122__libcpp_verbose_abortEPKcz" referenced by "/vendor/bin/hw/android.hardware.vibrator-service.mediatek"...
05-25 12:43:41.201   245   245 W ServiceManager: Waited one second for android.system.keystore2.IKeystoreService/default (is service started? are binder threads started and available?)
05-25 12:43:41.202   236   236 I servicemanager: Since 'android.system.keystore2.IKeystoreService/default' could not be found, trying to start it as a lazy AIDL service
05-25 12:43:41.203   236   494 W libc    : Unable to set property "ctl.interface_start" to "aidl/android.system.keystore2.IKeystoreService/default": error code: 0x20
05-25 12:43:41.203   236   494 I servicemanager: Tried to start aidl service android.system.keystore2.IKeystoreService/default as a lazy service, but was unable to. Usually this happens when a service is not installed, but if the service is intended to be used as a lazy service, then it may be configured incorrectly.
05-25 12:43:42.202   245   245 W ServiceManager: Waited one second for android.system.keystore2.IKeystoreService/default (is service started? are binder threads started and available?)
05-25 12:43:42.202   236   236 I servicemanager: Since 'android.system.keystore2.IKeystoreService/default' could not be found, trying to start it as a lazy AIDL service
05-25 12:43:42.203   236   495 W libc    : Unable to set property "ctl.interface_start" to "aidl/android.system.keystore2.IKeystoreService/default": error code: 0x20
05-25 12:43:42.203   236   495 I servicemanager: Tried to start aidl service android.system.keystore2.IKeystoreService/default as a lazy service, but was unable to. Usually this happens when a service is not installed, but if the service is intended to be used as a lazy service, then it may be configured incorrectly.
05-25 12:43:43.202   245   245 W ServiceManager: Waited one second for android.system.keystore2.IKeystoreService/default (is service started? are binder threads started and available?)
05-25 12:43:43.203   236   236 I servicemanager: Since 'android.system.keystore2.IKeystoreService/default' could not be found, trying to start it as a lazy AIDL service
05-25 12:43:43.204   236   496 W libc    : Unable to set property "ctl.interface_start" to "aidl/android.system.keystore2.IKeystoreService/default": error code: 0x20
05-25 12:43:43.204   236   496 I servicemanager: Tried to start aidl service android.system.keystore2.IKeystoreService/default as a lazy service, but was unable to. Usually this happens when a service is not installed, but if the service is intended to be used as a lazy service, then it may be configured incorrectly.
05-25 12:43:43.540   497   497 I keystore2: keystore2_main: Keystore2 is starting.
05-25 12:43:43.541   497   497 I keystore2: keystore2_main: Starting thread pool now.
05-25 12:43:43.541   497   498 I keystore2: getDeviceHalManifest: Reading VINTF information.
05-25 12:43:43.557   497   498 I keystore2: getDeviceHalManifest: Successfully processed VINTF information
05-25 12:43:43.558   497   497 E cutils-trace: Error opening trace file: No such file or directory (2)
05-25 12:43:43.558   235   235 I hwservicemanager: getFrameworkHalManifest: Reading VINTF information.
05-25 12:43:43.559   235   235 W hwservicemanager: Cannot fetch /system/etc/vintf/manifest.xml: Illformed file: /system/etc/vintf/manifest.xml: Unrecognized manifest.version 9.0 (libvintf@4.0)
05-25 12:43:43.559   235   235 E hwservicemanager: getFrameworkHalManifest: status from fetching VINTF information: -2
05-25 12:43:43.559   235   235 E hwservicemanager: getFrameworkHalManifest: -2 VINTF parse error: Cannot read /system/manifest.xml: No such file or directory
05-25 12:43:43.559   235   235 I hwservicemanager: getTransport: Cannot find entry android.hidl.manager@1.2::IServiceManager/default in either framework or device VINTF manifest.
05-25 12:43:43.559   497   497 F keystore2: Check failed: serviceManager.get() Failed to get ServiceManager
05-25 12:43:43.559   497   497 F libc    : Fatal signal 6 (SIGABRT), code -1 (SI_QUEUE) in tid 497 (Binder:497_2), pid 497 (Binder:497_2)
05-25 12:43:43.562   502   502 F libc    : failed to exec crash_dump helper: No such file or directory
05-25 12:43:43.564   497   497 F libc    : crash_dump helper failed to exec, or was killed
05-25 12:43:43.565   497   497 F libc    : failed to wait for crash_dump helper: No child processes
05-25 12:43:44.203   245   245 W ServiceManager: Waited one second for android.system.keystore2.IKeystoreService/default (is service started? are binder threads started and available?)
05-25 12:43:44.203   236   236 I servicemanager: Since 'android.system.keystore2.IKeystoreService/default' could not be found, trying to start it as a lazy AIDL service
05-25 12:43:44.206   236   504 W libc    : Unable to set property "ctl.interface_start" to "aidl/android.system.keystore2.IKeystoreService/default": error code: 0x20
05-25 12:43:44.206   236   504 I servicemanager: Tried to start aidl service android.system.keystore2.IKeystoreService/default as a lazy service, but was unable to. Usually this happens when a service is not installed, but if the service is intended to be used as a lazy service, then it may be configured incorrectly.
05-25 12:43:45.204   245   245 W ServiceManager: Waited one second for android.system.keystore2.IKeystoreService/default (is service started? are binder threads started and available?)
05-25 12:43:45.204   236   236 I servicemanager: Since 'android.system.keystore2.IKeystoreService/default' could not be found, trying to start it as a lazy AIDL service
05-25 12:43:45.207   236   505 W libc    : Unable to set property "ctl.interface_start" to "aidl/android.system.keystore2.IKeystoreService/default": error code: 0x20
05-25 12:43:45.207   236   505 I servicemanager: Tried to start aidl service android.system.keystore2.IKeystoreService/default as a lazy service, but was unable to. Usually this happens when a service is not installed, but if the service is intended to be used as a lazy service, then it may be configured incorrectly.
05-25 12:43:45.903   506   506 F linker  : CANNOT LINK EXECUTABLE "/vendor/bin/hw/android.hardware.vibrator-service.mediatek": cannot locate symbol "_ZNSt3__122__libcpp_verbose_abortEPKcz" referenced by "/vendor/bin/hw/android.hardware.vibrator-service.mediatek"...
05-25 12:43:46.204   245   245 W ServiceManager: Waited one second for android.system.keystore2.IKeystoreService/default (is service started? are binder threads started and available?)
05-25 12:43:46.205   236   236 I servicemanager: Since 'android.system.keystore2.IKeystoreService/default' could not be found, trying to start it as a lazy AIDL service
05-25 12:43:46.205   236   507 W libc    : Unable to set property "ctl.interface_start" to "aidl/android.system.keystore2.IKeystoreService/default": error code: 0x20
05-25 12:43:46.206   236   507 I servicemanager: Tried to start aidl service android.system.keystore2.IKeystoreService/default as a lazy service, but was unable to. Usually this happens when a service is not installed, but if the service is intended to be used as a lazy service, then it may be configured incorrectly.
05-25 12:43:47.205   245   245 W ServiceManager: Waited one second for android.system.keystore2.IKeystoreService/default (is service started? are binder threads started and available?)
05-25 12:43:47.205   236   236 I servicemanager: Since 'android.system.keystore2.IKeystoreService/default' could not be found, trying to start it as a lazy AIDL service
05-25 12:43:47.206   236   508 W libc    : Unable to set property "ctl.interface_start" to "aidl/android.system.keystore2.IKeystoreService/default": error code: 0x20
05-25 12:43:47.206   236   508 I servicemanager: Tried to start aidl service android.system.keystore2.IKeystoreService/default as a lazy service, but was unable to. Usually this happens when a service is not installed, but if the service is intended to be used as a lazy service, then it may be configured incorrectly.
05-25 12:43:48.206   245   245 W ServiceManager: Waited one second for android.system.keystore2.IKeystoreService/default (is service started? are binder threads started and available?)
05-25 12:43:48.206   236   236 I servicemanager: Since 'android.system.keystore2.IKeystoreService/default' could not be found, trying to start it as a lazy AIDL service
05-25 12:43:48.207   236   509 W libc    : Unable to set property "ctl.interface_start" to "aidl/android.system.keystore2.IKeystoreService/default": error code: 0x20
05-25 12:43:48.207   236   509 I servicemanager: Tried to start aidl service android.system.keystore2.IKeystoreService/default as a lazy service, but was unable to. Usually this happens when a service is not installed, but if the service is intended to be used as a lazy service, then it may be configured incorrectly.
05-25 12:43:48.541   510   510 I keystore2: keystore2_main: Keystore2 is starting.
05-25 12:43:48.542   510   510 I keystore2: keystore2_main: Starting thread pool now.
05-25 12:43:48.543   510   511 I keystore2: getDeviceHalManifest: Reading VINTF information.
05-25 12:43:48.559   510   511 I keystore2: getDeviceHalManifest: Successfully processed VINTF information
05-25 12:43:48.560   510   510 E cutils-trace: Error opening trace file: No such file or directory (2)
05-25 12:43:48.560   235   235 I hwservicemanager: getFrameworkHalManifest: Reading VINTF information.
05-25 12:43:48.560   235   235 W hwservicemanager: Cannot fetch /system/etc/vintf/manifest.xml: Illformed file: /system/etc/vintf/manifest.xml: Unrecognized manifest.version 9.0 (libvintf@4.0)
05-25 12:43:48.560   235   235 E hwservicemanager: getFrameworkHalManifest: status from fetching VINTF information: -2
05-25 12:43:48.560   235   235 E hwservicemanager: getFrameworkHalManifest: -2 VINTF parse error: Cannot read /system/manifest.xml: No such file or directory
05-25 12:43:48.560   235   235 I hwservicemanager: getTransport: Cannot find entry android.hidl.manager@1.2::IServiceManager/default in either framework or device VINTF manifest.
05-25 12:43:48.561   510   510 F keystore2: Check failed: serviceManager.get() Failed to get ServiceManager
05-25 12:43:48.561   510   510 F libc    : Fatal signal 6 (SIGABRT), code -1 (SI_QUEUE) in tid 510 (Binder:510_2), pid 510 (Binder:510_2)
05-25 12:43:48.564   515   515 F libc    : failed to exec crash_dump helper: No such file or directory
05-25 12:43:48.566   510   510 F libc    : crash_dump helper failed to exec, or was killed
05-25 12:43:48.566   510   510 F libc    : failed to wait for crash_dump helper: No child processes
05-25 12:43:49.206   245   245 W ServiceManager: Waited one second for android.system.keystore2.IKeystoreService/default (is service started? are binder threads started and available?)
05-25 12:43:49.206   236   236 I servicemanager: Since 'android.system.keystore2.IKeystoreService/default' could not be found, trying to start it as a lazy AIDL service
05-25 12:43:49.209   236   517 W libc    : Unable to set property "ctl.interface_start" to "aidl/android.system.keystore2.IKeystoreService/default": error code: 0x20
05-25 12:43:49.209   236   517 I servicemanager: Tried to start aidl service android.system.keystore2.IKeystoreService/default as a lazy service, but was unable to. Usually this happens when a service is not installed, but if the service is intended to be used as a lazy service, then it may be configured incorrectly.
05-25 12:43:50.207   245   245 W ServiceManager: Waited one second for android.system.keystore2.IKeystoreService/default (is service started? are binder threads started and available?)
05-25 12:43:50.207   236   236 I servicemanager: Since 'android.system.keystore2.IKeystoreService/default' could not be found, trying to start it as a lazy AIDL service
05-25 12:43:50.210   236   518 W libc    : Unable to set property "ctl.interface_start" to "aidl/android.system.keystore2.IKeystoreService/default": error code: 0x20
05-25 12:43:50.210   236   518 I servicemanager: Tried to start aidl service android.system.keystore2.IKeystoreService/default as a lazy service, but was unable to. Usually this happens when a service is not installed, but if the service is intended to be used as a lazy service, then it may be configured incorrectly.
05-25 12:43:50.908   519   519 F linker  : CANNOT LINK EXECUTABLE "/vendor/bin/hw/android.hardware.vibrator-service.mediatek": cannot locate symbol "_ZNSt3__122__libcpp_verbose_abortEPKcz" referenced by "/vendor/bin/hw/android.hardware.vibrator-service.mediatek"...
05-25 12:43:51.207   245   245 W ServiceManager: Waited one second for android.system.keystore2.IKeystoreService/default (is service started? are binder threads started and available?)
05-25 12:43:51.208   236   236 I servicemanager: Since 'android.system.keystore2.IKeystoreService/default' could not be found, trying to start it as a lazy AIDL service
05-25 12:43:51.208   236   520 W libc    : Unable to set property "ctl.interface_start" to "aidl/android.system.keystore2.IKeystoreService/default": error code: 0x20
05-25 12:43:51.209   236   520 I servicemanager: Tried to start aidl service android.system.keystore2.IKeystoreService/default as a lazy service, but was unable to. Usually this happens when a service is not installed, but if the service is intended to be used as a lazy service, then it may be configured incorrectly.
05-25 12:43:52.208   245   245 W ServiceManager: Waited one second for android.system.keystore2.IKeystoreService/default (is service started? are binder threads started and available?)
05-25 12:43:52.208   236   236 I servicemanager: Since 'android.system.keystore2.IKeystoreService/default' could not be found, trying to start it as a lazy AIDL service
05-25 12:43:52.209   236   521 W libc    : Unable to set property "ctl.interface_start" to "aidl/android.system.keystore2.IKeystoreService/default": error code: 0x20
05-25 12:43:52.209   236   521 I servicemanager: Tried to start aidl service android.system.keystore2.IKeystoreService/default as a lazy service, but was unable to. Usually this happens when a service is not installed, but if the service is intended to be used as a lazy service, then it may be configured incorrectly.
05-25 12:43:53.209   245   245 W ServiceManager: Waited one second for android.system.keystore2.IKeystoreService/default (is service started? are binder threads started and available?)
05-25 12:43:53.209   236   236 I servicemanager: Since 'android.system.keystore2.IKeystoreService/default' could not be found, trying to start it as a lazy AIDL service
05-25 12:43:53.210   236   522 W libc    : Unable to set property "ctl.interface_start" to "aidl/android.system.keystore2.IKeystoreService/default": error code: 0x20
05-25 12:43:53.210   236   522 I servicemanager: Tried to start aidl service android.system.keystore2.IKeystoreService/default as a lazy service, but was unable to. Usually this happens when a service is not installed, but if the service is intended to be used as a lazy service, then it may be configured incorrectly.
05-25 12:43:53.538   523   523 I keystore2: keystore2_main: Keystore2 is starting.
05-25 12:43:53.538   523   523 I keystore2: keystore2_main: Starting thread pool now.
05-25 12:43:53.539   523   524 I keystore2: getDeviceHalManifest: Reading VINTF information.
05-25 12:43:53.555   523   524 I keystore2: getDeviceHalManifest: Successfully processed VINTF information
05-25 12:43:53.556   523   523 E cutils-trace: Error opening trace file: No such file or directory (2)
05-25 12:43:53.556   235   235 I hwservicemanager: getFrameworkHalManifest: Reading VINTF information.
05-25 12:43:53.557   235   235 W hwservicemanager: Cannot fetch /system/etc/vintf/manifest.xml: Illformed file: /system/etc/vintf/manifest.xml: Unrecognized manifest.version 9.0 (libvintf@4.0)
05-25 12:43:53.557   235   235 E hwservicemanager: getFrameworkHalManifest: status from fetching VINTF information: -2
05-25 12:43:53.557   235   235 E hwservicemanager: getFrameworkHalManifest: -2 VINTF parse error: Cannot read /system/manifest.xml: No such file or directory
05-25 12:43:53.557   235   235 I hwservicemanager: getTransport: Cannot find entry android.hidl.manager@1.2::IServiceManager/default in either framework or device VINTF manifest.
05-25 12:43:53.557   523   523 F keystore2: Check failed: serviceManager.get() Failed to get ServiceManager
05-25 12:43:53.557   523   523 F libc    : Fatal signal 6 (SIGABRT), code -1 (SI_QUEUE) in tid 523 (Binder:523_2), pid 523 (Binder:523_2)
05-25 12:43:53.560   528   528 F libc    : failed to exec crash_dump helper: No such file or directory
05-25 12:43:53.562   523   523 F libc    : crash_dump helper failed to exec, or was killed
05-25 12:43:53.562   523   523 F libc    : failed to wait for crash_dump helper: No child processes
05-25 12:43:54.209   245   245 W ServiceManager: Waited one second for android.system.keystore2.IKeystoreService/default (is service started? are binder threads started and available?)
05-25 12:43:54.209   236   236 I servicemanager: Since 'android.system.keystore2.IKeystoreService/default' could not be found, trying to start it as a lazy AIDL service
05-25 12:43:54.212   236   530 W libc    : Unable to set property "ctl.interface_start" to "aidl/android.system.keystore2.IKeystoreService/default": error code: 0x20
05-25 12:43:54.213   236   530 I servicemanager: Tried to start aidl service android.system.keystore2.IKeystoreService/default as a lazy service, but was unable to. Usually this happens when a service is not installed, but if the service is intended to be used as a lazy service, then it may be configured incorrectly.
--------- beginning of kernel
05-25 12:43:54.458    76    76 E         : [SMART_CHG]SMART_CHG_ENDURANCE_PRO, en_ret = 0, fun_val = 0, active_status = 0
05-25 12:43:54.460     7     7 I         : ALG_STATE= 1
05-25 12:43:54.461    76    76 E         : [SMART_CHG]endurance monitor enable charger, soc <= -5
05-25 12:43:54.461    76    76 E [SMART_CHG]monitor_night_charging: night_charging = 0, soc = 63
05-25 12:43:54.461    76    76 E [SMART_CHG]monitor_low_fast_strategy: soc = 63, thermal_level = 0, thermal_board_temp = 0, pd_active = 0, low_fast_plugin_flag = 1, low_fast_enable = 0, screen_state = 0, b_flag = 0
05-25 12:43:54.461    76    76 E [SMART_CHG]monitor_low_fast_strategy: use default thermal current=6000000
05-25 12:43:54.462    76    76 E [SMART_CHG]get_fv_ageing: i = 1, fv_aging = 10
05-25 12:43:54.462     7     7 I handle_charge_done_and_recharge: info->country_code:0
05-25 12:43:54.464   210   210 I mtk_charger_start_timer: alarm timer start:1, 103 948996236
05-25 12:43:54.466     7     7 I         : charge status not 100, so power supply changed
05-25 12:43:54.467   210   210 I         : [PE50]pe50_hal_get_soc uisoc = 63
05-25 12:43:54.467   210   210 I         : alg_state = 3
05-25 12:43:54.468     7     7 I handle_charge_done_and_recharge: ffc=0, rsoc=65, soc=63, temp=37, fv=4470, vbat=4078, iterm=420, ibat=301, full=0, full_cnt=0, v_cnt=0, recharge_cnt=0 threshold_mv=18
05-25 12:43:54.469   210   210 I         : alg_state = 1
05-25 12:43:54.471     7     7 E         : [mtk_battery_external_power_changed] low_temp = 37
05-25 12:43:54.473   210   210 I         : mt635x-auxadc mt635x-auxadc: Error: Get efuse failed (-517)
05-25 12:43:54.476   210   210 I         : vbat_out_old=40900, vthr=687, T_curr=-4086, vbat_out=40900
05-25 12:43:54.477     7     7 I fgauge  : [fg_sw_bat_cycle_accu]drop diff_car
05-25 12:43:54.478   210   210 I [upm6922-charger]: upm6922_set_input_volt_limit:mv:4400
05-25 12:43:54.479     7     7 I fgauge  : [fg_sw_bat_cycle_accu]car[o:74 n:76],diff_car:2,ncar[o:0 n:0 hw:-24348] thr 0
05-25 12:43:54.480   210   210 I         : [SW_JEITA] Battery Temperature between 35 and 45 !!
05-25 12:43:54.481   210   210 I         : [SW_JEITA] get batt_id succ
05-25 12:43:54.482     7     7 I         : mt635x-auxadc mt635x-auxadc: Error: Get efuse failed (-517)
05-25 12:43:54.482   210   210 I         : [SW_JEITA] battery_id = 1
05-25 12:43:54.482   210   210 I [upm6922-charger]: upm6922_set_term_current:ma:420
05-25 12:43:54.483     7     7 I         : vbat_out_old=40860, vthr=687, T_curr=-4086, vbat_out=40860
05-25 12:43:54.485   210   210 I         : [SW_JEITA] ieoc = 420000
05-25 12:43:54.485     7     7 E         : mtk_battery_external_power_changed event, name:battery online:1, status:1, EOC:0, cur_chr_type:1 old:1, vbat0:[o:0 n:0]
05-25 12:43:54.486   210   210 I [upm6922-charger]: upm6922_set_chargevolt:mv:4670
05-25 12:43:54.487     7     7 E [lc_charger_sysfs]psy_change_noti: psy name=mtk-master-charger, charge_type(1, 4)
05-25 12:43:54.489     7     7 E [lc_charger_sysfs]lc_sysfs_get_charge_type: ta_status[PD] (1), pd_type (0), chr_type(4), usb_type(1), real_type(1)
05-25 12:43:54.491     7     7 E         : [lc_charger_sysfs]lc_sysfs_get_quick_charge_type chr_type=4, pd_type=0, temp=37, quick_chr_type:0, last_quick_charge_type:0
05-25 12:43:54.492     7     7 E         : [lc_charger_sysfs]capacity(63), vbat(4086), batt_status(1), shutdown_delay(0), count(0)
05-25 12:43:54.494   210   210 I [SW_JEITA]tmp: 37 jeita_cv:4470000 jeita_cc:-1
05-25 12:43:54.494   217   217 E [lc_charger_sysfs]psy_change_noti: psy name=battery, charge_type(1, 4)
05-25 12:43:54.496   217   217 E [lc_charger_sysfs]lc_sysfs_get_charge_type: ta_status[PD] (1), pd_type (0), chr_type(4), usb_type(1), real_type(1)
05-25 12:43:54.497   217   217 E         : [lc_charger_sysfs]lc_sysfs_get_quick_charge_type chr_type=4, pd_type=0, temp=37, quick_chr_type:0, last_quick_charge_type:0
05-25 12:43:54.499   217   217 E         : [lc_charger_sysfs]capacity(63), vbat(4086), batt_status(1), shutdown_delay(0), count(0)
05-25 12:43:54.500     7     7 I get_charger_zcv: get charger zcv failed: -95
05-25 12:43:54.500   210   210 I tmp     : 37 (jeita:1 sm:5 cv:4470000 en:1) (sm:1) en:1 c:0 s:0 ov:0 0 sc:0 1 1 saf_cmd:-1 bat_mon:0 0
05-25 12:43:54.501   223   223 I <   94.992>TCPC-TCPC: bat_update_work_func Battery Charging, soc = 63
05-25 12:43:54.503   210   210 I mtk_adapter_switch_control pd_type: 1, ufcs_type:1, ret:2, state: 0, set_pri:0, cnt:0
05-25 12:43:54.503   210   210 I mtk_check_ta_status ret_ta_switch: 2, prtocol_state:0
05-25 12:43:54.506   210   210 I get_ibus: get ibus failed: -95
05-25 12:43:54.506   210   210 I get_ibat: get ibat failed: -95
05-25 12:43:54.507   217   217 E         : get CV property fail
05-25 12:43:54.507   210   210 I         : Vbat=4086 vbats=0 vbus:4872 ibus:0 I=279 T=37 uisoc:63 type:usb>usb idx:0 ta_stat:1 swchg_ibat:0 cv:3864000 cmd_pp:-1
05-25 12:43:54.508   217   217 E         : get charge control limit:0
05-25 12:43:54.510   210   210 I         : select_charging_current_limit batt verify = 1
05-25 12:43:54.511   210   210 I         : chg_alg_set_current_limit
05-25 12:43:54.511   210   210 I         : [PE50]pe50_set_current_limit ic = 3000, cv = 4470, ibat_limit = 500
05-25 12:43:54.512   210   210 I         : pe50_set_prop 3 0
05-25 12:43:54.512   211   211 I         : [PE50]pe50_algo_threadfn state = STOP
05-25 12:43:54.513   211   211 I         : [PE50]pe50_algo_threadfn PE5.0 STOP
05-25 12:43:54.514   210   210 I         : [PE50]pe50_hal_get_soc uisoc = 63
05-25 12:43:54.515   210   210 I         : support_fast_charging pe5 ret:ALG_NOT_READY, prtocol_state:0,  ffc_state0
05-25 12:43:54.516   210   210 I jeita_current_limit: jeita_input_current_limit: 3000000, jeita_charging_current_limit: 5950000
05-25 12:43:54.517   210   210 I debug   : 2, 1, 0
05-25 12:43:54.517   210   210 I         : m:0 chg1:-1,6000,500,500 chg2:-1,-1,0,0 dvchg1:-1 sc:500000 -1 0 type:4:1 usb_unlimited:0 usbif:0 usbsm:0 ii:-1,-1 aicl:-1 atm:0 bm:2 b:1
05-25 12:43:54.519   210   210 I do_algorithm is_basic: 1
05-25 12:43:54.520   210   210 I [upm6922-charger]: upm6922_set_input_current_limit:ma:500
05-25 12:43:54.521   210   210 I [upm6922-charger]: upm6922_set_chargecurrent:ma:500
05-25 12:43:54.522   210   210 I         : [PE50]pe50_hal_get_soc uisoc = 63
05-25 12:43:54.522   210   210 I [upm6922-charger]: upm6922_enable_charger:enable charge
05-25 12:43:54.523   210   210 E [upm6922-charger]: upm6922_dump_regs:Reg[00] = 0x04
05-25 12:43:54.524   210   210 E [upm6922-charger]: upm6922_dump_regs:Reg[01] = 0x1a
05-25 12:43:54.525   210   210 E [upm6922-charger]: upm6922_dump_regs:Reg[02] = 0x08
05-25 12:43:54.526   210   210 E [upm6922-charger]: upm6922_dump_regs:Reg[03] = 0xf6
05-25 12:43:54.527   210   210 E [upm6922-charger]: upm6922_dump_regs:Reg[04] = 0xc9
05-25 12:43:54.528   210   210 E [upm6922-charger]: upm6922_dump_regs:Reg[05] = 0x8f
05-25 12:43:54.529   210   210 E [upm6922-charger]: upm6922_dump_regs:Reg[06] = 0xf5
05-25 12:43:54.530   210   210 E [upm6922-charger]: upm6922_dump_regs:Reg[07] = 0x48
05-25 12:43:54.530   210   210 E [upm6922-charger]: upm6922_dump_regs:Reg[08] = 0x34
05-25 12:43:54.531   210   210 E [upm6922-charger]: upm6922_dump_regs:Reg[09] = 0x00
05-25 12:43:54.532   210   210 E [upm6922-charger]: upm6922_dump_regs:Reg[0a] = 0xa3
05-25 12:43:54.533   210   210 E [upm6922-charger]: upm6922_dump_regs:Reg[0b] = 0x14
05-25 12:43:54.534   210   210 E [upm6922-charger]: upm6922_dump_regs:Reg[0c] = 0x81
05-25 12:43:54.535   210   210 E [upm6922-charger]: upm6922_dump_regs:Reg[0d] = 0x80
05-25 12:43:54.536   210   210 E [upm6922-charger]: upm6922_dump_regs:Reg[0e] = 0x00
05-25 12:43:54.537   210   210 E [upm6922-charger]: upm6922_dump_regs:Reg[0f] = 0xff
05-25 12:43:54.538   210   210 E [upm6922-charger]: upm6922_dump_regs:Reg[10] = 0x00
05-25 12:43:54.538   210   210 E [upm6922-charger]: upm6922_dump_regs:Reg[11] = 0xff
05-25 12:43:54.539   210   210 E [upm6922-charger]: upm6922_dump_regs:Reg[12] = 0x00
05-25 12:43:54.540   210   210 E [upm6922-charger]: upm6922_dump_regs:Reg[13] = 0xff
05-25 12:43:54.541   210   210 E [upm6922-charger]: upm6922_dump_regs:Reg[14] = 0x00
05-25 12:43:54.542   210   210 E [upm6922-charger]: upm6922_dump_regs:Reg[15] = 0xcc
05-25 12:43:54.543   210   210 I [upm6922-charger]: upm6922_reset_watchdog_timer:reset
05-25 12:43:55.210   245   245 W ServiceManager: Waited one second for android.system.keystore2.IKeystoreService/default (is service started? are binder threads started and available?)
05-25 12:43:55.210   236   236 I servicemanager: Since 'android.system.keystore2.IKeystoreService/default' could not be found, trying to start it as a lazy AIDL service
05-25 12:43:55.213   236   531 W libc    : Unable to set property "ctl.interface_start" to "aidl/android.system.keystore2.IKeystoreService/default": error code: 0x20
05-25 12:43:55.213   236   531 I servicemanager: Tried to start aidl service android.system.keystore2.IKeystoreService/default as a lazy service, but was unable to. Usually this happens when a service is not installed, but if the service is intended to be used as a lazy service, then it may be configured incorrectly.
05-25 12:43:55.217     1     1 E init    : Control message: Could not find 'aidl/android.system.keystore2.IKeystoreService/default' for ctl.interface_start from pid: 236 (/system/bin/servicemanager)
05-25 12:43:55.479    76    76 E         : get charge control limit:0
05-25 12:43:55.480    76    76 E         : [SMART_CHG]SMART_CHG_NAVIGATION, en_ret = 0, fun_val = 0, active_status = 0, smart_soc = 50, ui_soc =63, smart_ctrl_en = 0, ffc_en = 0
05-25 12:43:55.482    76    76 E         : [SMART_CHG]set smart_charge[SMART_CHG_LOW_FAST].en_ret = 0, disable low_fast
05-25 12:43:55.483    76    76 E         : [SMART_CHG]SMART_CHG_ENDURANCE_PRO, en_ret = 0, fun_val = 0, active_status = 0
05-25 12:43:55.484    76    76 E         : [SMART_CHG]endurance monitor enable charger, soc <= -5
05-25 12:43:55.485    76    76 E [SMART_CHG]monitor_night_charging: night_charging = 0, soc = 63
05-25 12:43:55.486    76    76 E [SMART_CHG]monitor_low_fast_strategy: soc = 63, thermal_level = 0, thermal_board_temp = 0, pd_active = 0, low_fast_plugin_flag = 1, low_fast_enable = 0, screen_state = 0, b_flag = 0
05-25 12:43:55.488    76    76 E [SMART_CHG]monitor_low_fast_strategy: use default thermal current=6000000
05-25 12:43:55.490    76    76 E [SMART_CHG]get_fv_ageing: i = 1, fv_aging = 10
05-25 12:43:55.900     1     1 I init    : starting service 'vendor.vibrator-mtk-default'...
05-25 12:43:55.912   532   532 F linker  : CANNOT LINK EXECUTABLE "/vendor/bin/hw/android.hardware.vibrator-service.mediatek": cannot locate symbol "_ZNSt3__122__libcpp_verbose_abortEPKcz" referenced by "/vendor/bin/hw/android.hardware.vibrator-service.mediatek"...
05-25 12:43:55.920     1     1 I init    : Service 'vendor.vibrator-mtk-default' (pid 532) exited with status 1
05-25 12:43:55.921     1     1 I init    : Sending signal 9 to service 'vendor.vibrator-mtk-default' (pid 532) process group...
05-25 12:43:56.211   245   245 W ServiceManager: Waited one second for android.system.keystore2.IKeystoreService/default (is service started? are binder threads started and available?)
05-25 12:43:56.211   236   236 I servicemanager: Since 'android.system.keystore2.IKeystoreService/default' could not be found, trying to start it as a lazy AIDL service
