05-25 12:44:10.627   210   210 I         : [PE50]pe50_set_current_limit ic = 3000, cv = 4470, ibat_limit = 500
05-25 12:44:10.629   223   223 E         : get CV property fail
05-25 12:44:10.629   223   223 E         : get charge control limit:0
05-25 12:44:10.630   210   210 I         : pe50_set_prop 3 0
05-25 12:44:10.630   211   211 I         : [PE50]pe50_algo_threadfn state = STOP
05-25 12:44:10.630   211   211 I         : [PE50]pe50_algo_threadfn PE5.0 STOP
05-25 12:44:10.632   210   210 I         : [PE50]pe50_hal_get_soc uisoc = 63
05-25 12:44:10.633   210   210 I         : support_fast_charging pe5 ret:ALG_NOT_READY, prtocol_state:0,  ffc_state0
05-25 12:44:10.634   210   210 I jeita_current_limit: jeita_input_current_limit: 3000000, jeita_charging_current_limit: 5950000
05-25 12:44:10.635   210   210 I debug   : 2, 1, 0
05-25 12:44:10.636   210   210 I         : m:0 chg1:-1,6000,500,500 chg2:-1,-1,0,0 dvchg1:-1 sc:500000 -1 0 type:4:1 usb_unlimited:0 usbif:0 usbsm:0 ii:-1,-1 aicl:-1 atm:0 bm:2 b:1
05-25 12:44:10.638   210   210 I do_algorithm is_basic: 1
05-25 12:44:10.638   210   210 I [upm6922-charger]: upm6922_set_input_current_limit:ma:500
05-25 12:44:10.639   210   210 I [upm6922-charger]: upm6922_set_chargecurrent:ma:500
05-25 12:44:10.640   210   210 I         : [PE50]pe50_hal_get_soc uisoc = 63
05-25 12:44:10.641   210   210 I [upm6922-charger]: upm6922_enable_charger:enable charge
05-25 12:44:10.642   210   210 E [upm6922-charger]: upm6922_dump_regs:Reg[00] = 0x04
05-25 12:44:10.643   210   210 E [upm6922-charger]: upm6922_dump_regs:Reg[01] = 0x1a
05-25 12:44:10.644   210   210 E [upm6922-charger]: upm6922_dump_regs:Reg[02] = 0x08
05-25 12:44:10.644   210   210 E [upm6922-charger]: upm6922_dump_regs:Reg[03] = 0xf6
05-25 12:44:10.645   210   210 E [upm6922-charger]: upm6922_dump_regs:Reg[04] = 0xc9
05-25 12:44:10.646   210   210 E [upm6922-charger]: upm6922_dump_regs:Reg[05] = 0x8f
05-25 12:44:10.647   210   210 E [upm6922-charger]: upm6922_dump_regs:Reg[06] = 0xf5
05-25 12:44:10.648   210   210 E [upm6922-charger]: upm6922_dump_regs:Reg[07] = 0x48
05-25 12:44:10.649   210   210 E [upm6922-charger]: upm6922_dump_regs:Reg[08] = 0x34
05-25 12:44:10.650   210   210 E [upm6922-charger]: upm6922_dump_regs:Reg[09] = 0x00
05-25 12:44:10.651   210   210 E [upm6922-charger]: upm6922_dump_regs:Reg[0a] = 0xa3
05-25 12:44:10.652   210   210 E [upm6922-charger]: upm6922_dump_regs:Reg[0b] = 0x14
05-25 12:44:10.652   210   210 E [upm6922-charger]: upm6922_dump_regs:Reg[0c] = 0x81
05-25 12:44:10.653   210   210 E [upm6922-charger]: upm6922_dump_regs:Reg[0d] = 0x80
05-25 12:44:10.654   210   210 E [upm6922-charger]: upm6922_dump_regs:Reg[0e] = 0x00
05-25 12:44:10.655   210   210 E [upm6922-charger]: upm6922_dump_regs:Reg[0f] = 0xff
05-25 12:44:10.656   210   210 E [upm6922-charger]: upm6922_dump_regs:Reg[10] = 0x00
05-25 12:44:10.657   210   210 E [upm6922-charger]: upm6922_dump_regs:Reg[11] = 0xff
05-25 12:44:10.658   210   210 E [upm6922-charger]: upm6922_dump_regs:Reg[12] = 0x00
05-25 12:44:10.659   210   210 E [upm6922-charger]: upm6922_dump_regs:Reg[13] = 0xff
05-25 12:44:10.660   210   210 E [upm6922-charger]: upm6922_dump_regs:Reg[14] = 0x00
05-25 12:44:10.660   210   210 E [upm6922-charger]: upm6922_dump_regs:Reg[15] = 0xcc
05-25 12:44:10.661   210   210 I [upm6922-charger]: upm6922_reset_watchdog_timer:reset
05-25 12:44:10.839    76    76 E         : get charge control limit:0
05-25 12:44:10.840    76    76 E         : [SMART_CHG]SMART_CHG_NAVIGATION, en_ret = 0, fun_val = 0, active_status = 0, smart_soc = 50, ui_soc =63, smart_ctrl_en = 0, ffc_en = 0
05-25 12:44:10.842    76    76 E         : [SMART_CHG]set smart_charge[SMART_CHG_LOW_FAST].en_ret = 0, disable low_fast
05-25 12:44:10.843    76    76 E         : [SMART_CHG]SMART_CHG_ENDURANCE_PRO, en_ret = 0, fun_val = 0, active_status = 0
05-25 12:44:10.844    76    76 E         : [SMART_CHG]endurance monitor enable charger, soc <= -5
05-25 12:44:10.845    76    76 E [SMART_CHG]monitor_night_charging: night_charging = 0, soc = 63
05-25 12:44:10.846    76    76 E [SMART_CHG]monitor_low_fast_strategy: soc = 63, thermal_level = 0, thermal_board_temp = 0, pd_active = 0, low_fast_plugin_flag = 1, low_fast_enable = 0, screen_state = 0, b_flag = 0
05-25 12:44:10.848    76    76 E [SMART_CHG]monitor_low_fast_strategy: use default thermal current=6000000
05-25 12:44:10.850    76    76 E [SMART_CHG]get_fv_ageing: i = 1, fv_aging = 10
05-25 12:44:10.914     1     1 I init    : starting service 'vendor.vibrator-mtk-default'...
05-25 12:44:10.926   571   571 F linker  : CANNOT LINK EXECUTABLE "/vendor/bin/hw/android.hardware.vibrator-service.mediatek": cannot locate symbol "_ZNSt3__122__libcpp_verbose_abortEPKcz" referenced by "/vendor/bin/hw/android.hardware.vibrator-service.mediatek"...
05-25 12:44:10.948     1     1 I init    : Service 'vendor.vibrator-mtk-default' (pid 571) exited with status 1
05-25 12:44:10.949     1     1 I init    : Sending signal 9 to service 'vendor.vibrator-mtk-default' (pid 571) process group...
05-25 12:44:10.951     1     1 I libprocessgroup: Successfully killed process cgroup uid 0 pid 571 in 0ms
05-25 12:44:11.220   245   245 W ServiceManager: Waited one second for android.system.keystore2.IKeystoreService/default (is service started? are binder threads started and available?)
05-25 12:44:11.220   236   236 I servicemanager: Since 'android.system.keystore2.IKeystoreService/default' could not be found, trying to start it as a lazy AIDL service
05-25 12:44:11.221   236   572 W libc    : Unable to set property "ctl.interface_start" to "aidl/android.system.keystore2.IKeystoreService/default": error code: 0x20
05-25 12:44:11.221   236   572 I servicemanager: Tried to start aidl service android.system.keystore2.IKeystoreService/default as a lazy service, but was unable to. Usually this happens when a service is not installed, but if the service is intended to be used as a lazy service, then it may be configured incorrectly.
05-25 12:44:11.863    76    76 E         : get charge control limit:0
05-25 12:44:11.864    76    76 E         : [SMART_CHG]SMART_CHG_NAVIGATION, en_ret = 0, fun_val = 0, active_status = 0, smart_soc = 50, ui_soc =63, smart_ctrl_en = 0, ffc_en = 0
05-25 12:44:11.866    76    76 E         : [SMART_CHG]set smart_charge[SMART_CHG_LOW_FAST].en_ret = 0, disable low_fast
05-25 12:44:11.867    76    76 E         : [SMART_CHG]SMART_CHG_ENDURANCE_PRO, en_ret = 0, fun_val = 0, active_status = 0
05-25 12:44:11.868    76    76 E         : [SMART_CHG]endurance monitor enable charger, soc <= -5
05-25 12:44:11.869    76    76 E [SMART_CHG]monitor_night_charging: night_charging = 0, soc = 63
05-25 12:44:11.870    76    76 E [SMART_CHG]monitor_low_fast_strategy: soc = 63, thermal_level = 0, thermal_board_temp = 0, pd_active = 0, low_fast_plugin_flag = 1, low_fast_enable = 0, screen_state = 0, b_flag = 0
05-25 12:44:11.872    76    76 E [SMART_CHG]monitor_low_fast_strategy: use default thermal current=6000000
05-25 12:44:11.874    76    76 E [SMART_CHG]get_fv_ageing: i = 1, fv_aging = 10
05-25 12:44:12.220   245   245 W ServiceManager: Waited one second for android.system.keystore2.IKeystoreService/default (is service started? are binder threads started and available?)
05-25 12:44:12.220   236   236 I servicemanager: Since 'android.system.keystore2.IKeystoreService/default' could not be found, trying to start it as a lazy AIDL service
05-25 12:44:12.221   236   573 W libc    : Unable to set property "ctl.interface_start" to "aidl/android.system.keystore2.IKeystoreService/default": error code: 0x20
05-25 12:44:12.221   236   573 I servicemanager: Tried to start aidl service android.system.keystore2.IKeystoreService/default as a lazy service, but was unable to. Usually this happens when a service is not installed, but if the service is intended to be used as a lazy service, then it may be configured incorrectly.
05-25 12:44:12.545   203   203 I         : mt635x-auxadc mt635x-auxadc: Error: Get efuse failed (-517)
05-25 12:44:12.546   203   203 I         : vbat_out_old=40890, vthr=687, T_curr=-4086, vbat_out=40890
05-25 12:44:12.548   203   203 E [bm_update_status] uisoc: 63 63 soc:65 vbat:4089 ibat:3532 car:94
05-25 12:44:12.599     7     7 E         : get charge control limit:0
05-25 12:44:12.600     7     7 I         : [SW_JEITA] ffc_disable = 0, ffc = 0, pd_type = 5, thermal_lv = 0, single_cell_mode = 0, uisoc:63, chg_turn_on_flag:0
05-25 12:44:12.601     7     7 I         : ALG_STATE= 1
05-25 12:44:12.603     7     7 I handle_charge_done_and_recharge: info->country_code:0
05-25 12:44:12.604     7     7 I         : charge status not 100, so power supply changed
05-25 12:44:12.604     7     7 I handle_charge_done_and_recharge: ffc=0, rsoc=65, soc=63, temp=37, fv=4470, vbat=4082, iterm=420, ibat=390, full=0, full_cnt=0, v_cnt=0, recharge_cnt=0 threshold_mv=18
05-25 12:44:12.604   210   210 I mtk_charger_start_timer: alarm timer start:1, 122 89200852
05-25 12:44:12.607     7     7 E         : [mtk_battery_external_power_changed] low_temp = 37
05-25 12:44:12.607   210   210 I         : [PE50]pe50_hal_get_soc uisoc = 63
05-25 12:44:12.608     7     7 I fgauge  : [fg_sw_bat_cycle_accu]drop diff_car
05-25 12:44:12.609   210   210 I         : alg_state = 3
05-25 12:44:12.609   210   210 I         : alg_state = 1
05-25 12:44:12.610     7     7 I fgauge  : [fg_sw_bat_cycle_accu]car[o:92 n:94],diff_car:2,ncar[o:0 n:0 hw:-24348] thr 0
05-25 12:44:12.612   210   210 I         : mt635x-auxadc mt635x-auxadc: Error: Get efuse failed (-517)
05-25 12:44:12.613   210   210 I         : vbat_out_old=40870, vthr=687, T_curr=-4086, vbat_out=40870
05-25 12:44:12.614   210   210 I [upm6922-charger]: upm6922_set_input_volt_limit:mv:4400
05-25 12:44:12.615     7     7 I         : mt635x-auxadc mt635x-auxadc: Error: Get efuse failed (-517)
05-25 12:44:12.615   210   210 I         : [SW_JEITA] Battery Temperature between 35 and 45 !!
05-25 12:44:12.616     7     7 I         : vbat_out_old=40880, vthr=687, T_curr=-4086, vbat_out=40880
05-25 12:44:12.617   210   210 I         : [SW_JEITA] get batt_id succ
05-25 12:44:12.618     7     7 E         : mtk_battery_external_power_changed event, name:battery online:1, status:1, EOC:0, cur_chr_type:1 old:1, vbat0:[o:0 n:0]
05-25 12:44:12.618   210   210 I         : [SW_JEITA] battery_id = 1
05-25 12:44:12.618   210   210 I [upm6922-charger]: upm6922_set_term_current:ma:420
05-25 12:44:12.620     7     7 E [lc_charger_sysfs]psy_change_noti: psy name=mtk-master-charger, charge_type(1, 4)
05-25 12:44:12.622   210   210 I         : [SW_JEITA] ieoc = 420000
05-25 12:44:12.622   210   210 I [upm6922-charger]: upm6922_set_chargevolt:mv:4670
05-25 12:44:12.623     7     7 E [lc_charger_sysfs]lc_sysfs_get_charge_type: ta_status[PD] (1), pd_type (0), chr_type(4), usb_type(1), real_type(1)
05-25 12:44:12.625     7     7 E         : [lc_charger_sysfs]lc_sysfs_get_quick_charge_type chr_type=4, pd_type=0, temp=37, quick_chr_type:0, last_quick_charge_type:0
05-25 12:44:12.627     7     7 E         : [lc_charger_sysfs]capacity(63), vbat(4088), batt_status(1), shutdown_delay(0), count(0)
05-25 12:44:12.628   210   210 I [SW_JEITA]tmp: 37 jeita_cv:4470000 jeita_cc:-1
05-25 12:44:12.629   223   223 E [lc_charger_sysfs]psy_change_noti: psy name=battery, charge_type(1, 4)
05-25 12:44:12.630   210   210 I tmp     : 37 (jeita:1 sm:5 cv:4470000 en:1) (sm:1) en:1 c:0 s:0 ov:0 0 sc:0 1 1 saf_cmd:-1 bat_mon:0 0
05-25 12:44:12.630   223   223 E [lc_charger_sysfs]lc_sysfs_get_charge_type: ta_status[PD] (1), pd_type (0), chr_type(4), usb_type(1), real_type(1)
05-25 12:44:12.633   210   210 I mtk_adapter_switch_control pd_type: 1, ufcs_type:1, ret:2, state: 0, set_pri:0, cnt:0
05-25 12:44:12.633     7     7 I get_charger_zcv: get charger zcv failed: -95
05-25 12:44:12.634   210   210 I mtk_check_ta_status ret_ta_switch: 2, prtocol_state:0
05-25 12:44:12.635   223   223 E         : [lc_charger_sysfs]lc_sysfs_get_quick_charge_type chr_type=4, pd_type=0, temp=37, quick_chr_type:0, last_quick_charge_type:0
05-25 12:44:12.638   223   223 E         : [lc_charger_sysfs]capacity(63), vbat(4088), batt_status(1), shutdown_delay(0), count(0)
05-25 12:44:12.639   210   210 I get_ibus: get ibus failed: -95
05-25 12:44:12.639   217   217 I <  113.130>TCPC-TCPC: bat_update_work_func Battery Charging, soc = 63
05-25 12:44:12.639   210   210 I get_ibat: get ibat failed: -95
05-25 12:44:12.639   210   210 I         : Vbat=4088 vbats=0 vbus:4872 ibus:0 I=390 T=37 uisoc:63 type:usb>usb idx:0 ta_stat:1 swchg_ibat:0 cv:3864000 cmd_pp:-1
05-25 12:44:12.641   210   210 I         : select_charging_current_limit batt verify = 1
05-25 12:44:12.642   223   223 E         : get CV property fail
05-25 12:44:12.643   210   210 I         : chg_alg_set_current_limit
05-25 12:44:12.643   210   210 I         : [PE50]pe50_set_current_limit ic = 3000, cv = 4470, ibat_limit = 500
05-25 12:44:12.643   223   223 E         : get charge control limit:0
05-25 12:44:12.644   210   210 I         : pe50_set_prop 3 0
05-25 12:44:12.644   211   211 I         : [PE50]pe50_algo_threadfn state = STOP
05-25 12:44:12.644   211   211 I         : [PE50]pe50_algo_threadfn PE5.0 STOP
05-25 12:44:12.648   210   210 I         : [PE50]pe50_hal_get_soc uisoc = 63
05-25 12:44:12.649   210   210 I         : support_fast_charging pe5 ret:ALG_NOT_READY, prtocol_state:0,  ffc_state0
05-25 12:44:12.650   210   210 I jeita_current_limit: jeita_input_current_limit: 3000000, jeita_charging_current_limit: 5950000
05-25 12:44:12.651   210   210 I debug   : 2, 1, 0
05-25 12:44:12.651   210   210 I         : m:0 chg1:-1,6000,500,500 chg2:-1,-1,0,0 dvchg1:-1 sc:500000 -1 0 type:4:1 usb_unlimited:0 usbif:0 usbsm:0 ii:-1,-1 aicl:-1 atm:0 bm:2 b:1
05-25 12:44:12.653   210   210 I do_algorithm is_basic: 1
05-25 12:44:12.654   210   210 I [upm6922-charger]: upm6922_set_input_current_limit:ma:500
05-25 12:44:12.655   210   210 I [upm6922-charger]: upm6922_set_chargecurrent:ma:500
05-25 12:44:12.656   210   210 I         : [PE50]pe50_hal_get_soc uisoc = 63
05-25 12:44:12.656   210   210 I [upm6922-charger]: upm6922_enable_charger:enable charge
05-25 12:44:12.657   210   210 E [upm6922-charger]: upm6922_dump_regs:Reg[00] = 0x04
05-25 12:44:12.658   210   210 E [upm6922-charger]: upm6922_dump_regs:Reg[01] = 0x1a
05-25 12:44:12.659   210   210 E [upm6922-charger]: upm6922_dump_regs:Reg[02] = 0x08
05-25 12:44:12.660   210   210 E [upm6922-charger]: upm6922_dump_regs:Reg[03] = 0xf6
05-25 12:44:12.661   210   210 E [upm6922-charger]: upm6922_dump_regs:Reg[04] = 0xc9
05-25 12:44:12.662   210   210 E [upm6922-charger]: upm6922_dump_regs:Reg[05] = 0x8f
05-25 12:44:12.663   210   210 E [upm6922-charger]: upm6922_dump_regs:Reg[06] = 0xf5
05-25 12:44:12.664   210   210 E [upm6922-charger]: upm6922_dump_regs:Reg[07] = 0x48
05-25 12:44:12.664   210   210 E [upm6922-charger]: upm6922_dump_regs:Reg[08] = 0x34
05-25 12:44:12.665   210   210 E [upm6922-charger]: upm6922_dump_regs:Reg[09] = 0x00
05-25 12:44:12.666   210   210 E [upm6922-charger]: upm6922_dump_regs:Reg[0a] = 0xa3
05-25 12:44:12.667   210   210 E [upm6922-charger]: upm6922_dump_regs:Reg[0b] = 0x14
05-25 12:44:12.668   210   210 E [upm6922-charger]: upm6922_dump_regs:Reg[0c] = 0x81
05-25 12:44:12.669   210   210 E [upm6922-charger]: upm6922_dump_regs:Reg[0d] = 0x80
05-25 12:44:12.670   210   210 E [upm6922-charger]: upm6922_dump_regs:Reg[0e] = 0x00
05-25 12:44:12.671   210   210 E [upm6922-charger]: upm6922_dump_regs:Reg[0f] = 0xff
05-25 12:44:12.672   210   210 E [upm6922-charger]: upm6922_dump_regs:Reg[10] = 0x00
05-25 12:44:12.672   210   210 E [upm6922-charger]: upm6922_dump_regs:Reg[11] = 0xff
05-25 12:44:12.673   210   210 E [upm6922-charger]: upm6922_dump_regs:Reg[12] = 0x00
05-25 12:44:12.674   210   210 E [upm6922-charger]: upm6922_dump_regs:Reg[13] = 0xff
05-25 12:44:12.675   210   210 E [upm6922-charger]: upm6922_dump_regs:Reg[14] = 0x00
05-25 12:44:12.676   210   210 E [upm6922-charger]: upm6922_dump_regs:Reg[15] = 0xcc
05-25 12:44:12.677   210   210 I [upm6922-charger]: upm6922_reset_watchdog_timer:reset
05-25 12:44:12.887    76    76 E         : get charge control limit:0
05-25 12:44:12.888    76    76 E         : [SMART_CHG]SMART_CHG_NAVIGATION, en_ret = 0, fun_val = 0, active_status = 0, smart_soc = 50, ui_soc =63, smart_ctrl_en = 0, ffc_en = 0
05-25 12:44:12.890    76    76 E         : [SMART_CHG]set smart_charge[SMART_CHG_LOW_FAST].en_ret = 0, disable low_fast
05-25 12:44:12.891    76    76 E         : [SMART_CHG]SMART_CHG_ENDURANCE_PRO, en_ret = 0, fun_val = 0, active_status = 0
05-25 12:44:12.892    76    76 E         : [SMART_CHG]endurance monitor enable charger, soc <= -5
05-25 12:44:12.893    76    76 E [SMART_CHG]monitor_night_charging: night_charging = 0, soc = 63
05-25 12:44:12.894    76    76 E [SMART_CHG]monitor_low_fast_strategy: soc = 63, thermal_level = 0, thermal_board_temp = 0, pd_active = 0, low_fast_plugin_flag = 1, low_fast_enable = 0, screen_state = 0, b_flag = 0
05-25 12:44:12.896    76    76 E [SMART_CHG]monitor_low_fast_strategy: use default thermal current=6000000
05-25 12:44:12.898    76    76 E [SMART_CHG]get_fv_ageing: i = 1, fv_aging = 10
05-25 12:44:13.221   245   245 W ServiceManager: Waited one second for android.system.keystore2.IKeystoreService/default (is service started? are binder threads started and available?)
05-25 12:44:13.221   236   236 I servicemanager: Since 'android.system.keystore2.IKeystoreService/default' could not be found, trying to start it as a lazy AIDL service
05-25 12:44:13.222   236   574 W libc    : Unable to set property "ctl.interface_start" to "aidl/android.system.keystore2.IKeystoreService/default": error code: 0x20
05-25 12:44:13.222   236   574 I servicemanager: Tried to start aidl service android.system.keystore2.IKeystoreService/default as a lazy service, but was unable to. Usually this happens when a service is not installed, but if the service is intended to be used as a lazy service, then it may be configured incorrectly.
05-25 12:44:13.557   575   575 I keystore2: keystore2_main: Keystore2 is starting.
05-25 12:44:13.558   575   575 I keystore2: keystore2_main: Starting thread pool now.
05-25 12:44:13.558   575   576 I keystore2: getDeviceHalManifest: Reading VINTF information.
05-25 12:44:13.575   575   576 I keystore2: getDeviceHalManifest: Successfully processed VINTF information
05-25 12:44:13.576   575   575 E cutils-trace: Error opening trace file: No such file or directory (2)
05-25 12:44:13.576   235   235 I hwservicemanager: getFrameworkHalManifest: Reading VINTF information.
05-25 12:44:13.577   235   235 W hwservicemanager: Cannot fetch /system/etc/vintf/manifest.xml: Illformed file: /system/etc/vintf/manifest.xml: Unrecognized manifest.version 9.0 (libvintf@4.0)
05-25 12:44:13.577   235   235 E hwservicemanager: getFrameworkHalManifest: status from fetching VINTF information: -2
05-25 12:44:13.577   235   235 E hwservicemanager: getFrameworkHalManifest: -2 VINTF parse error: Cannot read /system/manifest.xml: No such file or directory
05-25 12:44:13.577   235   235 I hwservicemanager: getTransport: Cannot find entry android.hidl.manager@1.2::IServiceManager/default in either framework or device VINTF manifest.
05-25 12:44:13.577   575   575 F keystore2: Check failed: serviceManager.get() Failed to get ServiceManager
05-25 12:44:13.577   575   575 F libc    : Fatal signal 6 (SIGABRT), code -1 (SI_QUEUE) in tid 575 (Binder:575_2), pid 575 (Binder:575_2)
05-25 12:44:13.580   580   580 F libc    : failed to exec crash_dump helper: No such file or directory
05-25 12:44:13.582   575   575 F libc    : crash_dump helper failed to exec, or was killed
05-25 12:44:13.582   575   575 F libc    : failed to wait for crash_dump helper: No child processes
05-25 12:44:13.592     1     1 I init    : Untracked pid 580 exited with status 1
05-25 12:44:13.911    76    76 E         : get charge control limit:0
05-25 12:44:13.912    76    76 E         : [SMART_CHG]SMART_CHG_NAVIGATION, en_ret = 0, fun_val = 0, active_status = 0, smart_soc = 50, ui_soc =63, smart_ctrl_en = 0, ffc_en = 0
05-25 12:44:13.914    76    76 E         : [SMART_CHG]set smart_charge[SMART_CHG_LOW_FAST].en_ret = 0, disable low_fast
05-25 12:44:13.915    76    76 E         : [SMART_CHG]SMART_CHG_ENDURANCE_PRO, en_ret = 0, fun_val = 0, active_status = 0
05-25 12:44:13.916    76    76 E         : [SMART_CHG]endurance monitor enable charger, soc <= -5
05-25 12:44:13.917    76    76 E [SMART_CHG]monitor_night_charging: night_charging = 0, soc = 63
05-25 12:44:13.918    76    76 E [SMART_CHG]monitor_low_fast_strategy: soc = 63, thermal_level = 0, thermal_board_temp = 0, pd_active = 0, low_fast_plugin_flag = 1, low_fast_enable = 0, screen_state = 0, b_flag = 0
05-25 12:44:13.920    76    76 E [SMART_CHG]monitor_low_fast_strategy: use default thermal current=6000000
05-25 12:44:13.922    76    76 E [SMART_CHG]get_fv_ageing: i = 1, fv_aging = 10
05-25 12:44:14.221   245   245 W ServiceManager: Waited one second for android.system.keystore2.IKeystoreService/default (is service started? are binder threads started and available?)
05-25 12:44:14.221   236   236 I servicemanager: Since 'android.system.keystore2.IKeystoreService/default' could not be found, trying to start it as a lazy AIDL service
05-25 12:44:14.224   236   582 W libc    : Unable to set property "ctl.interface_start" to "aidl/android.system.keystore2.IKeystoreService/default": error code: 0x20
05-25 12:44:14.224   236   582 I servicemanager: Tried to start aidl service android.system.keystore2.IKeystoreService/default as a lazy service, but was unable to. Usually this happens when a service is not installed, but if the service is intended to be used as a lazy service, then it may be configured incorrectly.
05-25 12:44:14.229     1     1 E init    : Control message: Could not find 'aidl/android.system.keystore2.IKeystoreService/default' for ctl.interface_start from pid: 236 (/system/bin/servicemanager)
05-25 12:44:14.615   223   223 E         : get charge control limit:0
05-25 12:44:14.616   223   223 I         : [SW_JEITA] ffc_disable = 0, ffc = 0, pd_type = 5, thermal_lv = 0, single_cell_mode = 0, uisoc:63, chg_turn_on_flag:0
05-25 12:44:14.617   223   223 I         : ALG_STATE= 1
05-25 12:44:14.619   223   223 I handle_charge_done_and_recharge: info->country_code:0
05-25 12:44:14.620   223   223 I         : charge status not 100, so power supply changed
05-25 12:44:14.620   223   223 I handle_charge_done_and_recharge: ffc=0, rsoc=65, soc=63, temp=37, fv=4470, vbat=4082, iterm=420, ibat=349, full=0, full_cnt=0, v_cnt=0, recharge_cnt=0 threshold_mv=18
05-25 12:44:14.620   210   210 I mtk_charger_start_timer: alarm timer start:1, 124 105208006
05-25 12:44:14.623   223   223 I BAT_TEMP_PREV: 599,BAT_TEMP:596,VBIF28:2792
05-25 12:44:14.623   210   210 I         : [PE50]pe50_hal_get_soc uisoc = 63
05-25 12:44:14.625   223   223 E         : [mtk_battery_external_power_changed] low_temp = 37
05-25 12:44:14.625   210   210 I         : alg_state = 3
05-25 12:44:14.625   210   210 I         : alg_state = 1
05-25 12:44:14.626   223   223 I fgauge  : [fg_sw_bat_cycle_accu]drop diff_car
05-25 12:44:14.627   210   210 I         : mt635x-auxadc mt635x-auxadc: Error: Get efuse failed (-517)
05-25 12:44:14.628   210   210 I         : vbat_out_old=40910, vthr=687, T_curr=-4086, vbat_out=40910
05-25 12:44:14.630   210   210 I [upm6922-charger]: upm6922_set_input_volt_limit:mv:4400
05-25 12:44:14.630   223   223 I fgauge  : [fg_sw_bat_cycle_accu]car[o:94 n:96],diff_car:2,ncar[o:0 n:0 hw:-24348] thr 0
05-25 12:44:14.632   210   210 I         : [SW_JEITA] Battery Temperature between 35 and 45 !!
05-25 12:44:14.633   210   210 I         : [SW_JEITA] get batt_id succ
05-25 12:44:14.633   223   223 I         : mt635x-auxadc mt635x-auxadc: Error: Get efuse failed (-517)
05-25 12:44:14.633   210   210 I         : [SW_JEITA] battery_id = 1
05-25 12:44:14.633   210   210 I [upm6922-charger]: upm6922_set_term_current:ma:420
05-25 12:44:14.634   223   223 I         : vbat_out_old=40870, vthr=687, T_curr=-4086, vbat_out=40870
05-25 12:44:14.637   210   210 I         : [SW_JEITA] ieoc = 420000
05-25 12:44:14.637   210   210 I [upm6922-charger]: upm6922_set_chargevolt:mv:4670
05-25 12:44:14.637   223   223 E         : mtk_battery_external_power_changed event, name:battery online:1, status:1, EOC:0, cur_chr_type:1 old:1, vbat0:[o:0 n:0]
05-25 12:44:14.640   223   223 E [lc_charger_sysfs]psy_change_noti: psy name=mtk-master-charger, charge_type(1, 4)
05-25 12:44:14.641   223   223 E [lc_charger_sysfs]lc_sysfs_get_charge_type: ta_status[PD] (1), pd_type (0), chr_type(4), usb_type(1), real_type(1)
05-25 12:44:14.642   210   210 I [SW_JEITA]tmp: 36 jeita_cv:4470000 jeita_cc:-1
05-25 12:44:14.642   223   223 E         : [lc_charger_sysfs]lc_sysfs_get_quick_charge_type chr_type=4, pd_type=0, temp=36, quick_chr_type:0, last_quick_charge_type:0
05-25 12:44:14.645   223   223 E         : [lc_charger_sysfs]capacity(63), vbat(4087), batt_status(1), shutdown_delay(0), count(0)
05-25 12:44:14.645   210   210 I tmp     : 36 (jeita:1 sm:5 cv:4470000 en:1) (sm:1) en:1 c:0 s:0 ov:0 0 sc:0 1 1 saf_cmd:-1 bat_mon:0 0
05-25 12:44:14.646     7     7 E [lc_charger_sysfs]psy_change_noti: psy name=battery, charge_type(1, 4)
05-25 12:44:14.648   210   210 I mtk_adapter_switch_control pd_type: 1, ufcs_type:1, ret:2, state: 0, set_pri:0, cnt:0
05-25 12:44:14.648     7     7 E [lc_charger_sysfs]lc_sysfs_get_charge_type: ta_status[PD] (1), pd_type (0), chr_type(4), usb_type(1), real_type(1)
05-25 12:44:14.650   210   210 I mtk_check_ta_status ret_ta_switch: 2, prtocol_state:0
05-25 12:44:14.651     7     7 E         : [lc_charger_sysfs]lc_sysfs_get_quick_charge_type chr_type=4, pd_type=0, temp=36, quick_chr_type:0, last_quick_charge_type:0
05-25 12:44:14.654   223   223 I get_charger_zcv: get charger zcv failed: -95
05-25 12:44:14.654     7     7 E         : [lc_charger_sysfs]capacity(63), vbat(4087), batt_status(1), shutdown_delay(0), count(0)
05-25 12:44:14.656   210   210 I get_ibus: get ibus failed: -95
05-25 12:44:14.656   210   210 I get_ibat: get ibat failed: -95
05-25 12:44:14.656   210   210 I         : Vbat=4087 vbats=0 vbus:4872 ibus:0 I=318 T=36 uisoc:63 type:usb>usb idx:0 ta_stat:1 swchg_ibat:0 cv:3864000 cmd_pp:-1
05-25 12:44:14.656   210   210 I         : select_charging_current_limit batt verify = 1
05-25 12:44:14.657   217   217 I <  115.148>TCPC-TCPC: bat_update_work_func Battery Charging, soc = 63
05-25 12:44:14.658   210   210 I         : chg_alg_set_current_limit
05-25 12:44:14.658   210   210 I         : [PE50]pe50_set_current_limit ic = 3000, cv = 4470, ibat_limit = 500
05-25 12:44:14.658   210   210 I         : pe50_set_prop 3 0
05-25 12:44:14.658   210   210 I         : [PE50]pe50_hal_get_soc uisoc = 63
05-25 12:44:14.658   210   210 I         : support_fast_charging pe5 ret:ALG_NOT_READY, prtocol_state:0,  ffc_state0
05-25 12:44:14.658   210   210 I jeita_current_limit: jeita_input_current_limit: 3000000, jeita_charging_current_limit: 5950000
05-25 12:44:14.658   210   210 I debug   : 2, 1, 0
05-25 12:44:14.658   211   211 I         : [PE50]pe50_algo_threadfn state = STOP
05-25 12:44:14.658   210   210 I         : m:0 chg1:-1,6000,500,500 chg2:-1,-1,0,0 dvchg1:-1 sc:500000 -1 0 type:4:1 usb_unlimited:0 usbif:0 usbsm:0 ii:-1,-1 aicl:-1 atm:0 bm:2 b:1
05-25 12:44:14.658   211   211 I         : [PE50]pe50_algo_threadfn PE5.0 STOP
05-25 12:44:14.658   210   210 I do_algorithm is_basic: 1
05-25 12:44:14.658   210   210 I [upm6922-charger]: upm6922_set_input_current_limit:ma:500
05-25 12:44:14.659   210   210 I [upm6922-charger]: upm6922_set_chargecurrent:ma:500
05-25 12:44:14.661     7     7 E         : get CV property fail
05-25 12:44:14.662   210   210 I         : [PE50]pe50_hal_get_soc uisoc = 63
05-25 12:44:14.663     7     7 E         : get charge control limit:0
05-25 12:44:14.664   210   210 I [upm6922-charger]: upm6922_enable_charger:enable charge
05-25 12:44:14.674   210   210 E [upm6922-charger]: upm6922_dump_regs:Reg[00] = 0x04
05-25 12:44:14.675   210   210 E [upm6922-charger]: upm6922_dump_regs:Reg[01] = 0x1a
05-25 12:44:14.676   210   210 E [upm6922-charger]: upm6922_dump_regs:Reg[02] = 0x08
05-25 12:44:14.677   210   210 E [upm6922-charger]: upm6922_dump_regs:Reg[03] = 0xf6
05-25 12:44:14.677   210   210 E [upm6922-charger]: upm6922_dump_regs:Reg[04] = 0xc9
05-25 12:44:14.678   210   210 E [upm6922-charger]: upm6922_dump_regs:Reg[05] = 0x8f
05-25 12:44:14.679   210   210 E [upm6922-charger]: upm6922_dump_regs:Reg[06] = 0xf5
05-25 12:44:14.680   210   210 E [upm6922-charger]: upm6922_dump_regs:Reg[07] = 0x48
05-25 12:44:14.681   210   210 E [upm6922-charger]: upm6922_dump_regs:Reg[08] = 0x34
05-25 12:44:14.682   210   210 E [upm6922-charger]: upm6922_dump_regs:Reg[09] = 0x00
05-25 12:44:14.683   210   210 E [upm6922-charger]: upm6922_dump_regs:Reg[0a] = 0xa3
05-25 12:44:14.684   210   210 E [upm6922-charger]: upm6922_dump_regs:Reg[0b] = 0x14
05-25 12:44:14.685   210   210 E [upm6922-charger]: upm6922_dump_regs:Reg[0c] = 0x81
05-25 12:44:14.685   210   210 E [upm6922-charger]: upm6922_dump_regs:Reg[0d] = 0x80
05-25 12:44:14.686   210   210 E [upm6922-charger]: upm6922_dump_regs:Reg[0e] = 0x00
05-25 12:44:14.687   210   210 E [upm6922-charger]: upm6922_dump_regs:Reg[0f] = 0xff
05-25 12:44:14.688   210   210 E [upm6922-charger]: upm6922_dump_regs:Reg[10] = 0x00
05-25 12:44:14.689   210   210 E [upm6922-charger]: upm6922_dump_regs:Reg[11] = 0xff
05-25 12:44:14.690   210   210 E [upm6922-charger]: upm6922_dump_regs:Reg[12] = 0x00
05-25 12:44:14.691   210   210 E [upm6922-charger]: upm6922_dump_regs:Reg[13] = 0xff
05-25 12:44:14.692   210   210 E [upm6922-charger]: upm6922_dump_regs:Reg[14] = 0x00
05-25 12:44:14.693   210   210 E [upm6922-charger]: upm6922_dump_regs:Reg[15] = 0xcc
05-25 12:44:14.693   210   210 I [upm6922-charger]: upm6922_reset_watchdog_timer:reset
05-25 12:44:14.935    76    76 E         : get charge control limit:0
05-25 12:44:14.936    76    76 E         : [SMART_CHG]SMART_CHG_NAVIGATION, en_ret = 0, fun_val = 0, active_status = 0, smart_soc = 50, ui_soc =63, smart_ctrl_en = 0, ffc_en = 0
05-25 12:44:14.938    76    76 E         : [SMART_CHG]set smart_charge[SMART_CHG_LOW_FAST].en_ret = 0, disable low_fast
05-25 12:44:14.939    76    76 E         : [SMART_CHG]SMART_CHG_ENDURANCE_PRO, en_ret = 0, fun_val = 0, active_status = 0
05-25 12:44:14.940    76    76 E         : [SMART_CHG]endurance monitor enable charger, soc <= -5
05-25 12:44:14.941    76    76 E [SMART_CHG]monitor_night_charging: night_charging = 0, soc = 63
05-25 12:44:14.942    76    76 E [SMART_CHG]monitor_low_fast_strategy: soc = 63, thermal_level = 0, thermal_board_temp = 0, pd_active = 0, low_fast_plugin_flag = 1, low_fast_enable = 0, screen_state = 0, b_flag = 0
05-25 12:44:14.944    76    76 E [SMART_CHG]monitor_low_fast_strategy: use default thermal current=6000000
05-25 12:44:14.946    76    76 E [SMART_CHG]get_fv_ageing: i = 1, fv_aging = 10
05-25 12:44:15.222   245   245 W ServiceManager: Waited one second for android.system.keystore2.IKeystoreService/default (is service started? are binder threads started and available?)
05-25 12:44:15.222   236   236 I servicemanager: Since 'android.system.keystore2.IKeystoreService/default' could not be found, trying to start it as a lazy AIDL service
05-25 12:44:15.229     1     1 E init    : Control message: Could not find 'aidl/android.system.keystore2.IKeystoreService/default' for ctl.interface_start from pid: 236 (/system/bin/servicemanager)
05-25 12:44:15.225   236   583 W libc    : Unable to set property "ctl.interface_start" to "aidl/android.system.keystore2.IKeystoreService/default": error code: 0x20
05-25 12:44:15.225   236   583 I servicemanager: Tried to start aidl service android.system.keystore2.IKeystoreService/default as a lazy service, but was unable to. Usually this happens when a service is not installed, but if the service is intended to be used as a lazy service, then it may be configured incorrectly.
05-25 12:44:15.919     1     1 I init    : starting service 'vendor.vibrator-mtk-default'...
05-25 12:44:15.931   584   584 F linker  : CANNOT LINK EXECUTABLE "/vendor/bin/hw/android.hardware.vibrator-service.mediatek": cannot locate symbol "_ZNSt3__122__libcpp_verbose_abortEPKcz" referenced by "/vendor/bin/hw/android.hardware.vibrator-service.mediatek"...
05-25 12:44:15.952     1     1 I init    : Service 'vendor.vibrator-mtk-default' (pid 584) exited with status 1
05-25 12:44:15.953     1     1 I init    : Sending signal 9 to service 'vendor.vibrator-mtk-default' (pid 584) process group...
05-25 12:44:15.955     1     1 I libprocessgroup: Successfully killed process cgroup uid 0 pid 584 in 0ms
05-25 12:44:15.963    76    76 E         : get charge control limit:0
05-25 12:44:15.964    76    76 E         : [SMART_CHG]SMART_CHG_NAVIGATION, en_ret = 0, fun_val = 0, active_status = 0, smart_soc = 50, ui_soc =63, smart_ctrl_en = 0, ffc_en = 0
05-25 12:44:15.966    76    76 E         : [SMART_CHG]set smart_charge[SMART_CHG_LOW_FAST].en_ret = 0, disable low_fast
05-25 12:44:15.967    76    76 E         : [SMART_CHG]SMART_CHG_ENDURANCE_PRO, en_ret = 0, fun_val = 0, active_status = 0
05-25 12:44:15.968    76    76 E         : [SMART_CHG]endurance monitor enable charger, soc <= -5
05-25 12:44:15.969    76    76 E [SMART_CHG]monitor_night_charging: night_charging = 0, soc = 63
05-25 12:44:15.970    76    76 E [SMART_CHG]monitor_low_fast_strategy: soc = 63, thermal_level = 0, thermal_board_temp = 0, pd_active = 0, low_fast_plugin_flag = 1, low_fast_enable = 0, screen_state = 0, b_flag = 0
05-25 12:44:15.972    76    76 E [SMART_CHG]monitor_low_fast_strategy: use default thermal current=6000000
05-25 12:44:15.974    76    76 E [SMART_CHG]get_fv_ageing: i = 1, fv_aging = 10
05-25 12:44:16.222   245   245 W ServiceManager: Waited one second for android.system.keystore2.IKeystoreService/default (is service started? are binder threads started and available?)
05-25 12:44:16.222   236   236 I servicemanager: Since 'android.system.keystore2.IKeystoreService/default' could not be found, trying to start it as a lazy AIDL service
05-25 12:44:16.225   236   585 W libc    : Unable to set property "ctl.interface_start" to "aidl/android.system.keystore2.IKeystoreService/default": error code: 0x20
05-25 12:44:16.225   236   585 I servicemanager: Tried to start aidl service android.system.keystore2.IKeystoreService/default as a lazy service, but was unable to. Usually this happens when a service is not installed, but if the service is intended to be used as a lazy service, then it may be configured incorrectly.
05-25 12:44:16.230     1     1 E init    : Control message: Could not find 'aidl/android.system.keystore2.IKeystoreService/default' for ctl.interface_start from pid: 236 (/system/bin/servicemanager)
05-25 12:44:16.631     7     7 E         : get charge control limit:0
05-25 12:44:16.632     7     7 I         : [SW_JEITA] ffc_disable = 0, ffc = 0, pd_type = 5, thermal_lv = 0, single_cell_mode = 0, uisoc:63, chg_turn_on_flag:0
05-25 12:44:16.633     7     7 I         : ALG_STATE= 1
05-25 12:44:16.635     7     7 I handle_charge_done_and_recharge: info->country_code:0
05-25 12:44:16.636     7     7 I         : charge status not 100, so power supply changed
05-25 12:44:16.636     7     7 I handle_charge_done_and_recharge: ffc=0, rsoc=65, soc=63, temp=36, fv=4470, vbat=4080, iterm=420, ibat=357, full=0, full_cnt=0, v_cnt=0, recharge_cnt=0 threshold_mv=18
05-25 12:44:16.636   210   210 I mtk_charger_start_timer: alarm timer start:1, 126 121197468
05-25 12:44:16.639     7     7 E         : [mtk_battery_external_power_changed] low_temp = 36
05-25 12:44:16.639   210   210 I         : [PE50]pe50_hal_get_soc uisoc = 63
05-25 12:44:16.640     7     7 I fgauge  : [fg_sw_bat_cycle_accu]drop diff_car
05-25 12:44:16.641   210   210 I         : alg_state = 3
05-25 12:44:16.641   210   210 I         : alg_state = 1
05-25 12:44:16.642     7     7 I fgauge  : [fg_sw_bat_cycle_accu]car[o:96 n:98],diff_car:2,ncar[o:0 n:0 hw:-24348] thr 0
05-25 12:44:16.644   210   210 I         : mt635x-auxadc mt635x-auxadc: Error: Get efuse failed (-517)
05-25 12:44:16.645   210   210 I         : vbat_out_old=40870, vthr=687, T_curr=-4086, vbat_out=40870
05-25 12:44:16.646   210   210 I [upm6922-charger]: upm6922_set_input_volt_limit:mv:4400
05-25 12:44:16.647     7     7 I         : mt635x-auxadc mt635x-auxadc: Error: Get efuse failed (-517)
05-25 12:44:16.647   210   210 I         : [SW_JEITA] Battery Temperature between 35 and 45 !!
05-25 12:44:16.648     7     7 I         : vbat_out_old=40900, vthr=687, T_curr=-4086, vbat_out=40900
05-25 12:44:16.649   210   210 I         : [SW_JEITA] get batt_id succ
05-25 12:44:16.650     7     7 E         : mtk_battery_external_power_changed event, name:battery online:1, status:1, EOC:0, cur_chr_type:1 old:1, vbat0:[o:0 n:0]
05-25 12:44:16.650   210   210 I         : [SW_JEITA] battery_id = 1
05-25 12:44:16.650   210   210 I [upm6922-charger]: upm6922_set_term_current:ma:420
05-25 12:44:16.652     7     7 E [lc_charger_sysfs]psy_change_noti: psy name=mtk-master-charger, charge_type(1, 4)
05-25 12:44:16.655   210   210 I         : [SW_JEITA] ieoc = 420000
05-25 12:44:16.655   210   210 I [upm6922-charger]: upm6922_set_chargevolt:mv:4670
05-25 12:44:16.655     7     7 E [lc_charger_sysfs]lc_sysfs_get_charge_type: ta_status[PD] (1), pd_type (0), chr_type(4), usb_type(1), real_type(1)
05-25 12:44:16.657     7     7 E         : [lc_charger_sysfs]lc_sysfs_get_quick_charge_type chr_type=4, pd_type=0, temp=37, quick_chr_type:0, last_quick_charge_type:0
05-25 12:44:16.659     7     7 E         : [lc_charger_sysfs]capacity(63), vbat(4090), batt_status(1), shutdown_delay(0), count(0)
05-25 12:44:16.660   210   210 I [SW_JEITA]tmp: 37 jeita_cv:4470000 jeita_cc:-1
05-25 12:44:16.661   223   223 E [lc_charger_sysfs]psy_change_noti: psy name=battery, charge_type(1, 4)
05-25 12:44:16.662   210   210 I tmp     : 37 (jeita:1 sm:5 cv:4470000 en:1) (sm:1) en:1 c:0 s:0 ov:0 0 sc:0 1 1 saf_cmd:-1 bat_mon:0 0
05-25 12:44:16.662   223   223 E [lc_charger_sysfs]lc_sysfs_get_charge_type: ta_status[PD] (1), pd_type (0), chr_type(4), usb_type(1), real_type(1)
05-25 12:44:16.665   210   210 I mtk_adapter_switch_control pd_type: 1, ufcs_type:1, ret:2, state: 0, set_pri:0, cnt:0
05-25 12:44:16.665   223   223 E         : [lc_charger_sysfs]lc_sysfs_get_quick_charge_type chr_type=4, pd_type=0, temp=37, quick_chr_type:0, last_quick_charge_type:0
05-25 12:44:16.666   210   210 I mtk_check_ta_status ret_ta_switch: 2, prtocol_state:0
05-25 12:44:16.668   223   223 E         : [lc_charger_sysfs]capacity(63), vbat(4090), batt_status(1), shutdown_delay(0), count(0)
05-25 12:44:16.670     7     7 I get_charger_zcv: get charger zcv failed: -95
05-25 12:44:16.671   210   210 I get_ibus: get ibus failed: -95
05-25 12:44:16.671   217   217 I <  117.162>TCPC-TCPC: bat_update_work_func Battery Charging, soc = 63
05-25 12:44:16.672   210   210 I get_ibat: get ibat failed: -95
05-25 12:44:16.673   210   210 I         : Vbat=4090 vbats=0 vbus:4872 ibus:0 I=328 T=37 uisoc:63 type:usb>usb idx:0 ta_stat:1 swchg_ibat:0 cv:3864000 cmd_pp:-1
05-25 12:44:16.674   223   223 E         : get CV property fail
05-25 12:44:16.675   210   210 I         : select_charging_current_limit batt verify = 1
05-25 12:44:16.675   210   210 I         : chg_alg_set_current_limit
05-25 12:44:16.675   210   210 I         : [PE50]pe50_set_current_limit ic = 3000, cv = 4470, ibat_limit = 500
05-25 12:44:16.676   223   223 E         : get charge control limit:0
05-25 12:44:16.677   210   210 I         : pe50_set_prop 3 0
05-25 12:44:16.677   211   211 I         : [PE50]pe50_algo_threadfn state = STOP
05-25 12:44:16.677   211   211 I         : [PE50]pe50_algo_threadfn PE5.0 STOP
05-25 12:44:16.680   210   210 I         : [PE50]pe50_hal_get_soc uisoc = 63
05-25 12:44:16.681   210   210 I         : support_fast_charging pe5 ret:ALG_NOT_READY, prtocol_state:0,  ffc_state0
05-25 12:44:16.682   210   210 I jeita_current_limit: jeita_input_current_limit: 3000000, jeita_charging_current_limit: 5950000
05-25 12:44:16.683   210   210 I debug   : 2, 1, 0
05-25 12:44:16.683   210   210 I         : m:0 chg1:-1,6000,500,500 chg2:-1,-1,0,0 dvchg1:-1 sc:500000 -1 0 type:4:1 usb_unlimited:0 usbif:0 usbsm:0 ii:-1,-1 aicl:-1 atm:0 bm:2 b:1
05-25 12:44:16.685   210   210 I do_algorithm is_basic: 1
05-25 12:44:16.686   210   210 I [upm6922-charger]: upm6922_set_input_current_limit:ma:500
05-25 12:44:16.687   210   210 I [upm6922-charger]: upm6922_set_chargecurrent:ma:500
05-25 12:44:16.688   210   210 I         : [PE50]pe50_hal_get_soc uisoc = 63
05-25 12:44:16.688   210   210 I [upm6922-charger]: upm6922_enable_charger:enable charge
05-25 12:44:16.689   210   210 E [upm6922-charger]: upm6922_dump_regs:Reg[00] = 0x04
05-25 12:44:16.690   210   210 E [upm6922-charger]: upm6922_dump_regs:Reg[01] = 0x1a
05-25 12:44:16.691   210   210 E [upm6922-charger]: upm6922_dump_regs:Reg[02] = 0x08
05-25 12:44:16.692   210   210 E [upm6922-charger]: upm6922_dump_regs:Reg[03] = 0xf6
05-25 12:44:16.693   210   210 E [upm6922-charger]: upm6922_dump_regs:Reg[04] = 0xc9
05-25 12:44:16.694   210   210 E [upm6922-charger]: upm6922_dump_regs:Reg[05] = 0x8f
05-25 12:44:16.695   210   210 E [upm6922-charger]: upm6922_dump_regs:Reg[06] = 0xf5
05-25 12:44:16.696   210   210 E [upm6922-charger]: upm6922_dump_regs:Reg[07] = 0x48
05-25 12:44:16.697   210   210 E [upm6922-charger]: upm6922_dump_regs:Reg[08] = 0x34
05-25 12:44:16.697   210   210 E [upm6922-charger]: upm6922_dump_regs:Reg[09] = 0x00
05-25 12:44:16.698   210   210 E [upm6922-charger]: upm6922_dump_regs:Reg[0a] = 0xa3
05-25 12:44:16.699   210   210 E [upm6922-charger]: upm6922_dump_regs:Reg[0b] = 0x14
05-25 12:44:16.700   210   210 E [upm6922-charger]: upm6922_dump_regs:Reg[0c] = 0x81
05-25 12:44:16.701   210   210 E [upm6922-charger]: upm6922_dump_regs:Reg[0d] = 0x80
05-25 12:44:16.702   210   210 E [upm6922-charger]: upm6922_dump_regs:Reg[0e] = 0x00
05-25 12:44:16.703   210   210 E [upm6922-charger]: upm6922_dump_regs:Reg[0f] = 0xff
05-25 12:44:16.704   210   210 E [upm6922-charger]: upm6922_dump_regs:Reg[10] = 0x00
05-25 12:44:16.705   210   210 E [upm6922-charger]: upm6922_dump_regs:Reg[11] = 0xff
05-25 12:44:16.705   210   210 E [upm6922-charger]: upm6922_dump_regs:Reg[12] = 0x00
05-25 12:44:16.706   210   210 E [upm6922-charger]: upm6922_dump_regs:Reg[13] = 0xff
05-25 12:44:16.707   210   210 E [upm6922-charger]: upm6922_dump_regs:Reg[14] = 0x00
05-25 12:44:16.708   210   210 E [upm6922-charger]: upm6922_dump_regs:Reg[15] = 0xcc
05-25 12:44:16.709   210   210 I [upm6922-charger]: upm6922_reset_watchdog_timer:reset
05-25 12:44:16.983    76    76 E         : get charge control limit:0
05-25 12:44:16.984    76    76 E         : [SMART_CHG]SMART_CHG_NAVIGATION, en_ret = 0, fun_val = 0, active_status = 0, smart_soc = 50, ui_soc =63, smart_ctrl_en = 0, ffc_en = 0
05-25 12:44:16.986    76    76 E         : [SMART_CHG]set smart_charge[SMART_CHG_LOW_FAST].en_ret = 0, disable low_fast
05-25 12:44:16.987    76    76 E         : [SMART_CHG]SMART_CHG_ENDURANCE_PRO, en_ret = 0, fun_val = 0, active_status = 0
05-25 12:44:16.988    76    76 E         : [SMART_CHG]endurance monitor enable charger, soc <= -5
05-25 12:44:16.989    76    76 E [SMART_CHG]monitor_night_charging: night_charging = 0, soc = 63
05-25 12:44:16.990    76    76 E [SMART_CHG]monitor_low_fast_strategy: soc = 63, thermal_level = 0, thermal_board_temp = 0, pd_active = 0, low_fast_plugin_flag = 1, low_fast_enable = 0, screen_state = 0, b_flag = 0
05-25 12:44:16.992    76    76 E [SMART_CHG]monitor_low_fast_strategy: use default thermal current=6000000
05-25 12:44:16.994    76    76 E [SMART_CHG]get_fv_ageing: i = 1, fv_aging = 10
05-25 12:44:17.223   245   245 W ServiceManager: Waited one second for android.system.keystore2.IKeystoreService/default (is service started? are binder threads started and available?)
05-25 12:44:17.223   236   236 I servicemanager: Since 'android.system.keystore2.IKeystoreService/default' could not be found, trying to start it as a lazy AIDL service
05-25 12:44:17.226   236   586 W libc    : Unable to set property "ctl.interface_start" to "aidl/android.system.keystore2.IKeystoreService/default": error code: 0x20
05-25 12:44:17.226   236   586 I servicemanager: Tried to start aidl service android.system.keystore2.IKeystoreService/default as a lazy service, but was unable to. Usually this happens when a service is not installed, but if the service is intended to be used as a lazy service, then it may be configured incorrectly.
05-25 12:44:17.230     1     1 E init    : Control message: Could not find 'aidl/android.system.keystore2.IKeystoreService/default' for ctl.interface_start from pid: 236 (/system/bin/servicemanager)
05-25 12:44:18.007    76    76 E         : get charge control limit:0
05-25 12:44:18.008    76    76 E         : [SMART_CHG]SMART_CHG_NAVIGATION, en_ret = 0, fun_val = 0, active_status = 0, smart_soc = 50, ui_soc =63, smart_ctrl_en = 0, ffc_en = 0
05-25 12:44:18.010    76    76 E         : [SMART_CHG]set smart_charge[SMART_CHG_LOW_FAST].en_ret = 0, disable low_fast
05-25 12:44:18.011    76    76 E         : [SMART_CHG]SMART_CHG_ENDURANCE_PRO, en_ret = 0, fun_val = 0, active_status = 0
05-25 12:44:18.012    76    76 E         : [SMART_CHG]endurance monitor enable charger, soc <= -5
05-25 12:44:18.013    76    76 E [SMART_CHG]monitor_night_charging: night_charging = 0, soc = 63
05-25 12:44:18.014    76    76 E [SMART_CHG]monitor_low_fast_strategy: soc = 63, thermal_level = 0, thermal_board_temp = 0, pd_active = 0, low_fast_plugin_flag = 1, low_fast_enable = 0, screen_state = 0, b_flag = 0
05-25 12:44:18.016    76    76 E [SMART_CHG]monitor_low_fast_strategy: use default thermal current=6000000
05-25 12:44:18.018    76    76 E [SMART_CHG]get_fv_ageing: i = 1, fv_aging = 10
05-25 12:44:18.223   245   245 W ServiceManager: Waited one second for android.system.keystore2.IKeystoreService/default (is service started? are binder threads started and available?)
05-25 12:44:18.223   236   236 I servicemanager: Since 'android.system.keystore2.IKeystoreService/default' could not be found, trying to start it as a lazy AIDL service
05-25 12:44:18.226   236   587 W libc    : Unable to set property "ctl.interface_start" to "aidl/android.system.keystore2.IKeystoreService/default": error code: 0x20
05-25 12:44:18.226   236   587 I servicemanager: Tried to start aidl service android.system.keystore2.IKeystoreService/default as a lazy service, but was unable to. Usually this happens when a service is not installed, but if the service is intended to be used as a lazy service, then it may be configured incorrectly.
05-25 12:44:18.230     1     1 E init    : Control message: Could not find 'aidl/android.system.keystore2.IKeystoreService/default' for ctl.interface_start from pid: 236 (/system/bin/servicemanager)
05-25 12:44:18.561   588   588 I keystore2: keystore2_main: Keystore2 is starting.
05-25 12:44:18.561   588   588 I keystore2: keystore2_main: Starting thread pool now.
05-25 12:44:18.562   588   589 I keystore2: getDeviceHalManifest: Reading VINTF information.
05-25 12:44:18.578   588   589 I keystore2: getDeviceHalManifest: Successfully processed VINTF information
05-25 12:44:18.579   588   588 E cutils-trace: Error opening trace file: No such file or directory (2)
05-25 12:44:18.579   235   235 I hwservicemanager: getFrameworkHalManifest: Reading VINTF information.
05-25 12:44:18.580   235   235 W hwservicemanager: Cannot fetch /system/etc/vintf/manifest.xml: Illformed file: /system/etc/vintf/manifest.xml: Unrecognized manifest.version 9.0 (libvintf@4.0)
05-25 12:44:18.580   235   235 E hwservicemanager: getFrameworkHalManifest: status from fetching VINTF information: -2
05-25 12:44:18.580   235   235 E hwservicemanager: getFrameworkHalManifest: -2 VINTF parse error: Cannot read /system/manifest.xml: No such file or directory
05-25 12:44:18.580   235   235 I hwservicemanager: getTransport: Cannot find entry android.hidl.manager@1.2::IServiceManager/default in either framework or device VINTF manifest.
05-25 12:44:18.580   588   588 F keystore2: Check failed: serviceManager.get() Failed to get ServiceManager
05-25 12:44:18.580   588   588 F libc    : Fatal signal 6 (SIGABRT), code -1 (SI_QUEUE) in tid 588 (Binder:588_2), pid 588 (Binder:588_2)
05-25 12:44:18.583   593   593 F libc    : failed to exec crash_dump helper: No such file or directory
05-25 12:44:18.585   588   588 F libc    : crash_dump helper failed to exec, or was killed
05-25 12:44:18.585   588   588 F libc    : failed to wait for crash_dump helper: No child processes
05-25 12:44:18.647   223   223 E         : get charge control limit:0
05-25 12:44:18.648   223   223 I         : [SW_JEITA] ffc_disable = 0, ffc = 0, pd_type = 5, thermal_lv = 0, single_cell_mode = 0, uisoc:63, chg_turn_on_flag:0
05-25 12:44:18.649   223   223 I         : ALG_STATE= 1
05-25 12:44:18.651   223   223 I handle_charge_done_and_recharge: info->country_code:0
05-25 12:44:18.652   223   223 I         : charge status not 100, so power supply changed
05-25 12:44:18.652   223   223 I handle_charge_done_and_recharge: ffc=0, rsoc=65, soc=63, temp=37, fv=4470, vbat=4080, iterm=420, ibat=370, full=0, full_cnt=0, v_cnt=0, recharge_cnt=0 threshold_mv=18
05-25 12:44:18.652   210   210 I mtk_charger_start_timer: alarm timer start:1, 128 137227314
05-25 12:44:18.655   223   223 E         : [mtk_battery_external_power_changed] low_temp = 36
05-25 12:44:18.655   210   210 I         : [PE50]pe50_hal_get_soc uisoc = 63
05-25 12:44:18.656   223   223 I fgauge  : [fg_sw_bat_cycle_accu]drop diff_car
05-25 12:44:18.657   210   210 I         : alg_state = 3
