--------- beginning of main
05-25 07:54:43.451   239   239 I SELinux : SELinux: Loaded service_contexts from:
05-25 07:54:43.451   239   239 I SELinux :     /vendor/etc/selinux/vndservice_contexts
05-25 07:54:43.452   239   239 E SELinux : avc:  denied  { add } for pid=239 uid=0 name=manager scontext=u:r:recovery:s0 tcontext=u:object_r:service_manager_vndservice:s0 tclass=service_manager permissive=1
05-25 07:54:43.454   238   238 I SELinux : SELinux: Loaded service_contexts from:
05-25 07:54:43.454   238   238 I SELinux :     /system/etc/selinux/plat_service_contexts
05-25 07:54:43.455   238   238 E SELinux : avc:  denied  { add } for pid=238 uid=0 name=manager scontext=u:r:recovery:s0 tcontext=u:object_r:service_manager_service:s0 tclass=service_manager permissive=1
05-25 07:54:43.518   241   241 I create_pl_dev: Created DM device preloader_raw_b at /dev/block/dm-1.
01-01 00:00:00.076   236   236 W auditd  : type=2000 audit(0.0:1): state=initialized audit_enabled=0 res=1
05-25 07:54:43.545   240   240 I keystore2: keystore2_main: Keystore2 is starting.
05-25 07:54:43.546   240   240 I keystore2: keystore2_main: Starting thread pool now.
05-25 07:54:43.547   240   250 I keystore2: getDeviceHalManifest: Reading VINTF information.
05-25 07:54:43.548   240   250 E keystore2: getDeviceHalManifest: status from fetching VINTF information: -22
05-25 07:54:43.548   240   250 E keystore2: getDeviceHalManifest: -22 VINTF parse error: Illformed file: /vendor/etc/vintf/manifest.xml: Unrecognized manifest.version 8.0 (libvintf@4.0)
05-25 07:54:43.548   240   240 I keystore2: getDeviceHalManifest: Reading VINTF information.
--------- beginning of crash
05-25 07:54:43.548   240   250 F libc    : Fatal signal 11 (SIGSEGV), code 1 (SEGV_MAPERR), fault addr 0x0 in tid 250 (keystore2), pid 240 (Binder:240_2)
05-25 07:54:43.549   240   240 E keystore2: getDeviceHalManifest: status from fetching VINTF information: -22
05-25 07:54:43.549   240   240 E keystore2: getDeviceHalManifest: -22 VINTF parse error: Illformed file: /vendor/etc/vintf/manifest.xml: Unrecognized manifest.version 8.0 (libvintf@4.0)
05-25 07:54:43.552   255   255 F libc    : failed to exec crash_dump helper: No such file or directory
05-25 07:54:43.554   240   250 F libc    : crash_dump helper failed to exec, or was killed
05-25 07:54:43.554   240   250 F libc    : failed to wait for crash_dump helper: No child processes
05-25 07:54:42.880   236   236 W auditd  : type=1403 audit(0.0:2): auid=4294967295 ses=4294967295 lsm=selinux res=1
05-25 07:54:42.880   236   236 W auditd  : type=1404 audit(0.0:3): enforcing=1 old_enforcing=0 auid=4294967295 ses=4294967295 enabled=1 old-enabled=1 lsm=selinux res=1
05-25 07:54:43.128   223   223 I ueventd : type=1400 audit(0.0:4): avc: denied { sys_nice } for capability=23 scontext=u:r:ueventd:s0 tcontext=u:r:ueventd:s0 tclass=capability permissive=1
05-25 07:54:43.412   236   236 I init    : type=1400 audit(0.0:5): avc: denied { entrypoint } for path="/system/bin/logd" dev="rootfs" ino=1400 scontext=u:r:logd:s0 tcontext=u:object_r:rootfs:s0 tclass=file permissive=1
05-25 07:54:43.412   236   236 I logd    : type=1400 audit(0.0:6): avc: denied { map } for path="/system/bin/logd" dev="rootfs" ino=1400 scontext=u:r:logd:s0 tcontext=u:object_r:rootfs:s0 tclass=file permissive=1
05-25 07:54:43.412   236   236 I logd    : type=1400 audit(0.0:7): avc: denied { read } for path="/system/bin/logd" dev="rootfs" ino=1400 scontext=u:r:logd:s0 tcontext=u:object_r:rootfs:s0 tclass=file permissive=1
05-25 07:54:43.412   236   236 I logd    : type=1400 audit(0.0:8): avc: denied { execute } for path="/system/bin/logd" dev="rootfs" ino=1400 scontext=u:r:logd:s0 tcontext=u:object_r:rootfs:s0 tclass=file permissive=1
05-25 07:54:43.416   236   236 I logd    : type=1400 audit(0.0:9): avc: denied { getattr } for path="/system/bin/logd" dev="rootfs" ino=1400 scontext=u:r:logd:s0 tcontext=u:object_r:rootfs:s0 tclass=file permissive=1
05-25 07:54:43.416   236   236 I logd    : type=1400 audit(0.0:10): avc: denied { read } for name="bin" dev="rootfs" ino=1292 scontext=u:r:logd:s0 tcontext=u:object_r:rootfs:s0 tclass=dir permissive=1
05-25 07:54:43.524     1     1 I init    : type=1400 audit(0.0:30): avc: denied { setattr } for name="load_ut_drv" dev="sysfs" ino=42959 scontext=u:r:init:s0 tcontext=u:object_r:sysfs:s0 tclass=file permissive=1
05-25 07:54:43.544   240   240 I keystore2: type=1400 audit(0.0:31): avc: denied { read } for name="u:object_r:keystore_crash_prop:s0" dev="tmpfs" ino=169 scontext=u:r:recovery:s0 tcontext=u:object_r:keystore_crash_prop:s0 tclass=file permissive=1
05-25 07:54:43.544   240   240 I keystore2: type=1400 audit(0.0:32): avc: denied { open } for path="/dev/__properties__/u:object_r:keystore_crash_prop:s0" dev="tmpfs" ino=169 scontext=u:r:recovery:s0 tcontext=u:object_r:keystore_crash_prop:s0 tclass=file permissive=1
05-25 07:54:43.544   240   240 I keystore2: type=1400 audit(0.0:33): avc: denied { getattr } for path="/dev/__properties__/u:object_r:keystore_crash_prop:s0" dev="tmpfs" ino=169 scontext=u:r:recovery:s0 tcontext=u:object_r:keystore_crash_prop:s0 tclass=file permissive=1
05-25 07:54:43.544   240   240 I keystore2: type=1400 audit(0.0:34): avc: denied { map } for path="/dev/__properties__/u:object_r:keystore_crash_prop:s0" dev="tmpfs" ino=169 scontext=u:r:recovery:s0 tcontext=u:object_r:keystore_crash_prop:s0 tclass=file permissive=1
05-25 07:54:43.544     1     1 I unknown : type=1107 audit(0.0:35): uid=0 auid=4294967295 ses=4294967295 subj=u:r:init:s0 msg='avc: denied { set } for property=keystore.crash_count pid=240 uid=0 gid=1017 scontext=u:r:recovery:s0 tcontext=u:object_r:keystore_crash_prop:s0 tclass=property_service permissive=1'
05-25 07:54:43.640   248   248 I recovery: type=1400 audit(0.0:36): avc: denied { getattr } for path="/sys/devices/virtual/thermal/thermal_zone0/temp" dev="sysfs" ino=53536 scontext=u:r:recovery:s0 tcontext=u:object_r:sysfs:s0 tclass=file permissive=1
05-25 07:54:43.640   248   248 I recovery: type=1400 audit(0.0:37): avc: denied { search } for name="/" dev="configfs" ino=6179 scontext=u:r:recovery:s0 tcontext=u:object_r:configfs:s0 tclass=dir permissive=1
05-25 07:54:43.640   248   248 I recovery: type=1400 audit(0.0:38): avc: denied { getattr } for path="/config/usb_gadget/g1/functions/mass_storage.usb0/lun.0/file" dev="configfs" ino=11575 scontext=u:r:recovery:s0 tcontext=u:object_r:configfs:s0 tclass=file permissive=1
05-25 07:54:43.644   248   248 I recovery: type=1400 audit(0.0:39): avc: denied { write } for name="brightness" dev="sysfs" ino=52104 scontext=u:r:recovery:s0 tcontext=u:object_r:sysfs:s0 tclass=file permissive=1
05-25 07:54:43.644   248   248 I recovery: type=1400 audit(0.0:40): avc: denied { open } for path="/sys/devices/platform/soc/soc:mtk_leds/leds/lcd-backlight/brightness" dev="sysfs" ino=52104 scontext=u:r:recovery:s0 tcontext=u:object_r:sysfs:s0 tclass=file permissive=1
05-25 07:54:43.684     1     1 I unknown : type=1107 audit(0.0:41): uid=0 auid=4294967295 ses=4294967295 subj=u:r:init:s0 msg='avc: denied { set } for property=ro.twrp.boot pid=248 uid=0 gid=0 scontext=u:r:recovery:s0 tcontext=u:object_r:default_prop:s0 tclass=property_service permissive=1'
05-25 07:54:43.690   248   248 W recovery: [libfs_mgr]Warning: unknown flag: resize
05-25 07:54:43.693   248   248 I recovery: Boot command: bootonce-bootloader
05-25 07:54:43.694   248   248 W recovery: [libfs_mgr]Warning: unknown flag: resize
05-25 07:54:43.696   248   248 W recovery: [libfs_mgr]Warning: unknown flag: resize
05-25 07:54:43.704   248   248 I recovery: type=1400 audit(0.0:42): avc: denied { write } for name="etc" dev="rootfs" ino=1549 scontext=u:r:recovery:s0 tcontext=u:object_r:rootfs:s0 tclass=dir permissive=1
05-25 07:54:43.704   248   248 I recovery: type=1400 audit(0.0:43): avc: denied { add_name } for name="mtab" scontext=u:r:recovery:s0 tcontext=u:object_r:rootfs:s0 tclass=dir permissive=1
05-25 07:54:43.704   248   248 I recovery: type=1400 audit(0.0:44): avc: denied { create } for name="mtab" scontext=u:r:recovery:s0 tcontext=u:object_r:rootfs:s0 tclass=lnk_file permissive=1
05-25 07:54:43.707   248   248 I recovery: [libfs_mgr]Created logical partition odm_dlkm_a on device /dev/block/dm-2
05-25 07:54:43.709   248   248 I recovery: [libfs_mgr]Created logical partition product_a on device /dev/block/dm-3
05-25 07:54:43.710   248   248 I recovery: [libfs_mgr]Created logical partition system_a on device /dev/block/dm-4
05-25 07:54:43.712   248   248 I recovery: [libfs_mgr]Created logical partition system_dlkm_a on device /dev/block/dm-5
05-25 07:54:43.714   248   248 I recovery: [libfs_mgr]Created logical partition system_ext_a on device /dev/block/dm-6
05-25 07:54:43.715   248   248 I recovery: [libfs_mgr]Created logical partition vendor_a on device /dev/block/dm-7
05-25 07:54:43.716   248   248 I recovery: [libfs_mgr]Created logical partition vendor_dlkm_a on device /dev/block/dm-8
05-25 07:54:43.718   248   248 I recovery: [libfs_mgr]Created logical partition mi_ext_a on device /dev/block/dm-9
05-25 07:54:43.719   248   248 I recovery: [libfs_mgr]Created logical partition odm_dlkm_a-cow on device /dev/block/dm-10
05-25 07:54:43.720   248   248 I recovery: [libfs_mgr]Created logical partition product_a-cow on device /dev/block/dm-11
05-25 07:54:43.721   248   248 I recovery: [libfs_mgr]Created logical partition system_a-cow on device /dev/block/dm-12
05-25 07:54:43.720   248   248 I recovery: type=1400 audit(0.0:45): avc: denied { create } for name="system_root" scontext=u:r:recovery:s0 tcontext=u:object_r:rootfs:s0 tclass=dir permissive=1
05-25 07:54:43.720   248   248 I recovery: type=1400 audit(0.0:46): avc: denied { ioctl } for path="/dev/block/dm-4" dev="tmpfs" ino=662 ioctlcmd=0x5331 scontext=u:r:recovery:s0 tcontext=u:object_r:dm_device:s0 tclass=blk_file permissive=1
05-25 07:54:43.752   248   248 I recovery: type=1400 audit(0.0:47): avc: denied { ioctl } for path="/dev/block/dm-6" dev="tmpfs" ino=668 ioctlcmd=0x5331 scontext=u:r:recovery:s0 tcontext=u:object_r:dm_device:s0 tclass=blk_file permissive=1
05-25 07:54:43.760   248   248 I recovery: type=1400 audit(0.0:48): avc: denied { ioctl } for path="/dev/block/dm-7" dev="tmpfs" ino=671 ioctlcmd=0x5331 scontext=u:r:recovery:s0 tcontext=u:object_r:dm_device:s0 tclass=blk_file permissive=1
05-25 07:54:43.772   248   248 I recovery: type=1400 audit(0.0:49): avc: denied { ioctl } for path="/dev/block/dm-3" dev="tmpfs" ino=659 ioctlcmd=0x5331 scontext=u:r:recovery:s0 tcontext=u:object_r:dm_device:s0 tclass=blk_file permissive=1
05-25 07:54:43.782   248   248 W recovery: DM_DEV_STATUS failed for mnt/vendor/mi_ext_a: No such device or address
05-25 07:54:43.782   248   248 W recovery: DM_DEV_STATUS failed for mnt/vendor/mi_ext_a: No such device or address
05-25 07:54:43.780   248   248 I recovery: type=1400 audit(0.0:50): avc: denied { ioctl } for path="/dev/block/dm-8" dev="tmpfs" ino=674 ioctlcmd=0x5331 scontext=u:r:recovery:s0 tcontext=u:object_r:dm_device:s0 tclass=blk_file permissive=1
05-25 07:54:43.792   248   248 I recovery: type=1400 audit(0.0:51): avc: denied { ioctl } for path="/dev/block/dm-5" dev="tmpfs" ino=665 ioctlcmd=0x5331 scontext=u:r:recovery:s0 tcontext=u:object_r:dm_device:s0 tclass=blk_file permissive=1
05-25 07:54:43.800   248   248 I recovery: type=1400 audit(0.0:52): avc: denied { remove_name } for name="cache" dev="rootfs" ino=11148 scontext=u:r:recovery:s0 tcontext=u:object_r:rootfs:s0 tclass=dir permissive=1
05-25 07:54:43.800   248   248 I recovery: type=1400 audit(0.0:53): avc: denied { unlink } for name="cache" dev="rootfs" ino=11148 scontext=u:r:recovery:s0 tcontext=u:object_r:rootfs:s0 tclass=lnk_file permissive=1
05-25 07:54:43.808   248   248 I recovery: type=1400 audit(0.0:54): avc: denied { read } for name="dev" dev="sysfs" ino=45817 scontext=u:r:recovery:s0 tcontext=u:object_r:sysfs:s0 tclass=file permissive=1
05-25 07:54:44.196   248   248 I recovery: type=1400 audit(0.0:55): avc: denied { read } for name="modules" dev="proc" ino=4026532129 scontext=u:r:recovery:s0 tcontext=u:object_r:proc_modules:s0 tclass=file permissive=1
05-25 07:54:44.196   248   248 I recovery: type=1400 audit(0.0:56): avc: denied { open } for path="/proc/modules" dev="proc" ino=4026532129 scontext=u:r:recovery:s0 tcontext=u:object_r:proc_modules:s0 tclass=file permissive=1
05-25 07:54:44.196   248   248 I recovery: type=1400 audit(0.0:57): avc: denied { getattr } for path="/proc/modules" dev="proc" ino=4026532129 scontext=u:r:recovery:s0 tcontext=u:object_r:proc_modules:s0 tclass=file permissive=1
05-25 07:54:44.205   248   248 E recovery: malformed modules.softdep at token lc
05-25 07:54:44.204   248   248 I recovery: type=1400 audit(0.0:58): avc: denied { ioctl } for path="/dev/block/dm-7" dev="tmpfs" ino=671 ioctlcmd=0x5331 scontext=u:r:recovery:s0 tcontext=u:object_r:dm_device:s0 tclass=blk_file permissive=1
05-25 07:54:44.216   248   248 I recovery: type=1400 audit(0.0:59): avc: denied { ioctl } for path="/dev/block/dm-8" dev="tmpfs" ino=674 ioctlcmd=0x5331 scontext=u:r:recovery:s0 tcontext=u:object_r:dm_device:s0 tclass=blk_file permissive=1
05-25 07:54:44.932   248   248 I recovery: type=1400 audit(0.0:60): avc: denied { mounton } for path="/vendor_dlkm/lib/modules" dev="dm-8" ino=52 scontext=u:r:recovery:s0 tcontext=u:object_r:vendor_file:s0 tclass=dir permissive=1
05-25 07:54:44.938   248   248 E recovery: alias lines in modules.alias must have 3 entries, not 6
05-25 07:54:44.943   248   248 E recovery: softdep lines in modules.softdep must have at least 4 entries
05-25 07:54:44.943   248   248 E recovery: softdep lines in modules.softdep must have at least 4 entries
05-25 07:54:44.943   248   248 E recovery: softdep lines in modules.softdep must have at least 4 entries
05-25 07:54:44.943   248   248 I recovery: Loading module /vendor/lib/modules/xiaomi_touch.ko with args ''
05-25 07:54:44.940   248   248 I recovery: type=1400 audit(0.0:61): avc: denied { sys_module } for capability=16 scontext=u:r:recovery:s0 tcontext=u:r:recovery:s0 tclass=capability permissive=1
05-25 07:54:44.940   248   248 I recovery: type=1400 audit(0.0:62): avc: denied { module_load } for path="/vendor_dlkm/lib/modules/xiaomi_touch.ko" dev="tmpfs" ino=405 scontext=u:r:recovery:s0 tcontext=u:object_r:tmpfs:s0 tclass=system permissive=1
05-25 07:54:44.947   248   248 I recovery: Loaded kernel module /vendor/lib/modules/xiaomi_touch.ko
05-25 07:54:44.948   248   248 I recovery: Loading module /vendor/lib/modules/lct_tp.ko with args ''
05-25 07:54:44.951   248   248 I recovery: Loaded kernel module /vendor/lib/modules/lct_tp.ko
05-25 07:54:44.951   248   248 I recovery: Loading module /vendor/lib/modules/nt36528_spi.ko with args ''
05-25 07:54:45.197   248   248 I recovery: Loaded kernel module /vendor/lib/modules/nt36528_spi.ko
05-25 07:54:45.197   248   248 I recovery: Loading module /vendor/lib/modules/mt6358-accdet.ko with args ''
05-25 07:54:45.213   248   248 I recovery: Loaded kernel module /vendor/lib/modules/mt6358-accdet.ko
05-25 07:54:45.213   248   248 I recovery: Loading module /vendor/lib/modules/icnl9916_spi.ko with args ''
05-25 07:54:45.237   248   248 E recovery: Failed to insmod '/vendor/lib/modules/icnl9916_spi.ko' with args '': Operation not permitted
05-25 07:54:45.237   248   248 E recovery: LoadWithAliases was unable to load icnl9916_spi
05-25 07:54:45.237   248   248 I recovery: Loading module /vendor/lib/modules/ft8057m_spi.ko with args ''
05-25 07:54:45.245   248   248 E recovery: Failed to insmod '/vendor/lib/modules/ft8057m_spi.ko' with args '': Operation not permitted
05-25 07:54:45.245   248   248 E recovery: LoadWithAliases was unable to load ft8057m_spi
05-25 07:54:45.780   248   248 E recovery: alias lines in modules.alias must have 3 entries, not 6
05-25 07:54:45.784   248   248 E recovery: softdep lines in modules.softdep must have at least 4 entries
05-25 07:54:45.784   248   248 E recovery: softdep lines in modules.softdep must have at least 4 entries
05-25 07:54:45.784   248   248 E recovery: softdep lines in modules.softdep must have at least 4 entries
05-25 07:54:45.785   248   248 I recovery: Loading module /vendor/lib/modules/xiaomi_touch.ko with args ''
05-25 07:54:45.784   248   248 I recovery: type=1400 audit(0.0:63): avc: denied { module_load } for path="/vendor/lib/modules/xiaomi_touch.ko" dev="rootfs" ino=1957 scontext=u:r:recovery:s0 tcontext=u:object_r:rootfs:s0 tclass=system permissive=1
05-25 07:54:45.785   248   248 I recovery: Loading module /vendor/lib/modules/lct_tp.ko with args ''
05-25 07:54:45.785   248   248 I recovery: Loading module /vendor/lib/modules/nt36528_spi.ko with args ''
05-25 07:54:45.786   248   248 I recovery: Loading module /vendor/lib/modules/mt6358-accdet.ko with args ''
05-25 07:54:45.786   248   248 I recovery: Loading module /vendor/lib/modules/icnl9916_spi.ko with args ''
05-25 07:54:45.792   248   248 E recovery: Failed to insmod '/vendor/lib/modules/icnl9916_spi.ko' with args '': Operation not permitted
05-25 07:54:45.792   248   248 E recovery: LoadWithAliases was unable to load icnl9916_spi
05-25 07:54:45.793   248   248 I recovery: Loading module /vendor/lib/modules/ft8057m_spi.ko with args ''
05-25 07:54:45.799   248   248 E recovery: Failed to insmod '/vendor/lib/modules/ft8057m_spi.ko' with args '': Operation not permitted
05-25 07:54:45.799   248   248 E recovery: LoadWithAliases was unable to load ft8057m_spi
05-25 07:54:45.799   248   248 I recovery: Loading module /vendor/lib/modules/ft8057m_spi.ko with args ''
05-25 07:54:45.806   248   248 E recovery: Failed to insmod '/vendor/lib/modules/ft8057m_spi.ko' with args '': Operation not permitted
05-25 07:54:45.806   248   248 E recovery: LoadWithAliases was unable to load ft8057m_spi
05-25 07:54:45.806   248   248 I recovery: Loading module /vendor/lib/modules/icnl9916_spi.ko with args ''
05-25 07:54:45.813   248   248 E recovery: Failed to insmod '/vendor/lib/modules/icnl9916_spi.ko' with args '': Operation not permitted
05-25 07:54:45.813   248   248 E recovery: LoadWithAliases was unable to load icnl9916_spi
05-25 07:54:45.824   248   248 I recovery: type=1400 audit(0.0:64): avc: denied { ioctl } for path="/dev/block/dm-7" dev="tmpfs" ino=671 ioctlcmd=0x5331 scontext=u:r:recovery:s0 tcontext=u:object_r:dm_device:s0 tclass=blk_file permissive=1
05-25 07:54:45.846   276   276 F linker  : CANNOT LINK EXECUTABLE "/vendor/bin/hw/android.hardware.vibrator-service.mediatek": cannot locate symbol "_ZNSt3__122__libcpp_verbose_abortEPKcz" referenced by "/vendor/bin/hw/android.hardware.vibrator-service.mediatek"...
05-25 07:54:45.844   248   248 I recovery: type=1400 audit(0.0:65): avc: denied { write } for name="properties_serial" dev="tmpfs" ino=284 scontext=u:r:recovery:s0 tcontext=u:object_r:properties_serial:s0 tclass=file permissive=1
05-25 07:54:45.848   248   248 I recovery: type=1400 audit(0.0:66): avc: denied { write } for name="u:object_r:storage_config_prop:s0" dev="tmpfs" ino=232 scontext=u:r:recovery:s0 tcontext=u:object_r:storage_config_prop:s0 tclass=file permissive=1
05-25 07:54:45.848   248   248 I recovery: type=1400 audit(0.0:67): avc: denied { create } for name="additional.fstab" scontext=u:r:recovery:s0 tcontext=u:object_r:rootfs:s0 tclass=file permissive=1
05-25 07:54:45.848   248   248 I recovery: type=1400 audit(0.0:68): avc: denied { write } for path="/system/etc/additional.fstab" dev="rootfs" ino=11577 scontext=u:r:recovery:s0 tcontext=u:object_r:rootfs:s0 tclass=file permissive=1
05-25 07:54:45.848   248   248 I recovery: type=1400 audit(0.0:69): avc: denied { setattr } for name="additional.fstab" dev="rootfs" ino=11577 scontext=u:r:recovery:s0 tcontext=u:object_r:rootfs:s0 tclass=file permissive=1
05-25 07:54:46.016   248   248 I recovery: type=1400 audit(0.0:70): avc: denied { read write } for name="card0" dev="tmpfs" ino=301 scontext=u:r:recovery:s0 tcontext=u:object_r:device:s0 tclass=chr_file permissive=1
05-25 07:54:46.016   248   248 I recovery: type=1400 audit(0.0:71): avc: denied { open } for path="/dev/dri/card0" dev="tmpfs" ino=301 scontext=u:r:recovery:s0 tcontext=u:object_r:device:s0 tclass=chr_file permissive=1
05-25 07:54:46.016   248   248 I recovery: type=1400 audit(0.0:72): avc: denied { ioctl } for path="/dev/dri/card0" dev="tmpfs" ino=301 ioctlcmd=0x640c scontext=u:r:recovery:s0 tcontext=u:object_r:device:s0 tclass=chr_file permissive=1
05-25 07:54:46.016   248   248 I recovery: type=1400 audit(0.0:73): avc: denied { map } for path="/dev/dri/card0" dev="tmpfs" ino=301 scontext=u:r:recovery:s0 tcontext=u:object_r:device:s0 tclass=chr_file permissive=1
05-25 07:54:46.056   248   248 I recovery: type=1400 audit(0.0:74): avc: denied { execmem } for scontext=u:r:recovery:s0 tcontext=u:r:recovery:s0 tclass=process permissive=1
05-25 07:54:46.061   248   248 I ArmToArm64Assembler: generated scanline__00000077:03010101_00008001_00000000 [195 ipp] (241 ins) at [0x6fca61c3c0:0x6fca61c784] in 71232ns
05-25 07:54:46.056   248   248 I recovery: type=1400 audit(0.0:75): avc: denied { execute } for path="/dev/ashmem17547144-cc94-4609-a607-d41dd33084ff" dev="tmpfs" ino=589 scontext=u:r:recovery:s0 tcontext=u:object_r:ashmem_libcutils_device:s0 tclass=chr_file permissive=1
05-25 07:54:46.089   248   248 I ArmToArm64Assembler: generated scanline__00000077:03545401_00000A01_00000000 [ 69 ipp] (113 ins) at [0x6fca61c790:0x6fca61c954] in 57923ns
05-25 07:54:46.096   248   248 I ArmToArm64Assembler: generated scanline__00000077:03545401_00000A08_00000000 [ 69 ipp] (116 ins) at [0x6fca61c960:0x6fca61cb30] in 54462ns
05-25 07:54:46.136   248   248 I recovery: type=1400 audit(0.0:76): avc: denied { ioctl } for path="/dev/block/dm-4" dev="tmpfs" ino=662 ioctlcmd=0x5331 scontext=u:r:recovery:s0 tcontext=u:object_r:dm_device:s0 tclass=blk_file permissive=1
05-25 07:54:46.144   248   248 I recovery: type=1400 audit(0.0:77): avc: denied { ioctl } for path="/dev/block/dm-7" dev="tmpfs" ino=671 ioctlcmd=0x5331 scontext=u:r:recovery:s0 tcontext=u:object_r:dm_device:s0 tclass=blk_file permissive=1
05-25 07:54:46.152     1     1 I unknown : type=1107 audit(0.0:78): uid=0 auid=4294967295 ses=4294967295 subj=u:r:init:s0 msg='avc: denied { set } for property=ro.crypto.state pid=248 uid=0 gid=0 scontext=u:r:recovery:s0 tcontext=u:object_r:vold_status_prop:s0 tclass=property_service permissive=1'
05-25 07:54:47.164   248   248 I recovery: fscrypt_mount_metadata_encrypted: /data encrypt: 0 format: 0 with f2fs
05-25 07:54:47.165   248   248 W recovery: [libfs_mgr]Warning: unknown flag: resize
05-25 07:54:47.170   248   248 I recovery: metadata_key_dir/key: /metadata/vold/metadata_encryption/key
05-25 07:54:47.168   248   248 I recovery: type=1400 audit(0.0:79): avc: denied { search } for name="vold" dev="mmcblk0p12" ino=8 scontext=u:r:recovery:s0 tcontext=u:object_r:vold_metadata_file:s0 tclass=dir permissive=1
05-25 07:54:47.171   248   248 I recovery: Key exists, using: /metadata/vold/metadata_encryption/key
05-25 07:54:47.171   248   248 I recovery: Retrieving key from keymaster
05-25 07:54:47.168   248   248 I recovery: type=1400 audit(0.0:80): avc: denied { read } for name="version" dev="mmcblk0p12" ino=51 scontext=u:r:recovery:s0 tcontext=u:object_r:vold_metadata_file:s0 tclass=file permissive=1
05-25 07:54:47.168   248   248 I recovery: type=1400 audit(0.0:81): avc: denied { open } for path="/metadata/vold/metadata_encryption/key/version" dev="mmcblk0p12" ino=51 scontext=u:r:recovery:s0 tcontext=u:object_r:vold_metadata_file:s0 tclass=file permissive=1
05-25 07:54:47.168   248   248 I recovery: type=1400 audit(0.0:82): avc: denied { getattr } for path="/metadata/vold/metadata_encryption/key/version" dev="mmcblk0p12" ino=51 scontext=u:r:recovery:s0 tcontext=u:object_r:vold_metadata_file:s0 tclass=file permissive=1
05-25 07:54:47.172   248   248 I recovery: type=1400 audit(0.0:83): avc: denied { call } for scontext=u:r:recovery:s0 tcontext=u:r:recovery:s0 tclass=binder permissive=1
05-25 07:54:47.173   238   238 E SELinux : avc:  denied  { find } for pid=248 uid=0 name=android.system.keystore2.IKeystoreService/default scontext=u:r:recovery:s0 tcontext=u:object_r:keystore_service:s0 tclass=service_manager permissive=1
05-25 07:54:47.173   238   238 I servicemanager: Since 'android.system.keystore2.IKeystoreService/default' could not be found, trying to start it as a lazy AIDL service
05-25 07:54:47.172   248   248 I recovery: type=1400 audit(0.0:84): avc: denied { transfer } for scontext=u:r:recovery:s0 tcontext=u:r:recovery:s0 tclass=binder permissive=1
05-25 07:54:47.172     1     1 I unknown : type=1107 audit(0.0:85): uid=0 auid=4294967295 ses=4294967295 subj=u:r:init:s0 msg='avc: denied { set } for property=ctl.interface_start$aidl/android.system.keystore2.IKeystoreService/default pid=238 uid=0 gid=0 scontext=u:r:recovery:s0 tcontext=u:object_r:ctl_interface_start_prop:s0 tclass=property_service permissive=1'
05-25 07:54:47.174   238   288 W libc    : Unable to set property "ctl.interface_start" to "aidl/android.system.keystore2.IKeystoreService/default": error code: 0x20
05-25 07:54:47.175   238   288 I servicemanager: Tried to start aidl service android.system.keystore2.IKeystoreService/default as a lazy service, but was unable to. Usually this happens when a service is not installed, but if the service is intended to be used as a lazy service, then it may be configured incorrectly.
05-25 07:54:48.173   248   248 W ServiceManager: Waited one second for android.system.keystore2.IKeystoreService/default (is service started? are binder threads started and available?)
05-25 07:54:48.174   238   238 I servicemanager: Since 'android.system.keystore2.IKeystoreService/default' could not be found, trying to start it as a lazy AIDL service
05-25 07:54:48.177   238   289 W libc    : Unable to set property "ctl.interface_start" to "aidl/android.system.keystore2.IKeystoreService/default": error code: 0x20
05-25 07:54:48.177   238   289 I servicemanager: Tried to start aidl service android.system.keystore2.IKeystoreService/default as a lazy service, but was unable to. Usually this happens when a service is not installed, but if the service is intended to be used as a lazy service, then it may be configured incorrectly.
05-25 07:54:48.528   290   290 I keystore2: keystore2_main: Keystore2 is starting.
05-25 07:54:48.529   290   290 I keystore2: keystore2_main: Starting thread pool now.
05-25 07:54:48.529   290   291 I keystore2: getDeviceHalManifest: Reading VINTF information.
05-25 07:54:48.530   290   291 E keystore2: getDeviceHalManifest: status from fetching VINTF information: -22
05-25 07:54:48.530   290   291 E keystore2: getDeviceHalManifest: -22 VINTF parse error: Illformed file: /vendor/etc/vintf/manifest.xml: Unrecognized manifest.version 8.0 (libvintf@4.0)
05-25 07:54:48.531   290   290 I keystore2: getDeviceHalManifest: Reading VINTF information.
05-25 07:54:48.531   290   291 F libc    : Fatal signal 11 (SIGSEGV), code 1 (SEGV_MAPERR), fault addr 0x0 in tid 291 (keystore2), pid 290 (Binder:290_2)
05-25 07:54:48.531   290   290 E keystore2: getDeviceHalManifest: status from fetching VINTF information: -22
05-25 07:54:48.531   290   290 E keystore2: getDeviceHalManifest: -22 VINTF parse error: Illformed file: /vendor/etc/vintf/manifest.xml: Unrecognized manifest.version 8.0 (libvintf@4.0)
05-25 07:54:48.534   295   295 F libc    : failed to exec crash_dump helper: No such file or directory
05-25 07:54:48.535   290   291 F libc    : crash_dump helper failed to exec, or was killed
05-25 07:54:48.535   290   291 F libc    : failed to wait for crash_dump helper: No child processes
05-25 07:54:48.607   297   297 I adbd    : persist.adb.watchdog set to ''
05-25 07:54:48.607   297   297 I adbd    : persist.sys.test_harness set to ''
05-25 07:54:48.607   297   297 I adbd    : adb watchdog timeout set to 600 seconds
05-25 07:54:48.608   297   299 I adbd    : Waiting for persist.adb.tls_server.enable=1
05-25 07:54:48.608   297   297 I adbd    : adbd started
05-25 07:54:48.608   297   301 I adbd    : opening control endpoint /dev/usb-ffs/adb/ep0
05-25 07:54:48.613   297   301 I adbd    : UsbFfsConnection constructed
05-25 07:54:48.614   297   302 I adbd    : UsbFfs-monitor thread spawned
05-25 07:54:48.620   297   302 I adbd    : USB event: FUNCTIONFS_BIND
05-25 07:54:49.174   248   248 W ServiceManager: Waited one second for android.system.keystore2.IKeystoreService/default (is service started? are binder threads started and available?)
05-25 07:54:49.174   238   238 I servicemanager: Since 'android.system.keystore2.IKeystoreService/default' could not be found, trying to start it as a lazy AIDL service
05-25 07:54:49.175   238   303 W libc    : Unable to set property "ctl.interface_start" to "aidl/android.system.keystore2.IKeystoreService/default": error code: 0x20
05-25 07:54:49.175   238   303 I servicemanager: Tried to start aidl service android.system.keystore2.IKeystoreService/default as a lazy service, but was unable to. Usually this happens when a service is not installed, but if the service is intended to be used as a lazy service, then it may be configured incorrectly.
05-25 07:54:49.172   248   248 I recovery: type=1400 audit(0.0:86): avc: denied { call } for scontext=u:r:recovery:s0 tcontext=u:r:recovery:s0 tclass=binder permissive=1
05-25 07:54:49.251   297   302 I adbd    : USB event: FUNCTIONFS_ENABLE
05-25 07:54:49.252   297   304 I adbd    : UsbFfs-worker thread spawned
05-25 07:54:49.270   297   297 I adbd    : UsbFfs: already offline
05-25 07:54:49.270   297   297 I adbd    : authentication not required
05-25 07:54:50.175   248   248 W ServiceManager: Waited one second for android.system.keystore2.IKeystoreService/default (is service started? are binder threads started and available?)
05-25 07:54:50.175   238   238 I servicemanager: Since 'android.system.keystore2.IKeystoreService/default' could not be found, trying to start it as a lazy AIDL service
05-25 07:54:50.176   238   306 W libc    : Unable to set property "ctl.interface_start" to "aidl/android.system.keystore2.IKeystoreService/default": error code: 0x20
05-25 07:54:50.176   238   306 I servicemanager: Tried to start aidl service android.system.keystore2.IKeystoreService/default as a lazy service, but was unable to. Usually this happens when a service is not installed, but if the service is intended to be used as a lazy service, then it may be configured incorrectly.
05-25 07:54:50.849   307   307 F linker  : CANNOT LINK EXECUTABLE "/vendor/bin/hw/android.hardware.vibrator-service.mediatek": cannot locate symbol "_ZNSt3__122__libcpp_verbose_abortEPKcz" referenced by "/vendor/bin/hw/android.hardware.vibrator-service.mediatek"...
05-25 07:54:51.175   248   248 W ServiceManager: Waited one second for android.system.keystore2.IKeystoreService/default (is service started? are binder threads started and available?)
05-25 07:54:51.175   238   238 I servicemanager: Since 'android.system.keystore2.IKeystoreService/default' could not be found, trying to start it as a lazy AIDL service
05-25 07:54:51.176   238   308 W libc    : Unable to set property "ctl.interface_start" to "aidl/android.system.keystore2.IKeystoreService/default": error code: 0x20
05-25 07:54:51.176   238   308 I servicemanager: Tried to start aidl service android.system.keystore2.IKeystoreService/default as a lazy service, but was unable to. Usually this happens when a service is not installed, but if the service is intended to be used as a lazy service, then it may be configured incorrectly.
05-25 07:54:52.176   248   248 W ServiceManager: Waited one second for android.system.keystore2.IKeystoreService/default (is service started? are binder threads started and available?)
05-25 07:54:52.176   238   238 I servicemanager: Since 'android.system.keystore2.IKeystoreService/default' could not be found, trying to start it as a lazy AIDL service
05-25 07:54:52.177   238   309 W libc    : Unable to set property "ctl.interface_start" to "aidl/android.system.keystore2.IKeystoreService/default": error code: 0x20
05-25 07:54:52.177   238   309 I servicemanager: Tried to start aidl service android.system.keystore2.IKeystoreService/default as a lazy service, but was unable to. Usually this happens when a service is not installed, but if the service is intended to be used as a lazy service, then it may be configured incorrectly.
05-25 07:54:53.176   248   248 W ServiceManager: Waited one second for android.system.keystore2.IKeystoreService/default (is service started? are binder threads started and available?)
05-25 07:54:53.177   238   238 I servicemanager: Since 'android.system.keystore2.IKeystoreService/default' could not be found, trying to start it as a lazy AIDL service
05-25 07:54:53.179   238   312 W libc    : Unable to set property "ctl.interface_start" to "aidl/android.system.keystore2.IKeystoreService/default": error code: 0x20
05-25 07:54:53.180   238   312 I servicemanager: Tried to start aidl service android.system.keystore2.IKeystoreService/default as a lazy service, but was unable to. Usually this happens when a service is not installed, but if the service is intended to be used as a lazy service, then it may be configured incorrectly.
05-25 07:54:53.532   313   313 I keystore2: keystore2_main: Keystore2 is starting.
05-25 07:54:53.533   313   313 I keystore2: keystore2_main: Starting thread pool now.
05-25 07:54:53.534   313   314 I keystore2: getDeviceHalManifest: Reading VINTF information.
05-25 07:54:53.535   313   314 E keystore2: getDeviceHalManifest: status from fetching VINTF information: -22
05-25 07:54:53.535   313   314 E keystore2: getDeviceHalManifest: -22 VINTF parse error: Illformed file: /vendor/etc/vintf/manifest.xml: Unrecognized manifest.version 8.0 (libvintf@4.0)
05-25 07:54:53.535   313   313 I keystore2: getDeviceHalManifest: Reading VINTF information.
05-25 07:54:53.535   313   314 F libc    : Fatal signal 11 (SIGSEGV), code 1 (SEGV_MAPERR), fault addr 0x0 in tid 314 (keystore2), pid 313 (Binder:313_2)
05-25 07:54:53.536   313   313 E keystore2: getDeviceHalManifest: status from fetching VINTF information: -22
05-25 07:54:53.528   313   313 I keystore2: type=1400 audit(0.0:87): avc: denied { read } for name="u:object_r:keystore_crash_prop:s0" dev="tmpfs" ino=169 scontext=u:r:recovery:s0 tcontext=u:object_r:keystore_crash_prop:s0 tclass=file permissive=1
05-25 07:54:53.538   318   318 F libc    : failed to exec crash_dump helper: No such file or directory
05-25 07:54:53.528   313   313 I keystore2: type=1400 audit(0.0:88): avc: denied { open } for path="/dev/__properties__/u:object_r:keystore_crash_prop:s0" dev="tmpfs" ino=169 scontext=u:r:recovery:s0 tcontext=u:object_r:keystore_crash_prop:s0 tclass=file permissive=1
05-25 07:54:53.540   313   314 F libc    : crash_dump helper failed to exec, or was killed
05-25 07:54:53.540   313   314 F libc    : failed to wait for crash_dump helper: No child processes
05-25 07:54:53.532   313   313 I keystore2: type=1400 audit(0.0:89): avc: denied { getattr } for path="/dev/__properties__/u:object_r:keystore_crash_prop:s0" dev="tmpfs" ino=169 scontext=u:r:recovery:s0 tcontext=u:object_r:keystore_crash_prop:s0 tclass=file permissive=1
05-25 07:54:53.532   313   313 I keystore2: type=1400 audit(0.0:90): avc: denied { map } for path="/dev/__properties__/u:object_r:keystore_crash_prop:s0" dev="tmpfs" ino=169 scontext=u:r:recovery:s0 tcontext=u:object_r:keystore_crash_prop:s0 tclass=file permissive=1
05-25 07:54:54.177   248   248 W ServiceManager: Waited one second for android.system.keystore2.IKeystoreService/default (is service started? are binder threads started and available?)
05-25 07:54:54.177   238   238 I servicemanager: Since 'android.system.keystore2.IKeystoreService/default' could not be found, trying to start it as a lazy AIDL service
05-25 07:54:54.180   238   320 W libc    : Unable to set property "ctl.interface_start" to "aidl/android.system.keystore2.IKeystoreService/default": error code: 0x20
05-25 07:54:54.180   238   320 I servicemanager: Tried to start aidl service android.system.keystore2.IKeystoreService/default as a lazy service, but was unable to. Usually this happens when a service is not installed, but if the service is intended to be used as a lazy service, then it may be configured incorrectly.
05-25 07:54:55.178   248   248 W ServiceManager: Waited one second for android.system.keystore2.IKeystoreService/default (is service started? are binder threads started and available?)
05-25 07:54:55.178   238   238 I servicemanager: Since 'android.system.keystore2.IKeystoreService/default' could not be found, trying to start it as a lazy AIDL service
05-25 07:54:55.181   238   321 W libc    : Unable to set property "ctl.interface_start" to "aidl/android.system.keystore2.IKeystoreService/default": error code: 0x20
05-25 07:54:55.181   238   321 I servicemanager: Tried to start aidl service android.system.keystore2.IKeystoreService/default as a lazy service, but was unable to. Usually this happens when a service is not installed, but if the service is intended to be used as a lazy service, then it may be configured incorrectly.
05-25 07:54:55.853   322   322 F linker  : CANNOT LINK EXECUTABLE "/vendor/bin/hw/android.hardware.vibrator-service.mediatek": cannot locate symbol "_ZNSt3__122__libcpp_verbose_abortEPKcz" referenced by "/vendor/bin/hw/android.hardware.vibrator-service.mediatek"...
05-25 07:54:56.178   248   248 W ServiceManager: Waited one second for android.system.keystore2.IKeystoreService/default (is service started? are binder threads started and available?)
05-25 07:54:56.178   238   238 I servicemanager: Since 'android.system.keystore2.IKeystoreService/default' could not be found, trying to start it as a lazy AIDL service
05-25 07:54:56.179   238   323 W libc    : Unable to set property "ctl.interface_start" to "aidl/android.system.keystore2.IKeystoreService/default": error code: 0x20
05-25 07:54:56.179   238   323 I servicemanager: Tried to start aidl service android.system.keystore2.IKeystoreService/default as a lazy service, but was unable to. Usually this happens when a service is not installed, but if the service is intended to be used as a lazy service, then it may be configured incorrectly.
05-25 07:54:57.179   248   248 W ServiceManager: Waited one second for android.system.keystore2.IKeystoreService/default (is service started? are binder threads started and available?)
05-25 07:54:57.179   238   238 I servicemanager: Since 'android.system.keystore2.IKeystoreService/default' could not be found, trying to start it as a lazy AIDL service
05-25 07:54:57.180   238   324 W libc    : Unable to set property "ctl.interface_start" to "aidl/android.system.keystore2.IKeystoreService/default": error code: 0x20
05-25 07:54:57.180   238   324 I servicemanager: Tried to start aidl service android.system.keystore2.IKeystoreService/default as a lazy service, but was unable to. Usually this happens when a service is not installed, but if the service is intended to be used as a lazy service, then it may be configured incorrectly.
05-25 07:54:58.179   248   248 W ServiceManager: Waited one second for android.system.keystore2.IKeystoreService/default (is service started? are binder threads started and available?)
05-25 07:54:58.180   238   238 I servicemanager: Since 'android.system.keystore2.IKeystoreService/default' could not be found, trying to start it as a lazy AIDL service
05-25 07:54:58.180   238   325 W libc    : Unable to set property "ctl.interface_start" to "aidl/android.system.keystore2.IKeystoreService/default": error code: 0x20
05-25 07:54:58.180   238   325 I servicemanager: Tried to start aidl service android.system.keystore2.IKeystoreService/default as a lazy service, but was unable to. Usually this happens when a service is not installed, but if the service is intended to be used as a lazy service, then it may be configured incorrectly.
05-25 07:54:58.536   326   326 I keystore2: keystore2_main: Keystore2 is starting.
05-25 07:54:58.536   326   326 I keystore2: keystore2_main: Starting thread pool now.
05-25 07:54:58.537   326   327 I keystore2: getDeviceHalManifest: Reading VINTF information.
05-25 07:54:58.538   326   327 E keystore2: getDeviceHalManifest: status from fetching VINTF information: -22
05-25 07:54:58.538   326   327 E keystore2: getDeviceHalManifest: -22 VINTF parse error: Illformed file: /vendor/etc/vintf/manifest.xml: Unrecognized manifest.version 8.0 (libvintf@4.0)
05-25 07:54:58.538   326   326 I keystore2: getDeviceHalManifest: Reading VINTF information.
05-25 07:54:58.538   326   327 F libc    : Fatal signal 11 (SIGSEGV), code 1 (SEGV_MAPERR), fault addr 0x0 in tid 327 (keystore2), pid 326 (Binder:326_2)
05-25 07:54:58.539   326   326 E keystore2: getDeviceHalManifest: status from fetching VINTF information: -22
05-25 07:54:58.539   326   326 E keystore2: getDeviceHalManifest: -22 VINTF parse error: Illformed file: /vendor/etc/vintf/manifest.xml: Unrecognized manifest.version 8.0 (libvintf@4.0)
05-25 07:54:58.541   331   331 F libc    : failed to exec crash_dump helper: No such file or directory
05-25 07:54:58.543   326   327 F libc    : crash_dump helper failed to exec, or was killed
05-25 07:54:58.543   326   327 F libc    : failed to wait for crash_dump helper: No child processes
05-25 07:54:59.180   248   248 W ServiceManager: Waited one second for android.system.keystore2.IKeystoreService/default (is service started? are binder threads started and available?)
05-25 07:54:59.180   238   238 I servicemanager: Since 'android.system.keystore2.IKeystoreService/default' could not be found, trying to start it as a lazy AIDL service
05-25 07:54:59.183   238   333 W libc    : Unable to set property "ctl.interface_start" to "aidl/android.system.keystore2.IKeystoreService/default": error code: 0x20
05-25 07:54:59.183   238   333 I servicemanager: Tried to start aidl service android.system.keystore2.IKeystoreService/default as a lazy service, but was unable to. Usually this happens when a service is not installed, but if the service is intended to be used as a lazy service, then it may be configured incorrectly.
05-25 07:55:00.181   248   248 W ServiceManager: Waited one second for android.system.keystore2.IKeystoreService/default (is service started? are binder threads started and available?)
05-25 07:55:00.181   238   238 I servicemanager: Since 'android.system.keystore2.IKeystoreService/default' could not be found, trying to start it as a lazy AIDL service
05-25 07:55:00.184   238   334 W libc    : Unable to set property "ctl.interface_start" to "aidl/android.system.keystore2.IKeystoreService/default": error code: 0x20
05-25 07:55:00.184   238   334 I servicemanager: Tried to start aidl service android.system.keystore2.IKeystoreService/default as a lazy service, but was unable to. Usually this happens when a service is not installed, but if the service is intended to be used as a lazy service, then it may be configured incorrectly.
05-25 07:55:00.857   335   335 F linker  : CANNOT LINK EXECUTABLE "/vendor/bin/hw/android.hardware.vibrator-service.mediatek": cannot locate symbol "_ZNSt3__122__libcpp_verbose_abortEPKcz" referenced by "/vendor/bin/hw/android.hardware.vibrator-service.mediatek"...
05-25 07:55:01.181   248   248 W ServiceManager: Waited one second for android.system.keystore2.IKeystoreService/default (is service started? are binder threads started and available?)
05-25 07:55:01.181   238   238 I servicemanager: Since 'android.system.keystore2.IKeystoreService/default' could not be found, trying to start it as a lazy AIDL service
05-25 07:55:01.182   238   336 W libc    : Unable to set property "ctl.interface_start" to "aidl/android.system.keystore2.IKeystoreService/default": error code: 0x20
05-25 07:55:01.182   238   336 I servicemanager: Tried to start aidl service android.system.keystore2.IKeystoreService/default as a lazy service, but was unable to. Usually this happens when a service is not installed, but if the service is intended to be used as a lazy service, then it may be configured incorrectly.
05-25 07:55:02.182   248   248 W ServiceManager: Waited one second for android.system.keystore2.IKeystoreService/default (is service started? are binder threads started and available?)
05-25 07:55:02.182   238   238 I servicemanager: Since 'android.system.keystore2.IKeystoreService/default' could not be found, trying to start it as a lazy AIDL service
05-25 07:55:02.183   238   337 W libc    : Unable to set property "ctl.interface_start" to "aidl/android.system.keystore2.IKeystoreService/default": error code: 0x20
05-25 07:55:02.183   238   337 I servicemanager: Tried to start aidl service android.system.keystore2.IKeystoreService/default as a lazy service, but was unable to. Usually this happens when a service is not installed, but if the service is intended to be used as a lazy service, then it may be configured incorrectly.
05-25 07:55:03.182   248   248 W ServiceManager: Waited one second for android.system.keystore2.IKeystoreService/default (is service started? are binder threads started and available?)
05-25 07:55:03.183   238   238 I servicemanager: Since 'android.system.keystore2.IKeystoreService/default' could not be found, trying to start it as a lazy AIDL service
05-25 07:55:03.183   238   338 W libc    : Unable to set property "ctl.interface_start" to "aidl/android.system.keystore2.IKeystoreService/default": error code: 0x20
05-25 07:55:03.183   238   338 I servicemanager: Tried to start aidl service android.system.keystore2.IKeystoreService/default as a lazy service, but was unable to. Usually this happens when a service is not installed, but if the service is intended to be used as a lazy service, then it may be configured incorrectly.
05-25 07:55:03.530   339   339 I keystore2: keystore2_main: Keystore2 is starting.
05-25 07:55:03.531   339   339 I keystore2: keystore2_main: Starting thread pool now.
05-25 07:55:03.532   339   340 I keystore2: getDeviceHalManifest: Reading VINTF information.
05-25 07:55:03.533   339   340 E keystore2: getDeviceHalManifest: status from fetching VINTF information: -22
05-25 07:55:03.533   339   340 E keystore2: getDeviceHalManifest: -22 VINTF parse error: Illformed file: /vendor/etc/vintf/manifest.xml: Unrecognized manifest.version 8.0 (libvintf@4.0)
05-25 07:55:03.533   339   339 I keystore2: getDeviceHalManifest: Reading VINTF information.
05-25 07:55:03.533   339   340 F libc    : Fatal signal 11 (SIGSEGV), code 1 (SEGV_MAPERR), fault addr 0x0 in tid 340 (keystore2), pid 339 (Binder:339_2)
05-25 07:55:03.533   339   339 E keystore2: getDeviceHalManifest: status from fetching VINTF information: -22
05-25 07:55:03.533   339   339 E keystore2: getDeviceHalManifest: -22 VINTF parse error: Illformed file: /vendor/etc/vintf/manifest.xml: Unrecognized manifest.version 8.0 (libvintf@4.0)
05-25 07:55:03.536   344   344 F libc    : failed to exec crash_dump helper: No such file or directory
05-25 07:55:03.537   339   340 F libc    : crash_dump helper failed to exec, or was killed
05-25 07:55:03.538   339   340 F libc    : failed to wait for crash_dump helper: No child processes
05-25 07:55:04.183   248   248 W ServiceManager: Waited one second for android.system.keystore2.IKeystoreService/default (is service started? are binder threads started and available?)
05-25 07:55:04.183   238   238 I servicemanager: Since 'android.system.keystore2.IKeystoreService/default' could not be found, trying to start it as a lazy AIDL service
05-25 07:55:04.186   238   346 W libc    : Unable to set property "ctl.interface_start" to "aidl/android.system.keystore2.IKeystoreService/default": error code: 0x20
05-25 07:55:04.186   238   346 I servicemanager: Tried to start aidl service android.system.keystore2.IKeystoreService/default as a lazy service, but was unable to. Usually this happens when a service is not installed, but if the service is intended to be used as a lazy service, then it may be configured incorrectly.
05-25 07:55:05.184   248   248 W ServiceManager: Waited one second for android.system.keystore2.IKeystoreService/default (is service started? are binder threads started and available?)
05-25 07:55:05.184   238   238 I servicemanager: Since 'android.system.keystore2.IKeystoreService/default' could not be found, trying to start it as a lazy AIDL service
05-25 07:55:05.187   238   347 W libc    : Unable to set property "ctl.interface_start" to "aidl/android.system.keystore2.IKeystoreService/default": error code: 0x20
05-25 07:55:05.187   238   347 I servicemanager: Tried to start aidl service android.system.keystore2.IKeystoreService/default as a lazy service, but was unable to. Usually this happens when a service is not installed, but if the service is intended to be used as a lazy service, then it may be configured incorrectly.
05-25 07:55:05.862   348   348 F linker  : CANNOT LINK EXECUTABLE "/vendor/bin/hw/android.hardware.vibrator-service.mediatek": cannot locate symbol "_ZNSt3__122__libcpp_verbose_abortEPKcz" referenced by "/vendor/bin/hw/android.hardware.vibrator-service.mediatek"...
05-25 07:55:06.184   248   248 W ServiceManager: Waited one second for android.system.keystore2.IKeystoreService/default (is service started? are binder threads started and available?)
05-25 07:55:06.184   238   238 I servicemanager: Since 'android.system.keystore2.IKeystoreService/default' could not be found, trying to start it as a lazy AIDL service
05-25 07:55:06.185   238   349 W libc    : Unable to set property "ctl.interface_start" to "aidl/android.system.keystore2.IKeystoreService/default": error code: 0x20
