05-25 12:44:25.230   236   609 W libc    : Unable to set property "ctl.interface_start" to "aidl/android.system.keystore2.IKeystoreService/default": error code: 0x20
05-25 12:44:25.230   236   609 I servicemanager: Tried to start aidl service android.system.keystore2.IKeystoreService/default as a lazy service, but was unable to. Usually this happens when a service is not installed, but if the service is intended to be used as a lazy service, then it may be configured incorrectly.
05-25 12:44:25.234     1     1 E init    : Control message: Could not find 'aidl/android.system.keystore2.IKeystoreService/default' for ctl.interface_start from pid: 236 (/system/bin/servicemanager)
05-25 12:44:25.785   140   140 I         : mt635x-auxadc mt635x-auxadc: Error: Get efuse failed (-517)
05-25 12:44:25.786   140   140 I         : vbat_out_old=40920, vthr=687, T_curr=-4086, vbat_out=40920
05-25 12:44:25.787   140   140 I         : [DLPT_final] 5500,63,63,5500
05-25 12:44:25.928     1     1 I init    : starting service 'vendor.vibrator-mtk-default'...
05-25 12:44:25.934   610   610 F linker  : CANNOT LINK EXECUTABLE "/vendor/bin/hw/android.hardware.vibrator-service.mediatek": cannot locate symbol "_ZNSt3__122__libcpp_verbose_abortEPKcz" referenced by "/vendor/bin/hw/android.hardware.vibrator-service.mediatek"...
05-25 12:44:25.948     1     1 I init    : Service 'vendor.vibrator-mtk-default' (pid 610) exited with status 1
05-25 12:44:25.949     1     1 I init    : Sending signal 9 to service 'vendor.vibrator-mtk-default' (pid 610) process group...
05-25 12:44:25.951     1     1 I libprocessgroup: Successfully killed process cgroup uid 0 pid 610 in 0ms
05-25 12:44:26.199    76    76 E         : get charge control limit:0
05-25 12:44:26.200    76    76 E         : [SMART_CHG]SMART_CHG_NAVIGATION, en_ret = 0, fun_val = 0, active_status = 0, smart_soc = 50, ui_soc =63, smart_ctrl_en = 0, ffc_en = 0
05-25 12:44:26.202    76    76 E         : [SMART_CHG]set smart_charge[SMART_CHG_LOW_FAST].en_ret = 0, disable low_fast
05-25 12:44:26.203    76    76 E         : [SMART_CHG]SMART_CHG_ENDURANCE_PRO, en_ret = 0, fun_val = 0, active_status = 0
05-25 12:44:26.204    76    76 E         : [SMART_CHG]endurance monitor enable charger, soc <= -5
05-25 12:44:26.205    76    76 E [SMART_CHG]monitor_night_charging: night_charging = 0, soc = 63
05-25 12:44:26.206    76    76 E [SMART_CHG]monitor_low_fast_strategy: soc = 63, thermal_level = 0, thermal_board_temp = 0, pd_active = 0, low_fast_plugin_flag = 1, low_fast_enable = 0, screen_state = 0, b_flag = 0
05-25 12:44:26.208    76    76 E [SMART_CHG]monitor_low_fast_strategy: use default thermal current=6000000
05-25 12:44:26.210    76    76 E [SMART_CHG]get_fv_ageing: i = 1, fv_aging = 10
05-25 12:44:26.227   245   245 W ServiceManager: Waited one second for android.system.keystore2.IKeystoreService/default (is service started? are binder threads started and available?)
05-25 12:44:26.228   236   236 I servicemanager: Since 'android.system.keystore2.IKeystoreService/default' could not be found, trying to start it as a lazy AIDL service
05-25 12:44:26.230   236   611 W libc    : Unable to set property "ctl.interface_start" to "aidl/android.system.keystore2.IKeystoreService/default": error code: 0x20
05-25 12:44:26.231   236   611 I servicemanager: Tried to start aidl service android.system.keystore2.IKeystoreService/default as a lazy service, but was unable to. Usually this happens when a service is not installed, but if the service is intended to be used as a lazy service, then it may be configured incorrectly.
05-25 12:44:26.235     1     1 E init    : Control message: Could not find 'aidl/android.system.keystore2.IKeystoreService/default' for ctl.interface_start from pid: 236 (/system/bin/servicemanager)
05-25 12:44:26.711   223   223 E         : get charge control limit:0
05-25 12:44:26.712   223   223 I         : [SW_JEITA] ffc_disable = 0, ffc = 0, pd_type = 5, thermal_lv = 0, single_cell_mode = 0, uisoc:63, chg_turn_on_flag:0
05-25 12:44:26.713   223   223 I         : ALG_STATE= 1
05-25 12:44:26.715   223   223 I handle_charge_done_and_recharge: info->country_code:0
05-25 12:44:26.716   223   223 I         : charge status not 100, so power supply changed
05-25 12:44:26.717   223   223 I handle_charge_done_and_recharge: ffc=0, rsoc=65, soc=63, temp=37, fv=4470, vbat=4082, iterm=420, ibat=346, full=0, full_cnt=0, v_cnt=0, recharge_cnt=0 threshold_mv=18
05-25 12:44:26.717   210   210 I mtk_charger_start_timer: alarm timer start:1, 136 201898468
05-25 12:44:26.720   223   223 E         : [mtk_battery_external_power_changed] low_temp = 36
05-25 12:44:26.720   210   210 I         : [PE50]pe50_hal_get_soc uisoc = 63
05-25 12:44:26.721   223   223 I fgauge  : [fg_sw_bat_cycle_accu]drop diff_car
05-25 12:44:26.722   210   210 I         : alg_state = 3
05-25 12:44:26.722   210   210 I         : alg_state = 1
05-25 12:44:26.723   223   223 I fgauge  : [fg_sw_bat_cycle_accu]car[o:104 n:106],diff_car:2,ncar[o:0 n:0 hw:-24348] thr 0
05-25 12:44:26.724   210   210 I         : mt635x-auxadc mt635x-auxadc: Error: Get efuse failed (-517)
05-25 12:44:26.726   210   210 I         : vbat_out_old=40880, vthr=688, T_curr=-4092, vbat_out=40880
05-25 12:44:26.727   210   210 I [upm6922-charger]: upm6922_set_input_volt_limit:mv:4400
05-25 12:44:26.728   223   223 I         : mt635x-auxadc mt635x-auxadc: Error: Get efuse failed (-517)
05-25 12:44:26.729   210   210 I         : [SW_JEITA] Battery Temperature between 35 and 45 !!
05-25 12:44:26.729   223   223 I         : vbat_out_old=40890, vthr=687, T_curr=-4086, vbat_out=40890
05-25 12:44:26.730   210   210 I         : [SW_JEITA] get batt_id succ
05-25 12:44:26.731   223   223 E         : mtk_battery_external_power_changed event, name:battery online:1, status:1, EOC:0, cur_chr_type:1 old:1, vbat0:[o:0 n:0]
05-25 12:44:26.731   210   210 I         : [SW_JEITA] battery_id = 1
05-25 12:44:26.731   210   210 I [upm6922-charger]: upm6922_set_term_current:ma:420
05-25 12:44:26.733   223   223 E [lc_charger_sysfs]psy_change_noti: psy name=mtk-master-charger, charge_type(1, 4)
05-25 12:44:26.735   210   210 I         : [SW_JEITA] ieoc = 420000
05-25 12:44:26.735   210   210 I [upm6922-charger]: upm6922_set_chargevolt:mv:4670
05-25 12:44:26.737   223   223 E [lc_charger_sysfs]lc_sysfs_get_charge_type: ta_status[PD] (1), pd_type (0), chr_type(4), usb_type(1), real_type(1)
05-25 12:44:26.738   223   223 E         : [lc_charger_sysfs]lc_sysfs_get_quick_charge_type chr_type=4, pd_type=0, temp=37, quick_chr_type:0, last_quick_charge_type:0
05-25 12:44:26.740   210   210 I [SW_JEITA]tmp: 37 jeita_cv:4470000 jeita_cc:-1
05-25 12:44:26.741   223   223 E         : [lc_charger_sysfs]capacity(63), vbat(4089), batt_status(1), shutdown_delay(0), count(0)
05-25 12:44:26.741   210   210 I tmp     : 37 (jeita:1 sm:5 cv:4470000 en:1) (sm:1) en:1 c:0 s:0 ov:0 0 sc:0 1 1 saf_cmd:-1 bat_mon:0 0
05-25 12:44:26.742     7     7 E [lc_charger_sysfs]psy_change_noti: psy name=battery, charge_type(1, 4)
05-25 12:44:26.744   210   210 I mtk_adapter_switch_control pd_type: 1, ufcs_type:1, ret:2, state: 0, set_pri:0, cnt:0
05-25 12:44:26.744   210   210 I mtk_check_ta_status ret_ta_switch: 2, prtocol_state:0
05-25 12:44:26.746     7     7 E [lc_charger_sysfs]lc_sysfs_get_charge_type: ta_status[PD] (1), pd_type (0), chr_type(4), usb_type(1), real_type(1)
05-25 12:44:26.748   223   223 I get_charger_zcv: get charger zcv failed: -95
05-25 12:44:26.749     7     7 E         : [lc_charger_sysfs]lc_sysfs_get_quick_charge_type chr_type=4, pd_type=0, temp=37, quick_chr_type:0, last_quick_charge_type:0
05-25 12:44:26.750   210   210 I get_ibus: get ibus failed: -95
05-25 12:44:26.750   210   210 I get_ibat: get ibat failed: -95
05-25 12:44:26.750   210   210 I         : Vbat=4089 vbats=0 vbus:4872 ibus:0 I=322 T=37 uisoc:63 type:usb>usb idx:0 ta_stat:1 swchg_ibat:0 cv:3864000 cmd_pp:-1
05-25 12:44:26.751   210   210 I         : select_charging_current_limit batt verify = 1
05-25 12:44:26.752     7     7 E         : [lc_charger_sysfs]capacity(63), vbat(4089), batt_status(1), shutdown_delay(0), count(0)
05-25 12:44:26.753   210   210 I         : chg_alg_set_current_limit
05-25 12:44:26.753   210   210 I         : [PE50]pe50_set_current_limit ic = 3000, cv = 4470, ibat_limit = 500
05-25 12:44:26.754   217   217 I <  127.245>TCPC-TCPC: bat_update_work_func Battery Charging, soc = 63
05-25 12:44:26.755   210   210 I         : pe50_set_prop 3 0
05-25 12:44:26.755   210   210 I         : [PE50]pe50_hal_get_soc uisoc = 63
05-25 12:44:26.755   210   210 I         : support_fast_charging pe5 ret:ALG_NOT_READY, prtocol_state:0,  ffc_state0
05-25 12:44:26.755   210   210 I jeita_current_limit: jeita_input_current_limit: 3000000, jeita_charging_current_limit: 5950000
05-25 12:44:26.755   211   211 I         : [PE50]pe50_algo_threadfn state = STOP
05-25 12:44:26.755   211   211 I         : [PE50]pe50_algo_threadfn PE5.0 STOP
05-25 12:44:26.757     7     7 E         : get CV property fail
05-25 12:44:26.758   210   210 I debug   : 2, 1, 0
05-25 12:44:26.758   210   210 I         : m:0 chg1:-1,6000,500,500 chg2:-1,-1,0,0 dvchg1:-1 sc:500000 -1 0 type:4:1 usb_unlimited:0 usbif:0 usbsm:0 ii:-1,-1 aicl:-1 atm:0 bm:2 b:1
05-25 12:44:26.758     7     7 E         : get charge control limit:0
05-25 12:44:26.759   210   210 I do_algorithm is_basic: 1
05-25 12:44:26.766   210   210 I [upm6922-charger]: upm6922_set_input_current_limit:ma:500
05-25 12:44:26.767   210   210 I [upm6922-charger]: upm6922_set_chargecurrent:ma:500
05-25 12:44:26.768   210   210 I         : [PE50]pe50_hal_get_soc uisoc = 63
05-25 12:44:26.769   210   210 I [upm6922-charger]: upm6922_enable_charger:enable charge
05-25 12:44:26.770   210   210 E [upm6922-charger]: upm6922_dump_regs:Reg[00] = 0x04
05-25 12:44:26.771   210   210 E [upm6922-charger]: upm6922_dump_regs:Reg[01] = 0x1a
05-25 12:44:26.772   210   210 E [upm6922-charger]: upm6922_dump_regs:Reg[02] = 0x08
05-25 12:44:26.773   210   210 E [upm6922-charger]: upm6922_dump_regs:Reg[03] = 0xf6
05-25 12:44:26.774   210   210 E [upm6922-charger]: upm6922_dump_regs:Reg[04] = 0xc9
05-25 12:44:26.774   210   210 E [upm6922-charger]: upm6922_dump_regs:Reg[05] = 0x8f
05-25 12:44:26.775   210   210 E [upm6922-charger]: upm6922_dump_regs:Reg[06] = 0xf5
05-25 12:44:26.776   210   210 E [upm6922-charger]: upm6922_dump_regs:Reg[07] = 0x48
05-25 12:44:26.777   210   210 E [upm6922-charger]: upm6922_dump_regs:Reg[08] = 0x34
05-25 12:44:26.778   210   210 E [upm6922-charger]: upm6922_dump_regs:Reg[09] = 0x00
05-25 12:44:26.779   210   210 E [upm6922-charger]: upm6922_dump_regs:Reg[0a] = 0xa3
05-25 12:44:26.780   210   210 E [upm6922-charger]: upm6922_dump_regs:Reg[0b] = 0x14
05-25 12:44:26.781   210   210 E [upm6922-charger]: upm6922_dump_regs:Reg[0c] = 0x81
05-25 12:44:26.782   210   210 E [upm6922-charger]: upm6922_dump_regs:Reg[0d] = 0x80
05-25 12:44:26.782   210   210 E [upm6922-charger]: upm6922_dump_regs:Reg[0e] = 0x00
05-25 12:44:26.783   210   210 E [upm6922-charger]: upm6922_dump_regs:Reg[0f] = 0xff
05-25 12:44:26.784   210   210 E [upm6922-charger]: upm6922_dump_regs:Reg[10] = 0x00
05-25 12:44:26.785   210   210 E [upm6922-charger]: upm6922_dump_regs:Reg[11] = 0xff
05-25 12:44:26.786   210   210 E [upm6922-charger]: upm6922_dump_regs:Reg[12] = 0x00
05-25 12:44:26.787   210   210 E [upm6922-charger]: upm6922_dump_regs:Reg[13] = 0xff
05-25 12:44:26.788   210   210 E [upm6922-charger]: upm6922_dump_regs:Reg[14] = 0x00
05-25 12:44:26.789   210   210 E [upm6922-charger]: upm6922_dump_regs:Reg[15] = 0xcc
05-25 12:44:26.789   210   210 I [upm6922-charger]: upm6922_reset_watchdog_timer:reset
05-25 12:44:27.223    76    76 E         : get charge control limit:0
05-25 12:44:27.224    76    76 E         : [SMART_CHG]SMART_CHG_NAVIGATION, en_ret = 0, fun_val = 0, active_status = 0, smart_soc = 50, ui_soc =63, smart_ctrl_en = 0, ffc_en = 0
05-25 12:44:27.226    76    76 E         : [SMART_CHG]set smart_charge[SMART_CHG_LOW_FAST].en_ret = 0, disable low_fast
05-25 12:44:27.227    76    76 E         : [SMART_CHG]SMART_CHG_ENDURANCE_PRO, en_ret = 0, fun_val = 0, active_status = 0
05-25 12:44:27.228    76    76 E         : [SMART_CHG]endurance monitor enable charger, soc <= -5
05-25 12:44:27.229    76    76 E [SMART_CHG]monitor_night_charging: night_charging = 0, soc = 63
05-25 12:44:27.230    76    76 E [SMART_CHG]monitor_low_fast_strategy: soc = 63, thermal_level = 0, thermal_board_temp = 0, pd_active = 0, low_fast_plugin_flag = 1, low_fast_enable = 0, screen_state = 0, b_flag = 0
05-25 12:44:27.232    76    76 E [SMART_CHG]monitor_low_fast_strategy: use default thermal current=6000000
05-25 12:44:27.228   245   245 W ServiceManager: Waited one second for android.system.keystore2.IKeystoreService/default (is service started? are binder threads started and available?)
05-25 12:44:27.228   236   236 I servicemanager: Since 'android.system.keystore2.IKeystoreService/default' could not be found, trying to start it as a lazy AIDL service
05-25 12:44:27.234    76    76 E [SMART_CHG]get_fv_ageing: i = 1, fv_aging = 10
05-25 12:44:27.231   236   612 W libc    : Unable to set property "ctl.interface_start" to "aidl/android.system.keystore2.IKeystoreService/default": error code: 0x20
05-25 12:44:27.231   236   612 I servicemanager: Tried to start aidl service android.system.keystore2.IKeystoreService/default as a lazy service, but was unable to. Usually this happens when a service is not installed, but if the service is intended to be used as a lazy service, then it may be configured incorrectly.
05-25 12:44:27.235     1     1 E init    : Control message: Could not find 'aidl/android.system.keystore2.IKeystoreService/default' for ctl.interface_start from pid: 236 (/system/bin/servicemanager)
05-25 12:44:28.228   245   245 W ServiceManager: Waited one second for android.system.keystore2.IKeystoreService/default (is service started? are binder threads started and available?)
05-25 12:44:28.229   236   236 I servicemanager: Since 'android.system.keystore2.IKeystoreService/default' could not be found, trying to start it as a lazy AIDL service
05-25 12:44:28.232   236   613 W libc    : Unable to set property "ctl.interface_start" to "aidl/android.system.keystore2.IKeystoreService/default": error code: 0x20
05-25 12:44:28.232   236   613 I servicemanager: Tried to start aidl service android.system.keystore2.IKeystoreService/default as a lazy service, but was unable to. Usually this happens when a service is not installed, but if the service is intended to be used as a lazy service, then it may be configured incorrectly.
05-25 12:44:28.236     1     1 E init    : Control message: Could not find 'aidl/android.system.keystore2.IKeystoreService/default' for ctl.interface_start from pid: 236 (/system/bin/servicemanager)
05-25 12:44:28.247    76    76 E         : get charge control limit:0
05-25 12:44:28.248    76    76 E         : [SMART_CHG]SMART_CHG_NAVIGATION, en_ret = 0, fun_val = 0, active_status = 0, smart_soc = 50, ui_soc =63, smart_ctrl_en = 0, ffc_en = 0
05-25 12:44:28.250    76    76 E         : [SMART_CHG]set smart_charge[SMART_CHG_LOW_FAST].en_ret = 0, disable low_fast
05-25 12:44:28.251    76    76 E         : [SMART_CHG]SMART_CHG_ENDURANCE_PRO, en_ret = 0, fun_val = 0, active_status = 0
05-25 12:44:28.252    76    76 E         : [SMART_CHG]endurance monitor enable charger, soc <= -5
05-25 12:44:28.253    76    76 E [SMART_CHG]monitor_night_charging: night_charging = 0, soc = 63
05-25 12:44:28.254    76    76 E [SMART_CHG]monitor_low_fast_strategy: soc = 63, thermal_level = 0, thermal_board_temp = 0, pd_active = 0, low_fast_plugin_flag = 1, low_fast_enable = 0, screen_state = 0, b_flag = 0
05-25 12:44:28.256    76    76 E [SMART_CHG]monitor_low_fast_strategy: use default thermal current=6000000
05-25 12:44:28.258    76    76 E [SMART_CHG]get_fv_ageing: i = 1, fv_aging = 10
05-25 12:44:28.478     1     1 I init    : starting service 'keystore2'...
05-25 12:44:28.482   614   614 E init    : failed to write pid to files: couldn't write 614 to /dev/cpuset/foreground/tasks: No such file or directory
05-25 12:44:28.570   614   614 I keystore2: keystore2_main: Keystore2 is starting.
05-25 12:44:28.571   614   614 I keystore2: keystore2_main: Starting thread pool now.
05-25 12:44:28.571   614   615 I keystore2: getDeviceHalManifest: Reading VINTF information.
05-25 12:44:28.587   614   615 I keystore2: getDeviceHalManifest: Successfully processed VINTF information
05-25 12:44:28.588   614   614 E cutils-trace: Error opening trace file: No such file or directory (2)
05-25 12:44:28.588   235   235 I hwservicemanager: getFrameworkHalManifest: Reading VINTF information.
05-25 12:44:28.589   235   235 W hwservicemanager: Cannot fetch /system/etc/vintf/manifest.xml: Illformed file: /system/etc/vintf/manifest.xml: Unrecognized manifest.version 9.0 (libvintf@4.0)
05-25 12:44:28.589   235   235 E hwservicemanager: getFrameworkHalManifest: status from fetching VINTF information: -2
05-25 12:44:28.589   235   235 E hwservicemanager: getFrameworkHalManifest: -2 VINTF parse error: Cannot read /system/manifest.xml: No such file or directory
05-25 12:44:28.589   235   235 I hwservicemanager: getTransport: Cannot find entry android.hidl.manager@1.2::IServiceManager/default in either framework or device VINTF manifest.
05-25 12:44:28.589   614   614 F keystore2: Check failed: serviceManager.get() Failed to get ServiceManager
05-25 12:44:28.589   614   614 F libc    : Fatal signal 6 (SIGABRT), code -1 (SI_QUEUE) in tid 614 (Binder:614_2), pid 614 (Binder:614_2)
05-25 12:44:28.593   619   619 F libc    : failed to exec crash_dump helper: No such file or directory
05-25 12:44:28.594   614   614 F libc    : crash_dump helper failed to exec, or was killed
05-25 12:44:28.594   614   614 F libc    : failed to wait for crash_dump helper: No child processes
05-25 12:44:28.727     7     7 E         : get charge control limit:0
05-25 12:44:28.728     7     7 I         : [SW_JEITA] ffc_disable = 0, ffc = 0, pd_type = 5, thermal_lv = 0, single_cell_mode = 0, uisoc:63, chg_turn_on_flag:0
05-25 12:44:28.729     7     7 I         : ALG_STATE= 1
05-25 12:44:28.730     7     7 I handle_charge_done_and_recharge: info->country_code:0
05-25 12:44:28.731     7     7 I         : charge status not 100, so power supply changed
05-25 12:44:28.732   210   210 I mtk_charger_start_timer: alarm timer start:1, 138 216681545
05-25 12:44:28.732     7     7 I handle_charge_done_and_recharge: ffc=0, rsoc=65, soc=63, temp=37, fv=4470, vbat=4081, iterm=420, ibat=359, full=0, full_cnt=0, v_cnt=0, recharge_cnt=0 threshold_mv=18
05-25 12:44:28.733   210   210 I         : [PE50]pe50_hal_get_soc uisoc = 63
05-25 12:44:28.736   210   210 I         : alg_state = 3
05-25 12:44:28.736     7     7 E         : [mtk_battery_external_power_changed] low_temp = 37
05-25 12:44:28.736   210   210 I         : alg_state = 1
05-25 12:44:28.737     7     7 I fgauge  : [fg_sw_bat_cycle_accu]drop diff_car
05-25 12:44:28.739   210   210 I         : mt635x-auxadc mt635x-auxadc: Error: Get efuse failed (-517)
05-25 12:44:28.740   210   210 I         : vbat_out_old=40910, vthr=687, T_curr=-4086, vbat_out=40910
05-25 12:44:28.741   210   210 I [upm6922-charger]: upm6922_set_input_volt_limit:mv:4400
05-25 12:44:28.741     7     7 I fgauge  : [fg_sw_bat_cycle_accu]car[o:106 n:108],diff_car:2,ncar[o:0 n:0 hw:-24348] thr 0
05-25 12:44:28.743   210   210 I         : [SW_JEITA] Battery Temperature between 35 and 45 !!
05-25 12:44:28.744   210   210 I         : [SW_JEITA] get batt_id succ
05-25 12:44:28.744     7     7 I         : mt635x-auxadc mt635x-auxadc: Error: Get efuse failed (-517)
05-25 12:44:28.745   210   210 I         : [SW_JEITA] battery_id = 1
05-25 12:44:28.745   210   210 I [upm6922-charger]: upm6922_set_term_current:ma:420
05-25 12:44:28.746     7     7 I         : vbat_out_old=40870, vthr=687, T_curr=-4086, vbat_out=40870
05-25 12:44:28.748   210   210 I         : [SW_JEITA] ieoc = 420000
05-25 12:44:28.748     7     7 E         : mtk_battery_external_power_changed event, name:battery online:1, status:1, EOC:0, cur_chr_type:1 old:1, vbat0:[o:0 n:0]
05-25 12:44:28.748   210   210 I [upm6922-charger]: upm6922_set_chargevolt:mv:4670
05-25 12:44:28.750     7     7 E [lc_charger_sysfs]psy_change_noti: psy name=mtk-master-charger, charge_type(1, 4)
05-25 12:44:28.752     7     7 E [lc_charger_sysfs]lc_sysfs_get_charge_type: ta_status[PD] (1), pd_type (0), chr_type(4), usb_type(1), real_type(1)
05-25 12:44:28.753     7     7 E         : [lc_charger_sysfs]lc_sysfs_get_quick_charge_type chr_type=4, pd_type=0, temp=36, quick_chr_type:0, last_quick_charge_type:0
05-25 12:44:28.755     7     7 E         : [lc_charger_sysfs]capacity(63), vbat(4087), batt_status(1), shutdown_delay(0), count(0)
05-25 12:44:28.756   210   210 I [SW_JEITA]tmp: 36 jeita_cv:4470000 jeita_cc:-1
05-25 12:44:28.757   223   223 E [lc_charger_sysfs]psy_change_noti: psy name=battery, charge_type(1, 4)
05-25 12:44:28.758   210   210 I tmp     : 36 (jeita:1 sm:5 cv:4470000 en:1) (sm:1) en:1 c:0 s:0 ov:0 0 sc:0 1 1 saf_cmd:-1 bat_mon:0 0
05-25 12:44:28.758   223   223 E [lc_charger_sysfs]lc_sysfs_get_charge_type: ta_status[PD] (1), pd_type (0), chr_type(4), usb_type(1), real_type(1)
05-25 12:44:28.761   210   210 I mtk_adapter_switch_control pd_type: 1, ufcs_type:1, ret:2, state: 0, set_pri:0, cnt:0
05-25 12:44:28.761   223   223 E         : [lc_charger_sysfs]lc_sysfs_get_quick_charge_type chr_type=4, pd_type=0, temp=36, quick_chr_type:0, last_quick_charge_type:0
05-25 12:44:28.762   210   210 I mtk_check_ta_status ret_ta_switch: 2, prtocol_state:0
05-25 12:44:28.764   223   223 E         : [lc_charger_sysfs]capacity(63), vbat(4087), batt_status(1), shutdown_delay(0), count(0)
05-25 12:44:28.766     7     7 I get_charger_zcv: get charger zcv failed: -95
05-25 12:44:28.767   210   210 I get_ibus: get ibus failed: -95
05-25 12:44:28.767   217   217 I <  129.258>TCPC-TCPC: bat_update_work_func Battery Charging, soc = 63
05-25 12:44:28.768   210   210 I get_ibat: get ibat failed: -95
05-25 12:44:28.768   210   210 I         : Vbat=4087 vbats=0 vbus:4872 ibus:0 I=356 T=36 uisoc:63 type:usb>usb idx:0 ta_stat:1 swchg_ibat:0 cv:3864000 cmd_pp:-1
05-25 12:44:28.770   223   223 E         : get CV property fail
05-25 12:44:28.771   210   210 I         : select_charging_current_limit batt verify = 1
05-25 12:44:28.771   210   210 I         : chg_alg_set_current_limit
05-25 12:44:28.772   223   223 E         : get charge control limit:0
05-25 12:44:28.773   210   210 I         : [PE50]pe50_set_current_limit ic = 3000, cv = 4470, ibat_limit = 500
05-25 12:44:28.774   210   210 I         : pe50_set_prop 3 0
05-25 12:44:28.774   211   211 I         : [PE50]pe50_algo_threadfn state = STOP
05-25 12:44:28.775   211   211 I         : [PE50]pe50_algo_threadfn PE5.0 STOP
05-25 12:44:28.776   210   210 I         : [PE50]pe50_hal_get_soc uisoc = 63
05-25 12:44:28.777   210   210 I         : support_fast_charging pe5 ret:ALG_NOT_READY, prtocol_state:0,  ffc_state0
05-25 12:44:28.778   210   210 I jeita_current_limit: jeita_input_current_limit: 3000000, jeita_charging_current_limit: 5950000
05-25 12:44:28.779   210   210 I debug   : 2, 1, 0
05-25 12:44:28.780   210   210 I         : m:0 chg1:-1,6000,500,500 chg2:-1,-1,0,0 dvchg1:-1 sc:500000 -1 0 type:4:1 usb_unlimited:0 usbif:0 usbsm:0 ii:-1,-1 aicl:-1 atm:0 bm:2 b:1
05-25 12:44:28.781   210   210 I do_algorithm is_basic: 1
05-25 12:44:28.782   210   210 I [upm6922-charger]: upm6922_set_input_current_limit:ma:500
05-25 12:44:28.783   210   210 I [upm6922-charger]: upm6922_set_chargecurrent:ma:500
05-25 12:44:28.784   210   210 I         : [PE50]pe50_hal_get_soc uisoc = 63
05-25 12:44:28.784   210   210 I [upm6922-charger]: upm6922_enable_charger:enable charge
05-25 12:44:28.786   210   210 E [upm6922-charger]: upm6922_dump_regs:Reg[00] = 0x04
05-25 12:44:28.786   210   210 E [upm6922-charger]: upm6922_dump_regs:Reg[01] = 0x1a
05-25 12:44:28.787   210   210 E [upm6922-charger]: upm6922_dump_regs:Reg[02] = 0x08
05-25 12:44:28.788   210   210 E [upm6922-charger]: upm6922_dump_regs:Reg[03] = 0xf6
05-25 12:44:28.789   210   210 E [upm6922-charger]: upm6922_dump_regs:Reg[04] = 0xc9
05-25 12:44:28.790   210   210 E [upm6922-charger]: upm6922_dump_regs:Reg[05] = 0x8f
05-25 12:44:28.791   210   210 E [upm6922-charger]: upm6922_dump_regs:Reg[06] = 0xf5
05-25 12:44:28.792   210   210 E [upm6922-charger]: upm6922_dump_regs:Reg[07] = 0x48
05-25 12:44:28.793   210   210 E [upm6922-charger]: upm6922_dump_regs:Reg[08] = 0x34
05-25 12:44:28.794   210   210 E [upm6922-charger]: upm6922_dump_regs:Reg[09] = 0x00
05-25 12:44:28.794   210   210 E [upm6922-charger]: upm6922_dump_regs:Reg[0a] = 0xa3
05-25 12:44:28.795   210   210 E [upm6922-charger]: upm6922_dump_regs:Reg[0b] = 0x14
05-25 12:44:28.796   210   210 E [upm6922-charger]: upm6922_dump_regs:Reg[0c] = 0x81
05-25 12:44:28.797   210   210 E [upm6922-charger]: upm6922_dump_regs:Reg[0d] = 0x80
05-25 12:44:28.798   210   210 E [upm6922-charger]: upm6922_dump_regs:Reg[0e] = 0x00
05-25 12:44:28.799   210   210 E [upm6922-charger]: upm6922_dump_regs:Reg[0f] = 0xff
05-25 12:44:28.800   210   210 E [upm6922-charger]: upm6922_dump_regs:Reg[10] = 0x00
05-25 12:44:28.801   210   210 E [upm6922-charger]: upm6922_dump_regs:Reg[11] = 0xff
05-25 12:44:28.802   210   210 E [upm6922-charger]: upm6922_dump_regs:Reg[12] = 0x00
05-25 12:44:28.802   210   210 E [upm6922-charger]: upm6922_dump_regs:Reg[13] = 0xff
05-25 12:44:28.803   210   210 E [upm6922-charger]: upm6922_dump_regs:Reg[14] = 0x00
05-25 12:44:28.804   210   210 E [upm6922-charger]: upm6922_dump_regs:Reg[15] = 0xcc
05-25 12:44:28.805   210   210 I [upm6922-charger]: upm6922_reset_watchdog_timer:reset
05-25 12:44:29.229   245   245 W ServiceManager: Waited one second for android.system.keystore2.IKeystoreService/default (is service started? are binder threads started and available?)
05-25 12:44:29.229   236   236 I servicemanager: Since 'android.system.keystore2.IKeystoreService/default' could not be found, trying to start it as a lazy AIDL service
05-25 12:44:29.230   236   621 W libc    : Unable to set property "ctl.interface_start" to "aidl/android.system.keystore2.IKeystoreService/default": error code: 0x20
05-25 12:44:29.230   236   621 I servicemanager: Tried to start aidl service android.system.keystore2.IKeystoreService/default as a lazy service, but was unable to. Usually this happens when a service is not installed, but if the service is intended to be used as a lazy service, then it may be configured incorrectly.
05-25 12:44:29.271    76    76 E         : get charge control limit:0
05-25 12:44:29.272    76    76 E         : [SMART_CHG]SMART_CHG_NAVIGATION, en_ret = 0, fun_val = 0, active_status = 0, smart_soc = 50, ui_soc =63, smart_ctrl_en = 0, ffc_en = 0
05-25 12:44:29.274    76    76 E         : [SMART_CHG]set smart_charge[SMART_CHG_LOW_FAST].en_ret = 0, disable low_fast
05-25 12:44:29.275    76    76 E         : [SMART_CHG]SMART_CHG_ENDURANCE_PRO, en_ret = 0, fun_val = 0, active_status = 0
05-25 12:44:29.276    76    76 E         : [SMART_CHG]endurance monitor enable charger, soc <= -5
05-25 12:44:29.277    76    76 E [SMART_CHG]monitor_night_charging: night_charging = 0, soc = 63
05-25 12:44:29.278    76    76 E [SMART_CHG]monitor_low_fast_strategy: soc = 63, thermal_level = 0, thermal_board_temp = 0, pd_active = 0, low_fast_plugin_flag = 1, low_fast_enable = 0, screen_state = 0, b_flag = 0
05-25 12:44:29.280    76    76 E [SMART_CHG]monitor_low_fast_strategy: use default thermal current=6000000
05-25 12:44:29.282    76    76 E [SMART_CHG]get_fv_ageing: i = 1, fv_aging = 10
05-25 12:44:30.230   245   245 W ServiceManager: Waited one second for android.system.keystore2.IKeystoreService/default (is service started? are binder threads started and available?)
05-25 12:44:30.230   236   236 I servicemanager: Since 'android.system.keystore2.IKeystoreService/default' could not be found, trying to start it as a lazy AIDL service
05-25 12:44:30.233   236   622 W libc    : Unable to set property "ctl.interface_start" to "aidl/android.system.keystore2.IKeystoreService/default": error code: 0x20
05-25 12:44:30.237     1     1 E init    : Control message: Could not find 'aidl/android.system.keystore2.IKeystoreService/default' for ctl.interface_start from pid: 236 (/system/bin/servicemanager)
05-25 12:44:30.233   236   622 I servicemanager: Tried to start aidl service android.system.keystore2.IKeystoreService/default as a lazy service, but was unable to. Usually this happens when a service is not installed, but if the service is intended to be used as a lazy service, then it may be configured incorrectly.
05-25 12:44:30.295    76    76 E         : get charge control limit:0
05-25 12:44:30.296    76    76 E         : [SMART_CHG]SMART_CHG_NAVIGATION, en_ret = 0, fun_val = 0, active_status = 0, smart_soc = 50, ui_soc =63, smart_ctrl_en = 0, ffc_en = 0
05-25 12:44:30.298    76    76 E         : [SMART_CHG]set smart_charge[SMART_CHG_LOW_FAST].en_ret = 0, disable low_fast
05-25 12:44:30.299    76    76 E         : [SMART_CHG]SMART_CHG_ENDURANCE_PRO, en_ret = 0, fun_val = 0, active_status = 0
05-25 12:44:30.300    76    76 E         : [SMART_CHG]endurance monitor enable charger, soc <= -5
05-25 12:44:30.301    76    76 E [SMART_CHG]monitor_night_charging: night_charging = 0, soc = 63
05-25 12:44:30.302    76    76 E [SMART_CHG]monitor_low_fast_strategy: soc = 63, thermal_level = 0, thermal_board_temp = 0, pd_active = 0, low_fast_plugin_flag = 1, low_fast_enable = 0, screen_state = 0, b_flag = 0
05-25 12:44:30.304    76    76 E [SMART_CHG]monitor_low_fast_strategy: use default thermal current=6000000
05-25 12:44:30.306    76    76 E [SMART_CHG]get_fv_ageing: i = 1, fv_aging = 10
05-25 12:44:30.743   223   223 E         : get charge control limit:0
05-25 12:44:30.744   223   223 I         : [SW_JEITA] ffc_disable = 0, ffc = 0, pd_type = 5, thermal_lv = 0, single_cell_mode = 0, uisoc:63, chg_turn_on_flag:0
05-25 12:44:30.745   223   223 I         : ALG_STATE= 1
05-25 12:44:30.746   223   223 I handle_charge_done_and_recharge: info->country_code:0
05-25 12:44:30.747   223   223 I         : charge status not 100, so power supply changed
05-25 12:44:30.748   223   223 I handle_charge_done_and_recharge: ffc=0, rsoc=65, soc=63, temp=36, fv=4470, vbat=4080, iterm=420, ibat=308, full=0, full_cnt=0, v_cnt=0, recharge_cnt=0 threshold_mv=18
05-25 12:44:30.748   210   210 I mtk_charger_start_timer: alarm timer start:1, 140 232649545
05-25 12:44:30.748   210   210 I         : [PE50]pe50_hal_get_soc uisoc = 63
05-25 12:44:30.751   223   223 E         : [mtk_battery_external_power_changed] low_temp = 36
05-25 12:44:30.751   210   210 I         : alg_state = 3
05-25 12:44:30.751   210   210 I         : alg_state = 1
05-25 12:44:30.752   223   223 I fgauge  : [fg_sw_bat_cycle_accu]drop diff_car
05-25 12:44:30.754   210   210 I         : mt635x-auxadc mt635x-auxadc: Error: Get efuse failed (-517)
05-25 12:44:30.755   210   210 I         : vbat_out_old=40880, vthr=688, T_curr=-4092, vbat_out=40880
05-25 12:44:30.756   210   210 I [upm6922-charger]: upm6922_set_input_volt_limit:mv:4400
05-25 12:44:30.757   223   223 I fgauge  : [fg_sw_bat_cycle_accu]car[o:108 n:110],diff_car:2,ncar[o:0 n:0 hw:-24348] thr 0
05-25 12:44:30.759   210   210 I         : [SW_JEITA] Battery Temperature between 35 and 45 !!
05-25 12:44:30.759   210   210 I         : [SW_JEITA] get batt_id succ
05-25 12:44:30.760   223   223 I         : mt635x-auxadc mt635x-auxadc: Error: Get efuse failed (-517)
05-25 12:44:30.760   210   210 I         : [SW_JEITA] battery_id = 1
05-25 12:44:30.760   210   210 I [upm6922-charger]: upm6922_set_term_current:ma:420
05-25 12:44:30.761   223   223 I         : vbat_out_old=40900, vthr=687, T_curr=-4086, vbat_out=40900
05-25 12:44:30.763   210   210 I         : [SW_JEITA] ieoc = 420000
05-25 12:44:30.763   210   210 I [upm6922-charger]: upm6922_set_chargevolt:mv:4670
05-25 12:44:30.764   223   223 E         : mtk_battery_external_power_changed event, name:battery online:1, status:1, EOC:0, cur_chr_type:1 old:1, vbat0:[o:0 n:0]
05-25 12:44:30.766   223   223 E [lc_charger_sysfs]psy_change_noti: psy name=mtk-master-charger, charge_type(1, 4)
05-25 12:44:30.767   223   223 E [lc_charger_sysfs]lc_sysfs_get_charge_type: ta_status[PD] (1), pd_type (0), chr_type(4), usb_type(1), real_type(1)
05-25 12:44:30.769   210   210 I [SW_JEITA]tmp: 36 jeita_cv:4470000 jeita_cc:-1
05-25 12:44:30.770   223   223 E         : [lc_charger_sysfs]lc_sysfs_get_quick_charge_type chr_type=4, pd_type=0, temp=36, quick_chr_type:0, last_quick_charge_type:0
05-25 12:44:30.770   210   210 I tmp     : 36 (jeita:1 sm:5 cv:4470000 en:1) (sm:1) en:1 c:0 s:0 ov:0 0 sc:0 1 1 saf_cmd:-1 bat_mon:0 0
05-25 12:44:30.771   223   223 E         : [lc_charger_sysfs]capacity(63), vbat(4090), batt_status(1), shutdown_delay(0), count(0)
05-25 12:44:30.774   210   210 I mtk_adapter_switch_control pd_type: 1, ufcs_type:1, ret:2, state: 0, set_pri:0, cnt:0
05-25 12:44:30.774     7     7 E [lc_charger_sysfs]psy_change_noti: psy name=battery, charge_type(1, 4)
05-25 12:44:30.775   210   210 I mtk_check_ta_status ret_ta_switch: 2, prtocol_state:0
05-25 12:44:30.777     7     7 E [lc_charger_sysfs]lc_sysfs_get_charge_type: ta_status[PD] (1), pd_type (0), chr_type(4), usb_type(1), real_type(1)
05-25 12:44:30.778     7     7 E         : [lc_charger_sysfs]lc_sysfs_get_quick_charge_type chr_type=4, pd_type=0, temp=36, quick_chr_type:0, last_quick_charge_type:0
05-25 12:44:30.780   223   223 I get_charger_zcv: get charger zcv failed: -95
05-25 12:44:30.781     7     7 E         : [lc_charger_sysfs]capacity(63), vbat(4090), batt_status(1), shutdown_delay(0), count(0)
05-25 12:44:30.782   210   210 I get_ibus: get ibus failed: -95
05-25 12:44:30.783   217   217 I <  131.273>TCPC-TCPC: bat_update_work_func Battery Charging, soc = 63
05-25 12:44:30.783   210   210 I get_ibat: get ibat failed: -95
05-25 12:44:30.783   210   210 I         : Vbat=4090 vbats=0 vbus:4872 ibus:0 I=327 T=36 uisoc:63 type:usb>usb idx:0 ta_stat:1 swchg_ibat:0 cv:3864000 cmd_pp:-1
05-25 12:44:30.784   210   210 I         : select_charging_current_limit batt verify = 1
05-25 12:44:30.784   210   210 I         : chg_alg_set_current_limit
05-25 12:44:30.785     7     7 I BAT_TEMP_PREV: 596,BAT_TEMP:595,VBIF28:2800
05-25 12:44:30.786   210   210 I         : [PE50]pe50_set_current_limit ic = 3000, cv = 4470, ibat_limit = 500
05-25 12:44:30.787     7     7 E         : get CV property fail
05-25 12:44:30.787   210   210 I         : pe50_set_prop 3 0
05-25 12:44:30.787   211   211 I         : [PE50]pe50_algo_threadfn state = STOP
05-25 12:44:30.787   211   211 I         : [PE50]pe50_algo_threadfn PE5.0 STOP
05-25 12:44:30.788     7     7 E         : get charge control limit:0
05-25 12:44:30.789   210   210 I         : [PE50]pe50_hal_get_soc uisoc = 63
05-25 12:44:30.793   210   210 I         : support_fast_charging pe5 ret:ALG_NOT_READY, prtocol_state:0,  ffc_state0
05-25 12:44:30.794   210   210 I jeita_current_limit: jeita_input_current_limit: 3000000, jeita_charging_current_limit: 5950000
05-25 12:44:30.795   210   210 I debug   : 2, 1, 0
05-25 12:44:30.795   210   210 I         : m:0 chg1:-1,6000,500,500 chg2:-1,-1,0,0 dvchg1:-1 sc:500000 -1 0 type:4:1 usb_unlimited:0 usbif:0 usbsm:0 ii:-1,-1 aicl:-1 atm:0 bm:2 b:1
05-25 12:44:30.797   210   210 I do_algorithm is_basic: 1
05-25 12:44:30.798   210   210 I [upm6922-charger]: upm6922_set_input_current_limit:ma:500
05-25 12:44:30.799   210   210 I [upm6922-charger]: upm6922_set_chargecurrent:ma:500
05-25 12:44:30.800   210   210 I         : [PE50]pe50_hal_get_soc uisoc = 63
05-25 12:44:30.800   210   210 I [upm6922-charger]: upm6922_enable_charger:enable charge
05-25 12:44:30.801   210   210 E [upm6922-charger]: upm6922_dump_regs:Reg[00] = 0x04
05-25 12:44:30.802   210   210 E [upm6922-charger]: upm6922_dump_regs:Reg[01] = 0x1a
05-25 12:44:30.803   210   210 E [upm6922-charger]: upm6922_dump_regs:Reg[02] = 0x08
05-25 12:44:30.804   210   210 E [upm6922-charger]: upm6922_dump_regs:Reg[03] = 0xf6
05-25 12:44:30.805   210   210 E [upm6922-charger]: upm6922_dump_regs:Reg[04] = 0xc9
05-25 12:44:30.806   210   210 E [upm6922-charger]: upm6922_dump_regs:Reg[05] = 0x8f
05-25 12:44:30.807   210   210 E [upm6922-charger]: upm6922_dump_regs:Reg[06] = 0xf5
05-25 12:44:30.808   210   210 E [upm6922-charger]: upm6922_dump_regs:Reg[07] = 0x48
05-25 12:44:30.809   210   210 E [upm6922-charger]: upm6922_dump_regs:Reg[08] = 0x34
05-25 12:44:30.809   210   210 E [upm6922-charger]: upm6922_dump_regs:Reg[09] = 0x00
05-25 12:44:30.810   210   210 E [upm6922-charger]: upm6922_dump_regs:Reg[0a] = 0xa3
05-25 12:44:30.811   210   210 E [upm6922-charger]: upm6922_dump_regs:Reg[0b] = 0x14
05-25 12:44:30.812   210   210 E [upm6922-charger]: upm6922_dump_regs:Reg[0c] = 0x81
05-25 12:44:30.813   210   210 E [upm6922-charger]: upm6922_dump_regs:Reg[0d] = 0x80
05-25 12:44:30.814   210   210 E [upm6922-charger]: upm6922_dump_regs:Reg[0e] = 0x00
05-25 12:44:30.815   210   210 E [upm6922-charger]: upm6922_dump_regs:Reg[0f] = 0xff
05-25 12:44:30.816   210   210 E [upm6922-charger]: upm6922_dump_regs:Reg[10] = 0x00
05-25 12:44:30.817   210   210 E [upm6922-charger]: upm6922_dump_regs:Reg[11] = 0xff
05-25 12:44:30.817   210   210 E [upm6922-charger]: upm6922_dump_regs:Reg[12] = 0x00
05-25 12:44:30.818   210   210 E [upm6922-charger]: upm6922_dump_regs:Reg[13] = 0xff
05-25 12:44:30.819   210   210 E [upm6922-charger]: upm6922_dump_regs:Reg[14] = 0x00
05-25 12:44:30.820   210   210 E [upm6922-charger]: upm6922_dump_regs:Reg[15] = 0xcc
05-25 12:44:30.821   210   210 I [upm6922-charger]: upm6922_reset_watchdog_timer:reset
05-25 12:44:30.933     1     1 I init    : starting service 'vendor.vibrator-mtk-default'...
05-25 12:44:30.945   623   623 F linker  : CANNOT LINK EXECUTABLE "/vendor/bin/hw/android.hardware.vibrator-service.mediatek": cannot locate symbol "_ZNSt3__122__libcpp_verbose_abortEPKcz" referenced by "/vendor/bin/hw/android.hardware.vibrator-service.mediatek"...
05-25 12:44:30.952     1     1 I init    : Service 'vendor.vibrator-mtk-default' (pid 623) exited with status 1
05-25 12:44:30.953     1     1 I init    : Sending signal 9 to service 'vendor.vibrator-mtk-default' (pid 623) process group...
05-25 12:44:30.955     1     1 I libprocessgroup: Successfully killed process cgroup uid 0 pid 623 in 0ms
05-25 12:44:31.230   245   245 W ServiceManager: Waited one second for android.system.keystore2.IKeystoreService/default (is service started? are binder threads started and available?)
05-25 12:44:31.231   236   236 I servicemanager: Since 'android.system.keystore2.IKeystoreService/default' could not be found, trying to start it as a lazy AIDL service
05-25 12:44:31.234   236   624 W libc    : Unable to set property "ctl.interface_start" to "aidl/android.system.keystore2.IKeystoreService/default": error code: 0x20
05-25 12:44:31.234   236   624 I servicemanager: Tried to start aidl service android.system.keystore2.IKeystoreService/default as a lazy service, but was unable to. Usually this happens when a service is not installed, but if the service is intended to be used as a lazy service, then it may be configured incorrectly.
05-25 12:44:31.238     1     1 E init    : Control message: Could not find 'aidl/android.system.keystore2.IKeystoreService/default' for ctl.interface_start from pid: 236 (/system/bin/servicemanager)
05-25 12:44:31.319    76    76 E         : get charge control limit:0
05-25 12:44:31.320    76    76 E         : [SMART_CHG]SMART_CHG_NAVIGATION, en_ret = 0, fun_val = 0, active_status = 0, smart_soc = 50, ui_soc =63, smart_ctrl_en = 0, ffc_en = 0
05-25 12:44:31.322    76    76 E         : [SMART_CHG]set smart_charge[SMART_CHG_LOW_FAST].en_ret = 0, disable low_fast
05-25 12:44:31.323    76    76 E         : [SMART_CHG]SMART_CHG_ENDURANCE_PRO, en_ret = 0, fun_val = 0, active_status = 0
05-25 12:44:31.324    76    76 E         : [SMART_CHG]endurance monitor enable charger, soc <= -5
05-25 12:44:31.325    76    76 E [SMART_CHG]monitor_night_charging: night_charging = 0, soc = 63
05-25 12:44:31.326    76    76 E [SMART_CHG]monitor_low_fast_strategy: soc = 63, thermal_level = 0, thermal_board_temp = 0, pd_active = 0, low_fast_plugin_flag = 1, low_fast_enable = 0, screen_state = 0, b_flag = 0
05-25 12:44:31.328    76    76 E [SMART_CHG]monitor_low_fast_strategy: use default thermal current=6000000
05-25 12:44:31.330    76    76 E [SMART_CHG]get_fv_ageing: i = 1, fv_aging = 10
05-25 12:44:32.231   245   245 W ServiceManager: Waited one second for android.system.keystore2.IKeystoreService/default (is service started? are binder threads started and available?)
05-25 12:44:32.231   236   236 I servicemanager: Since 'android.system.keystore2.IKeystoreService/default' could not be found, trying to start it as a lazy AIDL service
05-25 12:44:32.234   236   625 W libc    : Unable to set property "ctl.interface_start" to "aidl/android.system.keystore2.IKeystoreService/default": error code: 0x20
05-25 12:44:32.234   236   625 I servicemanager: Tried to start aidl service android.system.keystore2.IKeystoreService/default as a lazy service, but was unable to. Usually this happens when a service is not installed, but if the service is intended to be used as a lazy service, then it may be configured incorrectly.
05-25 12:44:32.238     1     1 E init    : Control message: Could not find 'aidl/android.system.keystore2.IKeystoreService/default' for ctl.interface_start from pid: 236 (/system/bin/servicemanager)
05-25 12:44:32.343    76    76 E         : get charge control limit:0
05-25 12:44:32.344    76    76 E         : [SMART_CHG]SMART_CHG_NAVIGATION, en_ret = 0, fun_val = 0, active_status = 0, smart_soc = 50, ui_soc =63, smart_ctrl_en = 0, ffc_en = 0
05-25 12:44:32.346    76    76 E         : [SMART_CHG]set smart_charge[SMART_CHG_LOW_FAST].en_ret = 0, disable low_fast
05-25 12:44:32.347    76    76 E         : [SMART_CHG]SMART_CHG_ENDURANCE_PRO, en_ret = 0, fun_val = 0, active_status = 0
05-25 12:44:32.348    76    76 E         : [SMART_CHG]endurance monitor enable charger, soc <= -5
05-25 12:44:32.349    76    76 E [SMART_CHG]monitor_night_charging: night_charging = 0, soc = 63
05-25 12:44:32.350    76    76 E [SMART_CHG]monitor_low_fast_strategy: soc = 63, thermal_level = 0, thermal_board_temp = 0, pd_active = 0, low_fast_plugin_flag = 1, low_fast_enable = 0, screen_state = 0, b_flag = 0
05-25 12:44:32.352    76    76 E [SMART_CHG]monitor_low_fast_strategy: use default thermal current=6000000
05-25 12:44:32.354    76    76 E [SMART_CHG]get_fv_ageing: i = 1, fv_aging = 10
05-25 12:44:32.540   202   202 I         : mt635x-auxadc mt635x-auxadc: Error: Get efuse failed (-517)
05-25 12:44:32.541   202   202 I         : vbat_out_old=40890, vthr=687, T_curr=-4086, vbat_out=40890
05-25 12:44:32.542   202   202 I fgauge  : [fgauge] car[112,292,-292,585,-302] tmp:36 soc:65 uisoc:63 vbat:4089 ibat:3996 baton:599 algo:1 gm3:0 0 0 0 0 0, get_prop:0 60 244 0 7 0 6 0, boot:2 rac:90
05-25 12:44:32.759     7     7 E         : get charge control limit:0
05-25 12:44:32.760     7     7 I         : [SW_JEITA] ffc_disable = 0, ffc = 0, pd_type = 5, thermal_lv = 0, single_cell_mode = 0, uisoc:63, chg_turn_on_flag:0
05-25 12:44:32.761     7     7 I         : ALG_STATE= 1
05-25 12:44:32.762     7     7 I handle_charge_done_and_recharge: info->country_code:0
05-25 12:44:32.763     7     7 I         : charge status not 100, so power supply changed
05-25 12:44:32.764     7     7 I handle_charge_done_and_recharge: ffc=0, rsoc=65, soc=63, temp=36, fv=4470, vbat=4082, iterm=420, ibat=348, full=0, full_cnt=0, v_cnt=0, recharge_cnt=0 threshold_mv=18
05-25 12:44:32.785   202   202 I         : mt635x-auxadc mt635x-auxadc: Error: Get efuse failed (-517)
05-25 12:44:32.786   202   202 I         : vbat_out_old=40890, vthr=688, T_curr=-4092, vbat_out=40890
05-25 12:44:32.788   203   203 I         : mt635x-auxadc mt635x-auxadc: Error: Get efuse failed (-517)
05-25 12:44:32.789   203   203 I         : vbat_out_old=40890, vthr=688, T_curr=-4092, vbat_out=40890
05-25 12:44:32.792     7     7 E         : [mtk_battery_external_power_changed] low_temp = 36
05-25 12:44:32.792   203   203 E [bm_update_status] uisoc: 63 63 soc:65 vbat:4089 ibat:3334 car:112
05-25 12:44:32.792   202   202 I fgauge  : [fg_drv_update_daemon]ui_ht_gap:585 ui_lt_gap:302 sw_iavg:3600 3589 1 nafg_m:0 0 0
05-25 12:44:32.793   210   210 I mtk_charger_start_timer: alarm timer start:1, 142 277334699
05-25 12:44:32.794   202   202 I         : mt635x-auxadc mt635x-auxadc: Error: Get efuse failed (-517)
05-25 12:44:32.795   210   210 I         : [PE50]pe50_hal_get_soc uisoc = 63
05-25 12:44:32.796   202   202 I         : vbat_out_old=40890, vthr=688, T_curr=-4092, vbat_out=40890
05-25 12:44:32.797   210   210 I         : alg_state = 3
05-25 12:44:32.797   210   210 I         : alg_state = 1
05-25 12:44:32.797    92    92 E [lc_charger_sysfs]psy_change_noti: psy name=battery, charge_type(1, 4)
05-25 12:44:32.797     7     7 I fgauge  : [fg_sw_bat_cycle_accu]drop diff_car
05-25 12:44:32.798     7     7 I fgauge  : [fg_sw_bat_cycle_accu]car[o:110 n:112],diff_car:2,ncar[o:0 n:0 hw:-24348] thr 0
05-25 12:44:32.798    92    92 E [lc_charger_sysfs]lc_sysfs_get_charge_type: ta_status[PD] (1), pd_type (0), chr_type(4), usb_type(1), real_type(1)
05-25 12:44:32.798    92    92 E         : [lc_charger_sysfs]lc_sysfs_get_quick_charge_type chr_type=4, pd_type=0, temp=36, quick_chr_type:0, last_quick_charge_type:0
05-25 12:44:32.799   210   210 I [upm6922-charger]: upm6922_set_input_volt_limit:mv:4400
05-25 12:44:32.800    92    92 E         : [lc_charger_sysfs]capacity(63), vbat(4089), batt_status(1), shutdown_delay(0), count(0)
05-25 12:44:32.800     7     7 I         : mt635x-auxadc mt635x-auxadc: Error: Get efuse failed (-517)
05-25 12:44:32.800     7     7 I         : vbat_out_old=40830, vthr=688, T_curr=-4092, vbat_out=40830
05-25 12:44:32.800     7     7 E         : mtk_battery_external_power_changed event, name:battery online:1, status:1, EOC:0, cur_chr_type:1 old:1, vbat0:[o:0 n:0]
05-25 12:44:32.801     7     7 E [lc_charger_sysfs]psy_change_noti: psy name=mtk-master-charger, charge_type(1, 4)
05-25 12:44:32.801     7     7 E [lc_charger_sysfs]lc_sysfs_get_charge_type: ta_status[PD] (1), pd_type (0), chr_type(4), usb_type(1), real_type(1)
05-25 12:44:32.801     7     7 E         : [lc_charger_sysfs]lc_sysfs_get_quick_charge_type chr_type=4, pd_type=0, temp=36, quick_chr_type:0, last_quick_charge_type:0
05-25 12:44:32.801     7     7 E         : [lc_charger_sysfs]capacity(63), vbat(4083), batt_status(1), shutdown_delay(0), count(0)
05-25 12:44:32.801   210   210 I         : [SW_JEITA] Battery Temperature between 35 and 45 !!
05-25 12:44:32.801     7     7 I get_charger_zcv: get charger zcv failed: -95
05-25 12:44:32.802    39    39 I <  133.293>TCPC-TCPC: bat_update_work_func Battery Charging, soc = 63
05-25 12:44:32.803   210   210 I         : [SW_JEITA] get batt_id succ
05-25 12:44:32.803   210   210 I         : [SW_JEITA] battery_id = 1
05-25 12:44:32.803   210   210 I [upm6922-charger]: upm6922_set_term_current:ma:420
05-25 12:44:32.804   210   210 I         : [SW_JEITA] ieoc = 420000
05-25 12:44:32.806    92    92 E         : get CV property fail
05-25 12:44:32.807   210   210 I [upm6922-charger]: upm6922_set_chargevolt:mv:4670
05-25 12:44:32.807   210   210 I [SW_JEITA]tmp: 36 jeita_cv:4470000 jeita_cc:-1
05-25 12:44:32.808    92    92 E         : get charge control limit:0
05-25 12:44:32.810   210   210 I tmp     : 36 (jeita:1 sm:5 cv:4470000 en:1) (sm:1) en:1 c:0 s:0 ov:0 0 sc:0 1 1 saf_cmd:-1 bat_mon:0 0
05-25 12:44:32.811    92    92 E [lc_charger_sysfs]psy_change_noti: psy name=battery, charge_type(1, 4)
05-25 12:44:32.812   210   210 I mtk_adapter_switch_control pd_type: 1, ufcs_type:1, ret:2, state: 0, set_pri:0, cnt:0
05-25 12:44:32.813    92    92 E [lc_charger_sysfs]lc_sysfs_get_charge_type: ta_status[PD] (1), pd_type (0), chr_type(4), usb_type(1), real_type(1)
05-25 12:44:32.815   210   210 I mtk_check_ta_status ret_ta_switch: 2, prtocol_state:0
05-25 12:44:32.816    92    92 E         : [lc_charger_sysfs]lc_sysfs_get_quick_charge_type chr_type=4, pd_type=0, temp=36, quick_chr_type:0, last_quick_charge_type:0
05-25 12:44:32.817   210   210 I get_ibus: get ibus failed: -95
05-25 12:44:32.818    92    92 E         : [lc_charger_sysfs]capacity(63), vbat(4083), batt_status(1), shutdown_delay(0), count(0)
05-25 12:44:32.819   210   210 I get_ibat: get ibat failed: -95
05-25 12:44:32.819    94    94 I <  133.310>TCPC-TCPC: bat_update_work_func Battery Charging, soc = 63
05-25 12:44:32.820   210   210 I         : Vbat=4083 vbats=0 vbus:4872 ibus:0 I=260 T=36 uisoc:63 type:usb>usb idx:0 ta_stat:1 swchg_ibat:0 cv:3864000 cmd_pp:-1
05-25 12:44:32.820   210   210 I         : select_charging_current_limit batt verify = 1
05-25 12:44:32.822    92    92 E         : get CV property fail
05-25 12:44:32.822   210   210 I         : chg_alg_set_current_limit
05-25 12:44:32.822   210   210 I         : [PE50]pe50_set_current_limit ic = 3000, cv = 4470, ibat_limit = 500
05-25 12:44:32.823    92    92 E         : get charge control limit:0
05-25 12:44:32.824   210   210 I         : pe50_set_prop 3 0
05-25 12:44:32.824   211   211 I         : [PE50]pe50_algo_threadfn state = STOP
05-25 12:44:32.824   211   211 I         : [PE50]pe50_algo_threadfn PE5.0 STOP
05-25 12:44:32.842   210   210 I         : [PE50]pe50_hal_get_soc uisoc = 63
05-25 12:44:32.842   210   210 I         : support_fast_charging pe5 ret:ALG_NOT_READY, prtocol_state:0,  ffc_state0
